
> travel-planner-api@2.9.13 test
> vitest run


 RUN  v3.2.4 /Users/knibirdgautam/backend-tinker/server

Sourcemap for "/Users/knibirdgautam/backend-tinker/server/node_modules/node-cron/dist/esm/node-cron.js" points to missing source files
stdout | tests/integration/share.test.ts
[DB] Schema already up-to-date, setting version to 19
[DB] Running migration 20/82
[DB] Running migration 21/82
[DB] Running migration 22/82
[DB] Migrated reservation data from places to day_assignments
[DB] Running migration 23/82
[DB] Running migration 24/82
[DB] Running migration 25/82
[DB] Running migration 26/82
[DB] Running migration 27/82
[DB] Running migration 28/82
[DB] Running migration 29/82
[DB] Running migration 30/82
[DB] Running migration 31/82
[DB] Running migration 32/82
[DB] Running migration 33/82
[DB] Running migration 34/82
[DB] Running migration 35/82
[DB] Running migration 36/82
[DB] Running migration 37/82
[DB] Running migration 38/82
[DB] Running migration 39/82
[DB] Running migration 40/82
[DB] Running migration 41/82
[DB] Running migration 42/82
[DB] Running migration 43/82
[DB] Running migration 44/82
[DB] Running migration 45/82
[DB] Running migration 46/82
[DB] Running migration 47/82
[DB] Running migration 48/82
[DB] Running migration 49/82
[DB] Running migration 50/82
[DB] Running migration 51/82
[DB] Running migration 52/82
[DB] Running migration 53/82
[DB] Running migration 54/82
[DB] Running migration 55/82
[DB] Running migration 56/82
[DB] Running migration 57/82
[DB] Running migration 58/82
[DB] Running migration 59/82
[DB] Running migration 60/82
[DB] Running migration 61/82
[DB] Running migration 62/82
[DB] Running migration 63/82
[DB] Running migration 64/82
[DB] Running migration 65/82
[DB] Running migration 66/82
[DB] Running migration 67/82
[DB] Running migration 68/82
[DB] Running migration 69/82
[DB] Running migration 70/82
[DB] Running migration 71/82
[DB] Running migration 72/82
[DB] Running migration 73/82
[DB] Running migration 74/82
[DB] Running migration 75/82
[DB] Running migration 76/82
[DB] Running migration 77/82
[DB] Running migration 78/82
[DB] Running migration 79/82
[DB] Running migration 80/82
[DB] Running migration 81/82
[DB] Running migration 82/82
[DB] Migrations complete — schema version 82

stdout | tests/integration/mcp.test.ts
[DB] Schema already up-to-date, setting version to 19
[DB] Running migration 20/82
[DB] Running migration 21/82
[DB] Running migration 22/82
[DB] Migrated reservation data from places to day_assignments
[DB] Running migration 23/82
[DB] Running migration 24/82
[DB] Running migration 25/82
[DB] Running migration 26/82
[DB] Running migration 27/82
[DB] Running migration 28/82
[DB] Running migration 29/82
[DB] Running migration 30/82
[DB] Running migration 31/82
[DB] Running migration 32/82
[DB] Running migration 33/82
[DB] Running migration 34/82
[DB] Running migration 35/82
[DB] Running migration 36/82
[DB] Running migration 37/82
[DB] Running migration 38/82
[DB] Running migration 39/82
[DB] Running migration 40/82
[DB] Running migration 41/82
[DB] Running migration 42/82
[DB] Running migration 43/82
[DB] Running migration 44/82
[DB] Running migration 45/82
[DB] Running migration 46/82
[DB] Running migration 47/82
[DB] Running migration 48/82
[DB] Running migration 49/82
[DB] Running migration 50/82
[DB] Running migration 51/82
[DB] Running migration 52/82
[DB] Running migration 53/82
[DB] Running migration 54/82
[DB] Running migration 55/82
[DB] Running migration 56/82
[DB] Running migration 57/82
[DB] Running migration 58/82
[DB] Running migration 59/82
[DB] Running migration 60/82
[DB] Running migration 61/82
[DB] Running migration 62/82
[DB] Running migration 63/82
[DB] Running migration 64/82
[DB] Running migration 65/82
[DB] Running migration 66/82
[DB] Running migration 67/82
[DB] Running migration 68/82
[DB] Running migration 69/82
[DB] Running migration 70/82
[DB] Running migration 71/82
[DB] Running migration 72/82
[DB] Running migration 73/82
[DB] Running migration 74/82
[DB] Running migration 75/82
[DB] Running migration 76/82
[DB] Running migration 77/82
[DB] Running migration 78/82
[DB] Running migration 79/82
[DB] Running migration 80/82
[DB] Running migration 81/82
[DB] Running migration 82/82
[DB] Migrations complete — schema version 82

stdout | tests/integration/places.test.ts
[DB] Schema already up-to-date, setting version to 19
[DB] Running migration 20/82
[DB] Running migration 21/82
[DB] Running migration 22/82
[DB] Migrated reservation data from places to day_assignments
[DB] Running migration 23/82
[DB] Running migration 24/82
[DB] Running migration 25/82
[DB] Running migration 26/82
[DB] Running migration 27/82
[DB] Running migration 28/82
[DB] Running migration 29/82
[DB] Running migration 30/82
[DB] Running migration 31/82
[DB] Running migration 32/82
[DB] Running migration 33/82
[DB] Running migration 34/82
[DB] Running migration 35/82
[DB] Running migration 36/82
[DB] Running migration 37/82
[DB] Running migration 38/82
[DB] Running migration 39/82
[DB] Running migration 40/82
[DB] Running migration 41/82
[DB] Running migration 42/82
[DB] Running migration 43/82
[DB] Running migration 44/82
[DB] Running migration 45/82
[DB] Running migration 46/82
[DB] Running migration 47/82
[DB] Running migration 48/82
[DB] Running migration 49/82
[DB] Running migration 50/82
[DB] Running migration 51/82
[DB] Running migration 52/82
[DB] Running migration 53/82
[DB] Running migration 54/82
[DB] Running migration 55/82
[DB] Running migration 56/82
[DB] Running migration 57/82
[DB] Running migration 58/82
[DB] Running migration 59/82
[DB] Running migration 60/82
[DB] Running migration 61/82
[DB] Running migration 62/82
[DB] Running migration 63/82
[DB] Running migration 64/82
[DB] Running migration 65/82
[DB] Running migration 66/82
[DB] Running migration 67/82
[DB] Running migration 68/82
[DB] Running migration 69/82
[DB] Running migration 70/82
[DB] Running migration 71/82
[DB] Running migration 72/82
[DB] Running migration 73/82
[DB] Running migration 74/82
[DB] Running migration 75/82
[DB] Running migration 76/82
[DB] Running migration 77/82
[DB] Running migration 78/82
[DB] Running migration 79/82
[DB] Running migration 80/82
[DB] Running migration 81/82
[DB] Running migration 82/82
[DB] Migrations complete — schema version 82

stdout | tests/integration/auth.test.ts
[DB] Schema already up-to-date, setting version to 19
[DB] Running migration 20/82
[DB] Running migration 21/82
[DB] Running migration 22/82
[DB] Migrated reservation data from places to day_assignments
[DB] Running migration 23/82
[DB] Running migration 24/82
[DB] Running migration 25/82
[DB] Running migration 26/82
[DB] Running migration 27/82
[DB] Running migration 28/82
[DB] Running migration 29/82
[DB] Running migration 30/82
[DB] Running migration 31/82
[DB] Running migration 32/82
[DB] Running migration 33/82
[DB] Running migration 34/82
[DB] Running migration 35/82
[DB] Running migration 36/82
[DB] Running migration 37/82
[DB] Running migration 38/82
[DB] Running migration 39/82
[DB] Running migration 40/82
[DB] Running migration 41/82
[DB] Running migration 42/82
[DB] Running migration 43/82
[DB] Running migration 44/82
[DB] Running migration 45/82
[DB] Running migration 46/82
[DB] Running migration 47/82
[DB] Running migration 48/82
[DB] Running migration 49/82
[DB] Running migration 50/82
[DB] Running migration 51/82
[DB] Running migration 52/82
[DB] Running migration 53/82
[DB] Running migration 54/82
[DB] Running migration 55/82
[DB] Running migration 56/82
[DB] Running migration 57/82
[DB] Running migration 58/82
[DB] Running migration 59/82
[DB] Running migration 60/82
[DB] Running migration 61/82
[DB] Running migration 62/82
[DB] Running migration 63/82
[DB] Running migration 64/82
[DB] Running migration 65/82
[DB] Running migration 66/82
[DB] Running migration 67/82
[DB] Running migration 68/82
[DB] Running migration 69/82
[DB] Running migration 70/82
[DB] Running migration 71/82
[DB] Running migration 72/82
[DB] Running migration 73/82
[DB] Running migration 74/82
[DB] Running migration 75/82
[DB] Running migration 76/82
[DB] Running migration 77/82
[DB] Running migration 78/82
[DB] Running migration 79/82
[DB] Running migration 80/82
[DB] Running migration 81/82
[DB] Running migration 82/82
[DB] Migrations complete — schema version 82

stdout | tests/integration/vacay.test.ts
[DB] Schema already up-to-date, setting version to 19
[DB] Running migration 20/82
[DB] Running migration 21/82
[DB] Running migration 22/82
[DB] Migrated reservation data from places to day_assignments
[DB] Running migration 23/82
[DB] Running migration 24/82
[DB] Running migration 25/82
[DB] Running migration 26/82
[DB] Running migration 27/82
[DB] Running migration 28/82
[DB] Running migration 29/82
[DB] Running migration 30/82
[DB] Running migration 31/82
[DB] Running migration 32/82
[DB] Running migration 33/82
[DB] Running migration 34/82
[DB] Running migration 35/82
[DB] Running migration 36/82
[DB] Running migration 37/82
[DB] Running migration 38/82
[DB] Running migration 39/82
[DB] Running migration 40/82
[DB] Running migration 41/82
[DB] Running migration 42/82
[DB] Running migration 43/82
[DB] Running migration 44/82
[DB] Running migration 45/82
[DB] Running migration 46/82
[DB] Running migration 47/82
[DB] Running migration 48/82
[DB] Running migration 49/82
[DB] Running migration 50/82
[DB] Running migration 51/82
[DB] Running migration 52/82
[DB] Running migration 53/82
[DB] Running migration 54/82
[DB] Running migration 55/82
[DB] Running migration 56/82
[DB] Running migration 57/82
[DB] Running migration 58/82
[DB] Running migration 59/82
[DB] Running migration 60/82
[DB] Running migration 61/82
[DB] Running migration 62/82
[DB] Running migration 63/82
[DB] Running migration 64/82
[DB] Running migration 65/82
[DB] Running migration 66/82
[DB] Running migration 67/82
[DB] Running migration 68/82
[DB] Running migration 69/82
[DB] Running migration 70/82
[DB] Running migration 71/82
[DB] Running migration 72/82
[DB] Running migration 73/82
[DB] Running migration 74/82
[DB] Running migration 75/82
[DB] Running migration 76/82
[DB] Running migration 77/82
[DB] Running migration 78/82
[DB] Running migration 79/82
[DB] Running migration 80/82
[DB] Running migration 81/82
[DB] Running migration 82/82
[DB] Migrations complete — schema version 82

stdout | tests/integration/trips.test.ts
[DB] Schema already up-to-date, setting version to 19
[DB] Running migration 20/82
[DB] Running migration 21/82
[DB] Running migration 22/82
[DB] Migrated reservation data from places to day_assignments
[DB] Running migration 23/82
[DB] Running migration 24/82
[DB] Running migration 25/82
[DB] Running migration 26/82
[DB] Running migration 27/82
[DB] Running migration 28/82
[DB] Running migration 29/82
[DB] Running migration 30/82
[DB] Running migration 31/82
[DB] Running migration 32/82
[DB] Running migration 33/82
[DB] Running migration 34/82
[DB] Running migration 35/82
[DB] Running migration 36/82
[DB] Running migration 37/82
[DB] Running migration 38/82
[DB] Running migration 39/82
[DB] Running migration 40/82
[DB] Running migration 41/82
[DB] Running migration 42/82
[DB] Running migration 43/82
[DB] Running migration 44/82
[DB] Running migration 45/82
[DB] Running migration 46/82
[DB] Running migration 47/82
[DB] Running migration 48/82
[DB] Running migration 49/82
[DB] Running migration 50/82
[DB] Running migration 51/82
[DB] Running migration 52/82
[DB] Running migration 53/82
[DB] Running migration 54/82
[DB] Running migration 55/82
[DB] Running migration 56/82
[DB] Running migration 57/82
[DB] Running migration 58/82
[DB] Running migration 59/82
[DB] Running migration 60/82
[DB] Running migration 61/82
[DB] Running migration 62/82
[DB] Running migration 63/82
[DB] Running migration 64/82
[DB] Running migration 65/82
[DB] Running migration 66/82
[DB] Running migration 67/82
[DB] Running migration 68/82
[DB] Running migration 69/82
[DB] Running migration 70/82
[DB] Running migration 71/82
[DB] Running migration 72/82
[DB] Running migration 73/82
[DB] Running migration 74/82
[DB] Running migration 75/82
[DB] Running migration 76/82
[DB] Running migration 77/82
[DB] Running migration 78/82
[DB] Running migration 79/82
[DB] Running migration 80/82
[DB] Running migration 81/82
[DB] Running migration 82/82
[DB] Migrations complete — schema version 82

stdout | tests/integration/packing.test.ts
[DB] Schema already up-to-date, setting version to 19
[DB] Running migration 20/82
[DB] Running migration 21/82
[DB] Running migration 22/82
[DB] Migrated reservation data from places to day_assignments
[DB] Running migration 23/82
[DB] Running migration 24/82
[DB] Running migration 25/82
[DB] Running migration 26/82
[DB] Running migration 27/82
[DB] Running migration 28/82
[DB] Running migration 29/82
[DB] Running migration 30/82
[DB] Running migration 31/82
[DB] Running migration 32/82
[DB] Running migration 33/82
[DB] Running migration 34/82
[DB] Running migration 35/82
[DB] Running migration 36/82
[DB] Running migration 37/82
[DB] Running migration 38/82
[DB] Running migration 39/82
[DB] Running migration 40/82
[DB] Running migration 41/82
[DB] Running migration 42/82
[DB] Running migration 43/82
[DB] Running migration 44/82
[DB] Running migration 45/82
[DB] Running migration 46/82
[DB] Running migration 47/82
[DB] Running migration 48/82
[DB] Running migration 49/82
[DB] Running migration 50/82
[DB] Running migration 51/82
[DB] Running migration 52/82
[DB] Running migration 53/82
[DB] Running migration 54/82
[DB] Running migration 55/82
[DB] Running migration 56/82
[DB] Running migration 57/82
[DB] Running migration 58/82
[DB] Running migration 59/82
[DB] Running migration 60/82
[DB] Running migration 61/82
[DB] Running migration 62/82
[DB] Running migration 63/82
[DB] Running migration 64/82
[DB] Running migration 65/82
[DB] Running migration 66/82
[DB] Running migration 67/82
[DB] Running migration 68/82
[DB] Running migration 69/82
[DB] Running migration 70/82
[DB] Running migration 71/82
[DB] Running migration 72/82
[DB] Running migration 73/82
[DB] Running migration 74/82
[DB] Running migration 75/82
[DB] Running migration 76/82
[DB] Running migration 77/82
[DB] Running migration 78/82
[DB] Running migration 79/82
[DB] Running migration 80/82
[DB] Running migration 81/82
[DB] Running migration 82/82
[DB] Migrations complete — schema version 82

stdout | tests/integration/auth.test.ts > Login > AUTH-001 — successful login returns 200, user object, and trek_session cookie
[34m[INFO][0m 2026-04-20T17:52:28 user1@test.example.com logged in ip=::ffff:127.0.0.1

stdout | tests/integration/auth.test.ts > Login > AUTH-002 — wrong password returns 401 with generic message
[34m[INFO][0m 2026-04-20T17:52:28 user2@test.example.com login failed reason=wrong_password ip=::ffff:127.0.0.1

 × tests/integration/share.test.ts > Share link CRUD > SHARE-001 — POST creates share link with default permissions 38ms
   → expected 401 to be 201 // Object.is equality
 × tests/integration/share.test.ts > Share link CRUD > SHARE-002 — POST creates share link with custom permissions 11ms
   → expected 401 to be 201 // Object.is equality
 ✓ tests/integration/share.test.ts > Share link CRUD > SHARE-003 — POST again updates share link permissions 8ms
 × tests/integration/auth.test.ts > Login > AUTH-001 — successful login returns 200, user object, and trek_session cookie 68ms
   → expected false to be true // Object.is equality
 ✓ tests/integration/auth.test.ts > Login > AUTH-002 — wrong password returns 401 with generic message 6ms
stdout | tests/integration/auth.test.ts > Login > AUTH-003 — non-existent email returns 401 with same generic message (no user enumeration)
[34m[INFO][0m 2026-04-20T17:52:28 anonymous login failed reason=unknown_email ip=::ffff:127.0.0.1

 × tests/integration/packing.test.ts > Create packing item > PACK-001 — POST creates a packing item 51ms
   → expected 401 to be 201 // Object.is equality
 × tests/integration/packing.test.ts > Create packing item > PACK-001 — POST without name returns 400 7ms
   → expected 401 to be 400 // Object.is equality
 × tests/integration/vacay.test.ts > Vacay plan > VACAY-001 — GET /api/addons/vacay/plan auto-creates plan on first access 41ms
   → expected 401 to be 200 // Object.is equality
 × tests/integration/vacay.test.ts > Vacay plan > VACAY-001 — second GET returns same plan (no duplicate creation) 7ms
   → expected 401 to be 200 // Object.is equality
 × tests/integration/vacay.test.ts > Vacay plan > VACAY-002 — PUT /api/addons/vacay/plan updates plan settings 9ms
   → expected 401 to be 200 // Object.is equality
 × tests/integration/vacay.test.ts > Vacay years > VACAY-007 — POST /api/addons/vacay/years adds a year to the plan 9ms
   → expected 401 to be 200 // Object.is equality
 × tests/integration/places.test.ts > Create place > PLACE-001 — POST /api/trips/:tripId/places creates place and returns 201 39ms
   → expected 401 to be 201 // Object.is equality
 × tests/integration/places.test.ts > Create place > PLACE-001 — POST without name returns 400 6ms
   → expected 401 to be 400 // Object.is equality
 × tests/integration/places.test.ts > Create place > PLACE-002 — name exceeding 200 characters is rejected 3ms
   → expected 401 to be 400 // Object.is equality
 × tests/integration/places.test.ts > Create place > PLACE-007 — non-member cannot create a place 10ms
   → expected 401 to be 404 // Object.is equality
 × tests/integration/trips.test.ts > Create trip > TRIP-001 — POST /api/trips with start_date/end_date returns 201 and auto-generates days 31ms
   → expected 401 to be 201 // Object.is equality
 × tests/integration/trips.test.ts > Create trip > TRIP-002 — POST /api/trips without dates returns 201 and creates 7 dateless placeholder days 7ms
   → expected 401 to be 201 // Object.is equality
 × tests/integration/trips.test.ts > Create trip > TRIP-002b — POST /api/trips with day_count creates correct number of dateless days 6ms
   → expected 401 to be 201 // Object.is equality
 × tests/integration/trips.test.ts > Create trip > TRIP-001 — POST /api/trips requires a title, returns 400 without one 5ms
   → expected 401 to be 400 // Object.is equality
 × tests/integration/trips.test.ts > Create trip > TRIP-001 — POST /api/trips rejects end_date before start_date with 400 6ms
   → expected 401 to be 400 // Object.is equality
 × tests/integration/trips.test.ts > Create trip > TRIP-003 — trip_create permission set to admin blocks regular user with 403 3ms
   → expected 401 to be 403 // Object.is equality
 × tests/integration/trips.test.ts > Create trip > TRIP-003 — trip_create permission set to admin allows admin user 3ms
   → expected 401 to be 201 // Object.is equality
 ✓ tests/integration/trips.test.ts > Create trip > TRIP-001 — unauthenticated POST /api/trips returns 401 1ms
 × tests/integration/trips.test.ts > List trips > TRIP-004 — GET /api/trips returns own trips and member trips, not other users trips 7ms
   → expected 401 to be 200 // Object.is equality
stderr | tests/integration/share.test.ts > Shared trip access > SHARE-006 — GET /shared/:token returns trip data with all sections
[33m[WARN][0m 2026-04-20T17:52:28 GET /shared/undefined 404 1ms ip=::ffff:127.0.0.1

stderr | tests/integration/share.test.ts > Shared trip access > SHARE-007 — GET /shared/:token hides budget when share_budget=false
[33m[WARN][0m 2026-04-20T17:52:28 GET /shared/undefined 404 0ms ip=::ffff:127.0.0.1

 ✓ tests/integration/mcp.test.ts > MCP authentication > MCP-001 — POST /mcp without auth returns 403 (addon disabled before auth check) 20ms
 ✓ tests/integration/mcp.test.ts > MCP authentication > MCP-001 — GET /mcp without auth returns 403 (addon disabled) 4ms
 ✓ tests/integration/mcp.test.ts > MCP authentication > MCP-001 — DELETE /mcp without auth returns 403 (addon disabled) 3ms
stderr | tests/integration/share.test.ts > Shared trip access > SHARE-008 — GET /shared/:invalid-token returns 404
[33m[WARN][0m 2026-04-20T17:52:28 GET /shared/invalid-token-xyz 404 0ms ip=::ffff:127.0.0.1

 × tests/integration/share.test.ts > Share link CRUD > SHARE-004 — GET returns share link status 22ms
   → expected 401 to be 200 // Object.is equality
 × tests/integration/share.test.ts > Share link CRUD > SHARE-004 — GET returns null token when no share link exists 4ms
   → expected 401 to be 200 // Object.is equality
 × tests/integration/share.test.ts > Share link CRUD > SHARE-005 — DELETE removes share link 4ms
   → expected 401 to be 200 // Object.is equality
 × tests/integration/share.test.ts > Shared trip access > SHARE-006 — GET /shared/:token returns trip data with all sections 12ms
   → expected 404 to be 200 // Object.is equality
 × tests/integration/share.test.ts > Shared trip access > SHARE-007 — GET /shared/:token hides budget when share_budget=false 6ms
   → expected 404 to be 200 // Object.is equality
 ✓ tests/integration/share.test.ts > Shared trip access > SHARE-008 — GET /shared/:invalid-token returns 404 3ms
 × tests/integration/share.test.ts > Shared trip access > SHARE-009 — non-member cannot create share link 6ms
   → expected 401 to be 404 // Object.is equality
stderr | tests/integration/mcp.test.ts > MCP session init > MCP-003 — DELETE /mcp with unknown session returns 404
[33m[WARN][0m 2026-04-20T17:52:28 DELETE /mcp 404 1ms ip=::ffff:127.0.0.1

 × tests/integration/packing.test.ts > Create packing item > PACK-014 — non-member cannot create packing item 13ms
   → expected 401 to be 404 // Object.is equality
 × tests/integration/packing.test.ts > List packing items > PACK-002 — GET /api/trips/:tripId/packing returns all items 21ms
   → expected 401 to be 200 // Object.is equality
 × tests/integration/packing.test.ts > List packing items > PACK-002 — member can list packing items 5ms
   → expected 401 to be 200 // Object.is equality
 × tests/integration/packing.test.ts > Update packing item > PACK-003 — PUT updates packing item (toggle checked) 3ms
   → expected 401 to be 200 // Object.is equality
 × tests/integration/packing.test.ts > Update packing item > PACK-003 — PUT returns 404 for non-existent item 5ms
   → expected 401 to be 404 // Object.is equality
 × tests/integration/packing.test.ts > Delete packing item > PACK-004 — DELETE removes packing item 3ms
   → expected 401 to be 200 // Object.is equality
 × tests/integration/packing.test.ts > Bulk import packing items > PACK-005 — POST /import creates multiple items at once 3ms
   → expected 401 to be 201 // Object.is equality
 × tests/integration/packing.test.ts > Bulk import packing items > PACK-005 — POST /import with empty array returns 400 4ms
   → expected 401 to be 400 // Object.is equality
 × tests/integration/packing.test.ts > Reorder packing items > PACK-006 — PUT /reorder reorders items 3ms
   → expected 401 to be 200 // Object.is equality
 × tests/integration/packing.test.ts > Bags > PACK-008 — POST /bags creates a bag 3ms
   → expected 401 to be 201 // Object.is equality
 × tests/integration/packing.test.ts > Bags > PACK-008 — POST /bags without name returns 400 2ms
   → expected 401 to be 400 // Object.is equality
 × tests/integration/packing.test.ts > Bags > PACK-011 — GET /bags returns bags list 6ms
   → expected 401 to be 200 // Object.is equality
 × tests/integration/packing.test.ts > Bags > PACK-009 — PUT /bags/:bagId updates bag 4ms
   → Cannot read properties of undefined (reading 'id')
 × tests/integration/packing.test.ts > Bags > PACK-010 — DELETE /bags/:bagId removes bag 4ms
   → Cannot read properties of undefined (reading 'id')
 × tests/integration/packing.test.ts > Category assignees > PACK-012 — PUT /category-assignees/:category sets assignees 4ms
   → expected 401 to be 200 // Object.is equality
 × tests/integration/packing.test.ts > Category assignees > PACK-013 — GET /category-assignees returns all category assignments 6ms
   → expected 401 to be 200 // Object.is equality
 × tests/integration/vacay.test.ts > Vacay years > VACAY-025 — GET /api/addons/vacay/years lists years in plan 17ms
   → expected 401 to be 200 // Object.is equality
 × tests/integration/vacay.test.ts > Vacay years > VACAY-008 — DELETE /api/addons/vacay/years/:year removes year 8ms
   → expected 401 to be 200 // Object.is equality
 × tests/integration/vacay.test.ts > Vacay years > VACAY-011 — PUT /api/addons/vacay/stats/:year updates allowance 9ms
   → expected 401 to be 200 // Object.is equality
 × tests/integration/vacay.test.ts > Vacay entries > VACAY-003 — POST /api/addons/vacay/entries/toggle marks a day as vacation 7ms
   → expected 401 to be 200 // Object.is equality
 × tests/integration/vacay.test.ts > Vacay entries > VACAY-004 — POST /api/addons/vacay/entries/toggle on weekend is allowed (no server-side weekend blocking) 7ms
   → expected 401 to be 200 // Object.is equality
 × tests/integration/vacay.test.ts > Vacay entries > VACAY-006 — GET /api/addons/vacay/entries/:year returns vacation entries 7ms
   → expected 401 to be 200 // Object.is equality
 × tests/integration/vacay.test.ts > Vacay entries > VACAY-009 — GET /api/addons/vacay/stats/:year returns stats for year 7ms
   → expected 401 to be 200 // Object.is equality
 × tests/integration/vacay.test.ts > Vacay color > VACAY-024 — PUT /api/addons/vacay/color sets user color in plan 6ms
   → expected 401 to be 200 // Object.is equality
 × tests/integration/vacay.test.ts > Vacay invite flow > VACAY-022 — cannot invite yourself 8ms
   → expected 401 to be 400 // Object.is equality
 × tests/integration/vacay.test.ts > Vacay invite flow > VACAY-016 — send invite to another user 6ms
   → expected 401 to be 200 // Object.is equality
 × tests/integration/vacay.test.ts > Vacay invite flow > VACAY-023 — GET /api/addons/vacay/available-users returns users who can be invited 5ms
   → expected 401 to be 200 // Object.is equality
 × tests/integration/vacay.test.ts > Vacay holidays > VACAY-014 — GET /api/addons/vacay/holidays/countries returns available countries 2ms
   → expected 401 to be 200 // Object.is equality
 × tests/integration/vacay.test.ts > Vacay holidays > VACAY-012 — POST /api/addons/vacay/plan/holiday-calendars adds a holiday calendar 4ms
   → expected 401 to be 200 // Object.is equality
 × tests/integration/vacay.test.ts > Vacay dissolve plan > VACAY-020 — POST /api/addons/vacay/dissolve removes user from plan 6ms
   → expected 401 to be 200 // Object.is equality
 × tests/integration/places.test.ts > Create place > PLACE-016 — create place with category assigns it correctly 22ms
   → expected 401 to be 201 // Object.is equality
 × tests/integration/places.test.ts > List places > PLACE-003 — GET /api/trips/:tripId/places returns all places 12ms
   → expected 401 to be 200 // Object.is equality
 × tests/integration/places.test.ts > List places > PLACE-003 — member can list places for a shared trip 6ms
   → expected 401 to be 200 // Object.is equality
 × tests/integration/places.test.ts > List places > PLACE-007 — non-member cannot list places 7ms
   → expected 401 to be 404 // Object.is equality
 × tests/integration/places.test.ts > List places > PLACE-017 — GET /api/trips/:tripId/places?category=X filters by category id 8ms
   → expected 401 to be 200 // Object.is equality
 × tests/integration/places.test.ts > Get place > PLACE-004 — GET /api/trips/:tripId/places/:id returns place with tags 8ms
   → expected 401 to be 200 // Object.is equality
 × tests/integration/places.test.ts > Get place > PLACE-004 — GET non-existent place returns 404 4ms
   → expected 401 to be 404 // Object.is equality
 × tests/integration/places.test.ts > Update place > PLACE-005 — PUT /api/trips/:tripId/places/:id updates place details 3ms
   → expected 401 to be 200 // Object.is equality
 × tests/integration/places.test.ts > Update place > PLACE-005 — PUT returns 404 for non-existent place 4ms
   → expected 401 to be 404 // Object.is equality
 × tests/integration/places.test.ts > Delete place > PLACE-006 — DELETE /api/trips/:tripId/places/:id removes place 6ms
   → expected 401 to be 200 // Object.is equality
 × tests/integration/places.test.ts > Delete place > PLACE-007 — member with default permissions can delete a place 6ms
   → expected 401 to be 200 // Object.is equality
 × tests/integration/places.test.ts > Tags > PLACE-013 — GET /api/tags returns user tags 5ms
   → expected 401 to be 200 // Object.is equality
 × tests/integration/places.test.ts > Tags > PLACE-010/011 — POST place with tags associates them correctly 5ms
   → expected 401 to be 201 // Object.is equality
 × tests/integration/places.test.ts > Tags > PLACE-012 — DELETE /api/tags/:id removes tag 4ms
   → expected 401 to be 200 // Object.is equality
 × tests/integration/places.test.ts > Update place tags > PLACE-011 — PUT with tags array replaces existing tags 6ms
   → expected 401 to be 201 // Object.is equality
 × tests/integration/places.test.ts > Update place tags > PLACE-011 — PUT with empty tags array removes all tags 8ms
   → Cannot read properties of undefined (reading 'id')
 × tests/integration/places.test.ts > Place notes > PLACE-018 — Create a place with notes 5ms
   → expected 401 to be 201 // Object.is equality
 × tests/integration/places.test.ts > Place notes > PLACE-018 — Update place notes via PUT 3ms
   → expected 401 to be 200 // Object.is equality
 × tests/integration/trips.test.ts > List trips > TRIP-005 — GET /api/trips excludes archived trips by default 6ms
   → expected 401 to be 200 // Object.is equality
 × tests/integration/trips.test.ts > List trips > TRIP-005 — GET /api/trips?archived=1 returns only archived trips 3ms
   → expected 401 to be 200 // Object.is equality
 × tests/integration/trips.test.ts > Get trip > TRIP-006 — GET /api/trips/:id for own trip returns 200 with full trip object 3ms
   → expected 401 to be 200 // Object.is equality
 × tests/integration/trips.test.ts > Get trip > TRIP-007 — GET /api/trips/:id for another users trip returns 404 5ms
   → expected 401 to be 404 // Object.is equality
 × tests/integration/trips.test.ts > Get trip > TRIP-016 — Non-member cannot access trip → 404 5ms
   → expected 401 to be 404 // Object.is equality
 × tests/integration/trips.test.ts > Get trip > TRIP-017 — Member can access trip → 200 4ms
   → expected 401 to be 200 // Object.is equality
 × tests/integration/trips.test.ts > Get trip > TRIP-006 — GET /api/trips/:id for non-existent trip returns 404 4ms
   → expected 401 to be 404 // Object.is equality
 × tests/integration/trips.test.ts > Update trip > TRIP-008 — PUT /api/trips/:id updates title and description for owner → 200 4ms
   → expected 401 to be 200 // Object.is equality
 × tests/integration/trips.test.ts > Update trip > TRIP-009 — Archive trip (PUT with is_archived:true) removes it from normal list 3ms
   → expected 401 to be 200 // Object.is equality
 × tests/integration/trips.test.ts > Update trip > TRIP-009 — Unarchive trip reappears in normal list 3ms
   → expected 401 to be 200 // Object.is equality
 × tests/integration/trips.test.ts > Update trip > TRIP-010 — Archive by trip member is denied when trip_archive is set to trip_owner 4ms
   → expected 401 to be 403 // Object.is equality
 × tests/integration/trips.test.ts > Update trip > TRIP-008 — Member cannot edit trip title when trip_edit is set to trip_owner 4ms
   → expected 401 to be 403 // Object.is equality
 × tests/integration/trips.test.ts > Update trip > TRIP-008 — PUT /api/trips/:id returns 404 for non-existent trip 3ms
   → expected 401 to be 404 // Object.is equality
 × tests/integration/trips.test.ts > Delete trip > TRIP-018 — DELETE /api/trips/:id by owner returns 200 and trip is no longer accessible 5ms
   → expected 401 to be 200 // Object.is equality
 × tests/integration/trips.test.ts > Delete trip > TRIP-019 — Regular user cannot delete another users trip → 403 5ms
   → expected 401 to be 403 // Object.is equality
 × tests/integration/trips.test.ts > Delete trip > TRIP-019 — Trip member cannot delete trip → 403 20ms
   → expected 401 to be 403 // Object.is equality
 × tests/integration/trips.test.ts > Delete trip > TRIP-022 — Trip with places and reservations can be deleted (cascade) 12ms
   → expected 401 to be 200 // Object.is equality
 × tests/integration/trips.test.ts > Delete trip > TRIP-018 — Admin can delete another users trip 9ms
   → expected 401 to be 200 // Object.is equality
stderr | tests/integration/mcp.test.ts > MCP session management > MCP-003 — session limit of 5 per user
[33m[WARN][0m 2026-04-20T17:52:28 POST /mcp 429 1ms ip=::ffff:127.0.0.1

 × tests/integration/places.test.ts > Search places > PLACE-017 — GET ?search= filters places by name 4ms
   → expected 401 to be 200 // Object.is equality
 × tests/integration/places.test.ts > Search places > PLACE-017 — GET ?tag= filters by tag id 6ms
   → expected 401 to be 201 // Object.is equality
 × tests/integration/places.test.ts > Categories > PLACE-015 — GET /api/categories returns all categories 4ms
   → expected 401 to be 200 // Object.is equality
 × tests/integration/places.test.ts > GPX Import > PLACE-019 — POST /import/gpx with valid GPX file creates places 6ms
   → expected 401 to be 201 // Object.is equality
 × tests/integration/places.test.ts > GPX Import > PLACE-019 — POST /import/gpx without file returns 400 3ms
   → expected 401 to be 400 // Object.is equality
 ✓ tests/integration/mcp.test.ts > MCP session init > MCP-002 — POST /mcp with valid JWT passes auth check (may fail if addon disabled) 77ms
 ✓ tests/integration/mcp.test.ts > MCP session init > MCP-003 — DELETE /mcp with unknown session returns 404 12ms
 ✓ tests/integration/mcp.test.ts > MCP session init > MCP-004 — POST /mcp with invalid JWT returns 401 (when addon enabled) 2ms
 × tests/integration/mcp.test.ts > MCP API token auth > MCP-002 — POST /mcp with valid trek_ API token authenticates successfully 12ms
   → expected 401 to be 200 // Object.is equality
 × tests/integration/mcp.test.ts > MCP API token auth > MCP-002 — last_used_at is updated on token use 4ms
   → expected null not to be null
 ✓ tests/integration/mcp.test.ts > MCP API token auth > MCP — POST /mcp with unknown trek_ token returns 401 2ms
 ✓ tests/integration/mcp.test.ts > MCP API token auth > MCP — POST /mcp with no Authorization header returns 401 2ms
 ✓ tests/integration/mcp.test.ts > MCP session management > MCP-003 — session limit of 5 per user 54ms
 ✓ tests/integration/mcp.test.ts > MCP session management > MCP — session resumption with valid mcp-session-id 21ms
stderr | tests/integration/mcp.test.ts > MCP session management > MCP — GET without mcp-session-id returns 400
[33m[WARN][0m 2026-04-20T17:52:28 GET /mcp 400 0ms ip=::ffff:127.0.0.1

 × tests/integration/trips.test.ts > Delete trip > TRIP-018 — DELETE /api/trips/:id for non-existent trip returns 404 7ms
   → expected 401 to be 404 // Object.is equality
 × tests/integration/trips.test.ts > Trip members > TRIP-015 — GET /api/trips/:id/members returns owner and members list 13ms
   → expected 401 to be 200 // Object.is equality
 × tests/integration/trips.test.ts > Trip members > TRIP-013 — POST /api/trips/:id/members adds a member by email → 201 8ms
   → expected 401 to be 201 // Object.is equality
 × tests/integration/trips.test.ts > Trip members > TRIP-013 — POST /api/trips/:id/members adds a member by username → 201 9ms
   → expected 401 to be 201 // Object.is equality
 × tests/integration/trips.test.ts > Trip members > TRIP-013 — Adding a non-existent user returns 404 13ms
   → expected 401 to be 404 // Object.is equality
 × tests/integration/trips.test.ts > Trip members > TRIP-013 — Adding a user who is already a member returns 400 8ms
   → expected 401 to be 400 // Object.is equality
 × tests/integration/trips.test.ts > Trip members > TRIP-014 — DELETE /api/trips/:id/members/:userId removes a member → 200 12ms
   → expected 401 to be 200 // Object.is equality
 × tests/integration/trips.test.ts > Trip members > TRIP-014 — Member can remove themselves from a trip → 200 13ms
   → expected 401 to be 200 // Object.is equality
 × tests/integration/trips.test.ts > Trip members > TRIP-013 — Non-owner member cannot add other members when member_manage is trip_owner 7ms
   → expected 401 to be 403 // Object.is equality
 × tests/integration/trips.test.ts > Trip members > TRIP-015 — Non-member cannot list trip members → 404 6ms
   → expected 401 to be 404 // Object.is equality
 ✓ tests/integration/mcp.test.ts > MCP session management > MCP — session belongs to different user returns 403 14ms
 ✓ tests/integration/mcp.test.ts > MCP session management > MCP — GET without mcp-session-id returns 400 3ms
 ✓ tests/integration/mcp.test.ts > MCP rate limiting > MCP-005 — requests below limit succeed 56ms
stdout | tests/integration/auth.test.ts > Registration > AUTH-005 — first user registration creates admin role and returns 201 + cookie
[34m[INFO][0m 2026-04-20T17:52:29 admin@example.com registered admin@example.com ip=::ffff:127.0.0.1

 ✓ tests/integration/auth.test.ts > Login > AUTH-003 — non-existent email returns 401 with same generic message (no user enumeration) 2ms
 × tests/integration/auth.test.ts > Login > AUTH-013 — POST /api/auth/logout clears session cookie 2ms
   → expected undefined to be defined
stderr | tests/integration/auth.test.ts > Registration > AUTH-006 — registration with weak password is rejected
[33m[WARN][0m 2026-04-20T17:52:29 POST /register 400 1ms ip=::ffff:127.0.0.1

stderr | tests/integration/auth.test.ts > Registration > AUTH-007 — registration with common password is rejected
[33m[WARN][0m 2026-04-20T17:52:29 POST /register 400 0ms ip=::ffff:127.0.0.1

stderr | tests/integration/auth.test.ts > Registration > AUTH-008 — registration with duplicate email returns 409
[33m[WARN][0m 2026-04-20T17:52:29 POST /register 409 1ms ip=::ffff:127.0.0.1

stdout | tests/integration/auth.test.ts > Registration > AUTH-010 — registration with valid invite token succeeds even when registration disabled
[34m[INFO][0m 2026-04-20T17:52:29 invited@example.com registered invited@example.com ip=::ffff:127.0.0.1

 × tests/integration/auth.test.ts > Registration > AUTH-005 — first user registration creates admin role and returns 201 + cookie 489ms
   → expected false to be true // Object.is equality
 ✓ tests/integration/auth.test.ts > Registration > AUTH-006 — registration with weak password is rejected 6ms
 ✓ tests/integration/auth.test.ts > Registration > AUTH-007 — registration with common password is rejected 2ms
 ✓ tests/integration/auth.test.ts > Registration > AUTH-008 — registration with duplicate email returns 409 4ms
 ✓ tests/integration/auth.test.ts > Registration > AUTH-009 — registration disabled by admin returns 403 6ms
stderr | tests/integration/auth.test.ts > Registration > AUTH-011 — GET /api/auth/invite/:token with expired token returns 410
[33m[WARN][0m 2026-04-20T17:52:29 GET /invite/test-invite-1776707549457 410 1ms ip=::ffff:127.0.0.1

stderr | tests/integration/auth.test.ts > Registration > AUTH-012 — GET /api/auth/invite/:token with exhausted token returns 410
[33m[WARN][0m 2026-04-20T17:52:29 GET /invite/test-invite-1776707549461 410 0ms ip=::ffff:127.0.0.1

stderr | tests/integration/auth.test.ts > Demo login > AUTH-022 — POST /api/auth/demo-login without DEMO_MODE returns 404
[33m[WARN][0m 2026-04-20T17:52:29 POST /demo-login 404 0ms ip=::ffff:127.0.0.1

stderr | tests/integration/auth.test.ts > Demo login > AUTH-022 — POST /api/auth/demo-login with DEMO_MODE and demo user returns 200 + cookie
[31m[ERROR][0m 2026-04-20T17:52:29 POST /demo-login 500 0ms ip=::ffff:127.0.0.1

stdout | tests/integration/memories-synology.test.ts
[DB] Schema already up-to-date, setting version to 19
[DB] Running migration 20/82
[DB] Running migration 21/82
[DB] Running migration 22/82
[DB] Migrated reservation data from places to day_assignments
[DB] Running migration 23/82
[DB] Running migration 24/82
[DB] Running migration 25/82
[DB] Running migration 26/82
[DB] Running migration 27/82
[DB] Running migration 28/82
[DB] Running migration 29/82
[DB] Running migration 30/82
[DB] Running migration 31/82
[DB] Running migration 32/82
[DB] Running migration 33/82
[DB] Running migration 34/82
[DB] Running migration 35/82
[DB] Running migration 36/82
[DB] Running migration 37/82
[DB] Running migration 38/82
[DB] Running migration 39/82
[DB] Running migration 40/82
[DB] Running migration 41/82
[DB] Running migration 42/82
[DB] Running migration 43/82
[DB] Running migration 44/82
[DB] Running migration 45/82
[DB] Running migration 46/82
[DB] Running migration 47/82
[DB] Running migration 48/82
[DB] Running migration 49/82
[DB] Running migration 50/82
[DB] Running migration 51/82
[DB] Running migration 52/82
[DB] Running migration 53/82
[DB] Running migration 54/82
[DB] Running migration 55/82
[DB] Running migration 56/82
[DB] Running migration 57/82
[DB] Running migration 58/82
[DB] Running migration 59/82
[DB] Running migration 60/82
[DB] Running migration 61/82
[DB] Running migration 62/82
[DB] Running migration 63/82
[DB] Running migration 64/82
[DB] Running migration 65/82
[DB] Running migration 66/82
[DB] Running migration 67/82
[DB] Running migration 68/82
[DB] Running migration 69/82
[DB] Running migration 70/82
[DB] Running migration 71/82
[DB] Running migration 72/82
[DB] Running migration 73/82
[DB] Running migration 74/82
[DB] Running migration 75/82
[DB] Running migration 76/82
[DB] Running migration 77/82
[DB] Running migration 78/82
[DB] Running migration 79/82
[DB] Running migration 80/82
[DB] Running migration 81/82
[DB] Running migration 82/82
[DB] Migrations complete — schema version 82

stdout | tests/integration/auth.test.ts > MFA > AUTH-016 — POST /api/auth/mfa/verify-login with valid code completes login
[34m[INFO][0m 2026-04-20T17:52:29 user14@test.example.com logged in ip=::ffff:127.0.0.1

stdout | tests/integration/days.test.ts
[DB] Schema already up-to-date, setting version to 19
[DB] Running migration 20/82
[DB] Running migration 21/82
[DB] Running migration 22/82
[DB] Migrated reservation data from places to day_assignments
[DB] Running migration 23/82
[DB] Running migration 24/82
[DB] Running migration 25/82
[DB] Running migration 26/82
[DB] Running migration 27/82
[DB] Running migration 28/82
[DB] Running migration 29/82
[DB] Running migration 30/82
[DB] Running migration 31/82
[DB] Running migration 32/82
[DB] Running migration 33/82
[DB] Running migration 34/82
[DB] Running migration 35/82
[DB] Running migration 36/82
[DB] Running migration 37/82
[DB] Running migration 38/82
[DB] Running migration 39/82
[DB] Running migration 40/82
[DB] Running migration 41/82
[DB] Running migration 42/82
[DB] Running migration 43/82
[DB] Running migration 44/82
[DB] Running migration 45/82
[DB] Running migration 46/82
[DB] Running migration 47/82
[DB] Running migration 48/82
[DB] Running migration 49/82
[DB] Running migration 50/82
[DB] Running migration 51/82
[DB] Running migration 52/82
[DB] Running migration 53/82
[DB] Running migration 54/82
[DB] Running migration 55/82
[DB] Running migration 56/82
[DB] Running migration 57/82
[DB] Running migration 58/82
[DB] Running migration 59/82
[DB] Running migration 60/82
[DB] Running migration 61/82
[DB] Running migration 62/82
[DB] Running migration 63/82
[DB] Running migration 64/82
[DB] Running migration 65/82
[DB] Running migration 66/82
[DB] Running migration 67/82
[DB] Running migration 68/82
[DB] Running migration 69/82
[DB] Running migration 70/82
[DB] Running migration 71/82
[DB] Running migration 72/82
[DB] Running migration 73/82
[DB] Running migration 74/82
[DB] Running migration 75/82
[DB] Running migration 76/82
[DB] Running migration 77/82
[DB] Running migration 78/82
[DB] Running migration 79/82
[DB] Running migration 80/82
[DB] Running migration 81/82
[DB] Running migration 82/82
[DB] Migrations complete — schema version 82

 ✓ tests/integration/auth.test.ts > Registration > AUTH-010 — registration with valid invite token succeeds even when registration disabled 392ms
 ✓ tests/integration/auth.test.ts > Registration > AUTH-011 — GET /api/auth/invite/:token with expired token returns 410 4ms
 ✓ tests/integration/auth.test.ts > Registration > AUTH-012 — GET /api/auth/invite/:token with exhausted token returns 410 3ms
 ✓ tests/integration/auth.test.ts > Session > AUTH-014 — GET /api/auth/me without session returns 401 AUTH_REQUIRED 1ms
 × tests/integration/auth.test.ts > Session > AUTH-014 — GET /api/auth/me with valid cookie returns safe user object 4ms
   → expected 401 to be 200 // Object.is equality
 × tests/integration/auth.test.ts > Session > AUTH-021 — user with must_change_password=1 sees the flag in their profile 5ms
   → expected 401 to be 200 // Object.is equality
 ✓ tests/integration/auth.test.ts > App config > AUTH-028 — GET /api/auth/app-config returns expected flags 5ms
 ✓ tests/integration/auth.test.ts > App config > AUTH-028 — allow_registration is false after admin disables it 4ms
 ✓ tests/integration/auth.test.ts > Demo login > AUTH-022 — POST /api/auth/demo-login without DEMO_MODE returns 404 2ms
 × tests/integration/auth.test.ts > Demo login > AUTH-022 — POST /api/auth/demo-login with DEMO_MODE and demo user returns 200 + cookie 2ms
   → expected 500 to be 200 // Object.is equality
 × tests/integration/auth.test.ts > MFA > AUTH-015 — POST /api/auth/mfa/setup returns secret and QR data URL 5ms
   → expected 401 to be 200 // Object.is equality
 × tests/integration/auth.test.ts > MFA > AUTH-015 — POST /api/auth/mfa/enable with valid TOTP code enables MFA 4ms
   → expected 401 to be 200 // Object.is equality
 ✓ tests/integration/auth.test.ts > MFA > AUTH-016 — login with MFA-enabled account returns mfa_required + mfa_token 6ms
 × tests/integration/auth.test.ts > MFA > AUTH-016 — POST /api/auth/mfa/verify-login with valid code completes login 9ms
   → expected false to be true // Object.is equality
 ✓ tests/integration/auth.test.ts > MFA > AUTH-017 — verify-login with invalid TOTP code returns 401 9ms
 × tests/integration/auth.test.ts > MFA > AUTH-019 — disable MFA with valid password and TOTP code 4ms
   → expected 401 to be 200 // Object.is equality
 ✓ tests/integration/auth.test.ts > Forced MFA policy > AUTH-020 — non-MFA user is blocked (403 MFA_REQUIRED) when require_mfa is true 3ms
 ✓ tests/integration/auth.test.ts > Forced MFA policy > AUTH-020 — /api/auth/me and MFA setup endpoints are exempt from require_mfa 15ms
 ✓ tests/integration/auth.test.ts > Forced MFA policy > AUTH-020 — MFA-enabled user passes through require_mfa policy 6ms
 × tests/integration/auth.test.ts > Short-lived tokens > AUTH-029 — POST /api/auth/ws-token returns a single-use token 6ms
   → expected 401 to be 200 // Object.is equality
 × tests/integration/memories-synology.test.ts > Synology settings > SYNO-001 — GET /settings when not configured returns 400 28ms
   → expected 401 to be 400 // Object.is equality
 × tests/integration/memories-synology.test.ts > Synology settings > SYNO-002 — PUT /settings saves credentials and returns success 10ms
   → expected 401 to be 200 // Object.is equality
 × tests/integration/memories-synology.test.ts > Synology settings > SYNO-003 — PUT /settings with SSRF-blocked URL returns 400 7ms
   → expected 401 to be 400 // Object.is equality
 × tests/integration/memories-synology.test.ts > Synology settings > SYNO-004 — PUT /settings without URL returns 400 11ms
   → expected 401 to be 400 // Object.is equality
 × tests/integration/memories-synology.test.ts > Synology connection > SYNO-010 — GET /status when not configured returns { connected: false } 5ms
   → expected 401 to be 200 // Object.is equality
 × tests/integration/memories-synology.test.ts > Synology connection > SYNO-011 — GET /status when configured returns { connected: true } 3ms
   → expected 401 to be 200 // Object.is equality
 × tests/integration/memories-synology.test.ts > Synology connection > SYNO-012 — POST /test with valid credentials returns { connected: true } 4ms
   → expected 401 to be 200 // Object.is equality
 × tests/integration/memories-synology.test.ts > Synology connection > SYNO-013 — POST /test with missing fields returns error 5ms
   → expected 401 to be 200 // Object.is equality
 × tests/integration/memories-synology.test.ts > Synology search and albums > SYNO-020 — POST /search returns mapped assets 5ms
   → expected 401 to be 200 // Object.is equality
stdout | tests/integration/auth.test.ts > Rate limiting > AUTH-004 — login endpoint rate-limits after 10 attempts from the same IP
[34m[INFO][0m 2026-04-20T17:52:29 anonymous login failed reason=unknown_email ip=::ffff:127.0.0.1

stdout | tests/integration/collab.test.ts
[DB] Schema already up-to-date, setting version to 19
[DB] Running migration 20/82
[DB] Running migration 21/82
[DB] Running migration 22/82
[DB] Migrated reservation data from places to day_assignments
[DB] Running migration 23/82
[DB] Running migration 24/82
[DB] Running migration 25/82
[DB] Running migration 26/82
[DB] Running migration 27/82
[DB] Running migration 28/82
[DB] Running migration 29/82
[DB] Running migration 30/82
[DB] Running migration 31/82
[DB] Running migration 32/82
[DB] Running migration 33/82
[DB] Running migration 34/82
[DB] Running migration 35/82
[DB] Running migration 36/82
[DB] Running migration 37/82
[DB] Running migration 38/82
[DB] Running migration 39/82
[DB] Running migration 40/82
[DB] Running migration 41/82
[DB] Running migration 42/82
[DB] Running migration 43/82
[DB] Running migration 44/82
[DB] Running migration 45/82
[DB] Running migration 46/82
[DB] Running migration 47/82
[DB] Running migration 48/82
[DB] Running migration 49/82
[DB] Running migration 50/82
[DB] Running migration 51/82
[DB] Running migration 52/82
[DB] Running migration 53/82
[DB] Running migration 54/82
[DB] Running migration 55/82
[DB] Running migration 56/82
[DB] Running migration 57/82
[DB] Running migration 58/82
[DB] Running migration 59/82
[DB] Running migration 60/82
[DB] Running migration 61/82
[DB] Running migration 62/82
[DB] Running migration 63/82
[DB] Running migration 64/82
[DB] Running migration 65/82
[DB] Running migration 66/82
[DB] Running migration 67/82
[DB] Running migration 68/82
[DB] Running migration 69/82
[DB] Running migration 70/82
[DB] Running migration 71/82
[DB] Running migration 72/82
[DB] Running migration 73/82
[DB] Running migration 74/82
[DB] Running migration 75/82
[DB] Running migration 76/82
[DB] Running migration 77/82
[DB] Running migration 78/82
[DB] Running migration 79/82
[DB] Running migration 80/82
[DB] Running migration 81/82
[DB] Running migration 82/82
[DB] Migrations complete — schema version 82

stdout | tests/integration/auth.test.ts > Rate limiting > AUTH-004 — login endpoint rate-limits after 10 attempts from the same IP
[34m[INFO][0m 2026-04-20T17:52:29 anonymous login failed reason=unknown_email ip=::ffff:127.0.0.1

stdout | tests/integration/auth.test.ts > Rate limiting > AUTH-004 — login endpoint rate-limits after 10 attempts from the same IP
[34m[INFO][0m 2026-04-20T17:52:29 anonymous login failed reason=unknown_email ip=::ffff:127.0.0.1

stdout | tests/integration/auth.test.ts > Rate limiting > AUTH-004 — login endpoint rate-limits after 10 attempts from the same IP
[34m[INFO][0m 2026-04-20T17:52:29 anonymous login failed reason=unknown_email ip=::ffff:127.0.0.1

stdout | tests/integration/auth.test.ts > Rate limiting > AUTH-004 — login endpoint rate-limits after 10 attempts from the same IP
[34m[INFO][0m 2026-04-20T17:52:29 anonymous login failed reason=unknown_email ip=::ffff:127.0.0.1

stdout | tests/integration/auth.test.ts > Rate limiting > AUTH-004 — login endpoint rate-limits after 10 attempts from the same IP
[34m[INFO][0m 2026-04-20T17:52:29 anonymous login failed reason=unknown_email ip=::ffff:127.0.0.1

stdout | tests/integration/auth.test.ts > Rate limiting > AUTH-004 — login endpoint rate-limits after 10 attempts from the same IP
[34m[INFO][0m 2026-04-20T17:52:29 anonymous login failed reason=unknown_email ip=::ffff:127.0.0.1

stdout | tests/integration/auth.test.ts > Rate limiting > AUTH-004 — login endpoint rate-limits after 10 attempts from the same IP
[34m[INFO][0m 2026-04-20T17:52:29 anonymous login failed reason=unknown_email ip=::ffff:127.0.0.1

stdout | tests/integration/auth.test.ts > Rate limiting > AUTH-004 — login endpoint rate-limits after 10 attempts from the same IP
[34m[INFO][0m 2026-04-20T17:52:29 anonymous login failed reason=unknown_email ip=::ffff:127.0.0.1

stdout | tests/integration/auth.test.ts > Rate limiting > AUTH-004 — login endpoint rate-limits after 10 attempts from the same IP
[34m[INFO][0m 2026-04-20T17:52:29 anonymous login failed reason=unknown_email ip=::ffff:127.0.0.1

stderr | tests/integration/auth.test.ts > Rate limiting > AUTH-004 — login endpoint rate-limits after 10 attempts from the same IP
[33m[WARN][0m 2026-04-20T17:52:29 POST /login 429 0ms ip=::ffff:127.0.0.1

stdout | tests/integration/files.test.ts
[DB] Schema already up-to-date, setting version to 19
[DB] Running migration 20/82
[DB] Running migration 21/82
[DB] Running migration 22/82
[DB] Migrated reservation data from places to day_assignments
[DB] Running migration 23/82
[DB] Running migration 24/82
[DB] Running migration 25/82
[DB] Running migration 26/82
[DB] Running migration 27/82
[DB] Running migration 28/82
[DB] Running migration 29/82
[DB] Running migration 30/82
[DB] Running migration 31/82
[DB] Running migration 32/82
[DB] Running migration 33/82
[DB] Running migration 34/82
[DB] Running migration 35/82
[DB] Running migration 36/82
[DB] Running migration 37/82
[DB] Running migration 38/82
[DB] Running migration 39/82
[DB] Running migration 40/82
[DB] Running migration 41/82
[DB] Running migration 42/82
[DB] Running migration 43/82
[DB] Running migration 44/82
[DB] Running migration 45/82
[DB] Running migration 46/82
[DB] Running migration 47/82
[DB] Running migration 48/82
[DB] Running migration 49/82
[DB] Running migration 50/82
[DB] Running migration 51/82
[DB] Running migration 52/82
[DB] Running migration 53/82
[DB] Running migration 54/82
[DB] Running migration 55/82
[DB] Running migration 56/82
[DB] Running migration 57/82
[DB] Running migration 58/82
[DB] Running migration 59/82
[DB] Running migration 60/82
[DB] Running migration 61/82
[DB] Running migration 62/82
[DB] Running migration 63/82
[DB] Running migration 64/82
[DB] Running migration 65/82
[DB] Running migration 66/82
[DB] Running migration 67/82
[DB] Running migration 68/82
[DB] Running migration 69/82
[DB] Running migration 70/82
[DB] Running migration 71/82
[DB] Running migration 72/82
[DB] Running migration 73/82
[DB] Running migration 74/82
[DB] Running migration 75/82
[DB] Running migration 76/82
[DB] Running migration 77/82
[DB] Running migration 78/82
[DB] Running migration 79/82
[DB] Running migration 80/82
[DB] Running migration 81/82
[DB] Running migration 82/82
[DB] Migrations complete — schema version 82

stderr | tests/integration/auth.test.ts > Rate limiting > AUTH-018 — MFA verify-login endpoint rate-limits after 5 attempts
[33m[WARN][0m 2026-04-20T17:52:29 POST /mfa/verify-login 429 0ms ip=::ffff:127.0.0.1

 × tests/integration/auth.test.ts > Short-lived tokens > AUTH-030 — POST /api/auth/resource-token returns a single-use token 16ms
   → expected 401 to be 200 // Object.is equality
 ✓ tests/integration/auth.test.ts > Rate limiting > AUTH-004 — login endpoint rate-limits after 10 attempts from the same IP 23ms
 ✓ tests/integration/auth.test.ts > Rate limiting > AUTH-018 — MFA verify-login endpoint rate-limits after 5 attempts 6ms
 × tests/integration/days.test.ts > List days > DAY-001 — GET /api/trips/:tripId/days returns days for a trip the user can access 36ms
   → expected 401 to be 200 // Object.is equality
 × tests/integration/days.test.ts > List days > DAY-001 — Member can list days for a shared trip 12ms
   → expected 401 to be 200 // Object.is equality
 × tests/integration/days.test.ts > List days > DAY-002 — Non-member cannot list days (404) 9ms
   → expected 401 to be 404 // Object.is equality
 ✓ tests/integration/days.test.ts > List days > DAY-002 — Unauthenticated request returns 401 6ms
stdout | tests/integration/atlas.test.ts
[DB] Schema already up-to-date, setting version to 19
[DB] Running migration 20/82
[DB] Running migration 21/82
[DB] Running migration 22/82
[DB] Migrated reservation data from places to day_assignments
[DB] Running migration 23/82
[DB] Running migration 24/82
[DB] Running migration 25/82
[DB] Running migration 26/82
[DB] Running migration 27/82
[DB] Running migration 28/82
[DB] Running migration 29/82
[DB] Running migration 30/82
[DB] Running migration 31/82
[DB] Running migration 32/82
[DB] Running migration 33/82
[DB] Running migration 34/82
[DB] Running migration 35/82
[DB] Running migration 36/82
[DB] Running migration 37/82
[DB] Running migration 38/82
[DB] Running migration 39/82
[DB] Running migration 40/82
[DB] Running migration 41/82
[DB] Running migration 42/82
[DB] Running migration 43/82
[DB] Running migration 44/82
[DB] Running migration 45/82
[DB] Running migration 46/82
[DB] Running migration 47/82
[DB] Running migration 48/82
[DB] Running migration 49/82
[DB] Running migration 50/82
[DB] Running migration 51/82
[DB] Running migration 52/82
[DB] Running migration 53/82
[DB] Running migration 54/82
[DB] Running migration 55/82
[DB] Running migration 56/82
[DB] Running migration 57/82
[DB] Running migration 58/82
[DB] Running migration 59/82
[DB] Running migration 60/82
[DB] Running migration 61/82
[DB] Running migration 62/82
[DB] Running migration 63/82
[DB] Running migration 64/82
[DB] Running migration 65/82
[DB] Running migration 66/82
[DB] Running migration 67/82
[DB] Running migration 68/82
[DB] Running migration 69/82
[DB] Running migration 70/82
[DB] Running migration 71/82
[DB] Running migration 72/82
[DB] Running migration 73/82
[DB] Running migration 74/82
[DB] Running migration 75/82
[DB] Running migration 76/82
[DB] Running migration 77/82
[DB] Running migration 78/82
[DB] Running migration 79/82
[DB] Running migration 80/82
[DB] Running migration 81/82
[DB] Running migration 82/82
[DB] Migrations complete — schema version 82

stdout | tests/integration/notifications.test.ts
[DB] Schema already up-to-date, setting version to 19
[DB] Running migration 20/82
[DB] Running migration 21/82
[DB] Running migration 22/82
[DB] Migrated reservation data from places to day_assignments
[DB] Running migration 23/82
[DB] Running migration 24/82
[DB] Running migration 25/82
[DB] Running migration 26/82
[DB] Running migration 27/82
[DB] Running migration 28/82
[DB] Running migration 29/82
[DB] Running migration 30/82
[DB] Running migration 31/82
[DB] Running migration 32/82
[DB] Running migration 33/82
[DB] Running migration 34/82
[DB] Running migration 35/82
[DB] Running migration 36/82
[DB] Running migration 37/82
[DB] Running migration 38/82
[DB] Running migration 39/82
[DB] Running migration 40/82
[DB] Running migration 41/82
[DB] Running migration 42/82
[DB] Running migration 43/82
[DB] Running migration 44/82
[DB] Running migration 45/82
[DB] Running migration 46/82
[DB] Running migration 47/82
[DB] Running migration 48/82
[DB] Running migration 49/82
[DB] Running migration 50/82
[DB] Running migration 51/82
[DB] Running migration 52/82
[DB] Running migration 53/82
[DB] Running migration 54/82
[DB] Running migration 55/82
[DB] Running migration 56/82
[DB] Running migration 57/82
[DB] Running migration 58/82
[DB] Running migration 59/82
[DB] Running migration 60/82
[DB] Running migration 61/82
[DB] Running migration 62/82
[DB] Running migration 63/82
[DB] Running migration 64/82
[DB] Running migration 65/82
[DB] Running migration 66/82
[DB] Running migration 67/82
[DB] Running migration 68/82
[DB] Running migration 69/82
[DB] Running migration 70/82
[DB] Running migration 71/82
[DB] Running migration 72/82
[DB] Running migration 73/82
[DB] Running migration 74/82
[DB] Running migration 75/82
[DB] Running migration 76/82
[DB] Running migration 77/82
[DB] Running migration 78/82
[DB] Running migration 79/82
[DB] Running migration 80/82
[DB] Running migration 81/82
[DB] Running migration 82/82
[DB] Migrations complete — schema version 82

 × tests/integration/memories-synology.test.ts > Synology search and albums > SYNO-021 — POST /search when upstream throws propagates 500 10ms
   → expected 401 to be 500 // Object.is equality
 × tests/integration/memories-synology.test.ts > Synology search and albums > SYNO-022 — GET /albums returns album list 3ms
   → expected 401 to be 200 // Object.is equality
 × tests/integration/memories-synology.test.ts > Synology asset access > SYNO-030 — GET /assets/info returns metadata for own photo 4ms
   → expected 401 to be 200 // Object.is equality
 × tests/integration/memories-synology.test.ts > Synology asset access > SYNO-031 — GET /assets/info by non-owner of unshared photo returns 403 7ms
   → expected 401 to be 403 // Object.is equality
 × tests/integration/memories-synology.test.ts > Synology asset access > SYNO-032 — GET /assets/thumbnail streams image data for own photo 5ms
   → expected 401 to be 200 // Object.is equality
 × tests/integration/memories-synology.test.ts > Synology asset access > SYNO-033 — GET /assets/original streams image data for shared photo 5ms
   → expected 401 to be 200 // Object.is equality
 × tests/integration/memories-synology.test.ts > Synology asset access > SYNO-034 — GET /assets with invalid kind returns 400 5ms
   → expected 401 to be 400 // Object.is equality
 × tests/integration/memories-synology.test.ts > Synology asset access > SYNO-035 — GET /assets/info where trip does not exist returns 403 4ms
   → expected 401 to be 403 // Object.is equality
 × tests/integration/memories-synology.test.ts > Synology asset access > SYNO-036 — GET /assets/info when upstream throws propagates 500 5ms
   → expected 401 to be 500 // Object.is equality
 ✓ tests/integration/memories-synology.test.ts > Synology auth checks > SYNO-040 — GET /settings without auth returns 401 3ms
 ✓ tests/integration/memories-synology.test.ts > Synology auth checks > SYNO-040 — PUT /settings without auth returns 401 2ms
 ✓ tests/integration/memories-synology.test.ts > Synology auth checks > SYNO-040 — GET /status without auth returns 401 2ms
 ✓ tests/integration/memories-synology.test.ts > Synology auth checks > SYNO-040 — POST /test without auth returns 401 3ms
 ✓ tests/integration/memories-synology.test.ts > Synology auth checks > SYNO-040 — GET /albums without auth returns 401 2ms
 ✓ tests/integration/memories-synology.test.ts > Synology auth checks > SYNO-040 — POST /search without auth returns 401 3ms
 ✓ tests/integration/memories-synology.test.ts > Synology auth checks > SYNO-040 — GET /assets/info without auth returns 401 2ms
 ✓ tests/integration/memories-synology.test.ts > Synology auth checks > SYNO-040 — GET /assets/thumbnail without auth returns 401 1ms
 × tests/integration/collab.test.ts > Collab notes > COLLAB-001 — POST /collab/notes creates a note 60ms
   → expected 401 to be 201 // Object.is equality
 × tests/integration/collab.test.ts > Collab notes > COLLAB-001 — POST without title returns 400 4ms
   → expected 401 to be 400 // Object.is equality
 × tests/integration/collab.test.ts > Collab notes > COLLAB-001 — non-member cannot create collab note 8ms
   → expected 401 to be 404 // Object.is equality
 × tests/integration/files.test.ts > Upload file > FILE-001 — POST uploads a file and returns file metadata 32ms
   → expected 401 to be 201 // Object.is equality
 × tests/integration/files.test.ts > Upload file > FILE-002 — uploading a blocked extension (.svg) is rejected 5ms
   → expected 401 to be 400 // Object.is equality
 × tests/integration/files.test.ts > Upload file > FILE-021 — non-member cannot upload file 7ms
   → expected 401 to be 404 // Object.is equality
 × tests/integration/files.test.ts > List files > FILE-006 — GET returns all non-trashed files 11ms
   → expected 401 to be 200 // Object.is equality
 × tests/integration/files.test.ts > List files > FILE-007 — GET ?trash=true returns only trashed files 7ms
   → Cannot read properties of undefined (reading 'id')
 × tests/integration/files.test.ts > Star/unstar file > FILE-011 — PATCH /:id/star toggles starred status 5ms
   → Cannot read properties of undefined (reading 'id')
 × tests/integration/files.test.ts > Soft delete, restore, permanent delete > FILE-012 — DELETE moves file to trash 6ms
   → Cannot read properties of undefined (reading 'id')
 × tests/integration/atlas.test.ts > Atlas stats > ATLAS-001 — GET /api/atlas/stats returns stats object 31ms
   → expected 401 to be 200 // Object.is equality
 × tests/integration/atlas.test.ts > Atlas stats > ATLAS-002 — GET /api/atlas/country/:code returns places in country 7ms
   → expected 401 to be 200 // Object.is equality
 × tests/integration/atlas.test.ts > Mark/unmark country > ATLAS-003 — POST /country/:code/mark marks country as visited 9ms
   → expected 401 to be 200 // Object.is equality
 × tests/integration/atlas.test.ts > Mark/unmark country > ATLAS-004 — DELETE /country/:code/mark unmarks country 5ms
   → expected 401 to be 200 // Object.is equality
 × tests/integration/atlas.test.ts > Bucket list > ATLAS-005 — POST /bucket-list creates a bucket list item 8ms
   → expected 401 to be 201 // Object.is equality
 × tests/integration/atlas.test.ts > Bucket list > ATLAS-005 — POST without name returns 400 10ms
   → expected 401 to be 400 // Object.is equality
 × tests/integration/atlas.test.ts > Bucket list > ATLAS-006 — GET /bucket-list returns items 8ms
   → expected 401 to be 200 // Object.is equality
 × tests/integration/notifications.test.ts > Notification preferences > NOTIF-001 — GET /api/notifications/preferences returns defaults 30ms
   → expected 401 to be 200 // Object.is equality
 × tests/integration/notifications.test.ts > Notification preferences > NOTIF-001 — PUT /api/notifications/preferences updates settings 13ms
   → expected 401 to be 200 // Object.is equality
 ✓ tests/integration/notifications.test.ts > Notification preferences > NOTIF — GET preferences without auth returns 401 2ms
 × tests/integration/notifications.test.ts > In-app notifications > NOTIF-008 — GET /api/notifications/in-app returns notifications array 7ms
   → expected 401 to be 200 // Object.is equality
 × tests/integration/notifications.test.ts > In-app notifications > NOTIF-008 — GET /api/notifications/in-app/unread-count returns count 5ms
   → expected 401 to be 200 // Object.is equality
 × tests/integration/notifications.test.ts > In-app notifications > NOTIF-009 — PUT /api/notifications/in-app/read-all marks all read 4ms
   → expected 401 to be 200 // Object.is equality
 × tests/integration/notifications.test.ts > In-app notifications > NOTIF-010 — DELETE /api/notifications/in-app/all deletes all notifications 8ms
   → expected 401 to be 200 // Object.is equality
 × tests/integration/notifications.test.ts > In-app notifications > NOTIF-011 — PUT /api/notifications/in-app/:id/read on non-existent returns 404 3ms
   → expected 401 to be 404 // Object.is equality
 × tests/integration/notifications.test.ts > In-app notifications > NOTIF-012 — DELETE /api/notifications/in-app/:id on non-existent returns 404 4ms
   → expected 401 to be 404 // Object.is equality
 × tests/integration/files.test.ts > Soft delete, restore, permanent delete > FILE-013 — POST /:id/restore restores from trash 6ms
   → Cannot read properties of undefined (reading 'id')
 × tests/integration/files.test.ts > Soft delete, restore, permanent delete > FILE-014 — DELETE /:id/permanent permanently deletes from trash 5ms
   → Cannot read properties of undefined (reading 'id')
 × tests/integration/files.test.ts > Soft delete, restore, permanent delete > FILE-015 — DELETE /:id/permanent on non-trashed file returns 404 7ms
   → Cannot read properties of undefined (reading 'id')
 × tests/integration/files.test.ts > Soft delete, restore, permanent delete > FILE-016 — DELETE /trash/empty empties all trash 8ms
   → Cannot read properties of undefined (reading 'id')
 × tests/integration/files.test.ts > Update file metadata > FILE-017 — PUT updates description 3ms
   → Cannot read properties of undefined (reading 'id')
 × tests/integration/files.test.ts > File links > FILE-018/019/020 — link file to reservation, list links, unlink 6ms
   → Cannot read properties of undefined (reading 'id')
 × tests/integration/files.test.ts > File download > FILE-010 — GET /:id/download without auth returns 401 4ms
   → Cannot read properties of undefined (reading 'id')
 × tests/integration/files.test.ts > File download > FILE-008 — GET /:id/download with Bearer JWT downloads or 404s (no physical file in tests) 5ms
   → Cannot read properties of undefined (reading 'id')
 × tests/integration/days.test.ts > Create day > DAY-006 — POST /api/trips/:tripId/days creates a standalone day with no date 15ms
   → expected 401 to be 201 // Object.is equality
 × tests/integration/days.test.ts > Create day > DAY-006 — POST /api/trips/:tripId/days creates a day with a date 6ms
   → expected 401 to be 201 // Object.is equality
 × tests/integration/days.test.ts > Create day > DAY-006 — Non-member cannot create a day (404) 5ms
   → expected 401 to be 404 // Object.is equality
 × tests/integration/days.test.ts > Update day > DAY-003 — PUT /api/trips/:tripId/days/:dayId updates the day title 6ms
   → expected 401 to be 200 // Object.is equality
 × tests/integration/days.test.ts > Update day > DAY-004 — PUT /api/trips/:tripId/days/:dayId updates the day notes 5ms
   → expected 401 to be 200 // Object.is equality
 × tests/integration/days.test.ts > Update day > DAY-003 — PUT returns 404 for a day that does not belong to the trip 4ms
   → expected 401 to be 404 // Object.is equality
 × tests/integration/days.test.ts > Update day > DAY-003 — Non-member cannot update a day (404) 7ms
   → expected 401 to be 404 // Object.is equality
 × tests/integration/days.test.ts > Reorder days > DAY-005 — Reorder: GET days returns them in day_number order 6ms
   → expected 401 to be 200 // Object.is equality
 × tests/integration/days.test.ts > Delete day > DELETE /api/trips/:tripId/days/:dayId removes the day 5ms
   → expected 401 to be 200 // Object.is equality
 × tests/integration/days.test.ts > Delete day > DELETE /api/trips/:tripId/days/:dayId returns 404 for unknown day 3ms
   → expected 401 to be 404 // Object.is equality
 × tests/integration/days.test.ts > Accommodations > ACCOM-001 — POST /api/trips/:tripId/accommodations creates an accommodation 7ms
   → expected 401 to be 201 // Object.is equality
 × tests/integration/days.test.ts > Accommodations > ACCOM-001 — POST missing required fields returns 400 4ms
   → expected 401 to be 400 // Object.is equality
 × tests/integration/days.test.ts > Accommodations > ACCOM-001 — POST with invalid place_id returns 404 5ms
   → expected 401 to be 404 // Object.is equality
 × tests/integration/days.test.ts > Accommodations > ACCOM-002 — GET /api/trips/:tripId/accommodations returns accommodations for the trip 6ms
   → expected 401 to be 200 // Object.is equality
 × tests/integration/days.test.ts > Accommodations > ACCOM-002 — Non-member cannot get accommodations (404) 5ms
   → expected 401 to be 404 // Object.is equality
 × tests/integration/days.test.ts > Accommodations > ACCOM-003 — DELETE /api/trips/:tripId/accommodations/:id removes accommodation 4ms
   → expected 401 to be 201 // Object.is equality
 × tests/integration/days.test.ts > Accommodations > ACCOM-003 — DELETE non-existent accommodation returns 404 2ms
   → expected 401 to be 404 // Object.is equality
 × tests/integration/days.test.ts > Accommodations > ACCOM-001 — Creating accommodation also creates a linked reservation 5ms
   → expected 401 to be 201 // Object.is equality
 × tests/integration/days.test.ts > Accommodations > ACCOM-003 — Deleting accommodation also removes the linked reservation 4ms
   → Cannot read properties of undefined (reading 'id')
 × tests/integration/collab.test.ts > Collab notes > COLLAB-002 — GET /collab/notes returns all notes 15ms
   → expected 401 to be 200 // Object.is equality
 × tests/integration/collab.test.ts > Collab notes > COLLAB-003 — PUT /collab/notes/:id updates a note 4ms
   → Cannot read properties of undefined (reading 'id')
 × tests/integration/collab.test.ts > Collab notes > COLLAB-003 — PUT non-existent note returns 404 3ms
   → expected 401 to be 404 // Object.is equality
 × tests/integration/collab.test.ts > Collab notes > COLLAB-004 — DELETE /collab/notes/:id removes note 3ms
   → Cannot read properties of undefined (reading 'id')
 × tests/integration/collab.test.ts > Collab notes > COLLAB-005 — POST /collab/notes/:id/files uploads a file to a note 4ms
   → Cannot read properties of undefined (reading 'id')
 × tests/integration/collab.test.ts > Collab notes > COLLAB-006 — uploading blocked extension to note is rejected 2ms
   → Cannot read properties of undefined (reading 'id')
 × tests/integration/collab.test.ts > Collab notes > COLLAB-007 — DELETE /collab/notes/:noteId/files/:fileId removes file from note 3ms
   → Cannot read properties of undefined (reading 'id')
 × tests/integration/collab.test.ts > Collab notes > COLLAB-028 — uploaded note file URL uses authenticated download path, not /uploads/ 3ms
   → Cannot read properties of undefined (reading 'id')
 × tests/integration/collab.test.ts > Collab notes > COLLAB-029 — note attachments in listing use authenticated download URLs 8ms
   → Cannot read properties of undefined (reading 'id')
 × tests/integration/collab.test.ts > Collab notes > COLLAB-030 — note file is downloadable via files endpoint with ephemeral token 4ms
   → Cannot read properties of undefined (reading 'id')
 × tests/integration/collab.test.ts > Collab notes > COLLAB-031 — note file download without auth returns 401 5ms
   → Cannot read properties of undefined (reading 'id')
 × tests/integration/collab.test.ts > Polls > COLLAB-008 — POST /collab/polls creates a poll 5ms
   → expected 401 to be 201 // Object.is equality
 × tests/integration/collab.test.ts > Polls > COLLAB-008 — POST without question returns 400 4ms
   → expected 401 to be 400 // Object.is equality
 × tests/integration/collab.test.ts > Polls > COLLAB-009 — GET /collab/polls returns polls 6ms
   → expected 401 to be 200 // Object.is equality
 × tests/integration/collab.test.ts > Polls > COLLAB-010 — POST /collab/polls/:id/vote casts a vote 4ms
   → Cannot read properties of undefined (reading 'id')
 × tests/integration/collab.test.ts > Polls > COLLAB-011 — PUT /collab/polls/:id/close closes a poll 5ms
   → Cannot read properties of undefined (reading 'id')
 × tests/integration/collab.test.ts > Polls > COLLAB-012 — cannot vote on closed poll 3ms
   → Cannot read properties of undefined (reading 'id')
 × tests/integration/collab.test.ts > Polls > COLLAB-013 — DELETE /collab/polls/:id removes poll 5ms
   → Cannot read properties of undefined (reading 'id')
 × tests/integration/collab.test.ts > Messages > COLLAB-014 — POST /collab/messages sends a message 4ms
   → expected 401 to be 201 // Object.is equality
 × tests/integration/collab.test.ts > Messages > COLLAB-014 — POST without text returns 400 8ms
   → expected 401 to be 400 // Object.is equality
 × tests/integration/collab.test.ts > Messages > COLLAB-014 — non-member cannot send message 5ms
   → expected 401 to be 404 // Object.is equality
 × tests/integration/collab.test.ts > Messages > COLLAB-015 — GET /collab/messages returns messages in order 7ms
   → expected 401 to be 200 // Object.is equality
 × tests/integration/collab.test.ts > Messages > COLLAB-016 — POST /collab/messages with reply_to links reply 5ms
   → Cannot read properties of undefined (reading 'id')
 × tests/integration/collab.test.ts > Messages > COLLAB-017 — DELETE /collab/messages/:id removes own message 8ms
   → Cannot read properties of undefined (reading 'id')
 × tests/integration/collab.test.ts > Messages > COLLAB-017 — cannot delete another user's message 5ms
   → Cannot read properties of undefined (reading 'id')
 × tests/integration/collab.test.ts > Message reactions > COLLAB-018 — POST /collab/messages/:id/react adds a reaction 5ms
   → Cannot read properties of undefined (reading 'id')
 × tests/integration/collab.test.ts > Message reactions > COLLAB-018 — POST react without emoji returns 400 4ms
   → Cannot read properties of undefined (reading 'id')
 × tests/integration/collab.test.ts > Collab validation > COLLAB-018 — message text exceeding 5000 chars is rejected 3ms
   → expected 401 to be 400 // Object.is equality
 × tests/integration/atlas.test.ts > Bucket list > ATLAS-007 — PUT /bucket-list/:id updates item 3ms
   → Cannot read properties of undefined (reading 'id')
 × tests/integration/atlas.test.ts > Bucket list > ATLAS-008 — DELETE /bucket-list/:id removes item 3ms
   → Cannot read properties of undefined (reading 'id')
 × tests/integration/atlas.test.ts > Bucket list > ATLAS-008 — DELETE non-existent item returns 404 3ms
   → expected 401 to be 404 // Object.is equality
 × tests/integration/atlas.test.ts > Mark/unmark region > ATLAS-009 — POST /region/:code/mark marks a region as visited 5ms
   → expected 401 to be 200 // Object.is equality
 × tests/integration/atlas.test.ts > Mark/unmark region > ATLAS-009 — POST /region/:code/mark without name returns 400 5ms
   → expected 401 to be 400 // Object.is equality
 × tests/integration/atlas.test.ts > Mark/unmark region > ATLAS-009 — POST /region/:code/mark without country_code returns 400 4ms
   → expected 401 to be 400 // Object.is equality
 × tests/integration/atlas.test.ts > Mark/unmark region > ATLAS-009 — marking a region also auto-marks the parent country 4ms
   → Cannot read properties of undefined (reading 'map')
 × tests/integration/atlas.test.ts > Mark/unmark region > ATLAS-009 — marking the same region twice is idempotent 10ms
   → expected 401 to be 200 // Object.is equality
 × tests/integration/atlas.test.ts > Mark/unmark region > ATLAS-010 — GET /regions returns marked regions grouped by country 8ms
   → expected 401 to be 200 // Object.is equality
 × tests/integration/atlas.test.ts > Mark/unmark region > ATLAS-011 — DELETE /region/:code/mark unmarks a region 6ms
   → expected 401 to be 200 // Object.is equality
 × tests/integration/atlas.test.ts > Mark/unmark region > ATLAS-011 — unmark last region in country also unmarks the parent country 10ms
   → Cannot read properties of undefined (reading 'map')
 × tests/integration/atlas.test.ts > Mark/unmark region > ATLAS-011 — unmark one region keeps country when another region remains 11ms
   → Cannot read properties of undefined (reading 'map')
 × tests/integration/atlas.test.ts > Mark/unmark region > ATLAS-011 — regions are isolated between users 9ms
   → expected 401 to be 200 // Object.is equality
 × tests/integration/notifications.test.ts > GET /api/notifications/preferences — matrix format > NROUTE-002 — returns preferences, available_channels, event_types, implemented_combos 3ms
   → expected 401 to be 200 // Object.is equality
 × tests/integration/notifications.test.ts > GET /api/notifications/preferences — matrix format > NROUTE-003 — regular user does not see version_available in event_types 5ms
   → expected 401 to be 200 // Object.is equality
 × tests/integration/notifications.test.ts > GET /api/notifications/preferences — matrix format > NROUTE-004 — user preferences endpoint excludes version_available even for admins 3ms
   → expected 401 to be 200 // Object.is equality
 × tests/integration/notifications.test.ts > GET /api/notifications/preferences — matrix format > NROUTE-004b — admin notification preferences endpoint returns version_available 5ms
   → expected 401 to be 200 // Object.is equality
 × tests/integration/notifications.test.ts > GET /api/notifications/preferences — matrix format > NROUTE-005 — all preferences default to true for new user with no stored prefs 6ms
   → expected 401 to be 200 // Object.is equality
 × tests/integration/notifications.test.ts > PUT /api/notifications/preferences — matrix format > NROUTE-007 — disabling a preference persists and is reflected in subsequent GET 4ms
   → expected 401 to be 200 // Object.is equality
 × tests/integration/notifications.test.ts > PUT /api/notifications/preferences — matrix format > NROUTE-008 — re-enabling a preference restores default state 6ms
   → expected 401 to be 200 // Object.is equality
 × tests/integration/notifications.test.ts > PUT /api/notifications/preferences — matrix format > NROUTE-009 — partial update does not affect other preferences 6ms
   → Cannot read properties of undefined (reading 'booking_change')
 × tests/integration/notifications.test.ts > implemented_combos — in-app channel coverage > NROUTE-010 — implemented_combos includes inapp for all event types 3ms
   → expected 401 to be 200 // Object.is equality
 × tests/integration/notifications.test.ts > Notification test endpoints > NOTIF-005 — POST /api/notifications/test-smtp requires admin 13ms
   → expected 401 to be 403 // Object.is equality
 × tests/integration/notifications.test.ts > Notification test endpoints > NOTIF-006 — POST /api/notifications/test-webhook returns 400 when url is missing 3ms
   → expected 401 to be 400 // Object.is equality
 × tests/integration/notifications.test.ts > Notification test endpoints > NOTIF-006b — POST /api/notifications/test-webhook returns 400 for invalid URL 4ms
   → expected 401 to be 400 // Object.is equality
 × tests/integration/notifications.test.ts > POST /api/notifications/in-app/:id/respond > NROUTE-011 — valid positive response returns success and updated notification 3ms
   → expected 401 to be 200 // Object.is equality
 × tests/integration/notifications.test.ts > POST /api/notifications/in-app/:id/respond > NROUTE-012 — invalid response value returns 400 4ms
   → expected 401 to be 400 // Object.is equality
 × tests/integration/notifications.test.ts > POST /api/notifications/in-app/:id/respond > NROUTE-013 — response on non-existent notification returns 400 5ms
   → expected 401 to be 400 // Object.is equality
 × tests/integration/notifications.test.ts > POST /api/notifications/in-app/:id/respond > NROUTE-014 — double response returns 400 35ms
   → expected 401 to be 400 // Object.is equality
 × tests/integration/notifications.test.ts > PUT /api/admin/notification-preferences > NROUTE-015 — admin can disable email for version_available, persists in GET 7ms
   → expected 401 to be 200 // Object.is equality
 × tests/integration/notifications.test.ts > PUT /api/admin/notification-preferences > NROUTE-016 — non-admin is rejected with 403 4ms
   → expected 401 to be 403 // Object.is equality
 × tests/integration/notifications.test.ts > In-app notifications — CRUD with data > NROUTE-017 — GET /in-app returns created notifications 4ms
   → expected 401 to be 200 // Object.is equality
 × tests/integration/notifications.test.ts > In-app notifications — CRUD with data > NROUTE-018 — unread count reflects actual unread notifications 3ms
   → expected 401 to be 200 // Object.is equality
 × tests/integration/notifications.test.ts > In-app notifications — CRUD with data > NROUTE-019 — mark-read on existing notification succeeds and decrements unread count 4ms
   → expected 401 to be 200 // Object.is equality
 × tests/integration/notifications.test.ts > In-app notifications — CRUD with data > NROUTE-020 — mark-unread on a read notification succeeds 3ms
   → expected 401 to be 200 // Object.is equality
 × tests/integration/notifications.test.ts > In-app notifications — CRUD with data > NROUTE-021 — DELETE on existing notification removes it 4ms
   → expected 401 to be 200 // Object.is equality
 × tests/integration/notifications.test.ts > In-app notifications — CRUD with data > NROUTE-022 — unread_only=true filter returns only unread notifications 3ms
   → expected 401 to be 200 // Object.is equality
stdout | tests/unit/mcp/resources.test.ts
[DB] Schema already up-to-date, setting version to 19
[DB] Running migration 20/82
[DB] Running migration 21/82
[DB] Running migration 22/82
[DB] Migrated reservation data from places to day_assignments
[DB] Running migration 23/82
[DB] Running migration 24/82
[DB] Running migration 25/82
[DB] Running migration 26/82
[DB] Running migration 27/82
[DB] Running migration 28/82
[DB] Running migration 29/82
[DB] Running migration 30/82
[DB] Running migration 31/82
[DB] Running migration 32/82
[DB] Running migration 33/82
[DB] Running migration 34/82
[DB] Running migration 35/82
[DB] Running migration 36/82
[DB] Running migration 37/82
[DB] Running migration 38/82
[DB] Running migration 39/82
[DB] Running migration 40/82
[DB] Running migration 41/82
[DB] Running migration 42/82
[DB] Running migration 43/82
[DB] Running migration 44/82
[DB] Running migration 45/82
[DB] Running migration 46/82
[DB] Running migration 47/82
[DB] Running migration 48/82
[DB] Running migration 49/82
[DB] Running migration 50/82
[DB] Running migration 51/82
[DB] Running migration 52/82
[DB] Running migration 53/82
[DB] Running migration 54/82
[DB] Running migration 55/82
[DB] Running migration 56/82
[DB] Running migration 57/82
[DB] Running migration 58/82
[DB] Running migration 59/82
[DB] Running migration 60/82
[DB] Running migration 61/82
[DB] Running migration 62/82
[DB] Running migration 63/82
[DB] Running migration 64/82
[DB] Running migration 65/82
[DB] Running migration 66/82
[DB] Running migration 67/82
[DB] Running migration 68/82
[DB] Running migration 69/82
[DB] Running migration 70/82
[DB] Running migration 71/82
[DB] Running migration 72/82
[DB] Running migration 73/82
[DB] Running migration 74/82
[DB] Running migration 75/82
[DB] Running migration 76/82
[DB] Running migration 77/82
[DB] Running migration 78/82
[DB] Running migration 79/82
[DB] Running migration 80/82
[DB] Running migration 81/82
[DB] Running migration 82/82
[DB] Migrations complete — schema version 82

 × tests/unit/mcp/resources.test.ts > Resource: trek://trips > returns all trips the user owns or is a member of 45ms
   → MCP error -32602: MCP error -32602: Resource trek://trips not found
 × tests/unit/mcp/resources.test.ts > Resource: trek://trips > excludes archived trips 3ms
   → MCP error -32602: MCP error -32602: Resource trek://trips not found
 × tests/unit/mcp/resources.test.ts > Resource: trek://trips > returns empty array when user has no trips 3ms
   → MCP error -32602: MCP error -32602: Resource trek://trips not found
 × tests/unit/mcp/resources.test.ts > Resource: trek://trips/{tripId} > returns trip data for an accessible trip 5ms
   → MCP error -32602: MCP error -32602: Resource trek://trips/6 not found
 × tests/unit/mcp/resources.test.ts > Resource: trek://trips/{tripId} > returns access denied for inaccessible trip 7ms
   → MCP error -32602: MCP error -32602: Resource trek://trips/7 not found
 × tests/unit/mcp/resources.test.ts > Resource: trek://trips/{tripId} > returns access denied for non-existent ID 2ms
   → MCP error -32602: MCP error -32602: Resource trek://trips/99999 not found
stdout | tests/integration/memories-immich.test.ts
[DB] Schema already up-to-date, setting version to 19
[DB] Running migration 20/82
[DB] Running migration 21/82
[DB] Running migration 22/82
[DB] Migrated reservation data from places to day_assignments
[DB] Running migration 23/82
[DB] Running migration 24/82
[DB] Running migration 25/82
[DB] Running migration 26/82
[DB] Running migration 27/82
[DB] Running migration 28/82
[DB] Running migration 29/82
[DB] Running migration 30/82
[DB] Running migration 31/82
[DB] Running migration 32/82
[DB] Running migration 33/82
[DB] Running migration 34/82
[DB] Running migration 35/82
[DB] Running migration 36/82
[DB] Running migration 37/82
[DB] Running migration 38/82
[DB] Running migration 39/82
[DB] Running migration 40/82
[DB] Running migration 41/82
[DB] Running migration 42/82
[DB] Running migration 43/82
[DB] Running migration 44/82
[DB] Running migration 45/82
[DB] Running migration 46/82
[DB] Running migration 47/82
[DB] Running migration 48/82
[DB] Running migration 49/82
[DB] Running migration 50/82
[DB] Running migration 51/82
[DB] Running migration 52/82
[DB] Running migration 53/82
[DB] Running migration 54/82
[DB] Running migration 55/82
[DB] Running migration 56/82
[DB] Running migration 57/82
[DB] Running migration 58/82
[DB] Running migration 59/82
[DB] Running migration 60/82
[DB] Running migration 61/82
[DB] Running migration 62/82
[DB] Running migration 63/82
[DB] Running migration 64/82
[DB] Running migration 65/82
[DB] Running migration 66/82
[DB] Running migration 67/82
[DB] Running migration 68/82
[DB] Running migration 69/82
[DB] Running migration 70/82
[DB] Running migration 71/82
[DB] Running migration 72/82
[DB] Running migration 73/82
[DB] Running migration 74/82
[DB] Running migration 75/82
[DB] Running migration 76/82
[DB] Running migration 77/82
[DB] Running migration 78/82
[DB] Running migration 79/82
[DB] Running migration 80/82
[DB] Running migration 81/82
[DB] Running migration 82/82
[DB] Migrations complete — schema version 82

stdout | tests/integration/health.test.ts
[DB] Schema already up-to-date, setting version to 19
[DB] Running migration 20/82
[DB] Running migration 21/82
[DB] Running migration 22/82
[DB] Migrated reservation data from places to day_assignments
[DB] Running migration 23/82
[DB] Running migration 24/82
[DB] Running migration 25/82
[DB] Running migration 26/82
[DB] Running migration 27/82
[DB] Running migration 28/82
[DB] Running migration 29/82
[DB] Running migration 30/82
[DB] Running migration 31/82
[DB] Running migration 32/82
[DB] Running migration 33/82
[DB] Running migration 34/82
[DB] Running migration 35/82
[DB] Running migration 36/82
[DB] Running migration 37/82
[DB] Running migration 38/82
[DB] Running migration 39/82
[DB] Running migration 40/82
[DB] Running migration 41/82
[DB] Running migration 42/82
[DB] Running migration 43/82
[DB] Running migration 44/82
[DB] Running migration 45/82
[DB] Running migration 46/82
[DB] Running migration 47/82
[DB] Running migration 48/82
[DB] Running migration 49/82
[DB] Running migration 50/82
[DB] Running migration 51/82
[DB] Running migration 52/82
[DB] Running migration 53/82
[DB] Running migration 54/82
[DB] Running migration 55/82
[DB] Running migration 56/82
[DB] Running migration 57/82
[DB] Running migration 58/82
[DB] Running migration 59/82
[DB] Running migration 60/82
[DB] Running migration 61/82
[DB] Running migration 62/82
[DB] Running migration 63/82
[DB] Running migration 64/82
[DB] Running migration 65/82
[DB] Running migration 66/82
[DB] Running migration 67/82
[DB] Running migration 68/82
[DB] Running migration 69/82
[DB] Running migration 70/82
[DB] Running migration 71/82
[DB] Running migration 72/82
[DB] Running migration 73/82
[DB] Running migration 74/82
[DB] Running migration 75/82
[DB] Running migration 76/82
[DB] Running migration 77/82
[DB] Running migration 78/82
[DB] Running migration 79/82
[DB] Running migration 80/82
[DB] Running migration 81/82
[DB] Running migration 82/82
[DB] Migrations complete — schema version 82

 × tests/integration/memories-immich.test.ts > Immich connection status > IMMICH-030 — GET /status when not configured returns { connected: false } 38ms
   → expected 401 to be 200 // Object.is equality
 × tests/integration/memories-immich.test.ts > Immich connection status > IMMICH-031 — GET /status when configured returns connected + user info 9ms
   → expected 401 to be 200 // Object.is equality
stdout | tests/integration/admin.test.ts
[DB] Schema already up-to-date, setting version to 19
[DB] Running migration 20/82
[DB] Running migration 21/82
[DB] Running migration 22/82
[DB] Migrated reservation data from places to day_assignments
[DB] Running migration 23/82
[DB] Running migration 24/82
[DB] Running migration 25/82
[DB] Running migration 26/82
[DB] Running migration 27/82
[DB] Running migration 28/82
[DB] Running migration 29/82
[DB] Running migration 30/82
[DB] Running migration 31/82
[DB] Running migration 32/82
[DB] Running migration 33/82
[DB] Running migration 34/82
[DB] Running migration 35/82
[DB] Running migration 36/82
[DB] Running migration 37/82
[DB] Running migration 38/82
[DB] Running migration 39/82
[DB] Running migration 40/82
[DB] Running migration 41/82
[DB] Running migration 42/82
[DB] Running migration 43/82
[DB] Running migration 44/82
[DB] Running migration 45/82
[DB] Running migration 46/82
[DB] Running migration 47/82
[DB] Running migration 48/82
[DB] Running migration 49/82
[DB] Running migration 50/82
[DB] Running migration 51/82
[DB] Running migration 52/82
[DB] Running migration 53/82
[DB] Running migration 54/82
[DB] Running migration 55/82
[DB] Running migration 56/82
[DB] Running migration 57/82
[DB] Running migration 58/82
[DB] Running migration 59/82
[DB] Running migration 60/82
[DB] Running migration 61/82
[DB] Running migration 62/82
[DB] Running migration 63/82
[DB] Running migration 64/82
[DB] Running migration 65/82
[DB] Running migration 66/82
[DB] Running migration 67/82
[DB] Running migration 68/82
[DB] Running migration 69/82
[DB] Running migration 70/82
[DB] Running migration 71/82
[DB] Running migration 72/82
[DB] Running migration 73/82
[DB] Running migration 74/82
[DB] Running migration 75/82
[DB] Running migration 76/82
[DB] Running migration 77/82
[DB] Running migration 78/82
[DB] Running migration 79/82
[DB] Running migration 80/82
[DB] Running migration 81/82
[DB] Running migration 82/82
[DB] Migrations complete — schema version 82

 × tests/unit/mcp/resources.test.ts > Resource: trek://trips/{tripId}/days > returns days with assignments in order 15ms
   → MCP error -32602: MCP error -32602: Resource trek://trips/8/days not found
 × tests/unit/mcp/resources.test.ts > Resource: trek://trips/{tripId}/days > returns access denied for unauthorized trip 34ms
   → MCP error -32602: MCP error -32602: Resource trek://trips/9/days not found
 × tests/unit/mcp/resources.test.ts > Resource: trek://trips/{tripId}/places > returns all places for a trip 10ms
   → MCP error -32602: MCP error -32602: Resource trek://trips/10/places not found
 × tests/unit/mcp/resources.test.ts > Resource: trek://trips/{tripId}/places > returns access denied for unauthorized trip 8ms
   → MCP error -32602: MCP error -32602: Resource trek://trips/11/places not found
 × tests/unit/mcp/resources.test.ts > Resource: trek://trips/{tripId}/budget > returns budget items for a trip 3ms
   → MCP error -32602: MCP error -32602: Resource trek://trips/12/budget not found
 × tests/unit/mcp/resources.test.ts > Resource: trek://trips/{tripId}/budget > returns access denied for unauthorized trip 6ms
   → MCP error -32602: MCP error -32602: Resource trek://trips/13/budget not found
 × tests/unit/mcp/resources.test.ts > Resource: trek://trips/{tripId}/packing > returns packing items for a trip 3ms
   → MCP error -32602: MCP error -32602: Resource trek://trips/14/packing not found
 × tests/unit/mcp/resources.test.ts > Resource: trek://trips/{tripId}/packing > returns access denied for unauthorized trip 4ms
   → MCP error -32602: MCP error -32602: Resource trek://trips/15/packing not found
 × tests/unit/mcp/resources.test.ts > Resource: trek://trips/{tripId}/reservations > returns reservations for a trip 3ms
   → MCP error -32602: MCP error -32602: Resource trek://trips/16/reservations not found
 × tests/unit/mcp/resources.test.ts > Resource: trek://trips/{tripId}/reservations > returns access denied for unauthorized trip 6ms
   → MCP error -32602: MCP error -32602: Resource trek://trips/17/reservations not found
 × tests/unit/mcp/resources.test.ts > Resource: trek://trips/{tripId}/days/{dayId}/notes > returns notes for a specific day 5ms
   → MCP error -32602: MCP error -32602: Resource trek://trips/18/days/3/notes not found
 × tests/unit/mcp/resources.test.ts > Resource: trek://trips/{tripId}/days/{dayId}/notes > returns access denied for unauthorized trip 12ms
   → MCP error -32602: MCP error -32602: Resource trek://trips/19/days/4/notes not found
 × tests/unit/mcp/resources.test.ts > Resource: trek://trips/{tripId}/days/{dayId}/notes > returns access denied for invalid dayId 4ms
   → MCP error -32602: MCP error -32602: Resource trek://trips/20/days/abc/notes not found
 × tests/unit/mcp/resources.test.ts > Resource: trek://trips/{tripId}/accommodations > returns accommodations for a trip 8ms
   → MCP error -32602: MCP error -32602: Resource trek://trips/21/accommodations not found
 × tests/unit/mcp/resources.test.ts > Resource: trek://trips/{tripId}/accommodations > returns access denied for unauthorized trip 15ms
   → MCP error -32602: MCP error -32602: Resource trek://trips/22/accommodations not found
 × tests/unit/mcp/resources.test.ts > Resource: trek://trips/{tripId}/members > returns owner and collaborators 7ms
   → MCP error -32602: MCP error -32602: Resource trek://trips/23/members not found
 × tests/unit/mcp/resources.test.ts > Resource: trek://trips/{tripId}/members > returns access denied for unauthorized trip 5ms
   → MCP error -32602: MCP error -32602: Resource trek://trips/24/members not found
 × tests/unit/mcp/resources.test.ts > Resource: trek://trips/{tripId}/collab-notes > returns collab notes with username 3ms
   → MCP error -32602: MCP error -32602: Resource trek://trips/25/collab-notes not found
 × tests/unit/mcp/resources.test.ts > Resource: trek://trips/{tripId}/collab-notes > returns access denied for unauthorized trip 3ms
   → MCP error -32602: MCP error -32602: Resource trek://trips/26/collab-notes not found
 × tests/unit/mcp/resources.test.ts > Resource: trek://categories > returns all categories 2ms
   → MCP error -32602: MCP error -32602: Resource trek://categories not found
 × tests/unit/mcp/resources.test.ts > Resource: trek://bucket-list > returns only the current user's bucket list items 5ms
   → MCP error -32602: MCP error -32602: Resource trek://bucket-list not found
 × tests/unit/mcp/resources.test.ts > Resource: trek://bucket-list > returns empty array for user with no items 2ms
   → MCP error -32602: MCP error -32602: Resource trek://bucket-list not found
 × tests/unit/mcp/resources.test.ts > Resource: trek://visited-countries > returns only the current user's visited countries 5ms
   → MCP error -32602: MCP error -32602: Resource trek://visited-countries not found
 × tests/unit/mcp/resources.test.ts > Resource: trek://visited-countries > returns empty array for user with no visited countries 2ms
   → MCP error -32602: MCP error -32602: Resource trek://visited-countries not found
stdout | tests/integration/memories-unified.test.ts
[DB] Schema already up-to-date, setting version to 19
[DB] Running migration 20/82
[DB] Running migration 21/82
[DB] Running migration 22/82
[DB] Migrated reservation data from places to day_assignments
[DB] Running migration 23/82
[DB] Running migration 24/82
[DB] Running migration 25/82
[DB] Running migration 26/82
[DB] Running migration 27/82
[DB] Running migration 28/82
[DB] Running migration 29/82
[DB] Running migration 30/82
[DB] Running migration 31/82
[DB] Running migration 32/82
[DB] Running migration 33/82
[DB] Running migration 34/82
[DB] Running migration 35/82
[DB] Running migration 36/82
[DB] Running migration 37/82
[DB] Running migration 38/82
[DB] Running migration 39/82
[DB] Running migration 40/82
[DB] Running migration 41/82
[DB] Running migration 42/82
[DB] Running migration 43/82
[DB] Running migration 44/82
[DB] Running migration 45/82
[DB] Running migration 46/82
[DB] Running migration 47/82
[DB] Running migration 48/82
[DB] Running migration 49/82
[DB] Running migration 50/82
[DB] Running migration 51/82
[DB] Running migration 52/82
[DB] Running migration 53/82
[DB] Running migration 54/82
[DB] Running migration 55/82
[DB] Running migration 56/82
[DB] Running migration 57/82
[DB] Running migration 58/82
[DB] Running migration 59/82
[DB] Running migration 60/82
[DB] Running migration 61/82
[DB] Running migration 62/82
[DB] Running migration 63/82
[DB] Running migration 64/82
[DB] Running migration 65/82
[DB] Running migration 66/82
[DB] Running migration 67/82
[DB] Running migration 68/82
[DB] Running migration 69/82
[DB] Running migration 70/82
[DB] Running migration 71/82
[DB] Running migration 72/82
[DB] Running migration 73/82
[DB] Running migration 74/82
[DB] Running migration 75/82
[DB] Running migration 76/82
[DB] Running migration 77/82
[DB] Running migration 78/82
[DB] Running migration 79/82
[DB] Running migration 80/82
[DB] Running migration 81/82
[DB] Running migration 82/82
[DB] Migrations complete — schema version 82

stdout | tests/integration/health.test.ts > Basic auth > AUTH-001 — POST /api/auth/login with valid credentials returns 200 + cookie
[34m[INFO][0m 2026-04-20T17:52:30 user1@test.example.com logged in ip=::ffff:127.0.0.1

 ✓ tests/integration/health.test.ts > Health check > MISC-001 — GET /api/health returns 200 with status ok 32ms
 ✓ tests/integration/health.test.ts > Basic auth > AUTH-014 — GET /api/auth/me without session returns 401 2ms
 × tests/integration/health.test.ts > Basic auth > AUTH-001 — POST /api/auth/login with valid credentials returns 200 + cookie 40ms
   → expected false to be true // Object.is equality
 × tests/integration/health.test.ts > Basic auth > AUTH-014 — authenticated GET /api/auth/me returns user object 4ms
   → expected 401 to be 200 // Object.is equality
 × tests/integration/admin.test.ts > Admin access control > ADMIN-022 — non-admin cannot access admin routes 34ms
   → expected 401 to be 403 // Object.is equality
 ✓ tests/integration/admin.test.ts > Admin access control > ADMIN-022 — unauthenticated request returns 401 5ms
 × tests/integration/admin.test.ts > Admin user management > ADMIN-001 — GET /admin/users lists all users 7ms
   → expected 401 to be 200 // Object.is equality
 × tests/integration/admin.test.ts > Admin user management > ADMIN-002 — POST /admin/users creates a user 8ms
   → expected 401 to be 201 // Object.is equality
 × tests/integration/admin.test.ts > Admin user management > ADMIN-003 — POST /admin/users with duplicate email returns 409 9ms
   → expected 401 to be 409 // Object.is equality
 × tests/integration/admin.test.ts > Admin user management > ADMIN-004 — PUT /admin/users/:id updates user 4ms
   → expected 401 to be 200 // Object.is equality
 × tests/integration/admin.test.ts > Admin user management > ADMIN-005 — DELETE /admin/users/:id removes user 5ms
   → expected 401 to be 200 // Object.is equality
 × tests/integration/memories-immich.test.ts > Immich test connection > IMMICH-032 — POST /test with missing fields returns { connected: false } 16ms
   → expected 401 to be 200 // Object.is equality
 × tests/integration/memories-immich.test.ts > Immich test connection > IMMICH-033 — POST /test with valid credentials returns { connected: true } 7ms
   → expected 401 to be 200 // Object.is equality
 × tests/integration/memories-immich.test.ts > Immich browse and search > IMMICH-040 — GET /browse when not configured returns 400 6ms
   → expected 401 to be 400 // Object.is equality
 × tests/integration/memories-immich.test.ts > Immich browse and search > IMMICH-041 — GET /browse returns timeline buckets 5ms
   → expected 401 to be 200 // Object.is equality
 × tests/integration/memories-immich.test.ts > Immich browse and search > IMMICH-042 — POST /search returns mapped assets 10ms
   → expected 401 to be 200 // Object.is equality
 × tests/integration/memories-immich.test.ts > Immich browse and search > IMMICH-043 — POST /search when upstream throws returns 502 5ms
   → expected 401 to be 502 // Object.is equality
 × tests/integration/memories-immich.test.ts > Immich asset proxy > IMMICH-050 — GET /assets/info returns asset metadata for own photo 6ms
   → expected 401 to be 200 // Object.is equality
 × tests/integration/memories-immich.test.ts > Immich asset proxy > IMMICH-051 — GET /assets/info with invalid assetId (special chars) returns 400 7ms
   → expected 401 to be 400 // Object.is equality
 × tests/integration/memories-immich.test.ts > Immich asset proxy > IMMICH-052 — GET /assets/info by non-owner of unshared photo returns 403 5ms
   → expected 401 to be 403 // Object.is equality
 × tests/integration/memories-immich.test.ts > Immich asset proxy > IMMICH-053 — GET /assets/info by trip member for shared photo returns 200 7ms
   → expected 401 to be 200 // Object.is equality
 × tests/integration/memories-immich.test.ts > Immich asset proxy > IMMICH-054 — GET /assets/thumbnail for own photo streams image data 3ms
   → expected 401 to be 200 // Object.is equality
 × tests/integration/memories-immich.test.ts > Immich asset proxy > IMMICH-055 — GET /assets/thumbnail for other's unshared photo returns 403 6ms
   → expected 401 to be 403 // Object.is equality
 × tests/integration/memories-immich.test.ts > Immich asset proxy > IMMICH-056 — GET /assets/original for shared photo streams image data 8ms
   → expected 401 to be 200 // Object.is equality
 × tests/integration/memories-immich.test.ts > Immich asset proxy > IMMICH-057 — GET /assets/info where trip does not exist returns 403 5ms
   → expected 401 to be 403 // Object.is equality
 × tests/integration/memories-immich.test.ts > Immich asset proxy > IMMICH-058 — GET /assets/info when upstream returns error propagates status 5ms
   → expected 401 to be 503 // Object.is equality
 × tests/integration/memories-immich.test.ts > Immich albums > IMMICH-060 — GET /albums when not configured returns 400 5ms
   → expected 401 to be 400 // Object.is equality
 × tests/integration/memories-immich.test.ts > Immich albums > IMMICH-061 — GET /albums returns album list 3ms
   → expected 401 to be 200 // Object.is equality
 ✓ tests/integration/memories-immich.test.ts > Immich auth checks > IMMICH-070 — GET /status without auth returns 401 1ms
 ✓ tests/integration/memories-immich.test.ts > Immich auth checks > IMMICH-070 — POST /test without auth returns 401 2ms
 × tests/integration/memories-unified.test.ts > Unified photo management > UNIFIED-001 — GET photos lists own + shared photos from other members 36ms
   → expected 401 to be 200 // Object.is equality
 × tests/integration/memories-unified.test.ts > Unified photo management > UNIFIED-002 — GET photos excludes other members' private photos 7ms
   → expected 401 to be 200 // Object.is equality
 × tests/integration/memories-unified.test.ts > Unified photo management > UNIFIED-003 — GET photos returns 404 for non-member 4ms
   → expected 401 to be 404 // Object.is equality
 × tests/integration/memories-unified.test.ts > Unified photo management > UNIFIED-004 — POST photos adds photos from selections 8ms
   → expected 401 to be 200 // Object.is equality
 × tests/integration/memories-unified.test.ts > Unified photo management > UNIFIED-005 — POST photos with empty selections returns 400 7ms
   → expected 401 to be 400 // Object.is equality
 × tests/integration/memories-unified.test.ts > Unified photo management > UNIFIED-006 — POST photos with invalid provider returns 400 3ms
   → expected 401 to be 400 // Object.is equality
 × tests/integration/memories-unified.test.ts > Unified photo management > UNIFIED-007 — PUT photos/sharing toggles shared flag 3ms
   → expected 401 to be 200 // Object.is equality
 ✓ tests/integration/memories-immich.test.ts > Immich auth checks > IMMICH-070 — GET /browse without auth returns 401 3ms
 ✓ tests/integration/memories-immich.test.ts > Immich auth checks > IMMICH-070 — POST /search without auth returns 401 2ms
 ✓ tests/integration/memories-immich.test.ts > Immich auth checks > IMMICH-070 — GET /albums without auth returns 401 2ms
 ✓ tests/integration/memories-immich.test.ts > Immich auth checks > IMMICH-070 — GET /assets/info without auth returns 401 3ms
 ✓ tests/integration/memories-immich.test.ts > Immich auth checks > IMMICH-070 — GET /assets/thumbnail without auth returns 401 3ms
 ✓ tests/integration/memories-immich.test.ts > Immich auth checks > IMMICH-070 — GET /assets/original without auth returns 401 2ms
stdout | tests/integration/profile.test.ts
[DB] Schema already up-to-date, setting version to 19
[DB] Running migration 20/82
[DB] Running migration 21/82
[DB] Running migration 22/82
[DB] Migrated reservation data from places to day_assignments
[DB] Running migration 23/82
[DB] Running migration 24/82
[DB] Running migration 25/82
[DB] Running migration 26/82
[DB] Running migration 27/82
[DB] Running migration 28/82
[DB] Running migration 29/82
[DB] Running migration 30/82
[DB] Running migration 31/82
[DB] Running migration 32/82
[DB] Running migration 33/82
[DB] Running migration 34/82
[DB] Running migration 35/82
[DB] Running migration 36/82
[DB] Running migration 37/82
[DB] Running migration 38/82
[DB] Running migration 39/82
[DB] Running migration 40/82
[DB] Running migration 41/82
[DB] Running migration 42/82
[DB] Running migration 43/82
[DB] Running migration 44/82
[DB] Running migration 45/82
[DB] Running migration 46/82
[DB] Running migration 47/82
[DB] Running migration 48/82
[DB] Running migration 49/82
[DB] Running migration 50/82
[DB] Running migration 51/82
[DB] Running migration 52/82
[DB] Running migration 53/82
[DB] Running migration 54/82
[DB] Running migration 55/82
[DB] Running migration 56/82
[DB] Running migration 57/82
[DB] Running migration 58/82
[DB] Running migration 59/82
[DB] Running migration 60/82
[DB] Running migration 61/82
[DB] Running migration 62/82
[DB] Running migration 63/82
[DB] Running migration 64/82
[DB] Running migration 65/82
[DB] Running migration 66/82
[DB] Running migration 67/82
[DB] Running migration 68/82
[DB] Running migration 69/82
[DB] Running migration 70/82
[DB] Running migration 71/82
[DB] Running migration 72/82
[DB] Running migration 73/82
[DB] Running migration 74/82
[DB] Running migration 75/82
[DB] Running migration 76/82
[DB] Running migration 77/82
[DB] Running migration 78/82
[DB] Running migration 79/82
[DB] Running migration 80/82
[DB] Running migration 81/82
[DB] Running migration 82/82
[DB] Migrations complete — schema version 82

 × tests/integration/admin.test.ts > Admin user management > ADMIN-006 — admin cannot delete their own account 5ms
   → expected 401 to be 400 // Object.is equality
 × tests/integration/admin.test.ts > System stats > ADMIN-007 — GET /admin/stats returns system statistics 3ms
   → expected 401 to be 200 // Object.is equality
 × tests/integration/admin.test.ts > Permissions management > ADMIN-008 — GET /admin/permissions returns permission config 3ms
   → expected 401 to be 200 // Object.is equality
 × tests/integration/admin.test.ts > Permissions management > ADMIN-008 — PUT /admin/permissions updates permissions 4ms
   → expected 401 to be 200 // Object.is equality
 × tests/integration/admin.test.ts > Permissions management > ADMIN-008 — PUT /admin/permissions without object returns 400 3ms
   → expected 401 to be 400 // Object.is equality
 × tests/integration/admin.test.ts > Audit log > ADMIN-009 — GET /admin/audit-log returns log entries 2ms
   → expected 401 to be 200 // Object.is equality
 × tests/integration/admin.test.ts > Addon management > ADMIN-011 — PUT /admin/addons/:id disables an addon 3ms
   → expected 401 to be 200 // Object.is equality
 × tests/integration/admin.test.ts > Addon management > ADMIN-012 — PUT /admin/addons/:id re-enables an addon 5ms
   → expected 401 to be 200 // Object.is equality
 × tests/integration/admin.test.ts > Invite token management > ADMIN-013 — POST /admin/invites creates an invite token 3ms
   → expected 401 to be 201 // Object.is equality
 × tests/integration/admin.test.ts > Invite token management > ADMIN-014 — DELETE /admin/invites/:id removes invite 3ms
   → expected 401 to be 200 // Object.is equality
 × tests/integration/admin.test.ts > Packing templates > ADMIN-015 — POST /admin/packing-templates creates a template 3ms
   → expected 401 to be 201 // Object.is equality
 × tests/integration/admin.test.ts > Packing templates > ADMIN-016 — DELETE /admin/packing-templates/:id removes template 4ms
   → Cannot read properties of undefined (reading 'id')
 × tests/integration/admin.test.ts > Bag tracking > ADMIN-017 — PUT /admin/bag-tracking toggles bag tracking 4ms
   → expected 401 to be 200 // Object.is equality
 × tests/integration/admin.test.ts > JWT rotation > ADMIN-018 — POST /admin/rotate-jwt-secret rotates the JWT secret 4ms
   → expected 401 to be 200 // Object.is equality
 × tests/integration/memories-unified.test.ts > Unified photo management > UNIFIED-008 — PUT photos/sharing on non-member trip returns 404 6ms
   → expected 401 to be 404 // Object.is equality
 × tests/integration/memories-unified.test.ts > Unified photo management > UNIFIED-009 — DELETE photos removes own photo 3ms
   → expected 401 to be 200 // Object.is equality
 × tests/integration/memories-unified.test.ts > Unified photo management > UNIFIED-010 — DELETE photos on non-member trip returns 404 4ms
   → expected 401 to be 404 // Object.is equality
 × tests/integration/memories-unified.test.ts > Unified album-link management > UNIFIED-011 — POST album-links with missing provider returns 400 3ms
   → expected 401 to be 400 // Object.is equality
 × tests/integration/memories-unified.test.ts > Unified album-link management > UNIFIED-012 — POST album-links with missing album_id returns 400 7ms
   → expected 401 to be 400 // Object.is equality
 × tests/integration/memories-unified.test.ts > Unified album-link management > UNIFIED-013 — POST album-links duplicate link returns 409 4ms
   → expected 401 to be 409 // Object.is equality
 × tests/integration/memories-unified.test.ts > Unified album-link management > UNIFIED-014 — GET album-links only returns links for enabled providers 4ms
   → expected 401 to be 400 // Object.is equality
 ✓ tests/integration/memories-unified.test.ts > Unified auth checks > UNIFIED-020 — GET photos without auth returns 401 2ms
 ✓ tests/integration/memories-unified.test.ts > Unified auth checks > UNIFIED-020 — POST photos without auth returns 401 2ms
 ✓ tests/integration/memories-unified.test.ts > Unified auth checks > UNIFIED-020 — PUT photos/sharing without auth returns 401 2ms
 ✓ tests/integration/memories-unified.test.ts > Unified auth checks > UNIFIED-020 — DELETE photos without auth returns 401 2ms
 ✓ tests/integration/memories-unified.test.ts > Unified auth checks > UNIFIED-020 — GET album-links without auth returns 401 2ms
 ✓ tests/integration/memories-unified.test.ts > Unified auth checks > UNIFIED-020 — POST album-links without auth returns 401 2ms
 ✓ tests/integration/memories-unified.test.ts > Unified auth checks > UNIFIED-020 — DELETE album-links without auth returns 401 3ms
 × tests/integration/profile.test.ts > PROFILE-001 — Get current user profile > returns user object with expected fields 31ms
   → expected 401 to be 200 // Object.is equality
 × tests/integration/profile.test.ts > Avatar > PROFILE-002 — upload valid JPEG avatar updates avatar_url 12ms
   → expected 401 to be 200 // Object.is equality
 × tests/integration/profile.test.ts > Avatar > PROFILE-003 — uploading non-image (PDF) is rejected 6ms
   → expected 401 to be 400 // Object.is equality
 × tests/integration/profile.test.ts > Avatar > PROFILE-005 — DELETE /api/auth/avatar clears avatar_url 9ms
   → expected 401 to be 200 // Object.is equality
stdout | tests/integration/reservations.test.ts
[DB] Schema already up-to-date, setting version to 19
[DB] Running migration 20/82
[DB] Running migration 21/82
[DB] Running migration 22/82
[DB] Migrated reservation data from places to day_assignments
[DB] Running migration 23/82
[DB] Running migration 24/82
[DB] Running migration 25/82
[DB] Running migration 26/82
[DB] Running migration 27/82
[DB] Running migration 28/82
[DB] Running migration 29/82
[DB] Running migration 30/82
[DB] Running migration 31/82
[DB] Running migration 32/82
[DB] Running migration 33/82
[DB] Running migration 34/82
[DB] Running migration 35/82
[DB] Running migration 36/82
[DB] Running migration 37/82
[DB] Running migration 38/82
[DB] Running migration 39/82
[DB] Running migration 40/82
[DB] Running migration 41/82
[DB] Running migration 42/82
[DB] Running migration 43/82
[DB] Running migration 44/82
[DB] Running migration 45/82
[DB] Running migration 46/82
[DB] Running migration 47/82
[DB] Running migration 48/82
[DB] Running migration 49/82
[DB] Running migration 50/82
[DB] Running migration 51/82
[DB] Running migration 52/82
[DB] Running migration 53/82
[DB] Running migration 54/82
[DB] Running migration 55/82
[DB] Running migration 56/82
[DB] Running migration 57/82
[DB] Running migration 58/82
[DB] Running migration 59/82
[DB] Running migration 60/82
[DB] Running migration 61/82
[DB] Running migration 62/82
[DB] Running migration 63/82
[DB] Running migration 64/82
[DB] Running migration 65/82
[DB] Running migration 66/82
[DB] Running migration 67/82
[DB] Running migration 68/82
[DB] Running migration 69/82
[DB] Running migration 70/82
[DB] Running migration 71/82
[DB] Running migration 72/82
[DB] Running migration 73/82
[DB] Running migration 74/82
[DB] Running migration 75/82
[DB] Running migration 76/82
[DB] Running migration 77/82
[DB] Running migration 78/82
[DB] Running migration 79/82
[DB] Running migration 80/82
[DB] Running migration 81/82
[DB] Running migration 82/82
[DB] Migrations complete — schema version 82

 × tests/integration/profile.test.ts > Password change > PROFILE-006 — change password with valid credentials succeeds 50ms
   → expected 401 to be 200 // Object.is equality
 ✓ tests/integration/profile.test.ts > Password change > PROFILE-007 — wrong current password returns 401 6ms
 × tests/integration/profile.test.ts > Password change > PROFILE-008 — weak new password is rejected 5ms
   → expected 401 to be 400 // Object.is equality
 × tests/integration/profile.test.ts > Settings > PROFILE-009 — PUT /api/settings with key+value persists and GET returns it 4ms
   → expected 401 to be 200 // Object.is equality
 × tests/integration/profile.test.ts > Settings > PROFILE-009 — PUT /api/settings without key returns 400 4ms
   → expected 401 to be 400 // Object.is equality
 × tests/integration/profile.test.ts > Settings > PROFILE-010 — POST /api/settings/bulk saves multiple keys atomically 3ms
   → expected 401 to be 200 // Object.is equality
 × tests/integration/profile.test.ts > API Keys > PROFILE-011 — PUT /api/auth/me/api-keys saves keys encrypted at rest 5ms
   → expected 401 to be 200 // Object.is equality
 × tests/integration/profile.test.ts > API Keys > PROFILE-011 — GET /api/auth/me does not return plaintext API keys 4ms
   → Cannot read properties of undefined (reading 'openweather_api_key')
 × tests/integration/profile.test.ts > Account deletion > PROFILE-013 — DELETE /api/auth/me removes account, subsequent login fails 3ms
   → expected 401 to be 200 // Object.is equality
 × tests/integration/profile.test.ts > Account deletion > PROFILE-013 — admin cannot delete their own account 6ms
   → expected 401 to be 400 // Object.is equality
 × tests/integration/profile.test.ts > Travel stats > PROFILE-014 — GET /api/auth/travel-stats returns stats object 7ms
   → expected 401 to be 200 // Object.is equality
 × tests/integration/profile.test.ts > Demo mode protections > PROFILE-015 — demo user cannot upload avatar (demoUploadBlock) 5ms
   → expected 401 to be 403 // Object.is equality
 × tests/integration/reservations.test.ts > Create reservation > RESV-001 — POST /api/trips/:tripId/reservations creates a reservation 52ms
   → expected 401 to be 201 // Object.is equality
 × tests/integration/reservations.test.ts > Create reservation > RESV-001 — POST without title returns 400 16ms
   → expected 401 to be 400 // Object.is equality
 × tests/integration/reservations.test.ts > Create reservation > RESV-001 — non-member cannot create reservation 10ms
   → expected 401 to be 404 // Object.is equality
 × tests/integration/reservations.test.ts > Create reservation > RESV-002 — POST with create_accommodation creates an accommodation record 4ms
   → expected 401 to be 201 // Object.is equality
 × tests/integration/reservations.test.ts > List reservations > RESV-003 — GET /api/trips/:tripId/reservations returns all reservations 12ms
   → expected 401 to be 200 // Object.is equality
 × tests/integration/reservations.test.ts > List reservations > RESV-003 — returns empty array when no reservations exist 6ms
   → expected 401 to be 200 // Object.is equality
 × tests/integration/reservations.test.ts > List reservations > RESV-007 — non-member cannot list reservations 7ms
   → expected 401 to be 404 // Object.is equality
 × tests/integration/reservations.test.ts > Update reservation > RESV-004 — PUT updates reservation fields 8ms
   → expected 401 to be 200 // Object.is equality
 × tests/integration/reservations.test.ts > Update reservation > RESV-004 — PUT on non-existent reservation returns 404 7ms
   → expected 401 to be 404 // Object.is equality
 × tests/integration/reservations.test.ts > Delete reservation > RESV-005 — DELETE removes reservation 5ms
   → expected 401 to be 200 // Object.is equality
 × tests/integration/reservations.test.ts > Delete reservation > RESV-005 — DELETE non-existent reservation returns 404 23ms
   → expected 401 to be 404 // Object.is equality
 × tests/integration/reservations.test.ts > Batch update positions > RESV-006 — PUT /positions updates reservation sort order 11ms
   → expected 401 to be 200 // Object.is equality
stdout | tests/unit/services/notificationService.test.ts
[DB] Schema already up-to-date, setting version to 19
[DB] Running migration 20/82
[DB] Running migration 21/82
[DB] Running migration 22/82
[DB] Migrated reservation data from places to day_assignments
[DB] Running migration 23/82
[DB] Running migration 24/82
[DB] Running migration 25/82
[DB] Running migration 26/82
[DB] Running migration 27/82
[DB] Running migration 28/82
[DB] Running migration 29/82
[DB] Running migration 30/82
[DB] Running migration 31/82
[DB] Running migration 32/82
[DB] Running migration 33/82
[DB] Running migration 34/82
[DB] Running migration 35/82
[DB] Running migration 36/82
[DB] Running migration 37/82
[DB] Running migration 38/82
[DB] Running migration 39/82
[DB] Running migration 40/82
[DB] Running migration 41/82
[DB] Running migration 42/82
[DB] Running migration 43/82
[DB] Running migration 44/82
[DB] Running migration 45/82
[DB] Running migration 46/82
[DB] Running migration 47/82
[DB] Running migration 48/82
[DB] Running migration 49/82
[DB] Running migration 50/82
[DB] Running migration 51/82
[DB] Running migration 52/82
[DB] Running migration 53/82
[DB] Running migration 54/82
[DB] Running migration 55/82
[DB] Running migration 56/82
[DB] Running migration 57/82
[DB] Running migration 58/82
[DB] Running migration 59/82
[DB] Running migration 60/82
[DB] Running migration 61/82
[DB] Running migration 62/82
[DB] Running migration 63/82
[DB] Running migration 64/82
[DB] Running migration 65/82
[DB] Running migration 66/82
[DB] Running migration 67/82
[DB] Running migration 68/82
[DB] Running migration 69/82
[DB] Running migration 70/82
[DB] Running migration 71/82
[DB] Running migration 72/82
[DB] Running migration 73/82
[DB] Running migration 74/82
[DB] Running migration 75/82
[DB] Running migration 76/82
[DB] Running migration 77/82
[DB] Running migration 78/82
[DB] Running migration 79/82
[DB] Running migration 80/82
[DB] Running migration 81/82
[DB] Running migration 82/82
[DB] Migrations complete — schema version 82

 × tests/unit/services/notificationService.test.ts > send() — multi-channel dispatch > NSVC-001 — dispatches to all 3 channels (inapp, email, webhook) when all are active 21ms
   → (0 , getUserEmail) is not a function
 ✓ tests/unit/services/notificationService.test.ts > send() — multi-channel dispatch > NSVC-002 — skips email/webhook when no channels are active (in-app still fires) 6ms
 × tests/unit/services/notificationService.test.ts > send() — multi-channel dispatch > NSVC-003 — sends only email when only email channel is active 3ms
   → (0 , getUserEmail) is not a function
 ✓ tests/unit/services/notificationService.test.ts > send() — per-user preference filtering > NSVC-004 — skips email for a user who disabled trip_invite on email channel 3ms
 ✓ tests/unit/services/notificationService.test.ts > send() — per-user preference filtering > NSVC-005 — skips in-app for a user who disabled the event on inapp channel 3ms
 × tests/unit/services/notificationService.test.ts > send() — per-user preference filtering > NSVC-006 — still sends webhook when user has email disabled but webhook enabled 3ms
   → (0 , getUserLanguage) is not a function
 ✓ tests/unit/services/notificationService.test.ts > send() — recipient resolution > NSVC-007 — trip scope sends to owner + members, excludes actorId 28ms
 ✓ tests/unit/services/notificationService.test.ts > send() — recipient resolution > NSVC-008 — user scope sends to exactly one user 5ms
 × tests/unit/services/notificationService.test.ts > send() — recipient resolution > NSVC-009 — admin scope sends to all admins (not regular users) 8ms
   → (0 , getAdminWebhookUrl) is not a function
 × tests/unit/services/notificationService.test.ts > send() — recipient resolution > NSVC-010 — admin scope fires admin webhook URL when set 3ms
   → (0 , getAdminWebhookUrl) is not a function
 ✓ tests/unit/services/notificationService.test.ts > send() — recipient resolution > NSVC-011 — does nothing when there are no recipients 2ms
 ✓ tests/unit/services/notificationService.test.ts > send() — in-app notification content > NSVC-012 — creates navigate in-app notification with correct title/text/navigate keys 3ms
 ✓ tests/unit/services/notificationService.test.ts > send() — in-app notification content > NSVC-013 — creates simple in-app notification when no navigate target is available 5ms
 × tests/unit/services/notificationService.test.ts > send() — in-app notification content > NSVC-014 — navigate_target uses /admin for version_available event 3ms
   → (0 , getAdminWebhookUrl) is not a function
 × tests/unit/services/notificationService.test.ts > send() — email/webhook links > NSVC-015 — email subject and body are localized per recipient language 2ms
   → (0 , getUserEmail) is not a function
 × tests/unit/services/notificationService.test.ts > send() — email/webhook links > NSVC-016 — webhook payload includes link field when navigate target is available 2ms
   → (0 , getUserLanguage) is not a function
 ✓ tests/unit/services/notificationService.test.ts > send() — boolean in-app type > NSVC-017 — creates boolean in-app notification with callbacks when inApp.type override is boolean 2ms
 × tests/unit/services/notificationService.test.ts > send() — channel failure resilience > NSVC-018 — email failure does not prevent in-app or webhook delivery 3ms
   → (0 , getUserEmail) is not a function
 × tests/unit/services/notificationService.test.ts > send() — channel failure resilience > NSVC-019 — webhook failure does not prevent in-app or email delivery 2ms
   → (0 , getUserEmail) is not a function
stdout | tests/integration/budget.test.ts
[DB] Schema already up-to-date, setting version to 19
[DB] Running migration 20/82
[DB] Running migration 21/82
[DB] Running migration 22/82
[DB] Migrated reservation data from places to day_assignments
[DB] Running migration 23/82
[DB] Running migration 24/82
[DB] Running migration 25/82
[DB] Running migration 26/82
[DB] Running migration 27/82
[DB] Running migration 28/82
[DB] Running migration 29/82
[DB] Running migration 30/82
[DB] Running migration 31/82
[DB] Running migration 32/82
[DB] Running migration 33/82
[DB] Running migration 34/82
[DB] Running migration 35/82
[DB] Running migration 36/82
[DB] Running migration 37/82
[DB] Running migration 38/82
[DB] Running migration 39/82
[DB] Running migration 40/82
[DB] Running migration 41/82
[DB] Running migration 42/82
[DB] Running migration 43/82
[DB] Running migration 44/82
[DB] Running migration 45/82
[DB] Running migration 46/82
[DB] Running migration 47/82
[DB] Running migration 48/82
[DB] Running migration 49/82
[DB] Running migration 50/82
[DB] Running migration 51/82
[DB] Running migration 52/82
[DB] Running migration 53/82
[DB] Running migration 54/82
[DB] Running migration 55/82
[DB] Running migration 56/82
[DB] Running migration 57/82
[DB] Running migration 58/82
[DB] Running migration 59/82
[DB] Running migration 60/82
[DB] Running migration 61/82
[DB] Running migration 62/82
[DB] Running migration 63/82
[DB] Running migration 64/82
[DB] Running migration 65/82
[DB] Running migration 66/82
[DB] Running migration 67/82
[DB] Running migration 68/82
[DB] Running migration 69/82
[DB] Running migration 70/82
[DB] Running migration 71/82
[DB] Running migration 72/82
[DB] Running migration 73/82
[DB] Running migration 74/82
[DB] Running migration 75/82
[DB] Running migration 76/82
[DB] Running migration 77/82
[DB] Running migration 78/82
[DB] Running migration 79/82
[DB] Running migration 80/82
[DB] Running migration 81/82
[DB] Running migration 82/82
[DB] Migrations complete — schema version 82

stdout | tests/integration/assignments.test.ts
[DB] Schema already up-to-date, setting version to 19
[DB] Running migration 20/82
[DB] Running migration 21/82
[DB] Running migration 22/82
[DB] Migrated reservation data from places to day_assignments
[DB] Running migration 23/82
[DB] Running migration 24/82
[DB] Running migration 25/82
[DB] Running migration 26/82
[DB] Running migration 27/82
[DB] Running migration 28/82
[DB] Running migration 29/82
[DB] Running migration 30/82
[DB] Running migration 31/82
[DB] Running migration 32/82
[DB] Running migration 33/82
[DB] Running migration 34/82
[DB] Running migration 35/82
[DB] Running migration 36/82
[DB] Running migration 37/82
[DB] Running migration 38/82
[DB] Running migration 39/82
[DB] Running migration 40/82
[DB] Running migration 41/82
[DB] Running migration 42/82
[DB] Running migration 43/82
[DB] Running migration 44/82
[DB] Running migration 45/82
[DB] Running migration 46/82
[DB] Running migration 47/82
[DB] Running migration 48/82
[DB] Running migration 49/82
[DB] Running migration 50/82
[DB] Running migration 51/82
[DB] Running migration 52/82
[DB] Running migration 53/82
[DB] Running migration 54/82
[DB] Running migration 55/82
[DB] Running migration 56/82
[DB] Running migration 57/82
[DB] Running migration 58/82
[DB] Running migration 59/82
[DB] Running migration 60/82
[DB] Running migration 61/82
[DB] Running migration 62/82
[DB] Running migration 63/82
[DB] Running migration 64/82
[DB] Running migration 65/82
[DB] Running migration 66/82
[DB] Running migration 67/82
[DB] Running migration 68/82
[DB] Running migration 69/82
[DB] Running migration 70/82
[DB] Running migration 71/82
[DB] Running migration 72/82
[DB] Running migration 73/82
[DB] Running migration 74/82
[DB] Running migration 75/82
[DB] Running migration 76/82
[DB] Running migration 77/82
[DB] Running migration 78/82
[DB] Running migration 79/82
[DB] Running migration 80/82
[DB] Running migration 81/82
[DB] Running migration 82/82
[DB] Migrations complete — schema version 82

 × tests/integration/budget.test.ts > Create budget item > BUDGET-001 — POST creates budget item 38ms
   → expected 401 to be 201 // Object.is equality
 × tests/integration/budget.test.ts > Create budget item > BUDGET-001 — POST without name returns 400 4ms
   → expected 401 to be 400 // Object.is equality
 × tests/integration/budget.test.ts > Create budget item > BUDGET-010 — non-member cannot create budget item 6ms
   → expected 401 to be 404 // Object.is equality
 × tests/integration/budget.test.ts > List budget items > BUDGET-002 — GET /api/trips/:tripId/budget returns all items 9ms
   → expected 401 to be 200 // Object.is equality
 × tests/integration/budget.test.ts > List budget items > BUDGET-002 — member can list budget items 10ms
   → expected 401 to be 200 // Object.is equality
 × tests/integration/budget.test.ts > Update budget item > BUDGET-003 — PUT updates budget item fields 3ms
   → expected 401 to be 200 // Object.is equality
 × tests/integration/assignments.test.ts > Create assignment > ASSIGN-001 — POST creates assignment linking place to day 31ms
   → expected 401 to be 201 // Object.is equality
 × tests/integration/assignments.test.ts > Create assignment > ASSIGN-001 — POST with notes stores notes on assignment 5ms
   → expected 401 to be 201 // Object.is equality
 × tests/integration/assignments.test.ts > Create assignment > ASSIGN-001 — POST with non-existent place returns 404 4ms
   → expected 401 to be 404 // Object.is equality
 × tests/integration/assignments.test.ts > Create assignment > ASSIGN-001 — POST with non-existent day returns 404 5ms
   → expected 401 to be 404 // Object.is equality
 × tests/integration/assignments.test.ts > Create assignment > ASSIGN-006 — non-member cannot create assignment 5ms
   → expected 401 to be 404 // Object.is equality
 × tests/integration/assignments.test.ts > Create assignment > ASSIGN-006 — trip member can create assignment 6ms
   → expected 401 to be 201 // Object.is equality
 × tests/integration/assignments.test.ts > List assignments > ASSIGN-002 — GET /api/trips/:tripId/days/:dayId/assignments returns assignments for the day 4ms
   → expected 401 to be 200 // Object.is equality
 × tests/integration/assignments.test.ts > List assignments > ASSIGN-002 — returns empty array when no assignments exist 4ms
   → expected 401 to be 200 // Object.is equality
 × tests/integration/assignments.test.ts > List assignments > ASSIGN-006 — non-member cannot list assignments 4ms
   → expected 401 to be 404 // Object.is equality
stdout | tests/integration/security.test.ts
[DB] Schema already up-to-date, setting version to 19
[DB] Running migration 20/82
[DB] Running migration 21/82
[DB] Running migration 22/82
[DB] Migrated reservation data from places to day_assignments
[DB] Running migration 23/82
[DB] Running migration 24/82
[DB] Running migration 25/82
[DB] Running migration 26/82
[DB] Running migration 27/82
[DB] Running migration 28/82
[DB] Running migration 29/82
[DB] Running migration 30/82
[DB] Running migration 31/82
[DB] Running migration 32/82
[DB] Running migration 33/82
[DB] Running migration 34/82
[DB] Running migration 35/82
[DB] Running migration 36/82
[DB] Running migration 37/82
[DB] Running migration 38/82
[DB] Running migration 39/82
[DB] Running migration 40/82
[DB] Running migration 41/82
[DB] Running migration 42/82
[DB] Running migration 43/82
[DB] Running migration 44/82
[DB] Running migration 45/82
[DB] Running migration 46/82
[DB] Running migration 47/82
[DB] Running migration 48/82
[DB] Running migration 49/82
[DB] Running migration 50/82
[DB] Running migration 51/82
[DB] Running migration 52/82
[DB] Running migration 53/82
[DB] Running migration 54/82
[DB] Running migration 55/82
[DB] Running migration 56/82
[DB] Running migration 57/82
[DB] Running migration 58/82
[DB] Running migration 59/82
[DB] Running migration 60/82
[DB] Running migration 61/82
[DB] Running migration 62/82
[DB] Running migration 63/82
[DB] Running migration 64/82
[DB] Running migration 65/82
[DB] Running migration 66/82
[DB] Running migration 67/82
[DB] Running migration 68/82
[DB] Running migration 69/82
[DB] Running migration 70/82
[DB] Running migration 71/82
[DB] Running migration 72/82
[DB] Running migration 73/82
[DB] Running migration 74/82
[DB] Running migration 75/82
[DB] Running migration 76/82
[DB] Running migration 77/82
[DB] Running migration 78/82
[DB] Running migration 79/82
[DB] Running migration 80/82
[DB] Running migration 81/82
[DB] Running migration 82/82
[DB] Migrations complete — schema version 82

stdout | tests/integration/immich.test.ts
[DB] Schema already up-to-date, setting version to 19
[DB] Running migration 20/82
[DB] Running migration 21/82
[DB] Running migration 22/82
[DB] Migrated reservation data from places to day_assignments
[DB] Running migration 23/82
[DB] Running migration 24/82
[DB] Running migration 25/82
[DB] Running migration 26/82
[DB] Running migration 27/82
[DB] Running migration 28/82
[DB] Running migration 29/82
[DB] Running migration 30/82
[DB] Running migration 31/82
[DB] Running migration 32/82
[DB] Running migration 33/82
[DB] Running migration 34/82
[DB] Running migration 35/82
[DB] Running migration 36/82
[DB] Running migration 37/82
[DB] Running migration 38/82
[DB] Running migration 39/82
[DB] Running migration 40/82
[DB] Running migration 41/82
[DB] Running migration 42/82
[DB] Running migration 43/82
[DB] Running migration 44/82
[DB] Running migration 45/82
[DB] Running migration 46/82
[DB] Running migration 47/82
[DB] Running migration 48/82
[DB] Running migration 49/82
[DB] Running migration 50/82
[DB] Running migration 51/82
[DB] Running migration 52/82
[DB] Running migration 53/82
[DB] Running migration 54/82
[DB] Running migration 55/82
[DB] Running migration 56/82
[DB] Running migration 57/82
[DB] Running migration 58/82
[DB] Running migration 59/82
[DB] Running migration 60/82
[DB] Running migration 61/82
[DB] Running migration 62/82
[DB] Running migration 63/82
[DB] Running migration 64/82
[DB] Running migration 65/82
[DB] Running migration 66/82
[DB] Running migration 67/82
[DB] Running migration 68/82
[DB] Running migration 69/82
[DB] Running migration 70/82
[DB] Running migration 71/82
[DB] Running migration 72/82
[DB] Running migration 73/82
[DB] Running migration 74/82
[DB] Running migration 75/82
[DB] Running migration 76/82
[DB] Running migration 77/82
[DB] Running migration 78/82
[DB] Running migration 79/82
[DB] Running migration 80/82
[DB] Running migration 81/82
[DB] Running migration 82/82
[DB] Migrations complete — schema version 82

stdout | tests/integration/backup.test.ts
[DB] Schema already up-to-date, setting version to 19
[DB] Running migration 20/82
[DB] Running migration 21/82
[DB] Running migration 22/82
[DB] Migrated reservation data from places to day_assignments
[DB] Running migration 23/82
[DB] Running migration 24/82
[DB] Running migration 25/82
[DB] Running migration 26/82
[DB] Running migration 27/82
[DB] Running migration 28/82
[DB] Running migration 29/82
[DB] Running migration 30/82
[DB] Running migration 31/82
[DB] Running migration 32/82
[DB] Running migration 33/82
[DB] Running migration 34/82
[DB] Running migration 35/82
[DB] Running migration 36/82
[DB] Running migration 37/82
[DB] Running migration 38/82
[DB] Running migration 39/82
[DB] Running migration 40/82
[DB] Running migration 41/82
[DB] Running migration 42/82
[DB] Running migration 43/82
[DB] Running migration 44/82
[DB] Running migration 45/82
[DB] Running migration 46/82
[DB] Running migration 47/82
[DB] Running migration 48/82
[DB] Running migration 49/82
[DB] Running migration 50/82
[DB] Running migration 51/82
[DB] Running migration 52/82
[DB] Running migration 53/82
[DB] Running migration 54/82
[DB] Running migration 55/82
[DB] Running migration 56/82
[DB] Running migration 57/82
[DB] Running migration 58/82
[DB] Running migration 59/82
[DB] Running migration 60/82
[DB] Running migration 61/82
[DB] Running migration 62/82
[DB] Running migration 63/82
[DB] Running migration 64/82
[DB] Running migration 65/82
[DB] Running migration 66/82
[DB] Running migration 67/82
[DB] Running migration 68/82
[DB] Running migration 69/82
[DB] Running migration 70/82
[DB] Running migration 71/82
[DB] Running migration 72/82
[DB] Running migration 73/82
[DB] Running migration 74/82
[DB] Running migration 75/82
[DB] Running migration 76/82
[DB] Running migration 77/82
[DB] Running migration 78/82
[DB] Running migration 79/82
[DB] Running migration 80/82
[DB] Running migration 81/82
[DB] Running migration 82/82
[DB] Migrations complete — schema version 82

 × tests/integration/budget.test.ts > Update budget item > BUDGET-003 — PUT non-existent item returns 404 4ms
   → expected 401 to be 404 // Object.is equality
 × tests/integration/budget.test.ts > Delete budget item > BUDGET-004 — DELETE removes item 4ms
   → expected 401 to be 200 // Object.is equality
 × tests/integration/budget.test.ts > Budget item members > BUDGET-005 — PUT /members assigns members to budget item 6ms
   → expected 401 to be 200 // Object.is equality
 × tests/integration/budget.test.ts > Budget item members > BUDGET-005 — PUT /members with non-array user_ids returns 400 7ms
   → expected 401 to be 400 // Object.is equality
 × tests/integration/budget.test.ts > Budget item members > BUDGET-006 — PUT /members/:userId/paid toggles paid status 5ms
   → expected 401 to be 200 // Object.is equality
 × tests/integration/budget.test.ts > Budget summary and settlement > BUDGET-007 — GET /summary/per-person returns per-person breakdown 5ms
   → expected 401 to be 200 // Object.is equality
 × tests/integration/budget.test.ts > Budget summary and settlement > BUDGET-008 — GET /settlement returns settlement transactions 4ms
   → expected 401 to be 200 // Object.is equality
 × tests/integration/budget.test.ts > Budget summary and settlement > BUDGET-009 — settlement with no payers returns empty transactions 4ms
   → expected 401 to be 200 // Object.is equality
 × tests/integration/assignments.test.ts > Delete assignment > ASSIGN-004 — DELETE removes assignment 7ms
   → Cannot read properties of undefined (reading 'id')
 × tests/integration/assignments.test.ts > Delete assignment > ASSIGN-004 — DELETE returns 404 for non-existent assignment 4ms
   → expected 401 to be 404 // Object.is equality
 × tests/integration/assignments.test.ts > Reorder assignments > ASSIGN-007 — PUT /reorder reorders assignments within a day 7ms
   → Cannot read properties of undefined (reading 'id')
 × tests/integration/assignments.test.ts > Move assignment > ASSIGN-008 — PUT /move transfers assignment to a different day 6ms
   → Cannot read properties of undefined (reading 'id')
 × tests/integration/assignments.test.ts > Assignment participants > ASSIGN-005 — PUT /participants updates participant list 6ms
   → Cannot read properties of undefined (reading 'id')
 × tests/integration/assignments.test.ts > Assignment participants > ASSIGN-009 — PUT /time updates assignment time fields 4ms
   → Cannot read properties of undefined (reading 'id')
 × tests/integration/backup.test.ts > Backup access control > non-admin cannot access backup routes 33ms
   → expected 401 to be 403 // Object.is equality
 × tests/integration/backup.test.ts > Backup list > BACKUP-001 — GET /backup/list returns backups array 11ms
   → expected 401 to be 200 // Object.is equality
 × tests/integration/backup.test.ts > Backup creation > BACKUP-001 — POST /backup/create creates a backup 6ms
   → expected 401 to be 200 // Object.is equality
 × tests/integration/backup.test.ts > Auto-backup settings > BACKUP-008 — GET /backup/auto-settings returns current config 5ms
   → expected 401 to be 200 // Object.is equality
 × tests/integration/backup.test.ts > Auto-backup settings > BACKUP-008 — PUT /backup/auto-settings updates settings 12ms
   → expected 401 to be 200 // Object.is equality
 × tests/integration/immich.test.ts > Immich settings > IMMICH-001 — GET /api/integrations/memories/immich/settings returns current settings 28ms
   → expected 401 to be 200 // Object.is equality
 × tests/integration/immich.test.ts > Immich settings > IMMICH-001 — PUT /api/integrations/memories/immich/settings saves Immich URL and API key 22ms
   → expected 401 to be 200 // Object.is equality
 × tests/integration/immich.test.ts > Immich settings > IMMICH-002 — PUT /api/integrations/memories/immich/settings with private IP is blocked by SSRF guard 17ms
   → expected 401 to be 400 // Object.is equality
 ✓ tests/integration/security.test.ts > Authentication security > SEC-007 — JWT in Authorization Bearer header authenticates user 29ms
 ✓ tests/integration/security.test.ts > Authentication security > unauthenticated request to protected endpoint returns 401 4ms
 ✓ tests/integration/security.test.ts > Authentication security > expired/invalid JWT cookie returns 401 11ms
 ✓ tests/integration/security.test.ts > Security headers > SEC-011 — Helmet sets X-Content-Type-Options header 3ms
 ✓ tests/integration/security.test.ts > Security headers > SEC-011 — Helmet sets X-Frame-Options header 2ms
stderr | tests/integration/backup.test.ts > Backup security > BACKUP-007 — Download with path traversal filename is rejected
[33m[WARN][0m 2026-04-20T17:52:31 GET /api/etc/passwd 404 1ms ip=::ffff:127.0.0.1

stderr | tests/integration/backup.test.ts > Backup security > BACKUP-007 — Delete with path traversal filename is rejected
[33m[WARN][0m 2026-04-20T17:52:31 DELETE /etc/passwd 404 0ms ip=::ffff:127.0.0.1

 ✓ tests/integration/backup.test.ts > Backup security > BACKUP-007 — Download with path traversal filename is rejected 18ms
 ✓ tests/integration/backup.test.ts > Backup security > BACKUP-007 — Delete with path traversal filename is rejected 4ms
 × tests/integration/immich.test.ts > Immich settings > IMMICH-002 — PUT /api/integrations/memories/immich/settings with loopback is blocked 11ms
   → expected 401 to be 400 // Object.is equality
 ✓ tests/integration/immich.test.ts > Immich authentication > GET /api/integrations/memories/immich/settings without auth returns 401 2ms
 ✓ tests/integration/immich.test.ts > Immich authentication > PUT /api/integrations/memories/immich/settings without auth returns 401 4ms
 × tests/integration/immich.test.ts > Immich album links > IMMICH-020 — POST album-links creates a link 6ms
   → expected 401 to be 200 // Object.is equality
 × tests/integration/immich.test.ts > Immich album links > IMMICH-021 — GET album-links returns linked albums 8ms
   → expected 401 to be 200 // Object.is equality
 × tests/integration/immich.test.ts > Immich album links > IMMICH-022 — DELETE album-links removes associated photos but not individually-added ones 5ms
   → expected 401 to be 200 // Object.is equality
 × tests/integration/immich.test.ts > Immich album links > IMMICH-023 — DELETE album-link by non-member returns 404 5ms
   → expected 401 to be 404 // Object.is equality
 ✓ tests/integration/immich.test.ts > Immich album links > IMMICH-024 — DELETE album-link without auth returns 401 2ms
stderr | tests/integration/security.test.ts > Request body size limit > SEC-013 — oversized JSON body is rejected
Unhandled error: PayloadTooLargeError: request entity too large
    at readStream (/Users/knibirdgautam/backend-tinker/server/node_modules/raw-body/index.js:163:17)
    at getRawBody (/Users/knibirdgautam/backend-tinker/server/node_modules/raw-body/index.js:116:12)
    at read (/Users/knibirdgautam/backend-tinker/server/node_modules/body-parser/lib/read.js:79:3)
    at jsonParser (/Users/knibirdgautam/backend-tinker/server/node_modules/body-parser/lib/types/json.js:138:5)
    at Layer.handle [as handle_request] (/Users/knibirdgautam/backend-tinker/server/node_modules/express/lib/router/layer.js:95:5)
    at trim_prefix (/Users/knibirdgautam/backend-tinker/server/node_modules/express/lib/router/index.js:328:13)
    at /Users/knibirdgautam/backend-tinker/server/node_modules/express/lib/router/index.js:286:9
    at router.process_params (/Users/knibirdgautam/backend-tinker/server/node_modules/express/lib/router/index.js:346:12)
    at next (/Users/knibirdgautam/backend-tinker/server/node_modules/express/lib/router/index.js:280:10)
    at internalNext (file:///Users/knibirdgautam/backend-tinker/server/node_modules/helmet/index.mjs:527:6)
    at xXssProtectionMiddleware (file:///Users/knibirdgautam/backend-tinker/server/node_modules/helmet/index.mjs:307:3)
    at internalNext (file:///Users/knibirdgautam/backend-tinker/server/node_modules/helmet/index.mjs:525:6)
    at xPoweredByMiddleware (file:///Users/knibirdgautam/backend-tinker/server/node_modules/helmet/index.mjs:300:3)
    at internalNext (file:///Users/knibirdgautam/backend-tinker/server/node_modules/helmet/index.mjs:525:6)
    at xPermittedCrossDomainPoliciesMiddleware (file:///Users/knibirdgautam/backend-tinker/server/node_modules/helmet/index.mjs:293:3)
    at internalNext (file:///Users/knibirdgautam/backend-tinker/server/node_modules/helmet/index.mjs:525:6) {
  expected: 2097163,
  length: 2097163,
  limit: 102400,
  type: 'entity.too.large'
}

stderr | tests/integration/security.test.ts > File download path traversal > SEC-005 — path traversal in file download is blocked
[33m[WARN][0m 2026-04-20T17:52:31 GET /1/download 404 1ms ip=::ffff:127.0.0.1

 × tests/integration/security.test.ts > API key encryption > SEC-008 — encrypted API keys are stored with enc:v1: prefix 36ms
   → .toMatch() expects to receive a string, but got object
 × tests/integration/security.test.ts > API key encryption > SEC-008 — GET /api/auth/me does not return plaintext API key 14ms
   → Cannot read properties of undefined (reading 'openweather_api_key')
 × tests/integration/security.test.ts > MFA secret protection > SEC-009 — GET /api/auth/me does not expose mfa_secret 14ms
   → Cannot read properties of undefined (reading 'mfa_secret')
 ✓ tests/integration/security.test.ts > Request body size limit > SEC-013 — oversized JSON body is rejected 13ms
 ✓ tests/integration/security.test.ts > File download path traversal > SEC-005 — path traversal in file download is blocked 27ms
stdout | tests/integration/weather.test.ts
[DB] Schema already up-to-date, setting version to 19
[DB] Running migration 20/82
[DB] Running migration 21/82
[DB] Running migration 22/82
[DB] Migrated reservation data from places to day_assignments
[DB] Running migration 23/82
[DB] Running migration 24/82
[DB] Running migration 25/82
[DB] Running migration 26/82
[DB] Running migration 27/82
[DB] Running migration 28/82
[DB] Running migration 29/82
[DB] Running migration 30/82
[DB] Running migration 31/82
[DB] Running migration 32/82
[DB] Running migration 33/82
[DB] Running migration 34/82
[DB] Running migration 35/82
[DB] Running migration 36/82
[DB] Running migration 37/82
[DB] Running migration 38/82
[DB] Running migration 39/82
[DB] Running migration 40/82
[DB] Running migration 41/82
[DB] Running migration 42/82
[DB] Running migration 43/82
[DB] Running migration 44/82
[DB] Running migration 45/82
[DB] Running migration 46/82
[DB] Running migration 47/82
[DB] Running migration 48/82
[DB] Running migration 49/82
[DB] Running migration 50/82
[DB] Running migration 51/82
[DB] Running migration 52/82
[DB] Running migration 53/82
[DB] Running migration 54/82
[DB] Running migration 55/82
[DB] Running migration 56/82
[DB] Running migration 57/82
[DB] Running migration 58/82
[DB] Running migration 59/82
[DB] Running migration 60/82
[DB] Running migration 61/82
[DB] Running migration 62/82
[DB] Running migration 63/82
[DB] Running migration 64/82
[DB] Running migration 65/82
[DB] Running migration 66/82
[DB] Running migration 67/82
[DB] Running migration 68/82
[DB] Running migration 69/82
[DB] Running migration 70/82
[DB] Running migration 71/82
[DB] Running migration 72/82
[DB] Running migration 73/82
[DB] Running migration 74/82
[DB] Running migration 75/82
[DB] Running migration 76/82
[DB] Running migration 77/82
[DB] Running migration 78/82
[DB] Running migration 79/82
[DB] Running migration 80/82
[DB] Running migration 81/82
[DB] Running migration 82/82
[DB] Migrations complete — schema version 82

 × tests/integration/weather.test.ts > Weather validation > WEATHER-001 — GET /weather without lat/lng returns 400 28ms
   → expected 401 to be 400 // Object.is equality
 × tests/integration/weather.test.ts > Weather validation > WEATHER-001 — GET /weather without lng returns 400 12ms
   → expected 401 to be 400 // Object.is equality
 × tests/integration/weather.test.ts > Weather validation > WEATHER-005 — GET /weather/detailed without date returns 400 8ms
   → expected 401 to be 400 // Object.is equality
 ✓ tests/integration/weather.test.ts > Weather validation > WEATHER-001 — GET /weather without auth returns 401 2ms
 × tests/integration/weather.test.ts > Weather with mocked API > WEATHER-001 — GET /weather with lat/lng returns weather data 9ms
   → expected 401 to be 200 // Object.is equality
 × tests/integration/weather.test.ts > Weather with mocked API > WEATHER-002 — GET /weather?date=future returns forecast data 5ms
   → expected 401 to be 200 // Object.is equality
 × tests/integration/weather.test.ts > Weather with mocked API > WEATHER-006 — GET /weather accepts lang parameter 6ms
   → expected 401 to be 200 // Object.is equality
 × tests/unit/services/notifications.test.ts > getEventText > returns English title and body for lang=en 8ms
   → fn is not a function
 × tests/unit/services/notifications.test.ts > getEventText > returns German text for lang=de 1ms
   → fn is not a function
 × tests/unit/services/notifications.test.ts > getEventText > falls back to English for unknown language code 0ms
   → fn is not a function
 × tests/unit/services/notifications.test.ts > getEventText > interpolates params into trip_invite correctly 0ms
   → fn is not a function
 × tests/unit/services/notifications.test.ts > getEventText > all 7 event types produce non-empty title and body in English 0ms
   → fn is not a function
 × tests/unit/services/notifications.test.ts > getEventText > all 7 event types produce non-empty title and body in German 0ms
   → fn is not a function
 ✓ tests/unit/services/notifications.test.ts > buildWebhookBody > Discord URL produces embeds array format 1ms
 ✓ tests/unit/services/notifications.test.ts > buildWebhookBody > Discord embed title is prefixed with compass emoji 0ms
 ✓ tests/unit/services/notifications.test.ts > buildWebhookBody > Discord embed footer contains trip name when provided 0ms
 ✓ tests/unit/services/notifications.test.ts > buildWebhookBody > Discord embed footer defaults to Travel Planner when no trip name 0ms
 ✓ tests/unit/services/notifications.test.ts > buildWebhookBody > discordapp.com URL is also detected as Discord 0ms
 ✓ tests/unit/services/notifications.test.ts > buildWebhookBody > Slack URL produces text field format 0ms
 ✓ tests/unit/services/notifications.test.ts > buildWebhookBody > Slack text includes italic trip name when provided 0ms
 ✓ tests/unit/services/notifications.test.ts > buildWebhookBody > Slack text omits trip name when not provided 0ms
 ✓ tests/unit/services/notifications.test.ts > buildWebhookBody > generic URL produces plain JSON with original fields plus timestamp and source 0ms
 ✓ tests/unit/services/notifications.test.ts > buildEmailHtml > returns a string containing <!DOCTYPE html> 0ms
 ✓ tests/unit/services/notifications.test.ts > buildEmailHtml > contains the subject text 0ms
 ✓ tests/unit/services/notifications.test.ts > buildEmailHtml > contains the body text 0ms
 ✓ tests/unit/services/notifications.test.ts > buildEmailHtml > uses English i18n strings for lang=en 0ms
 ✓ tests/unit/services/notifications.test.ts > buildEmailHtml > uses German i18n strings for lang=de 0ms
 ✓ tests/unit/services/notifications.test.ts > buildEmailHtml > falls back to English i18n for unknown language 0ms
 ✓ tests/unit/services/notifications.test.ts > buildEmailHtml XSS prevention (SEC-016) > escapes HTML special characters in subject 1ms
 ✓ tests/unit/services/notifications.test.ts > buildEmailHtml XSS prevention (SEC-016) > escapes HTML special characters in body 0ms
 ✓ tests/unit/services/notifications.test.ts > buildEmailHtml XSS prevention (SEC-016) > escapes double quotes in subject to prevent attribute injection 0ms
 ✓ tests/unit/services/notifications.test.ts > buildEmailHtml XSS prevention (SEC-016) > escapes ampersands in body 0ms
 × tests/unit/services/notifications.test.ts > buildEmailHtml XSS prevention (SEC-016) > escapes user-controlled actor and preview in collab_message body 0ms
   → fn is not a function
 ✓ tests/unit/services/notifications.test.ts > sendWebhook SSRF protection (SEC-017) > allows a public URL and calls fetch 0ms
 ✓ tests/unit/services/notifications.test.ts > sendWebhook SSRF protection (SEC-017) > blocks loopback address and returns false 1ms
 ✓ tests/unit/services/notifications.test.ts > sendWebhook SSRF protection (SEC-017) > blocks cloud metadata endpoint (169.254.169.254) and returns false 1ms
 ✓ tests/unit/services/notifications.test.ts > sendWebhook SSRF protection (SEC-017) > blocks private network addresses and returns false 0ms
 ✓ tests/unit/services/notifications.test.ts > sendWebhook SSRF protection (SEC-017) > blocks non-HTTP protocols 0ms
 ✓ tests/unit/services/notifications.test.ts > sendWebhook SSRF protection (SEC-017) > does not call fetch when SSRF check blocks the URL 0ms
 × tests/unit/middleware/auth.test.ts > extractToken > returns cookie value when trek_session cookie is set 10ms
   → expected null to be 'cookie-token' // Object.is equality
 ✓ tests/unit/middleware/auth.test.ts > extractToken > returns Bearer token from Authorization header when no cookie 0ms
 × tests/unit/middleware/auth.test.ts > extractToken > prefers cookie over Authorization header when both are present 1ms
   → expected 'header-token' to be 'cookie-token' // Object.is equality
 ✓ tests/unit/middleware/auth.test.ts > extractToken > returns null when neither cookie nor header are present 0ms
 ✓ tests/unit/middleware/auth.test.ts > extractToken > returns null for Authorization header without a token (empty Bearer) 0ms
 ✓ tests/unit/middleware/auth.test.ts > extractToken > returns null for Authorization header without Bearer prefix 0ms
 ✓ tests/unit/middleware/auth.test.ts > authenticate > returns 401 when no token is present 1ms
 ✓ tests/unit/middleware/auth.test.ts > authenticate > returns 401 when JWT is invalid 0ms
 ✓ tests/unit/middleware/auth.test.ts > adminOnly > returns 403 when user role is not admin 1ms
 ✓ tests/unit/middleware/auth.test.ts > adminOnly > calls next() when user role is admin 0ms
 ✓ tests/unit/middleware/auth.test.ts > adminOnly > returns 403 when req.user is undefined 0ms
stdout | tests/integration/dayNotes.test.ts
[DB] Schema already up-to-date, setting version to 19
[DB] Running migration 20/82
[DB] Running migration 21/82
[DB] Running migration 22/82
[DB] Migrated reservation data from places to day_assignments
[DB] Running migration 23/82
[DB] Running migration 24/82
[DB] Running migration 25/82
[DB] Running migration 26/82
[DB] Running migration 27/82
[DB] Running migration 28/82
[DB] Running migration 29/82
[DB] Running migration 30/82
[DB] Running migration 31/82
[DB] Running migration 32/82
[DB] Running migration 33/82
[DB] Running migration 34/82
[DB] Running migration 35/82
[DB] Running migration 36/82
[DB] Running migration 37/82
[DB] Running migration 38/82
[DB] Running migration 39/82
[DB] Running migration 40/82
[DB] Running migration 41/82
[DB] Running migration 42/82
[DB] Running migration 43/82
[DB] Running migration 44/82
[DB] Running migration 45/82
[DB] Running migration 46/82
[DB] Running migration 47/82
[DB] Running migration 48/82
[DB] Running migration 49/82
[DB] Running migration 50/82
[DB] Running migration 51/82
[DB] Running migration 52/82
[DB] Running migration 53/82
[DB] Running migration 54/82
[DB] Running migration 55/82
[DB] Running migration 56/82
[DB] Running migration 57/82
[DB] Running migration 58/82
[DB] Running migration 59/82
[DB] Running migration 60/82
[DB] Running migration 61/82
[DB] Running migration 62/82
[DB] Running migration 63/82
[DB] Running migration 64/82
[DB] Running migration 65/82
[DB] Running migration 66/82
[DB] Running migration 67/82
[DB] Running migration 68/82
[DB] Running migration 69/82
[DB] Running migration 70/82
[DB] Running migration 71/82
[DB] Running migration 72/82
[DB] Running migration 73/82
[DB] Running migration 74/82
[DB] Running migration 75/82
[DB] Running migration 76/82
[DB] Running migration 77/82
[DB] Running migration 78/82
[DB] Running migration 79/82
[DB] Running migration 80/82
[DB] Running migration 81/82
[DB] Running migration 82/82
[DB] Migrations complete — schema version 82

 × tests/integration/dayNotes.test.ts > Create day note > NOTE-001 — POST creates a day note 101ms
   → expected 401 to be 201 // Object.is equality
 × tests/integration/dayNotes.test.ts > Create day note > NOTE-001 — POST without text returns 400 5ms
   → expected 401 to be 400 // Object.is equality
 × tests/integration/dayNotes.test.ts > Create day note > NOTE-002 — text exceeding 500 characters is rejected 5ms
   → expected 401 to be 400 // Object.is equality
 × tests/integration/dayNotes.test.ts > Create day note > NOTE-001 — POST on non-existent day returns 404 5ms
   → expected 401 to be 404 // Object.is equality
 × tests/integration/dayNotes.test.ts > List day notes > NOTE-003 — GET returns notes for a day 18ms
   → expected 401 to be 200 // Object.is equality
 × tests/integration/dayNotes.test.ts > List day notes > NOTE-006 — non-member cannot list notes 8ms
   → expected 401 to be 404 // Object.is equality
 × tests/integration/dayNotes.test.ts > Update day note > NOTE-004 — PUT updates a note 5ms
   → Cannot read properties of undefined (reading 'id')
 × tests/integration/dayNotes.test.ts > Update day note > NOTE-004 — PUT on non-existent note returns 404 7ms
   → expected 401 to be 404 // Object.is equality
 × tests/integration/dayNotes.test.ts > Delete day note > NOTE-005 — DELETE removes note 4ms
   → Cannot read properties of undefined (reading 'id')
 × tests/integration/dayNotes.test.ts > Delete day note > NOTE-005 — DELETE non-existent note returns 404 4ms
   → expected 401 to be 404 // Object.is equality
stdout | tests/unit/mcp/tools-reservations.test.ts
[DB] Schema already up-to-date, setting version to 19
[DB] Running migration 20/82
[DB] Running migration 21/82
[DB] Running migration 22/82
[DB] Migrated reservation data from places to day_assignments
[DB] Running migration 23/82
[DB] Running migration 24/82
[DB] Running migration 25/82
[DB] Running migration 26/82
[DB] Running migration 27/82
[DB] Running migration 28/82
[DB] Running migration 29/82
[DB] Running migration 30/82
[DB] Running migration 31/82
[DB] Running migration 32/82
[DB] Running migration 33/82
[DB] Running migration 34/82
[DB] Running migration 35/82
[DB] Running migration 36/82
[DB] Running migration 37/82
[DB] Running migration 38/82
[DB] Running migration 39/82
[DB] Running migration 40/82
[DB] Running migration 41/82
[DB] Running migration 42/82
[DB] Running migration 43/82
[DB] Running migration 44/82
[DB] Running migration 45/82
[DB] Running migration 46/82
[DB] Running migration 47/82
[DB] Running migration 48/82
[DB] Running migration 49/82
[DB] Running migration 50/82
[DB] Running migration 51/82
[DB] Running migration 52/82
[DB] Running migration 53/82
[DB] Running migration 54/82
[DB] Running migration 55/82
[DB] Running migration 56/82
[DB] Running migration 57/82
[DB] Running migration 58/82
[DB] Running migration 59/82
[DB] Running migration 60/82
[DB] Running migration 61/82
[DB] Running migration 62/82
[DB] Running migration 63/82
[DB] Running migration 64/82
[DB] Running migration 65/82
[DB] Running migration 66/82
[DB] Running migration 67/82
[DB] Running migration 68/82
[DB] Running migration 69/82
[DB] Running migration 70/82
[DB] Running migration 71/82
[DB] Running migration 72/82
[DB] Running migration 73/82
[DB] Running migration 74/82
[DB] Running migration 75/82
[DB] Running migration 76/82
[DB] Running migration 77/82
[DB] Running migration 78/82
[DB] Running migration 79/82
[DB] Running migration 80/82
[DB] Running migration 81/82
[DB] Running migration 82/82
[DB] Migrations complete — schema version 82

stdout | tests/integration/misc.test.ts
[DB] Schema already up-to-date, setting version to 19
[DB] Running migration 20/82
[DB] Running migration 21/82
[DB] Running migration 22/82
[DB] Migrated reservation data from places to day_assignments
[DB] Running migration 23/82
[DB] Running migration 24/82
[DB] Running migration 25/82
[DB] Running migration 26/82
[DB] Running migration 27/82
[DB] Running migration 28/82
[DB] Running migration 29/82
[DB] Running migration 30/82
[DB] Running migration 31/82
[DB] Running migration 32/82
[DB] Running migration 33/82
[DB] Running migration 34/82
[DB] Running migration 35/82
[DB] Running migration 36/82
[DB] Running migration 37/82
[DB] Running migration 38/82
[DB] Running migration 39/82
[DB] Running migration 40/82
[DB] Running migration 41/82
[DB] Running migration 42/82
[DB] Running migration 43/82
[DB] Running migration 44/82
[DB] Running migration 45/82
[DB] Running migration 46/82
[DB] Running migration 47/82
[DB] Running migration 48/82
[DB] Running migration 49/82
[DB] Running migration 50/82
[DB] Running migration 51/82
[DB] Running migration 52/82
[DB] Running migration 53/82
[DB] Running migration 54/82
[DB] Running migration 55/82
[DB] Running migration 56/82
[DB] Running migration 57/82
[DB] Running migration 58/82
[DB] Running migration 59/82
[DB] Running migration 60/82
[DB] Running migration 61/82
[DB] Running migration 62/82
[DB] Running migration 63/82
[DB] Running migration 64/82
[DB] Running migration 65/82
[DB] Running migration 66/82
[DB] Running migration 67/82
[DB] Running migration 68/82
[DB] Running migration 69/82
[DB] Running migration 70/82
[DB] Running migration 71/82
[DB] Running migration 72/82
[DB] Running migration 73/82
[DB] Running migration 74/82
[DB] Running migration 75/82
[DB] Running migration 76/82
[DB] Running migration 77/82
[DB] Running migration 78/82
[DB] Running migration 79/82
[DB] Running migration 80/82
[DB] Running migration 81/82
[DB] Running migration 82/82
[DB] Migrations complete — schema version 82

stdout | tests/integration/maps.test.ts
[DB] Schema already up-to-date, setting version to 19
[DB] Running migration 20/82
[DB] Running migration 21/82
[DB] Running migration 22/82
[DB] Migrated reservation data from places to day_assignments
[DB] Running migration 23/82
[DB] Running migration 24/82
[DB] Running migration 25/82
[DB] Running migration 26/82
[DB] Running migration 27/82
[DB] Running migration 28/82
[DB] Running migration 29/82
[DB] Running migration 30/82
[DB] Running migration 31/82
[DB] Running migration 32/82
[DB] Running migration 33/82
[DB] Running migration 34/82
[DB] Running migration 35/82
[DB] Running migration 36/82
[DB] Running migration 37/82
[DB] Running migration 38/82
[DB] Running migration 39/82
[DB] Running migration 40/82
[DB] Running migration 41/82
[DB] Running migration 42/82
[DB] Running migration 43/82
[DB] Running migration 44/82
[DB] Running migration 45/82
[DB] Running migration 46/82
[DB] Running migration 47/82
[DB] Running migration 48/82
[DB] Running migration 49/82
[DB] Running migration 50/82
[DB] Running migration 51/82
[DB] Running migration 52/82
[DB] Running migration 53/82
[DB] Running migration 54/82
[DB] Running migration 55/82
[DB] Running migration 56/82
[DB] Running migration 57/82
[DB] Running migration 58/82
[DB] Running migration 59/82
[DB] Running migration 60/82
[DB] Running migration 61/82
[DB] Running migration 62/82
[DB] Running migration 63/82
[DB] Running migration 64/82
[DB] Running migration 65/82
[DB] Running migration 66/82
[DB] Running migration 67/82
[DB] Running migration 68/82
[DB] Running migration 69/82
[DB] Running migration 70/82
[DB] Running migration 71/82
[DB] Running migration 72/82
[DB] Running migration 73/82
[DB] Running migration 74/82
[DB] Running migration 75/82
[DB] Running migration 76/82
[DB] Running migration 77/82
[DB] Running migration 78/82
[DB] Running migration 79/82
[DB] Running migration 80/82
[DB] Running migration 81/82
[DB] Running migration 82/82
[DB] Migrations complete — schema version 82

 ✓ tests/unit/mcp/tools-reservations.test.ts > Tool: create_reservation > creates a basic flight reservation 40ms
 ✓ tests/integration/misc.test.ts > Health check > MISC-001 — GET /api/health returns 200 with status ok 17ms
 × tests/integration/misc.test.ts > Addons list > MISC-002 — GET /api/addons returns enabled addons 27ms
   → expected 401 to be 200 // Object.is equality
 ✓ tests/integration/misc.test.ts > Photo endpoint auth > MISC-007 — GET /uploads/files without auth is blocked (401) 2ms
 ✓ tests/integration/misc.test.ts > Force HTTPS redirect > MISC-004 — FORCE_HTTPS redirect sends 301 for HTTP requests 3ms
 ✓ tests/integration/misc.test.ts > Force HTTPS redirect > MISC-004 — no redirect when FORCE_HTTPS is not set 3ms
 × tests/integration/misc.test.ts > Categories endpoint > MISC-013/PLACE-015 — GET /api/categories returns seeded categories 4ms
   → expected 401 to be 200 // Object.is equality
 ✓ tests/integration/misc.test.ts > App config > MISC-015 — GET /api/auth/app-config returns configuration 15ms
stdout | tests/websocket/connection.test.ts
[DB] Schema already up-to-date, setting version to 19
[DB] Running migration 20/82
[DB] Running migration 21/82
[DB] Running migration 22/82
[DB] Migrated reservation data from places to day_assignments
[DB] Running migration 23/82
[DB] Running migration 24/82
[DB] Running migration 25/82
[DB] Running migration 26/82
[DB] Running migration 27/82
[DB] Running migration 28/82
[DB] Running migration 29/82
[DB] Running migration 30/82
[DB] Running migration 31/82
[DB] Running migration 32/82
[DB] Running migration 33/82
[DB] Running migration 34/82
[DB] Running migration 35/82
[DB] Running migration 36/82
[DB] Running migration 37/82
[DB] Running migration 38/82
[DB] Running migration 39/82
[DB] Running migration 40/82
[DB] Running migration 41/82
[DB] Running migration 42/82
[DB] Running migration 43/82
[DB] Running migration 44/82
[DB] Running migration 45/82
[DB] Running migration 46/82
[DB] Running migration 47/82
[DB] Running migration 48/82
[DB] Running migration 49/82
[DB] Running migration 50/82
[DB] Running migration 51/82
[DB] Running migration 52/82
[DB] Running migration 53/82
[DB] Running migration 54/82
[DB] Running migration 55/82
[DB] Running migration 56/82
[DB] Running migration 57/82
[DB] Running migration 58/82
[DB] Running migration 59/82
[DB] Running migration 60/82
[DB] Running migration 61/82
[DB] Running migration 62/82
[DB] Running migration 63/82
[DB] Running migration 64/82
[DB] Running migration 65/82
[DB] Running migration 66/82
[DB] Running migration 67/82
[DB] Running migration 68/82
[DB] Running migration 69/82
[DB] Running migration 70/82
[DB] Running migration 71/82
[DB] Running migration 72/82
[DB] Running migration 73/82
[DB] Running migration 74/82
[DB] Running migration 75/82
[DB] Running migration 76/82
[DB] Running migration 77/82
[DB] Running migration 78/82
[DB] Running migration 79/82
[DB] Running migration 80/82
[DB] Running migration 81/82
[DB] Running migration 82/82
[DB] Migrations complete — schema version 82
WebSocket server attached at /ws

 ✓ tests/integration/maps.test.ts > Maps authentication > POST /maps/search without auth returns 401 18ms
 ✓ tests/integration/maps.test.ts > Maps authentication > GET /maps/reverse without auth returns 401 3ms
 × tests/integration/maps.test.ts > Maps validation > MAPS-001 — POST /maps/search without query returns 400 17ms
   → expected 401 to be 400 // Object.is equality
 × tests/integration/maps.test.ts > Maps validation > MAPS-006 — GET /maps/reverse without lat/lng returns 400 6ms
   → expected 401 to be 400 // Object.is equality
 × tests/integration/maps.test.ts > Maps validation > MAPS-007 — POST /maps/resolve-url without url returns 400 7ms
   → expected 401 to be 400 // Object.is equality
 × tests/integration/maps.test.ts > Maps SSRF protection > MAPS-007 — POST /maps/resolve-url with internal IP is blocked 10ms
   → expected 401 to be 400 // Object.is equality
 × tests/integration/maps.test.ts > Maps SSRF protection > MAPS-007 — POST /maps/resolve-url with loopback IP is blocked 4ms
   → expected 401 to be 400 // Object.is equality
stdout | tests/unit/mcp/tools-notes.test.ts
[DB] Schema already up-to-date, setting version to 19
[DB] Running migration 20/82
[DB] Running migration 21/82
[DB] Running migration 22/82
[DB] Migrated reservation data from places to day_assignments
[DB] Running migration 23/82
[DB] Running migration 24/82
[DB] Running migration 25/82
[DB] Running migration 26/82
[DB] Running migration 27/82
[DB] Running migration 28/82
[DB] Running migration 29/82
[DB] Running migration 30/82
[DB] Running migration 31/82
[DB] Running migration 32/82
[DB] Running migration 33/82
[DB] Running migration 34/82
[DB] Running migration 35/82
[DB] Running migration 36/82
[DB] Running migration 37/82
[DB] Running migration 38/82
[DB] Running migration 39/82
[DB] Running migration 40/82
[DB] Running migration 41/82
[DB] Running migration 42/82
[DB] Running migration 43/82
[DB] Running migration 44/82
[DB] Running migration 45/82
[DB] Running migration 46/82
[DB] Running migration 47/82
[DB] Running migration 48/82
[DB] Running migration 49/82
[DB] Running migration 50/82
[DB] Running migration 51/82
[DB] Running migration 52/82
[DB] Running migration 53/82
[DB] Running migration 54/82
[DB] Running migration 55/82
[DB] Running migration 56/82
[DB] Running migration 57/82
[DB] Running migration 58/82
[DB] Running migration 59/82
[DB] Running migration 60/82
[DB] Running migration 61/82
[DB] Running migration 62/82
[DB] Running migration 63/82
[DB] Running migration 64/82
[DB] Running migration 65/82
[DB] Running migration 66/82
[DB] Running migration 67/82
[DB] Running migration 68/82
[DB] Running migration 69/82
[DB] Running migration 70/82
[DB] Running migration 71/82
[DB] Running migration 72/82
[DB] Running migration 73/82
[DB] Running migration 74/82
[DB] Running migration 75/82
[DB] Running migration 76/82
[DB] Running migration 77/82
[DB] Running migration 78/82
[DB] Running migration 79/82
[DB] Running migration 80/82
[DB] Running migration 81/82
[DB] Running migration 82/82
[DB] Migrations complete — schema version 82

stdout | tests/unit/mcp/tools-assignments.test.ts
[DB] Schema already up-to-date, setting version to 19
[DB] Running migration 20/82
[DB] Running migration 21/82
[DB] Running migration 22/82
[DB] Migrated reservation data from places to day_assignments
[DB] Running migration 23/82
[DB] Running migration 24/82
[DB] Running migration 25/82
[DB] Running migration 26/82
[DB] Running migration 27/82
[DB] Running migration 28/82
[DB] Running migration 29/82
[DB] Running migration 30/82
[DB] Running migration 31/82
[DB] Running migration 32/82
[DB] Running migration 33/82
[DB] Running migration 34/82
[DB] Running migration 35/82
[DB] Running migration 36/82
[DB] Running migration 37/82
[DB] Running migration 38/82
[DB] Running migration 39/82
[DB] Running migration 40/82
[DB] Running migration 41/82
[DB] Running migration 42/82
[DB] Running migration 43/82
[DB] Running migration 44/82
[DB] Running migration 45/82
[DB] Running migration 46/82
[DB] Running migration 47/82
[DB] Running migration 48/82
[DB] Running migration 49/82
[DB] Running migration 50/82
[DB] Running migration 51/82
[DB] Running migration 52/82
[DB] Running migration 53/82
[DB] Running migration 54/82
[DB] Running migration 55/82
[DB] Running migration 56/82
[DB] Running migration 57/82
[DB] Running migration 58/82
[DB] Running migration 59/82
[DB] Running migration 60/82
[DB] Running migration 61/82
[DB] Running migration 62/82
[DB] Running migration 63/82
[DB] Running migration 64/82
[DB] Running migration 65/82
[DB] Running migration 66/82
[DB] Running migration 67/82
[DB] Running migration 68/82
[DB] Running migration 69/82
[DB] Running migration 70/82
[DB] Running migration 71/82
[DB] Running migration 72/82
[DB] Running migration 73/82
[DB] Running migration 74/82
[DB] Running migration 75/82
[DB] Running migration 76/82
[DB] Running migration 77/82
[DB] Running migration 78/82
[DB] Running migration 79/82
[DB] Running migration 80/82
[DB] Running migration 81/82
[DB] Running migration 82/82
[DB] Migrations complete — schema version 82

 ✓ tests/unit/mcp/tools-reservations.test.ts > Tool: create_reservation > creates a hotel reservation and links accommodation 18ms
 ✓ tests/unit/mcp/tools-reservations.test.ts > Tool: create_reservation > validates day_id belongs to trip 27ms
 ✓ tests/unit/mcp/tools-reservations.test.ts > Tool: create_reservation > validates assignment_id belongs to trip 12ms
 ✓ tests/unit/mcp/tools-reservations.test.ts > Tool: create_reservation > broadcasts reservation:created event 10ms
 ✓ tests/unit/mcp/tools-reservations.test.ts > Tool: create_reservation > broadcasts accommodation:created for hotel type 17ms
 ✓ tests/unit/mcp/tools-reservations.test.ts > Tool: create_reservation > returns access denied for non-member 16ms
 ✓ tests/websocket/connection.test.ts > WS connection > WS-001 — connects with valid ephemeral token and receives welcome 32ms
 ✓ tests/websocket/connection.test.ts > WS connection > WS-002 — connecting without token closes with code 4001 3ms
 ✓ tests/websocket/connection.test.ts > WS connection > WS-003 — connecting with invalid token closes with code 4001 3ms
 ✓ tests/websocket/connection.test.ts > WS rooms > WS-004 — join trip room receives joined confirmation 5ms
 ✓ tests/websocket/connection.test.ts > WS rooms > WS-005 — join trip without access receives error 7ms
 ✓ tests/websocket/connection.test.ts > WS rooms > WS-006 — leave room receives left confirmation 11ms
 ✓ tests/unit/mcp/tools-assignments.test.ts > Tool: assign_place_to_day > assigns a place to a day 47ms
 ✓ tests/unit/mcp/tools-assignments.test.ts > Tool: assign_place_to_day > auto-increments order_index for subsequent assignments 14ms
 ✓ tests/unit/mcp/tools-assignments.test.ts > Tool: assign_place_to_day > broadcasts assignment:created event 18ms
 ✓ tests/unit/mcp/tools-notes.test.ts > Tool: create_day_note > creates a note on a day 62ms
 ✓ tests/unit/mcp/tools-notes.test.ts > Tool: create_day_note > defaults icon to 📝 12ms
 ✓ tests/unit/mcp/tools-notes.test.ts > Tool: create_day_note > broadcasts dayNote:created event 22ms
 ✓ tests/unit/mcp/tools-reservations.test.ts > Tool: update_reservation > updates reservation fields 18ms
 ✓ tests/unit/mcp/tools-reservations.test.ts > Tool: update_reservation > updates reservation status to confirmed 13ms
 ✓ tests/unit/mcp/tools-reservations.test.ts > Tool: update_reservation > broadcasts reservation:updated event 11ms
 ✓ tests/unit/mcp/tools-reservations.test.ts > Tool: update_reservation > returns error for reservation not found 18ms
 ✓ tests/unit/mcp/tools-reservations.test.ts > Tool: update_reservation > validates place_id belongs to trip 24ms
 ✓ tests/unit/mcp/tools-reservations.test.ts > Tool: update_reservation > returns access denied for non-member 37ms
 ✓ tests/unit/mcp/tools-assignments.test.ts > Tool: assign_place_to_day > returns error when day does not belong to trip 23ms
 ✓ tests/unit/mcp/tools-assignments.test.ts > Tool: assign_place_to_day > returns error when place does not belong to trip 10ms
 ✓ tests/unit/mcp/tools-assignments.test.ts > Tool: assign_place_to_day > returns access denied for non-member 23ms
 ✓ tests/unit/mcp/tools-assignments.test.ts > Tool: unassign_place > removes a place assignment from a day 16ms
 ✓ tests/unit/mcp/tools-assignments.test.ts > Tool: unassign_place > broadcasts assignment:deleted event 10ms
 ✓ tests/unit/mcp/tools-assignments.test.ts > Tool: unassign_place > returns error when assignment is not found 11ms
 ✓ tests/unit/mcp/tools-assignments.test.ts > Tool: unassign_place > returns access denied for non-member 18ms
 ✓ tests/unit/mcp/tools-notes.test.ts > Tool: create_day_note > returns error when day does not belong to trip 14ms
 ✓ tests/unit/mcp/tools-notes.test.ts > Tool: create_day_note > returns access denied for non-member 22ms
 ✓ tests/unit/mcp/tools-notes.test.ts > Tool: update_day_note > updates note text, time, icon 23ms
 ✓ tests/unit/mcp/tools-notes.test.ts > Tool: update_day_note > trims text whitespace 8ms
 ✓ tests/unit/mcp/tools-notes.test.ts > Tool: update_day_note > broadcasts dayNote:updated event 11ms
 ✓ tests/unit/mcp/tools-notes.test.ts > Tool: update_day_note > returns error when note not found 32ms
 ✓ tests/unit/mcp/tools-reservations.test.ts > Tool: delete_reservation > deletes a reservation 13ms
 ✓ tests/unit/mcp/tools-reservations.test.ts > Tool: delete_reservation > cascades to accommodation when linked 86ms
 ✓ tests/unit/mcp/tools-reservations.test.ts > Tool: delete_reservation > broadcasts reservation:deleted event 62ms
 ✓ tests/unit/mcp/tools-notes.test.ts > Tool: update_day_note > returns access denied for non-member 46ms
 ✓ tests/unit/mcp/tools-notes.test.ts > Tool: delete_day_note > deletes a day note 27ms
 ✓ tests/unit/mcp/tools-notes.test.ts > Tool: delete_day_note > broadcasts dayNote:deleted event 71ms
 ✓ tests/unit/mcp/tools-assignments.test.ts > Tool: reorder_day_assignments > reorders assignments by updating order_index 62ms
 ✓ tests/unit/mcp/tools-assignments.test.ts > Tool: reorder_day_assignments > broadcasts assignment:reordered event 25ms
 ✓ tests/unit/mcp/tools-assignments.test.ts > Tool: reorder_day_assignments > returns error when day does not belong to trip 204ms
 ✓ tests/unit/mcp/tools-notes.test.ts > Tool: delete_day_note > returns error when note not found 137ms
 ✓ tests/unit/mcp/tools-reservations.test.ts > Tool: delete_reservation > returns error for reservation not found 147ms
stdout | tests/unit/mcp/tools-trips.test.ts
[DB] Schema already up-to-date, setting version to 19
[DB] Running migration 20/82
[DB] Running migration 21/82
[DB] Running migration 22/82
[DB] Migrated reservation data from places to day_assignments
[DB] Running migration 23/82
[DB] Running migration 24/82
[DB] Running migration 25/82
[DB] Running migration 26/82
[DB] Running migration 27/82
[DB] Running migration 28/82
[DB] Running migration 29/82
[DB] Running migration 30/82
[DB] Running migration 31/82
[DB] Running migration 32/82
[DB] Running migration 33/82
[DB] Running migration 34/82
[DB] Running migration 35/82
[DB] Running migration 36/82
[DB] Running migration 37/82
[DB] Running migration 38/82
[DB] Running migration 39/82
[DB] Running migration 40/82
[DB] Running migration 41/82
[DB] Running migration 42/82
[DB] Running migration 43/82
[DB] Running migration 44/82
[DB] Running migration 45/82
[DB] Running migration 46/82
[DB] Running migration 47/82
[DB] Running migration 48/82
[DB] Running migration 49/82
[DB] Running migration 50/82
[DB] Running migration 51/82
[DB] Running migration 52/82
[DB] Running migration 53/82
[DB] Running migration 54/82
[DB] Running migration 55/82
[DB] Running migration 56/82
[DB] Running migration 57/82
[DB] Running migration 58/82
[DB] Running migration 59/82
[DB] Running migration 60/82
[DB] Running migration 61/82
[DB] Running migration 62/82
[DB] Running migration 63/82
[DB] Running migration 64/82
[DB] Running migration 65/82
[DB] Running migration 66/82
[DB] Running migration 67/82
[DB] Running migration 68/82
[DB] Running migration 69/82
[DB] Running migration 70/82
[DB] Running migration 71/82
[DB] Running migration 72/82
[DB] Running migration 73/82
[DB] Running migration 74/82
[DB] Running migration 75/82
[DB] Running migration 76/82
[DB] Running migration 77/82
[DB] Running migration 78/82
[DB] Running migration 79/82
[DB] Running migration 80/82
[DB] Running migration 81/82
[DB] Running migration 82/82
[DB] Migrations complete — schema version 82

 ✓ tests/unit/mcp/tools-trips.test.ts > Tool: create_trip > creates a trip with title only and generates 7 default days 70ms
 ✓ tests/unit/mcp/tools-notes.test.ts > Tool: delete_day_note > returns access denied for non-member 19ms
 ✓ tests/unit/mcp/tools-notes.test.ts > Tool: create_collab_note > creates a collab note with all fields 16ms
 ✓ tests/unit/mcp/tools-notes.test.ts > Tool: create_collab_note > defaults category to "General" and color to "#6366f1" 23ms
 ✓ tests/unit/mcp/tools-notes.test.ts > Tool: create_collab_note > broadcasts collab:note:created event 20ms
 ✓ tests/unit/mcp/tools-notes.test.ts > Tool: create_collab_note > returns access denied for non-member 46ms
 ✓ tests/unit/mcp/tools-reservations.test.ts > Tool: delete_reservation > returns access denied for non-member 25ms
 ✓ tests/unit/mcp/tools-reservations.test.ts > Tool: link_hotel_accommodation > creates new accommodation link for a hotel reservation 22ms
 ✓ tests/unit/mcp/tools-reservations.test.ts > Tool: link_hotel_accommodation > updates existing accommodation link 41ms
 ✓ tests/unit/mcp/tools-reservations.test.ts > Tool: link_hotel_accommodation > returns error for non-hotel reservation 40ms
 ✓ tests/unit/mcp/tools-assignments.test.ts > Tool: reorder_day_assignments > returns access denied for non-member 29ms
 ✓ tests/unit/mcp/tools-assignments.test.ts > Tool: update_assignment_time > sets start and end times for an assignment 19ms
 ✓ tests/unit/mcp/tools-assignments.test.ts > Tool: update_assignment_time > clears times with null 21ms
 ✓ tests/unit/mcp/tools-assignments.test.ts > Tool: update_assignment_time > broadcasts assignment:updated event 21ms
 ✓ tests/unit/mcp/tools-assignments.test.ts > Tool: update_assignment_time > returns error when assignment not found 50ms
 ✓ tests/unit/mcp/tools-assignments.test.ts > Tool: update_assignment_time > returns access denied for non-member 26ms
 ✓ tests/unit/mcp/tools-reservations.test.ts > Tool: link_hotel_accommodation > validates place_id belongs to trip 37ms
 ✓ tests/unit/mcp/tools-reservations.test.ts > Tool: link_hotel_accommodation > returns access denied for non-member 19ms
 ✓ tests/unit/mcp/tools-trips.test.ts > Tool: create_trip > creates a trip with dates and auto-generates correct number of days 29ms
 ✓ tests/unit/mcp/tools-trips.test.ts > Tool: create_trip > caps days at 90 for very long trips 38ms
 ✓ tests/unit/mcp/tools-trips.test.ts > Tool: create_trip > returns error for invalid start_date format 26ms
 ✓ tests/unit/mcp/tools-trips.test.ts > Tool: create_trip > returns error when end_date is before start_date 12ms
 ✓ tests/unit/mcp/tools-notes.test.ts > Tool: update_collab_note > updates collab note fields 20ms
 ✓ tests/unit/mcp/tools-notes.test.ts > Tool: update_collab_note > broadcasts collab:note:updated event 23ms
 ✓ tests/unit/mcp/tools-notes.test.ts > Tool: update_collab_note > returns error when note not found 14ms
 ✓ tests/unit/mcp/tools-notes.test.ts > Tool: update_collab_note > returns access denied for non-member 17ms
 ✓ tests/unit/mcp/tools-notes.test.ts > Tool: delete_collab_note > deletes a collab note 13ms
 ✓ tests/unit/mcp/tools-notes.test.ts > Tool: delete_collab_note > deletes associated trip_files records from the database 34ms
 ✓ tests/unit/mcp/tools-notes.test.ts > Tool: delete_collab_note > broadcasts collab:note:deleted event 11ms
 ✓ tests/unit/mcp/tools-notes.test.ts > Tool: delete_collab_note > returns error when note not found 8ms
 ✓ tests/unit/mcp/tools-notes.test.ts > Tool: delete_collab_note > returns access denied for non-member 12ms
 ✓ tests/unit/mcp/tools-trips.test.ts > Tool: create_trip > blocks demo user 24ms
 ✓ tests/unit/mcp/tools-trips.test.ts > Tool: update_trip > updates trip title 10ms
 ✓ tests/unit/mcp/tools-trips.test.ts > Tool: update_trip > partial update preserves unspecified fields 16ms
 ✓ tests/unit/mcp/tools-trips.test.ts > Tool: update_trip > broadcasts trip:updated event 23ms
 ✓ tests/unit/mcp/tools-trips.test.ts > Tool: update_trip > returns access denied for non-member 24ms
 ✓ tests/unit/mcp/tools-trips.test.ts > Tool: update_trip > blocks demo user 25ms
 ✓ tests/unit/mcp/tools-trips.test.ts > Tool: delete_trip > owner can delete trip 30ms
 ✓ tests/unit/mcp/tools-trips.test.ts > Tool: delete_trip > non-owner member cannot delete trip 30ms
 ✓ tests/unit/mcp/tools-trips.test.ts > Tool: delete_trip > blocks demo user 10ms
 ✓ tests/unit/mcp/tools-trips.test.ts > Tool: list_trips > returns owned and member trips 28ms
 ✓ tests/unit/mcp/tools-trips.test.ts > Tool: list_trips > excludes archived trips by default 32ms
 ✓ tests/unit/mcp/tools-trips.test.ts > Tool: list_trips > includes archived trips when include_archived is true 18ms
 ✓ tests/unit/mcp/tools-trips.test.ts > Tool: get_trip_summary > returns full denormalized trip snapshot 141ms
 ✓ tests/unit/mcp/tools-trips.test.ts > Tool: get_trip_summary > returns access denied for non-member 15ms
 ✓ tests/unit/mcp/tools-trips.test.ts > Tool: get_trip_summary > is not blocked for demo user (read-only tool) 19ms
stdout | tests/unit/mcp/tools-packing.test.ts
[DB] Schema already up-to-date, setting version to 19
[DB] Running migration 20/82
[DB] Running migration 21/82
[DB] Running migration 22/82
[DB] Migrated reservation data from places to day_assignments
[DB] Running migration 23/82
[DB] Running migration 24/82
[DB] Running migration 25/82
[DB] Running migration 26/82
[DB] Running migration 27/82
[DB] Running migration 28/82
[DB] Running migration 29/82
[DB] Running migration 30/82
[DB] Running migration 31/82
[DB] Running migration 32/82
[DB] Running migration 33/82
[DB] Running migration 34/82
[DB] Running migration 35/82
[DB] Running migration 36/82
[DB] Running migration 37/82
[DB] Running migration 38/82
[DB] Running migration 39/82
[DB] Running migration 40/82
[DB] Running migration 41/82
[DB] Running migration 42/82
[DB] Running migration 43/82
[DB] Running migration 44/82
[DB] Running migration 45/82
[DB] Running migration 46/82
[DB] Running migration 47/82
[DB] Running migration 48/82
[DB] Running migration 49/82
[DB] Running migration 50/82
[DB] Running migration 51/82
[DB] Running migration 52/82
[DB] Running migration 53/82
[DB] Running migration 54/82
[DB] Running migration 55/82
[DB] Running migration 56/82
[DB] Running migration 57/82
[DB] Running migration 58/82
[DB] Running migration 59/82
[DB] Running migration 60/82
[DB] Running migration 61/82
[DB] Running migration 62/82
[DB] Running migration 63/82
[DB] Running migration 64/82
[DB] Running migration 65/82
[DB] Running migration 66/82
[DB] Running migration 67/82
[DB] Running migration 68/82
[DB] Running migration 69/82
[DB] Running migration 70/82
[DB] Running migration 71/82
[DB] Running migration 72/82
[DB] Running migration 73/82
[DB] Running migration 74/82
[DB] Running migration 75/82
[DB] Running migration 76/82
[DB] Running migration 77/82
[DB] Running migration 78/82
[DB] Running migration 79/82
[DB] Running migration 80/82
[DB] Running migration 81/82
[DB] Running migration 82/82
[DB] Migrations complete — schema version 82

stdout | tests/unit/mcp/tools-budget.test.ts
[DB] Schema already up-to-date, setting version to 19
[DB] Running migration 20/82
[DB] Running migration 21/82
[DB] Running migration 22/82
[DB] Migrated reservation data from places to day_assignments
[DB] Running migration 23/82
[DB] Running migration 24/82
[DB] Running migration 25/82
[DB] Running migration 26/82
[DB] Running migration 27/82
[DB] Running migration 28/82
[DB] Running migration 29/82
[DB] Running migration 30/82
[DB] Running migration 31/82
[DB] Running migration 32/82
[DB] Running migration 33/82
[DB] Running migration 34/82
[DB] Running migration 35/82
[DB] Running migration 36/82
[DB] Running migration 37/82
[DB] Running migration 38/82
[DB] Running migration 39/82
[DB] Running migration 40/82
[DB] Running migration 41/82
[DB] Running migration 42/82
[DB] Running migration 43/82
[DB] Running migration 44/82
[DB] Running migration 45/82
[DB] Running migration 46/82
[DB] Running migration 47/82
[DB] Running migration 48/82
[DB] Running migration 49/82
[DB] Running migration 50/82
[DB] Running migration 51/82
[DB] Running migration 52/82
[DB] Running migration 53/82
[DB] Running migration 54/82
[DB] Running migration 55/82
[DB] Running migration 56/82
[DB] Running migration 57/82
[DB] Running migration 58/82
[DB] Running migration 59/82
[DB] Running migration 60/82
[DB] Running migration 61/82
[DB] Running migration 62/82
[DB] Running migration 63/82
[DB] Running migration 64/82
[DB] Running migration 65/82
[DB] Running migration 66/82
[DB] Running migration 67/82
[DB] Running migration 68/82
[DB] Running migration 69/82
[DB] Running migration 70/82
[DB] Running migration 71/82
[DB] Running migration 72/82
[DB] Running migration 73/82
[DB] Running migration 74/82
[DB] Running migration 75/82
[DB] Running migration 76/82
[DB] Running migration 77/82
[DB] Running migration 78/82
[DB] Running migration 79/82
[DB] Running migration 80/82
[DB] Running migration 81/82
[DB] Running migration 82/82
[DB] Migrations complete — schema version 82

 ✓ tests/unit/mcp/tools-packing.test.ts > Tool: create_packing_item > creates a packing item 57ms
 ✓ tests/unit/mcp/tools-packing.test.ts > Tool: create_packing_item > defaults category to "General" 14ms
 ✓ tests/unit/mcp/tools-packing.test.ts > Tool: create_packing_item > broadcasts packing:created event 25ms
 ✓ tests/unit/mcp/tools-budget.test.ts > Tool: create_budget_item > creates a budget item with all fields 58ms
 ✓ tests/unit/mcp/tools-budget.test.ts > Tool: create_budget_item > defaults category to "Other" when not specified 19ms
 ✓ tests/unit/mcp/tools-packing.test.ts > Tool: create_packing_item > returns access denied for non-member 14ms
 ✓ tests/unit/mcp/tools-packing.test.ts > Tool: create_packing_item > blocks demo user 15ms
 ✓ tests/unit/mcp/tools-packing.test.ts > Tool: update_packing_item > updates packing item name and category 30ms
 ✓ tests/unit/mcp/tools-packing.test.ts > Tool: update_packing_item > broadcasts packing:updated event 9ms
 ✓ tests/unit/mcp/tools-packing.test.ts > Tool: update_packing_item > returns error for item not found 9ms
 ✓ tests/unit/mcp/tools-packing.test.ts > Tool: update_packing_item > returns access denied for non-member 15ms
 ✓ tests/unit/mcp/tools-packing.test.ts > Tool: toggle_packing_item > checks a packing item 18ms
 ✓ tests/unit/mcp/tools-budget.test.ts > Tool: create_budget_item > broadcasts budget:created event 39ms
 ✓ tests/unit/mcp/tools-budget.test.ts > Tool: create_budget_item > returns access denied for non-member 20ms
 ✓ tests/unit/mcp/tools-budget.test.ts > Tool: create_budget_item > blocks demo user 16ms
 ✓ tests/unit/mcp/tools-budget.test.ts > Tool: update_budget_item > updates budget item fields 42ms
 ✓ tests/unit/mcp/tools-packing.test.ts > Tool: toggle_packing_item > unchecks a packing item 30ms
 ✓ tests/unit/mcp/tools-packing.test.ts > Tool: toggle_packing_item > broadcasts packing:updated event 12ms
 ✓ tests/unit/mcp/tools-packing.test.ts > Tool: toggle_packing_item > returns error for item not found 57ms
 ✓ tests/unit/mcp/tools-packing.test.ts > Tool: toggle_packing_item > returns access denied for non-member 14ms
 ✓ tests/unit/mcp/tools-budget.test.ts > Tool: update_budget_item > broadcasts budget:updated event 18ms
 ✓ tests/unit/mcp/tools-budget.test.ts > Tool: update_budget_item > returns error for item not found 18ms
 ✓ tests/unit/mcp/tools-budget.test.ts > Tool: update_budget_item > returns access denied for non-member 35ms
 ✓ tests/unit/mcp/tools-budget.test.ts > Tool: delete_budget_item > deletes an existing budget item 15ms
 ✓ tests/unit/mcp/tools-budget.test.ts > Tool: delete_budget_item > broadcasts budget:deleted event 17ms
 ✓ tests/websocket/connection.test.ts > WS rate limiting > WS-008 — exceeding 30 messages per window triggers rate-limit error 1517ms
stdout | tests/unit/services/notificationPreferencesService.test.ts
[DB] Schema already up-to-date, setting version to 19
[DB] Running migration 20/82
[DB] Running migration 21/82
[DB] Running migration 22/82
[DB] Migrated reservation data from places to day_assignments
[DB] Running migration 23/82
[DB] Running migration 24/82
[DB] Running migration 25/82
[DB] Running migration 26/82
[DB] Running migration 27/82
[DB] Running migration 28/82
[DB] Running migration 29/82
[DB] Running migration 30/82
[DB] Running migration 31/82
[DB] Running migration 32/82
[DB] Running migration 33/82
[DB] Running migration 34/82
[DB] Running migration 35/82
[DB] Running migration 36/82
[DB] Running migration 37/82
[DB] Running migration 38/82
[DB] Running migration 39/82
[DB] Running migration 40/82
[DB] Running migration 41/82
[DB] Running migration 42/82
[DB] Running migration 43/82
[DB] Running migration 44/82
[DB] Running migration 45/82
[DB] Running migration 46/82
[DB] Running migration 47/82
[DB] Running migration 48/82
[DB] Running migration 49/82
[DB] Running migration 50/82
[DB] Running migration 51/82
[DB] Running migration 52/82
[DB] Running migration 53/82
[DB] Running migration 54/82
[DB] Running migration 55/82
[DB] Running migration 56/82
[DB] Running migration 57/82
[DB] Running migration 58/82
[DB] Running migration 59/82
[DB] Running migration 60/82
[DB] Running migration 61/82
[DB] Running migration 62/82
[DB] Running migration 63/82
[DB] Running migration 64/82
[DB] Running migration 65/82
[DB] Running migration 66/82
[DB] Running migration 67/82
[DB] Running migration 68/82
[DB] Running migration 69/82
[DB] Running migration 70/82
[DB] Running migration 71/82
[DB] Running migration 72/82
[DB] Running migration 73/82
[DB] Running migration 74/82
[DB] Running migration 75/82
[DB] Running migration 76/82
[DB] Running migration 77/82
[DB] Running migration 78/82
[DB] Running migration 79/82
[DB] Running migration 80/82
[DB] Running migration 81/82
[DB] Running migration 82/82
[DB] Migrations complete — schema version 82

 ✓ tests/unit/mcp/tools-budget.test.ts > Tool: delete_budget_item > returns error for item not found 28ms
 ✓ tests/unit/mcp/tools-budget.test.ts > Tool: delete_budget_item > returns access denied for non-member 50ms
 ✓ tests/unit/services/notificationPreferencesService.test.ts > isEnabledForEvent > NPREF-001 — returns true when no row exists (default enabled) 18ms
 ✓ tests/unit/mcp/tools-packing.test.ts > Tool: delete_packing_item > deletes an existing packing item 24ms
 ✓ tests/unit/mcp/tools-packing.test.ts > Tool: delete_packing_item > broadcasts packing:deleted event 24ms
 ✓ tests/unit/mcp/tools-packing.test.ts > Tool: delete_packing_item > returns error for item not found 50ms
 ✓ tests/unit/mcp/tools-packing.test.ts > Tool: delete_packing_item > returns access denied for non-member 33ms
 ✓ tests/unit/services/notificationPreferencesService.test.ts > isEnabledForEvent > NPREF-002 — returns true when row exists with enabled=1 10ms
 ✓ tests/unit/services/notificationPreferencesService.test.ts > isEnabledForEvent > NPREF-003 — returns false when row exists with enabled=0 4ms
 ✓ tests/unit/services/notificationPreferencesService.test.ts > getPreferencesMatrix > NPREF-004 — regular user does not see version_available in event_types 5ms
 ✓ tests/unit/services/notificationPreferencesService.test.ts > getPreferencesMatrix > NPREF-005 — user scope excludes version_available for everyone including admins 2ms
 ✓ tests/unit/services/notificationPreferencesService.test.ts > getPreferencesMatrix > NPREF-005b — admin scope returns only version_available 3ms
 ✓ tests/unit/services/notificationPreferencesService.test.ts > getPreferencesMatrix > NPREF-006 — returns default true for all preferences when no stored prefs 2ms
 ✓ tests/unit/services/notificationPreferencesService.test.ts > getPreferencesMatrix > NPREF-007 — reflects stored disabled preferences in the matrix 4ms
 ✓ tests/unit/services/notificationPreferencesService.test.ts > getPreferencesMatrix > NPREF-008 — available_channels.inapp is always true 1ms
 ✓ tests/unit/services/notificationPreferencesService.test.ts > getPreferencesMatrix > NPREF-009 — available_channels.email is true when email is in notification_channels 2ms
 ✓ tests/unit/services/notificationPreferencesService.test.ts > getPreferencesMatrix > NPREF-010 — available_channels.email is false when email is not in notification_channels 1ms
 ✓ tests/unit/services/notificationPreferencesService.test.ts > getPreferencesMatrix > NPREF-011 — implemented_combos maps version_available to [inapp, email, webhook] 3ms
 ✓ tests/unit/services/notificationPreferencesService.test.ts > setPreferences > NPREF-012 — disabling a preference inserts a row with enabled=0 2ms
 ✓ tests/unit/services/notificationPreferencesService.test.ts > setPreferences > NPREF-013 — re-enabling a preference removes the disabled row 2ms
 ✓ tests/unit/services/notificationPreferencesService.test.ts > setPreferences > NPREF-014 — bulk update handles multiple event+channel combos 2ms
 ✓ tests/unit/services/notificationPreferencesService.test.ts > getActiveChannels > NPREF-015 — returns [] when notification_channels is none 0ms
 ✓ tests/unit/services/notificationPreferencesService.test.ts > getActiveChannels > NPREF-016 — returns [email] when notification_channels is email 0ms
 ✓ tests/unit/services/notificationPreferencesService.test.ts > getActiveChannels > NPREF-017 — returns [email, webhook] when notification_channels is email,webhook 0ms
 ✓ tests/unit/services/notificationPreferencesService.test.ts > getActiveChannels > NPREF-018 — falls back to notification_channel (singular) when plural key absent 0ms
 ✓ tests/unit/services/notificationPreferencesService.test.ts > getAvailableChannels > NPREF-019 — detects SMTP config from app_settings.smtp_host 0ms
 ✓ tests/unit/services/notificationPreferencesService.test.ts > getAvailableChannels > NPREF-020 — webhook available when admin has enabled the webhook channel 0ms
 ✓ tests/unit/services/notificationPreferencesService.test.ts > getAvailableChannels > NPREF-021 — detects SMTP config from env var SMTP_HOST 0ms
 ✓ tests/unit/services/notificationPreferencesService.test.ts > setAdminPreferences > NPREF-022 — disabling email for version_available stores global pref in app_settings 2ms
 ✓ tests/unit/services/notificationPreferencesService.test.ts > setAdminPreferences > NPREF-023 — disabling inapp for version_available stores per-user row in notification_channel_preferences 1ms
 ✓ tests/unit/services/notificationPreferencesService.test.ts > setAdminPreferences > NPREF-024 — re-enabling inapp removes the disabled per-user row 3ms
 ✓ tests/unit/services/notificationPreferencesService.test.ts > setAdminPreferences > NPREF-025 — enabling email stores global pref as "1" in app_settings 4ms
stdout | tests/unit/mcp/tools-places.test.ts
[DB] Schema already up-to-date, setting version to 19
[DB] Running migration 20/82
[DB] Running migration 21/82
[DB] Running migration 22/82
[DB] Migrated reservation data from places to day_assignments
[DB] Running migration 23/82
[DB] Running migration 24/82
[DB] Running migration 25/82
[DB] Running migration 26/82
[DB] Running migration 27/82
[DB] Running migration 28/82
[DB] Running migration 29/82
[DB] Running migration 30/82
[DB] Running migration 31/82
[DB] Running migration 32/82
[DB] Running migration 33/82
[DB] Running migration 34/82
[DB] Running migration 35/82
[DB] Running migration 36/82
[DB] Running migration 37/82
[DB] Running migration 38/82
[DB] Running migration 39/82
[DB] Running migration 40/82
[DB] Running migration 41/82
[DB] Running migration 42/82
[DB] Running migration 43/82
[DB] Running migration 44/82
[DB] Running migration 45/82
[DB] Running migration 46/82
[DB] Running migration 47/82
[DB] Running migration 48/82
[DB] Running migration 49/82
[DB] Running migration 50/82
[DB] Running migration 51/82
[DB] Running migration 52/82
[DB] Running migration 53/82
[DB] Running migration 54/82
[DB] Running migration 55/82
[DB] Running migration 56/82
[DB] Running migration 57/82
[DB] Running migration 58/82
[DB] Running migration 59/82
[DB] Running migration 60/82
[DB] Running migration 61/82
[DB] Running migration 62/82
[DB] Running migration 63/82
[DB] Running migration 64/82
[DB] Running migration 65/82
[DB] Running migration 66/82
[DB] Running migration 67/82
[DB] Running migration 68/82
[DB] Running migration 69/82
[DB] Running migration 70/82
[DB] Running migration 71/82
[DB] Running migration 72/82
[DB] Running migration 73/82
[DB] Running migration 74/82
[DB] Running migration 75/82
[DB] Running migration 76/82
[DB] Running migration 77/82
[DB] Running migration 78/82
[DB] Running migration 79/82
[DB] Running migration 80/82
[DB] Running migration 81/82
[DB] Running migration 82/82
[DB] Migrations complete — schema version 82

stdout | tests/unit/mcp/tools-atlas.test.ts
[DB] Schema already up-to-date, setting version to 19
[DB] Running migration 20/82
[DB] Running migration 21/82
[DB] Running migration 22/82
[DB] Migrated reservation data from places to day_assignments
[DB] Running migration 23/82
[DB] Running migration 24/82
[DB] Running migration 25/82
[DB] Running migration 26/82
[DB] Running migration 27/82
[DB] Running migration 28/82
[DB] Running migration 29/82
[DB] Running migration 30/82
[DB] Running migration 31/82
[DB] Running migration 32/82
[DB] Running migration 33/82
[DB] Running migration 34/82
[DB] Running migration 35/82
[DB] Running migration 36/82
[DB] Running migration 37/82
[DB] Running migration 38/82
[DB] Running migration 39/82
[DB] Running migration 40/82
[DB] Running migration 41/82
[DB] Running migration 42/82
[DB] Running migration 43/82
[DB] Running migration 44/82
[DB] Running migration 45/82
[DB] Running migration 46/82
[DB] Running migration 47/82
[DB] Running migration 48/82
[DB] Running migration 49/82
[DB] Running migration 50/82
[DB] Running migration 51/82
[DB] Running migration 52/82
[DB] Running migration 53/82
[DB] Running migration 54/82
[DB] Running migration 55/82
[DB] Running migration 56/82
[DB] Running migration 57/82
[DB] Running migration 58/82
[DB] Running migration 59/82
[DB] Running migration 60/82
[DB] Running migration 61/82
[DB] Running migration 62/82
[DB] Running migration 63/82
[DB] Running migration 64/82
[DB] Running migration 65/82
[DB] Running migration 66/82
[DB] Running migration 67/82
[DB] Running migration 68/82
[DB] Running migration 69/82
[DB] Running migration 70/82
[DB] Running migration 71/82
[DB] Running migration 72/82
[DB] Running migration 73/82
[DB] Running migration 74/82
[DB] Running migration 75/82
[DB] Running migration 76/82
[DB] Running migration 77/82
[DB] Running migration 78/82
[DB] Running migration 79/82
[DB] Running migration 80/82
[DB] Running migration 81/82
[DB] Running migration 82/82
[DB] Migrations complete — schema version 82

stdout | tests/unit/mcp/tools-days.test.ts
[DB] Schema already up-to-date, setting version to 19
[DB] Running migration 20/82
[DB] Running migration 21/82
[DB] Running migration 22/82
[DB] Migrated reservation data from places to day_assignments
[DB] Running migration 23/82
[DB] Running migration 24/82
[DB] Running migration 25/82
[DB] Running migration 26/82
[DB] Running migration 27/82
[DB] Running migration 28/82
[DB] Running migration 29/82
[DB] Running migration 30/82
[DB] Running migration 31/82
[DB] Running migration 32/82
[DB] Running migration 33/82
[DB] Running migration 34/82
[DB] Running migration 35/82
[DB] Running migration 36/82
[DB] Running migration 37/82
[DB] Running migration 38/82
[DB] Running migration 39/82
[DB] Running migration 40/82
[DB] Running migration 41/82
[DB] Running migration 42/82
[DB] Running migration 43/82
[DB] Running migration 44/82
[DB] Running migration 45/82
[DB] Running migration 46/82
[DB] Running migration 47/82
[DB] Running migration 48/82
[DB] Running migration 49/82
[DB] Running migration 50/82
[DB] Running migration 51/82
[DB] Running migration 52/82
[DB] Running migration 53/82
[DB] Running migration 54/82
[DB] Running migration 55/82
[DB] Running migration 56/82
[DB] Running migration 57/82
[DB] Running migration 58/82
[DB] Running migration 59/82
[DB] Running migration 60/82
[DB] Running migration 61/82
[DB] Running migration 62/82
[DB] Running migration 63/82
[DB] Running migration 64/82
[DB] Running migration 65/82
[DB] Running migration 66/82
[DB] Running migration 67/82
[DB] Running migration 68/82
[DB] Running migration 69/82
[DB] Running migration 70/82
[DB] Running migration 71/82
[DB] Running migration 72/82
[DB] Running migration 73/82
[DB] Running migration 74/82
[DB] Running migration 75/82
[DB] Running migration 76/82
[DB] Running migration 77/82
[DB] Running migration 78/82
[DB] Running migration 79/82
[DB] Running migration 80/82
[DB] Running migration 81/82
[DB] Running migration 82/82
[DB] Migrations complete — schema version 82

 ✓ tests/unit/mcp/tools-places.test.ts > Tool: create_place > creates a place with all fields 55ms
 ✓ tests/unit/mcp/tools-places.test.ts > Tool: create_place > creates a place with minimal fields 26ms
 ✓ tests/unit/mcp/tools-atlas.test.ts > Tool: mark_country_visited > marks a country as visited 37ms
 ✓ tests/unit/mcp/tools-atlas.test.ts > Tool: mark_country_visited > is idempotent — marking twice does not error 18ms
 ✓ tests/unit/mcp/tools-atlas.test.ts > Tool: mark_country_visited > blocks demo user 22ms
 ✓ tests/unit/mcp/tools-days.test.ts > Tool: update_day > sets a day title 43ms
 ✓ tests/unit/mcp/tools-days.test.ts > Tool: update_day > clears a day title with null 12ms
 ✓ tests/unit/mcp/tools-days.test.ts > Tool: update_day > broadcasts day:updated event 29ms
 ✓ tests/unit/mcp/tools-places.test.ts > Tool: create_place > broadcasts place:created event 29ms
 ✓ tests/unit/mcp/tools-places.test.ts > Tool: create_place > returns access denied for non-member 17ms
 ✓ tests/unit/mcp/tools-places.test.ts > Tool: create_place > blocks demo user 13ms
 ✓ tests/unit/mcp/tools-places.test.ts > Tool: update_place > updates specific fields and preserves others 24ms
 ✓ tests/unit/mcp/tools-places.test.ts > Tool: update_place > broadcasts place:updated event 11ms
 ✓ tests/unit/mcp/tools-places.test.ts > Tool: update_place > returns error for place not found in trip 10ms
 ✓ tests/unit/mcp/tools-days.test.ts > Tool: update_day > returns error when day does not belong to trip 11ms
 ✓ tests/unit/mcp/tools-days.test.ts > Tool: update_day > returns access denied for non-member 21ms
 ✓ tests/unit/mcp/tools-days.test.ts > Tool: update_day > blocks demo user 17ms
 ✓ tests/unit/mcp/tools-atlas.test.ts > Tool: unmark_country_visited > removes a visited country 12ms
 ✓ tests/unit/mcp/tools-atlas.test.ts > Tool: unmark_country_visited > succeeds even when country was not marked (no-op) 9ms
 ✓ tests/unit/mcp/tools-atlas.test.ts > Tool: unmark_country_visited > blocks demo user 24ms
 ✓ tests/unit/mcp/tools-atlas.test.ts > Tool: create_bucket_list_item > creates a bucket list item with all fields 23ms
 ✓ tests/unit/mcp/tools-atlas.test.ts > Tool: create_bucket_list_item > creates a minimal item (name only) 19ms
 ✓ tests/unit/mcp/tools-atlas.test.ts > Tool: create_bucket_list_item > blocks demo user 28ms
stdout | tests/unit/services/inAppNotificationPrefs.test.ts
[DB] Schema already up-to-date, setting version to 19
[DB] Running migration 20/82
[DB] Running migration 21/82
[DB] Running migration 22/82
[DB] Migrated reservation data from places to day_assignments
[DB] Running migration 23/82
[DB] Running migration 24/82
[DB] Running migration 25/82
[DB] Running migration 26/82
[DB] Running migration 27/82
[DB] Running migration 28/82
[DB] Running migration 29/82
[DB] Running migration 30/82
[DB] Running migration 31/82
[DB] Running migration 32/82
[DB] Running migration 33/82
[DB] Running migration 34/82
[DB] Running migration 35/82
[DB] Running migration 36/82
[DB] Running migration 37/82
[DB] Running migration 38/82
[DB] Running migration 39/82
[DB] Running migration 40/82
[DB] Running migration 41/82
[DB] Running migration 42/82
[DB] Running migration 43/82
[DB] Running migration 44/82
[DB] Running migration 45/82
[DB] Running migration 46/82
[DB] Running migration 47/82
[DB] Running migration 48/82
[DB] Running migration 49/82
[DB] Running migration 50/82
[DB] Running migration 51/82
[DB] Running migration 52/82
[DB] Running migration 53/82
[DB] Running migration 54/82
[DB] Running migration 55/82
[DB] Running migration 56/82
[DB] Running migration 57/82
[DB] Running migration 58/82
[DB] Running migration 59/82
[DB] Running migration 60/82
[DB] Running migration 61/82
[DB] Running migration 62/82
[DB] Running migration 63/82
[DB] Running migration 64/82
[DB] Running migration 65/82
[DB] Running migration 66/82
[DB] Running migration 67/82
[DB] Running migration 68/82
[DB] Running migration 69/82
[DB] Running migration 70/82
[DB] Running migration 71/82
[DB] Running migration 72/82
[DB] Running migration 73/82
[DB] Running migration 74/82
[DB] Running migration 75/82
[DB] Running migration 76/82
[DB] Running migration 77/82
[DB] Running migration 78/82
[DB] Running migration 79/82
[DB] Running migration 80/82
[DB] Running migration 81/82
[DB] Running migration 82/82
[DB] Migrations complete — schema version 82

 ✓ tests/unit/mcp/tools-places.test.ts > Tool: update_place > returns access denied for non-member 15ms
 ✓ tests/unit/mcp/tools-places.test.ts > Tool: delete_place > deletes an existing place 28ms
 ✓ tests/unit/mcp/tools-places.test.ts > Tool: delete_place > broadcasts place:deleted event 8ms
 ✓ tests/unit/mcp/tools-places.test.ts > Tool: delete_place > returns error for place not found 12ms
 ✓ tests/unit/mcp/tools-places.test.ts > Tool: delete_place > returns access denied for non-member 27ms
 ✓ tests/unit/mcp/tools-places.test.ts > Tool: list_categories > returns all categories with id, name, color, icon 16ms
 ✓ tests/unit/services/ephemeralTokens.test.ts > ephemeralTokens > createEphemeralToken > AUTH-030: creates a token and returns a hex string 4ms
 ✓ tests/unit/services/ephemeralTokens.test.ts > ephemeralTokens > createEphemeralToken > AUTH-030: different calls produce different tokens 2ms
 ✓ tests/unit/services/ephemeralTokens.test.ts > ephemeralTokens > consumeEphemeralToken > AUTH-030: token is consumed and returns userId on first use 1ms
 ✓ tests/unit/services/ephemeralTokens.test.ts > ephemeralTokens > consumeEphemeralToken > AUTH-030: token is single-use — second consume returns null 1ms
 ✓ tests/unit/services/ephemeralTokens.test.ts > ephemeralTokens > consumeEphemeralToken > AUTH-029: purpose mismatch returns null 1ms
 ✓ tests/unit/services/ephemeralTokens.test.ts > ephemeralTokens > consumeEphemeralToken > AUTH-029: expired token returns null 3ms
 ✓ tests/unit/services/ephemeralTokens.test.ts > ephemeralTokens > consumeEphemeralToken > returns null for unknown token 1ms
 ✓ tests/unit/mcp/tools-atlas.test.ts > Tool: delete_bucket_list_item > deletes a bucket list item owned by the user 32ms
 ✓ tests/unit/mcp/tools-atlas.test.ts > Tool: delete_bucket_list_item > returns error for item not found (wrong user) 17ms
 ✓ tests/unit/mcp/tools-atlas.test.ts > Tool: delete_bucket_list_item > returns error for non-existent item 9ms
 ✓ tests/unit/mcp/tools-atlas.test.ts > Tool: delete_bucket_list_item > blocks demo user 34ms
stdout | tests/unit/services/inAppNotificationPrefs.test.ts > respondToBoolean > INOTIF-005 — positive response sets response=positive, marks read, broadcasts update
[notifications] Test approve action executed

 ✓ tests/unit/utils/ssrfGuard.test.ts > checkSsrf > loopback addresses (always blocked) > SEC-001: blocks 127.0.0.1 2ms
 ✓ tests/unit/utils/ssrfGuard.test.ts > checkSsrf > loopback addresses (always blocked) > SEC-001: blocks ::1 (IPv6 loopback) 0ms
 ✓ tests/unit/utils/ssrfGuard.test.ts > checkSsrf > loopback addresses (always blocked) > SEC-001: blocks 127.x.x.x range 0ms
 ✓ tests/unit/utils/ssrfGuard.test.ts > checkSsrf > link-local addresses (always blocked) > SEC-002: blocks 169.254.169.254 (AWS metadata) 0ms
 ✓ tests/unit/utils/ssrfGuard.test.ts > checkSsrf > link-local addresses (always blocked) > SEC-002: blocks any 169.254.x.x address 0ms
 ✓ tests/unit/utils/ssrfGuard.test.ts > checkSsrf > private network addresses (conditionally blocked) > SEC-003: blocks 10.x.x.x (RFC-1918) 0ms
 ✓ tests/unit/utils/ssrfGuard.test.ts > checkSsrf > private network addresses (conditionally blocked) > SEC-003: blocks 192.168.x.x (RFC-1918) 0ms
 ✓ tests/unit/utils/ssrfGuard.test.ts > checkSsrf > private network addresses (conditionally blocked) > SEC-003: blocks 172.16.x.x through 172.31.x.x (RFC-1918) 0ms
 ✓ tests/unit/utils/ssrfGuard.test.ts > checkSsrf > ALLOW_INTERNAL_NETWORK=true > SEC-004: allows private IP when flag is set 2ms
 ✓ tests/unit/utils/ssrfGuard.test.ts > checkSsrf > protocol restrictions > rejects non-HTTP/HTTPS protocols 0ms
 ✓ tests/unit/utils/ssrfGuard.test.ts > checkSsrf > protocol restrictions > rejects file:// protocol 0ms
 ✓ tests/unit/utils/ssrfGuard.test.ts > checkSsrf > invalid URLs > rejects malformed URLs 0ms
 ✓ tests/unit/utils/ssrfGuard.test.ts > checkSsrf > public URLs > allows a normal public IP 1ms
 ✓ tests/unit/utils/ssrfGuard.test.ts > checkSsrf > internal hostname suffixes > blocks .local domains 0ms
 ✓ tests/unit/utils/ssrfGuard.test.ts > checkSsrf > internal hostname suffixes > blocks .internal domains 0ms
stdout | tests/unit/services/inAppNotificationPrefs.test.ts > respondToBoolean > INOTIF-006 — negative response sets response=negative
[notifications] Test deny action executed

stdout | tests/unit/services/inAppNotificationPrefs.test.ts > respondToBoolean > INOTIF-007 — double-response prevention returns error on second call
[notifications] Test approve action executed

 ✓ tests/unit/services/inAppNotificationPrefs.test.ts > createNotification — preference filtering > INOTIF-001 — notification without event_type is delivered to all recipients (backward compat) 24ms
 ✓ tests/unit/services/inAppNotificationPrefs.test.ts > createNotification — preference filtering > INOTIF-002 — notification with event_type skips recipients who have disabled that event on inapp 8ms
 ✓ tests/unit/services/inAppNotificationPrefs.test.ts > createNotification — preference filtering > INOTIF-003 — notification with event_type delivers to recipients with no stored preferences 6ms
 ✓ tests/unit/services/inAppNotificationPrefs.test.ts > createNotification — preference filtering > INOTIF-003b — createNotificationForRecipient inserts a single notification and broadcasts via WS 3ms
 ✓ tests/unit/services/inAppNotificationPrefs.test.ts > createNotification — preference filtering > INOTIF-004 — admin-scope version_available only reaches admins with enabled pref 3ms
 ✓ tests/unit/services/inAppNotificationPrefs.test.ts > respondToBoolean > INOTIF-005 — positive response sets response=positive, marks read, broadcasts update 17ms
 ✓ tests/unit/services/inAppNotificationPrefs.test.ts > respondToBoolean > INOTIF-006 — negative response sets response=negative 10ms
 ✓ tests/unit/services/inAppNotificationPrefs.test.ts > respondToBoolean > INOTIF-007 — double-response prevention returns error on second call 5ms
 ✓ tests/unit/services/inAppNotificationPrefs.test.ts > respondToBoolean > INOTIF-008 — response on a simple notification returns error 2ms
 ✓ tests/unit/mcp/tools-places.test.ts > Tool: search_place > returns OSM results when no Google key is configured 8ms
 ✓ tests/unit/mcp/tools-places.test.ts > Tool: search_place > returns google_place_id when Google Maps is configured 24ms
 ✓ tests/unit/mcp/tools-places.test.ts > Tool: search_place > returns error when place search fails 24ms
 ✓ tests/unit/services/inAppNotificationPrefs.test.ts > respondToBoolean > INOTIF-009 — response on a non-existent notification returns error 18ms
 ✓ tests/unit/services/inAppNotificationPrefs.test.ts > respondToBoolean > INOTIF-010 — response on notification belonging to another user returns error 7ms
stdout | tests/unit/services/versionNotification.test.ts
[DB] Schema already up-to-date, setting version to 19
[DB] Running migration 20/82
[DB] Running migration 21/82
[DB] Running migration 22/82
[DB] Migrated reservation data from places to day_assignments
[DB] Running migration 23/82
[DB] Running migration 24/82
[DB] Running migration 25/82
[DB] Running migration 26/82
[DB] Running migration 27/82
[DB] Running migration 28/82
[DB] Running migration 29/82
[DB] Running migration 30/82
[DB] Running migration 31/82
[DB] Running migration 32/82
[DB] Running migration 33/82
[DB] Running migration 34/82
[DB] Running migration 35/82
[DB] Running migration 36/82
[DB] Running migration 37/82
[DB] Running migration 38/82
[DB] Running migration 39/82
[DB] Running migration 40/82
[DB] Running migration 41/82
[DB] Running migration 42/82
[DB] Running migration 43/82
[DB] Running migration 44/82
[DB] Running migration 45/82
[DB] Running migration 46/82
[DB] Running migration 47/82
[DB] Running migration 48/82
[DB] Running migration 49/82
[DB] Running migration 50/82
[DB] Running migration 51/82
[DB] Running migration 52/82
[DB] Running migration 53/82
[DB] Running migration 54/82
[DB] Running migration 55/82
[DB] Running migration 56/82
[DB] Running migration 57/82
[DB] Running migration 58/82
[DB] Running migration 59/82
[DB] Running migration 60/82
[DB] Running migration 61/82
[DB] Running migration 62/82
[DB] Running migration 63/82
[DB] Running migration 64/82
[DB] Running migration 65/82
[DB] Running migration 66/82
[DB] Running migration 67/82
[DB] Running migration 68/82
[DB] Running migration 69/82
[DB] Running migration 70/82
[DB] Running migration 71/82
[DB] Running migration 72/82
[DB] Running migration 73/82
[DB] Running migration 74/82
[DB] Running migration 75/82
[DB] Running migration 76/82
[DB] Running migration 77/82
[DB] Running migration 78/82
[DB] Running migration 79/82
[DB] Running migration 80/82
[DB] Running migration 81/82
[DB] Running migration 82/82
[DB] Migrations complete — schema version 82

 ✓ tests/unit/services/versionNotification.test.ts > checkAndNotifyVersion > VNOTIF-001 — does nothing when no update is available 15ms
 ✓ tests/unit/services/versionNotification.test.ts > checkAndNotifyVersion > VNOTIF-002 — creates a navigate notification for all admins when update available 22ms
 ✓ tests/unit/services/versionNotification.test.ts > checkAndNotifyVersion > VNOTIF-003 — sets last_notified_version in app_settings after notifying 8ms
 ✓ tests/unit/services/versionNotification.test.ts > checkAndNotifyVersion > VNOTIF-004 — does NOT create duplicate notification if last_notified_version matches 5ms
 ✓ tests/unit/services/versionNotification.test.ts > checkAndNotifyVersion > VNOTIF-005 — creates new notification when last_notified_version is an older version 4ms
 ✓ tests/unit/services/versionNotification.test.ts > checkAndNotifyVersion > VNOTIF-006 — notification has correct type, scope, and navigate_target 2ms
 ✓ tests/unit/services/versionNotification.test.ts > checkAndNotifyVersion > VNOTIF-007 — silently handles GitHub API fetch failure (no crash, no notification) 3ms
 ✓ tests/unit/services/budgetService.test.ts > avatarUrl > returns /uploads/avatars/<filename> when avatar is set 1ms
 ✓ tests/unit/services/budgetService.test.ts > avatarUrl > returns null when avatar is null 0ms
 ✓ tests/unit/services/budgetService.test.ts > avatarUrl > returns null when avatar is undefined 0ms
 ✓ tests/unit/services/budgetService.test.ts > calculateSettlement > returns empty balances and flows when trip has no items 1ms
 ✓ tests/unit/services/budgetService.test.ts > calculateSettlement > returns no flows when there are items but no members 0ms
 ✓ tests/unit/services/budgetService.test.ts > calculateSettlement > returns no flows when no one is marked as paid 0ms
 ✓ tests/unit/services/budgetService.test.ts > calculateSettlement > 2 members, 1 payer: payer is owed half, non-payer owes half 1ms
 ✓ tests/unit/services/budgetService.test.ts > calculateSettlement > 3 members, 1 payer: correct 3-way split 0ms
 ✓ tests/unit/services/budgetService.test.ts > calculateSettlement > all paid equally: all balances are zero, no flows 1ms
 ✓ tests/unit/services/budgetService.test.ts > calculateSettlement > flow direction: from is debtor (owes), to is creditor (is owed) 0ms
 ✓ tests/unit/services/budgetService.test.ts > calculateSettlement > amounts are rounded to 2 decimal places 0ms
 ✓ tests/unit/services/budgetService.test.ts > calculateSettlement > 2 items with different payers: aggregates balances correctly 0ms
 ✓ tests/unit/services/queryHelpers.test.ts > formatAssignmentWithPlace > returns correct top-level shape 2ms
 ✓ tests/unit/services/queryHelpers.test.ts > formatAssignmentWithPlace > nests place fields correctly from flat row 2ms
 ✓ tests/unit/services/queryHelpers.test.ts > formatAssignmentWithPlace > constructs place.category object when category_id is present 1ms
 ✓ tests/unit/services/queryHelpers.test.ts > formatAssignmentWithPlace > sets place.category to null when category_id is null 0ms
 ✓ tests/unit/services/queryHelpers.test.ts > formatAssignmentWithPlace > sets place.category to null when category_id is 0 (falsy) 0ms
 ✓ tests/unit/services/queryHelpers.test.ts > formatAssignmentWithPlace > includes provided tags in place.tags 0ms
 ✓ tests/unit/services/queryHelpers.test.ts > formatAssignmentWithPlace > defaults place.tags to [] when empty array provided 0ms
 ✓ tests/unit/services/queryHelpers.test.ts > formatAssignmentWithPlace > includes provided participants 0ms
 ✓ tests/unit/services/queryHelpers.test.ts > formatAssignmentWithPlace > defaults participants to [] when empty array provided 0ms
 ✓ tests/unit/services/migration.test.ts > Migration 69 — normalized notification_channel_preferences > MIGR-001 — notification_channel_preferences table exists after migration 4ms
 ✓ tests/unit/services/migration.test.ts > Migration 69 — normalized notification_channel_preferences > MIGR-002 — old notification_preferences rows with disabled events migrated as enabled=0 1ms
 ✓ tests/unit/services/migration.test.ts > Migration 69 — normalized notification_channel_preferences > MIGR-003 — old notify_webhook=0 creates disabled webhook rows for all 7 events 1ms
 ✓ tests/unit/services/migration.test.ts > Migration 69 — normalized notification_channel_preferences > MIGR-004 — notification_channels key is created in app_settings from notification_channel value 2ms
 ✓ tests/unit/services/migration.test.ts > Migration 69 — normalized notification_channel_preferences > MIGR-004b — notification_channels is not duplicated if already exists 0ms
 ✓ tests/unit/services/apiKeyCrypto.test.ts > apiKeyCrypto > encrypt_api_key > SEC-008: returns encrypted string with enc:v1: prefix 1ms
 ✓ tests/unit/services/apiKeyCrypto.test.ts > apiKeyCrypto > encrypt_api_key > different calls produce different ciphertext (random IV) 0ms
 ✓ tests/unit/services/apiKeyCrypto.test.ts > apiKeyCrypto > encrypt_api_key > encrypted value does not contain the plaintext 0ms
 ✓ tests/unit/services/apiKeyCrypto.test.ts > apiKeyCrypto > decrypt_api_key > SEC-008: decrypts an encrypted key back to original 0ms
 ✓ tests/unit/services/apiKeyCrypto.test.ts > apiKeyCrypto > decrypt_api_key > returns null for null input 0ms
 ✓ tests/unit/services/apiKeyCrypto.test.ts > apiKeyCrypto > decrypt_api_key > returns null for empty string 0ms
 ✓ tests/unit/services/apiKeyCrypto.test.ts > apiKeyCrypto > decrypt_api_key > returns plaintext as-is if not prefixed (legacy) 0ms
 ✓ tests/unit/services/apiKeyCrypto.test.ts > apiKeyCrypto > decrypt_api_key > returns null for tampered ciphertext 0ms
 ✓ tests/unit/services/apiKeyCrypto.test.ts > apiKeyCrypto > maybe_encrypt_api_key > encrypts a new plaintext value 0ms
 ✓ tests/unit/services/apiKeyCrypto.test.ts > apiKeyCrypto > maybe_encrypt_api_key > returns null for empty/falsy values 0ms
 ✓ tests/unit/services/apiKeyCrypto.test.ts > apiKeyCrypto > maybe_encrypt_api_key > returns already-encrypted value as-is (no double-encryption) 0ms
 ✓ tests/unit/services/mfaCrypto.test.ts > mfaCrypto > encryptMfaSecret > SEC-009: returns a base64 string (not the plaintext) 3ms
 ✓ tests/unit/services/mfaCrypto.test.ts > mfaCrypto > encryptMfaSecret > different calls produce different ciphertext (random IV) 0ms
 ✓ tests/unit/services/mfaCrypto.test.ts > mfaCrypto > encryptMfaSecret > encrypted value does not contain plaintext 0ms
 ✓ tests/unit/services/mfaCrypto.test.ts > mfaCrypto > decryptMfaSecret > SEC-009: roundtrip — decrypt returns original secret 0ms
 ✓ tests/unit/services/mfaCrypto.test.ts > mfaCrypto > decryptMfaSecret > handles secrets of varying lengths 0ms
 ✓ tests/unit/services/mfaCrypto.test.ts > mfaCrypto > decryptMfaSecret > throws or returns garbage on tampered ciphertext 0ms
 ✓ tests/unit/middleware/validate.test.ts > maxLength > calls next() when field is absent from body 3ms
 ✓ tests/unit/middleware/validate.test.ts > maxLength > calls next() when field is not a string (number) 0ms
 ✓ tests/unit/middleware/validate.test.ts > maxLength > calls next() when string length is within limit 0ms
 ✓ tests/unit/middleware/validate.test.ts > maxLength > calls next() when string length equals max exactly 0ms
 ✓ tests/unit/middleware/validate.test.ts > maxLength > returns 400 when field exceeds max 2ms
 ✓ tests/unit/middleware/validate.test.ts > maxLength > error message includes field name and max length 1ms
 ✓ tests/unit/middleware/validate.test.ts > validateStringLengths > calls next() when all fields are within limits 0ms
 ✓ tests/unit/middleware/validate.test.ts > validateStringLengths > returns 400 on first field that exceeds its limit 0ms
 ✓ tests/unit/middleware/validate.test.ts > validateStringLengths > skips fields not present in body 0ms
 ✓ tests/unit/middleware/validate.test.ts > validateStringLengths > skips non-string fields 0ms
 ✓ tests/unit/middleware/validate.test.ts > validateStringLengths > handles empty maxLengths object — calls next() 0ms
 ✓ tests/unit/middleware/validate.test.ts > validateStringLengths > calls next() only once even if multiple fields are valid 0ms
 ✓ tests/unit/services/authService.test.ts > utcSuffix > returns null for null 2ms
 ✓ tests/unit/services/authService.test.ts > utcSuffix > returns null for undefined 0ms
 ✓ tests/unit/services/authService.test.ts > utcSuffix > returns null for empty string 0ms
 ✓ tests/unit/services/authService.test.ts > utcSuffix > returns timestamp unchanged when already ending with Z 0ms
 ✓ tests/unit/services/authService.test.ts > utcSuffix > replaces space with T and appends Z for SQLite-style datetime 0ms
 ✓ tests/unit/services/authService.test.ts > utcSuffix > appends Z when T is present but Z is missing 0ms
 ✓ tests/unit/services/authService.test.ts > stripUserForClient > SEC-008: omits password_hash 0ms
 ✓ tests/unit/services/authService.test.ts > stripUserForClient > SEC-008: omits maps_api_key 0ms
 ✓ tests/unit/services/authService.test.ts > stripUserForClient > SEC-008: omits openweather_api_key 0ms
 ✓ tests/unit/services/authService.test.ts > stripUserForClient > SEC-008: omits unsplash_api_key 0ms
 ✓ tests/unit/services/authService.test.ts > stripUserForClient > SEC-008: omits mfa_secret 0ms
 ✓ tests/unit/services/authService.test.ts > stripUserForClient > SEC-008: omits mfa_backup_codes 0ms
 ✓ tests/unit/services/authService.test.ts > stripUserForClient > preserves non-sensitive fields 0ms
 ✓ tests/unit/services/authService.test.ts > stripUserForClient > normalizes mfa_enabled integer 1 to true 0ms
 ✓ tests/unit/services/authService.test.ts > stripUserForClient > normalizes mfa_enabled integer 0 to false 0ms
 ✓ tests/unit/services/authService.test.ts > stripUserForClient > normalizes mfa_enabled boolean true to true 0ms
 ✓ tests/unit/services/authService.test.ts > stripUserForClient > normalizes must_change_password integer 1 to true 0ms
 ✓ tests/unit/services/authService.test.ts > stripUserForClient > normalizes must_change_password integer 0 to false 0ms
 ✓ tests/unit/services/authService.test.ts > stripUserForClient > converts created_at through utcSuffix 0ms
 ✓ tests/unit/services/authService.test.ts > stripUserForClient > converts updated_at through utcSuffix 0ms
 ✓ tests/unit/services/authService.test.ts > stripUserForClient > passes null last_login through as null 0ms
 ✓ tests/unit/services/authService.test.ts > maskKey > returns null for null 0ms
 ✓ tests/unit/services/authService.test.ts > maskKey > returns null for undefined 0ms
 ✓ tests/unit/services/authService.test.ts > maskKey > returns null for empty string 0ms
 ✓ tests/unit/services/authService.test.ts > maskKey > returns -------- for keys with 8 or fewer characters 0ms
 ✓ tests/unit/services/authService.test.ts > maskKey > returns ---- + last 4 chars for keys longer than 8 characters 0ms
 ✓ tests/unit/services/authService.test.ts > avatarUrl > returns /uploads/avatars/<filename> when avatar is set 0ms
 ✓ tests/unit/services/authService.test.ts > avatarUrl > returns null when avatar is null 0ms
 ✓ tests/unit/services/authService.test.ts > avatarUrl > returns null when avatar is undefined 0ms
 ✓ tests/unit/services/authService.test.ts > normalizeBackupCode > uppercases the input 0ms
 ✓ tests/unit/services/authService.test.ts > normalizeBackupCode > strips non-alphanumeric characters 0ms
 ✓ tests/unit/services/authService.test.ts > normalizeBackupCode > handles code with dashes (normal backup code format) 0ms
 ✓ tests/unit/services/authService.test.ts > normalizeBackupCode > returns empty string for empty input 0ms
 ✓ tests/unit/services/authService.test.ts > hashBackupCode > returns a 64-character hex string 0ms
 ✓ tests/unit/services/authService.test.ts > hashBackupCode > is deterministic: same input always produces same output 0ms
 ✓ tests/unit/services/authService.test.ts > hashBackupCode > normalizes before hashing: dashed and plain form produce the same hash 0ms
 ✓ tests/unit/services/authService.test.ts > generateBackupCodes > returns 10 codes by default 0ms
 ✓ tests/unit/services/authService.test.ts > generateBackupCodes > respects a custom count 0ms
 ✓ tests/unit/services/authService.test.ts > generateBackupCodes > each code matches the XXXX-XXXX uppercase hex pattern 0ms
 ✓ tests/unit/services/authService.test.ts > generateBackupCodes > generates no duplicate codes 0ms
 ✓ tests/unit/services/authService.test.ts > parseBackupCodeHashes > returns [] for null 0ms
 ✓ tests/unit/services/authService.test.ts > parseBackupCodeHashes > returns [] for undefined 0ms
 ✓ tests/unit/services/authService.test.ts > parseBackupCodeHashes > returns [] for empty string 0ms
 ✓ tests/unit/services/authService.test.ts > parseBackupCodeHashes > returns [] for invalid JSON 0ms
 ✓ tests/unit/services/authService.test.ts > parseBackupCodeHashes > returns [] for JSON that is not an array 0ms
 ✓ tests/unit/services/authService.test.ts > parseBackupCodeHashes > filters out non-string entries 0ms
 ✓ tests/unit/services/authService.test.ts > parseBackupCodeHashes > returns all strings from a valid JSON string array 0ms
 ✓ tests/unit/services/auditLog.test.ts > getClientIp > returns first IP from comma-separated X-Forwarded-For string 1ms
 ✓ tests/unit/services/auditLog.test.ts > getClientIp > returns single IP when X-Forwarded-For has no comma 0ms
 ✓ tests/unit/services/auditLog.test.ts > getClientIp > returns first element when X-Forwarded-For is an array 0ms
 ✓ tests/unit/services/auditLog.test.ts > getClientIp > trims whitespace from extracted IP 0ms
 ✓ tests/unit/services/auditLog.test.ts > getClientIp > falls back to req.socket.remoteAddress when no X-Forwarded-For 0ms
 ✓ tests/unit/services/auditLog.test.ts > getClientIp > returns null when no forwarded header and no socket address 0ms
 ✓ tests/unit/services/auditLog.test.ts > getClientIp > returns null for empty string X-Forwarded-For 0ms
 ✓ tests/unit/services/weatherService.test.ts > estimateCondition > heavy precipitation (precipMm > 5) > returns Snow when temp <= 0 1ms
 ✓ tests/unit/services/weatherService.test.ts > estimateCondition > heavy precipitation (precipMm > 5) > returns Rain when temp > 0 0ms
 ✓ tests/unit/services/weatherService.test.ts > estimateCondition > heavy precipitation (precipMm > 5) > boundary: precipMm = 5.01 and temp = 0 -> Snow 0ms
 ✓ tests/unit/services/weatherService.test.ts > estimateCondition > heavy precipitation (precipMm > 5) > boundary: precipMm = 5 is NOT heavy (exactly 5, not > 5) -> falls through 0ms
 ✓ tests/unit/services/weatherService.test.ts > estimateCondition > moderate precipitation (precipMm > 1) > returns Snow when temp <= 0 0ms
 ✓ tests/unit/services/weatherService.test.ts > estimateCondition > moderate precipitation (precipMm > 1) > returns Drizzle when temp > 0 0ms
 ✓ tests/unit/services/weatherService.test.ts > estimateCondition > light precipitation (precipMm > 0.3) > returns Clouds regardless of temperature 0ms
 ✓ tests/unit/services/weatherService.test.ts > estimateCondition > light precipitation (precipMm > 0.3) > boundary: precipMm = 0.31 -> Clouds 0ms
 ✓ tests/unit/services/weatherService.test.ts > estimateCondition > light precipitation (precipMm > 0.3) > boundary: precipMm = 0.3 is NOT light precipitation -> falls through 1ms
 ✓ tests/unit/services/weatherService.test.ts > estimateCondition > dry conditions (precipMm <= 0.3) > returns Clear when temp > 15 0ms
 ✓ tests/unit/services/weatherService.test.ts > estimateCondition > dry conditions (precipMm <= 0.3) > returns Clouds when temp <= 15 0ms
 ✓ tests/unit/services/weatherService.test.ts > estimateCondition > dry conditions (precipMm <= 0.3) > boundary: temp = 15 -> Clouds (not > 15) 0ms
 ✓ tests/unit/services/weatherService.test.ts > cacheKey > rounds lat and lng to 2 decimal places 0ms
 ✓ tests/unit/services/weatherService.test.ts > cacheKey > uses "current" when date is undefined 0ms
 ✓ tests/unit/services/weatherService.test.ts > cacheKey > handles negative coordinates 0ms
 ✓ tests/unit/services/weatherService.test.ts > cacheKey > pads to 2 decimal places for round numbers 0ms
 ✓ tests/unit/services/weatherService.test.ts > cacheKey > preserves the date string as-is 0ms
 ✓ tests/unit/services/permissions.test.ts > permissions > checkPermission — admin bypass > admin always passes regardless of permission level 1ms
 ✓ tests/unit/services/permissions.test.ts > permissions > checkPermission — everybody level > trip_create (everybody) allows any authenticated user 0ms
 ✓ tests/unit/services/permissions.test.ts > permissions > checkPermission — trip_owner level > trip owner passes trip_owner check 0ms
 ✓ tests/unit/services/permissions.test.ts > permissions > checkPermission — trip_owner level > member fails trip_owner check 0ms
 ✓ tests/unit/services/permissions.test.ts > permissions > checkPermission — trip_owner level > non-member non-owner fails trip_owner check 0ms
 ✓ tests/unit/services/permissions.test.ts > permissions > checkPermission — trip_member level > trip owner passes trip_member check 0ms
 ✓ tests/unit/services/permissions.test.ts > permissions > checkPermission — trip_member level > trip member passes trip_member check 0ms
 ✓ tests/unit/services/permissions.test.ts > permissions > checkPermission — trip_member level > outsider fails trip_member check 0ms
 ✓ tests/unit/services/permissions.test.ts > permissions > getPermissionLevel — defaults > returns default level for known actions (no DB overrides) 0ms
 ✓ tests/unit/services/permissions.test.ts > permissions > getPermissionLevel — defaults > returns trip_owner for unknown action key 0ms
 ✓ tests/unit/services/passwordPolicy.test.ts > validatePassword > length requirement > AUTH-006: rejects passwords shorter than 8 characters 1ms
 ✓ tests/unit/services/passwordPolicy.test.ts > validatePassword > length requirement > accepts passwords of exactly 8 characters that meet all requirements 0ms
 ✓ tests/unit/services/passwordPolicy.test.ts > validatePassword > complexity requirements > AUTH-006: rejects password missing uppercase letter 0ms
 ✓ tests/unit/services/passwordPolicy.test.ts > validatePassword > complexity requirements > AUTH-006: rejects password missing lowercase letter 0ms
 ✓ tests/unit/services/passwordPolicy.test.ts > validatePassword > complexity requirements > AUTH-006: rejects password missing a number 0ms
 ✓ tests/unit/services/passwordPolicy.test.ts > validatePassword > complexity requirements > AUTH-006: rejects password missing a special character 0ms
 ✓ tests/unit/services/passwordPolicy.test.ts > validatePassword > common password blocklist > AUTH-007: rejects password matching exact blocklist entry (case-insensitive) 0ms
 ✓ tests/unit/services/passwordPolicy.test.ts > validatePassword > common password blocklist > AUTH-007: rejects "Changeme" whose lowercase is in the blocklist 0ms
 ✓ tests/unit/services/passwordPolicy.test.ts > validatePassword > common password blocklist > accepts a strong password that is not in the blocklist 0ms
 ✓ tests/unit/services/passwordPolicy.test.ts > validatePassword > repetitive password > rejects passwords made of a single repeated character 0ms
 ✓ tests/unit/services/passwordPolicy.test.ts > validatePassword > valid passwords > accepts a strong unique password 0ms
 ✓ tests/unit/services/passwordPolicy.test.ts > validatePassword > valid passwords > accepts a strong password with special characters 0ms
 ✓ tests/unit/services/cookie.test.ts > cookieOptions > always sets httpOnly: true 4ms
 ✓ tests/unit/services/cookie.test.ts > cookieOptions > always sets sameSite: lax 0ms
 ✓ tests/unit/services/cookie.test.ts > cookieOptions > always sets path: / 0ms
 ✓ tests/unit/services/cookie.test.ts > cookieOptions > sets secure: false in test environment (COOKIE_SECURE=false from setup) 1ms
 ✓ tests/unit/services/cookie.test.ts > cookieOptions > sets secure: true when NODE_ENV=production and COOKIE_SECURE is not false 0ms
 ✓ tests/unit/services/cookie.test.ts > cookieOptions > sets secure: false when COOKIE_SECURE=false even in production 0ms
 ✓ tests/unit/services/cookie.test.ts > cookieOptions > sets secure: true when FORCE_HTTPS=true 0ms
 ✓ tests/unit/services/cookie.test.ts > cookieOptions > includes maxAge: 86400000 when clear is false (default) 0ms
 ✓ tests/unit/services/cookie.test.ts > cookieOptions > omits maxAge when clear is true 0ms
 ✓ tests/unit/scheduler.test.ts > buildCronExpression > hourly > returns 0 * * * * regardless of hour/dow/dom 1ms
 ✓ tests/unit/scheduler.test.ts > buildCronExpression > daily > returns 0 <hour> * * * 0ms
 ✓ tests/unit/scheduler.test.ts > buildCronExpression > daily > handles midnight (hour 0) 0ms
 ✓ tests/unit/scheduler.test.ts > buildCronExpression > daily > handles last valid hour (23) 0ms
 ✓ tests/unit/scheduler.test.ts > buildCronExpression > daily > falls back to hour 2 for invalid hour (24) 0ms
 ✓ tests/unit/scheduler.test.ts > buildCronExpression > daily > falls back to hour 2 for negative hour 0ms
 ✓ tests/unit/scheduler.test.ts > buildCronExpression > weekly > returns 0 <hour> * * <dow> 0ms
 ✓ tests/unit/scheduler.test.ts > buildCronExpression > weekly > handles Sunday (dow 0) 0ms
 ✓ tests/unit/scheduler.test.ts > buildCronExpression > weekly > handles Saturday (dow 6) 0ms
 ✓ tests/unit/scheduler.test.ts > buildCronExpression > weekly > falls back to dow 0 for invalid day_of_week (7) 0ms
 ✓ tests/unit/scheduler.test.ts > buildCronExpression > monthly > returns 0 <hour> <dom> * * 0ms
 ✓ tests/unit/scheduler.test.ts > buildCronExpression > monthly > handles day_of_month 1 0ms
 ✓ tests/unit/scheduler.test.ts > buildCronExpression > monthly > handles max valid day_of_month (28) 0ms
 ✓ tests/unit/scheduler.test.ts > buildCronExpression > monthly > falls back to dom 1 for day_of_month 29 0ms
 ✓ tests/unit/scheduler.test.ts > buildCronExpression > monthly > falls back to dom 1 for day_of_month 0 0ms
 ✓ tests/unit/scheduler.test.ts > buildCronExpression > unknown interval > defaults to daily pattern 0ms
 ✓ tests/unit/middleware/mfaPolicy.test.ts > isPublicApiPath > AUTH-001: GET /api/health is public 1ms
 ✓ tests/unit/middleware/mfaPolicy.test.ts > isPublicApiPath > GET /api/auth/app-config is public 0ms
 ✓ tests/unit/middleware/mfaPolicy.test.ts > isPublicApiPath > POST /api/auth/login is public 0ms
 ✓ tests/unit/middleware/mfaPolicy.test.ts > isPublicApiPath > POST /api/auth/register is public 0ms
 ✓ tests/unit/middleware/mfaPolicy.test.ts > isPublicApiPath > POST /api/auth/demo-login is public 0ms
 ✓ tests/unit/middleware/mfaPolicy.test.ts > isPublicApiPath > GET /api/auth/invite/<token> is public 0ms
 ✓ tests/unit/middleware/mfaPolicy.test.ts > isPublicApiPath > POST /api/auth/mfa/verify-login is public 0ms
 ✓ tests/unit/middleware/mfaPolicy.test.ts > isPublicApiPath > OIDC paths are public (any method) 0ms
 ✓ tests/unit/middleware/mfaPolicy.test.ts > isPublicApiPath > GET /api/trips is not public 0ms
 ✓ tests/unit/middleware/mfaPolicy.test.ts > isPublicApiPath > POST /api/auth/login with wrong method (GET) is not public 0ms
 ✓ tests/unit/middleware/mfaPolicy.test.ts > isPublicApiPath > GET /api/auth/me is not public 0ms
 ✓ tests/unit/middleware/mfaPolicy.test.ts > isPublicApiPath > DELETE /api/auth/logout is not public 0ms
 ✓ tests/unit/middleware/mfaPolicy.test.ts > isMfaSetupExemptPath > GET /api/auth/me is MFA-setup exempt 0ms
 ✓ tests/unit/middleware/mfaPolicy.test.ts > isMfaSetupExemptPath > POST /api/auth/mfa/setup is MFA-setup exempt 0ms
 ✓ tests/unit/middleware/mfaPolicy.test.ts > isMfaSetupExemptPath > POST /api/auth/mfa/enable is MFA-setup exempt 0ms
 ✓ tests/unit/middleware/mfaPolicy.test.ts > isMfaSetupExemptPath > GET /api/auth/app-settings is MFA-setup exempt 0ms
 ✓ tests/unit/middleware/mfaPolicy.test.ts > isMfaSetupExemptPath > PUT /api/auth/app-settings is MFA-setup exempt 0ms
 ✓ tests/unit/middleware/mfaPolicy.test.ts > isMfaSetupExemptPath > POST /api/auth/app-settings is NOT exempt (wrong method) 0ms
 ✓ tests/unit/middleware/mfaPolicy.test.ts > isMfaSetupExemptPath > GET /api/trips is NOT exempt 0ms
 ✓ tests/unit/middleware/mfaPolicy.test.ts > isMfaSetupExemptPath > GET /api/auth/logout is NOT exempt 0ms

⎯⎯⎯⎯⎯⎯ Failed Tests 458 ⎯⎯⎯⎯⎯⎯

 FAIL  tests/integration/admin.test.ts > Admin access control > ADMIN-022 — non-admin cannot access admin routes
AssertionError: expected 401 to be 403 // Object.is equality

- Expected
+ Received

- 403
+ 401

 ❯ tests/integration/admin.test.ts:76:24
     74|       .get('/api/admin/users')
     75|       .set('Cookie', authCookie(user.id));
     76|     expect(res.status).toBe(403);
       |                        ^
     77|   });
     78| 

⎯⎯⎯⎯⎯⎯⎯⎯⎯⎯⎯⎯⎯⎯⎯⎯⎯⎯⎯⎯⎯⎯[1/458]⎯

 FAIL  tests/integration/admin.test.ts > Admin user management > ADMIN-001 — GET /admin/users lists all users
AssertionError: expected 401 to be 200 // Object.is equality

- Expected
+ Received

- 200
+ 401

 ❯ tests/integration/admin.test.ts:98:24
     96|       .get('/api/admin/users')
     97|       .set('Cookie', authCookie(admin.id));
     98|     expect(res.status).toBe(200);
       |                        ^
     99|     expect(res.body.users.length).toBeGreaterThanOrEqual(3);
    100|   });

⎯⎯⎯⎯⎯⎯⎯⎯⎯⎯⎯⎯⎯⎯⎯⎯⎯⎯⎯⎯⎯⎯[2/458]⎯

 FAIL  tests/integration/admin.test.ts > Admin user management > ADMIN-002 — POST /admin/users creates a user
AssertionError: expected 401 to be 201 // Object.is equality

- Expected
+ Received

- 201
+ 401

 ❯ tests/integration/admin.test.ts:109:24
    107|       .set('Cookie', authCookie(admin.id))
    108|       .send({ username: 'newuser', email: 'newuser@example.com', passw…
    109|     expect(res.status).toBe(201);
       |                        ^
    110|     expect(res.body.user.email).toBe('newuser@example.com');
    111|   });

⎯⎯⎯⎯⎯⎯⎯⎯⎯⎯⎯⎯⎯⎯⎯⎯⎯⎯⎯⎯⎯⎯[3/458]⎯

 FAIL  tests/integration/admin.test.ts > Admin user management > ADMIN-003 — POST /admin/users with duplicate email returns 409
AssertionError: expected 401 to be 409 // Object.is equality

- Expected
+ Received

- 409
+ 401

 ❯ tests/integration/admin.test.ts:121:24
    119|       .set('Cookie', authCookie(admin.id))
    120|       .send({ username: 'duplicate', email: existing.email, password: …
    121|     expect(res.status).toBe(409);
       |                        ^
    122|   });
    123| 

⎯⎯⎯⎯⎯⎯⎯⎯⎯⎯⎯⎯⎯⎯⎯⎯⎯⎯⎯⎯⎯⎯[4/458]⎯

 FAIL  tests/integration/admin.test.ts > Admin user management > ADMIN-004 — PUT /admin/users/:id updates user
AssertionError: expected 401 to be 200 // Object.is equality

- Expected
+ Received

- 200
+ 401

 ❯ tests/integration/admin.test.ts:132:24
    130|       .set('Cookie', authCookie(admin.id))
    131|       .send({ username: 'updated_username' });
    132|     expect(res.status).toBe(200);
       |                        ^
    133|     expect(res.body.user.username).toBe('updated_username');
    134|   });

⎯⎯⎯⎯⎯⎯⎯⎯⎯⎯⎯⎯⎯⎯⎯⎯⎯⎯⎯⎯⎯⎯[5/458]⎯

 FAIL  tests/integration/admin.test.ts > Admin user management > ADMIN-005 — DELETE /admin/users/:id removes user
AssertionError: expected 401 to be 200 // Object.is equality

- Expected
+ Received

- 200
+ 401

 ❯ tests/integration/admin.test.ts:143:24
    141|       .delete(`/api/admin/users/${user.id}`)
    142|       .set('Cookie', authCookie(admin.id));
    143|     expect(res.status).toBe(200);
       |                        ^
    144|     expect(res.body.success).toBe(true);
    145|   });

⎯⎯⎯⎯⎯⎯⎯⎯⎯⎯⎯⎯⎯⎯⎯⎯⎯⎯⎯⎯⎯⎯[6/458]⎯

 FAIL  tests/integration/admin.test.ts > Admin user management > ADMIN-006 — admin cannot delete their own account
AssertionError: expected 401 to be 400 // Object.is equality

- Expected
+ Received

- 400
+ 401

 ❯ tests/integration/admin.test.ts:153:24
    151|       .delete(`/api/admin/users/${admin.id}`)
    152|       .set('Cookie', authCookie(admin.id));
    153|     expect(res.status).toBe(400);
       |                        ^
    154|   });
    155| });

⎯⎯⎯⎯⎯⎯⎯⎯⎯⎯⎯⎯⎯⎯⎯⎯⎯⎯⎯⎯⎯⎯[7/458]⎯

 FAIL  tests/integration/admin.test.ts > System stats > ADMIN-007 — GET /admin/stats returns system statistics
AssertionError: expected 401 to be 200 // Object.is equality

- Expected
+ Received

- 200
+ 401

 ❯ tests/integration/admin.test.ts:168:24
    166|       .get('/api/admin/stats')
    167|       .set('Cookie', authCookie(admin.id));
    168|     expect(res.status).toBe(200);
       |                        ^
    169|     expect(res.body).toHaveProperty('totalUsers');
    170|     expect(res.body).toHaveProperty('totalTrips');

⎯⎯⎯⎯⎯⎯⎯⎯⎯⎯⎯⎯⎯⎯⎯⎯⎯⎯⎯⎯⎯⎯[8/458]⎯

 FAIL  tests/integration/admin.test.ts > Permissions management > ADMIN-008 — GET /admin/permissions returns permission config
AssertionError: expected 401 to be 200 // Object.is equality

- Expected
+ Received

- 200
+ 401

 ❯ tests/integration/admin.test.ts:185:24
    183|       .get('/api/admin/permissions')
    184|       .set('Cookie', authCookie(admin.id));
    185|     expect(res.status).toBe(200);
       |                        ^
    186|     expect(res.body).toHaveProperty('permissions');
    187|     expect(Array.isArray(res.body.permissions)).toBe(true);

⎯⎯⎯⎯⎯⎯⎯⎯⎯⎯⎯⎯⎯⎯⎯⎯⎯⎯⎯⎯⎯⎯[9/458]⎯

 FAIL  tests/integration/admin.test.ts > Permissions management > ADMIN-008 — PUT /admin/permissions updates permissions
AssertionError: expected 401 to be 200 // Object.is equality

- Expected
+ Received

- 200
+ 401

 ❯ tests/integration/admin.test.ts:202:24
    200|       .set('Cookie', authCookie(admin.id))
    201|       .send({ permissions: currentPerms });
    202|     expect(res.status).toBe(200);
       |                        ^
    203|   });
    204| 

⎯⎯⎯⎯⎯⎯⎯⎯⎯⎯⎯⎯⎯⎯⎯⎯⎯⎯⎯⎯⎯[10/458]⎯

 FAIL  tests/integration/admin.test.ts > Permissions management > ADMIN-008 — PUT /admin/permissions without object returns 400
AssertionError: expected 401 to be 400 // Object.is equality

- Expected
+ Received

- 400
+ 401

 ❯ tests/integration/admin.test.ts:212:24
    210|       .set('Cookie', authCookie(admin.id))
    211|       .send({ permissions: null });
    212|     expect(res.status).toBe(400);
       |                        ^
    213|   });
    214| });

⎯⎯⎯⎯⎯⎯⎯⎯⎯⎯⎯⎯⎯⎯⎯⎯⎯⎯⎯⎯⎯[11/458]⎯

 FAIL  tests/integration/admin.test.ts > Audit log > ADMIN-009 — GET /admin/audit-log returns log entries
AssertionError: expected 401 to be 200 // Object.is equality

- Expected
+ Received

- 200
+ 401

 ❯ tests/integration/admin.test.ts:227:24
    225|       .get('/api/admin/audit-log')
    226|       .set('Cookie', authCookie(admin.id));
    227|     expect(res.status).toBe(200);
       |                        ^
    228|     expect(Array.isArray(res.body.entries)).toBe(true);
    229|   });

⎯⎯⎯⎯⎯⎯⎯⎯⎯⎯⎯⎯⎯⎯⎯⎯⎯⎯⎯⎯⎯[12/458]⎯

 FAIL  tests/integration/admin.test.ts > Addon management > ADMIN-011 — PUT /admin/addons/:id disables an addon
AssertionError: expected 401 to be 200 // Object.is equality

- Expected
+ Received

- 200
+ 401

 ❯ tests/integration/admin.test.ts:244:24
    242|       .set('Cookie', authCookie(admin.id))
    243|       .send({ enabled: false });
    244|     expect(res.status).toBe(200);
       |                        ^
    245|   });
    246| 

⎯⎯⎯⎯⎯⎯⎯⎯⎯⎯⎯⎯⎯⎯⎯⎯⎯⎯⎯⎯⎯[13/458]⎯

 FAIL  tests/integration/admin.test.ts > Addon management > ADMIN-012 — PUT /admin/addons/:id re-enables an addon
AssertionError: expected 401 to be 200 // Object.is equality

- Expected
+ Received

- 200
+ 401

 ❯ tests/integration/admin.test.ts:259:24
    257|       .set('Cookie', authCookie(admin.id))
    258|       .send({ enabled: true });
    259|     expect(res.status).toBe(200);
       |                        ^
    260|   });
    261| });

⎯⎯⎯⎯⎯⎯⎯⎯⎯⎯⎯⎯⎯⎯⎯⎯⎯⎯⎯⎯⎯[14/458]⎯

 FAIL  tests/integration/admin.test.ts > Invite token management > ADMIN-013 — POST /admin/invites creates an invite token
AssertionError: expected 401 to be 201 // Object.is equality

- Expected
+ Received

- 201
+ 401

 ❯ tests/integration/admin.test.ts:275:24
    273|       .set('Cookie', authCookie(admin.id))
    274|       .send({ max_uses: 5 });
    275|     expect(res.status).toBe(201);
       |                        ^
    276|     expect(res.body.invite.token).toBeDefined();
    277|   });

⎯⎯⎯⎯⎯⎯⎯⎯⎯⎯⎯⎯⎯⎯⎯⎯⎯⎯⎯⎯⎯[15/458]⎯

 FAIL  tests/integration/admin.test.ts > Invite token management > ADMIN-014 — DELETE /admin/invites/:id removes invite
AssertionError: expected 401 to be 200 // Object.is equality

- Expected
+ Received

- 200
+ 401

 ❯ tests/integration/admin.test.ts:286:24
    284|       .delete(`/api/admin/invites/${invite.id}`)
    285|       .set('Cookie', authCookie(admin.id));
    286|     expect(res.status).toBe(200);
       |                        ^
    287|     expect(res.body.success).toBe(true);
    288|   });

⎯⎯⎯⎯⎯⎯⎯⎯⎯⎯⎯⎯⎯⎯⎯⎯⎯⎯⎯⎯⎯[16/458]⎯

 FAIL  tests/integration/admin.test.ts > Packing templates > ADMIN-015 — POST /admin/packing-templates creates a template
AssertionError: expected 401 to be 201 // Object.is equality

- Expected
+ Received

- 201
+ 401

 ❯ tests/integration/admin.test.ts:303:24
    301|       .set('Cookie', authCookie(admin.id))
    302|       .send({ name: 'Beach Trip', description: 'Beach essentials' });
    303|     expect(res.status).toBe(201);
       |                        ^
    304|     expect(res.body.template.name).toBe('Beach Trip');
    305|   });

⎯⎯⎯⎯⎯⎯⎯⎯⎯⎯⎯⎯⎯⎯⎯⎯⎯⎯⎯⎯⎯[17/458]⎯

 FAIL  tests/integration/admin.test.ts > Packing templates > ADMIN-016 — DELETE /admin/packing-templates/:id removes template
TypeError: Cannot read properties of undefined (reading 'id')
 ❯ tests/integration/admin.test.ts:313:45
    311|       .set('Cookie', authCookie(admin.id))
    312|       .send({ name: 'Temp Template' });
    313|     const templateId = create.body.template.id;
       |                                             ^
    314| 
    315|     const res = await request(app)

⎯⎯⎯⎯⎯⎯⎯⎯⎯⎯⎯⎯⎯⎯⎯⎯⎯⎯⎯⎯⎯[18/458]⎯

 FAIL  tests/integration/admin.test.ts > Bag tracking > ADMIN-017 — PUT /admin/bag-tracking toggles bag tracking
AssertionError: expected 401 to be 200 // Object.is equality

- Expected
+ Received

- 200
+ 401

 ❯ tests/integration/admin.test.ts:335:24
    333|       .set('Cookie', authCookie(admin.id))
    334|       .send({ enabled: true });
    335|     expect(res.status).toBe(200);
       |                        ^
    336|   });
    337| });

⎯⎯⎯⎯⎯⎯⎯⎯⎯⎯⎯⎯⎯⎯⎯⎯⎯⎯⎯⎯⎯[19/458]⎯

 FAIL  tests/integration/admin.test.ts > JWT rotation > ADMIN-018 — POST /admin/rotate-jwt-secret rotates the JWT secret
AssertionError: expected 401 to be 200 // Object.is equality

- Expected
+ Received

- 200
+ 401

 ❯ tests/integration/admin.test.ts:350:24
    348|       .post('/api/admin/rotate-jwt-secret')
    349|       .set('Cookie', authCookie(admin.id));
    350|     expect(res.status).toBe(200);
       |                        ^
    351|     expect(res.body.success).toBe(true);
    352|   });

⎯⎯⎯⎯⎯⎯⎯⎯⎯⎯⎯⎯⎯⎯⎯⎯⎯⎯⎯⎯⎯[20/458]⎯

 FAIL  tests/integration/assignments.test.ts > Create assignment > ASSIGN-001 — POST creates assignment linking place to day
AssertionError: expected 401 to be 201 // Object.is equality

- Expected
+ Received

- 201
+ 401

 ❯ tests/integration/assignments.test.ts:86:24
     84|       .set('Cookie', authCookie(user.id))
     85|       .send({ place_id: place.id });
     86|     expect(res.status).toBe(201);
       |                        ^
     87|     // The assignment has an embedded place object, not a top-level pl…
     88|     expect(res.body.assignment.place.id).toBe(place.id);

⎯⎯⎯⎯⎯⎯⎯⎯⎯⎯⎯⎯⎯⎯⎯⎯⎯⎯⎯⎯⎯[21/458]⎯

 FAIL  tests/integration/assignments.test.ts > Create assignment > ASSIGN-001 — POST with notes stores notes on assignment
AssertionError: expected 401 to be 201 // Object.is equality

- Expected
+ Received

- 201
+ 401

 ❯ tests/integration/assignments.test.ts:100:24
     98|       .set('Cookie', authCookie(user.id))
     99|       .send({ place_id: place.id, notes: 'Book table in advance' });
    100|     expect(res.status).toBe(201);
       |                        ^
    101|     expect(res.body.assignment.notes).toBe('Book table in advance');
    102|   });

⎯⎯⎯⎯⎯⎯⎯⎯⎯⎯⎯⎯⎯⎯⎯⎯⎯⎯⎯⎯⎯[22/458]⎯

 FAIL  tests/integration/assignments.test.ts > Create assignment > ASSIGN-001 — POST with non-existent place returns 404
AssertionError: expected 401 to be 404 // Object.is equality

- Expected
+ Received

- 404
+ 401

 ❯ tests/integration/assignments.test.ts:112:24
    110|       .set('Cookie', authCookie(user.id))
    111|       .send({ place_id: 99999 });
    112|     expect(res.status).toBe(404);
       |                        ^
    113|   });
    114| 

⎯⎯⎯⎯⎯⎯⎯⎯⎯⎯⎯⎯⎯⎯⎯⎯⎯⎯⎯⎯⎯[23/458]⎯

 FAIL  tests/integration/assignments.test.ts > Create assignment > ASSIGN-001 — POST with non-existent day returns 404
AssertionError: expected 401 to be 404 // Object.is equality

- Expected
+ Received

- 404
+ 401

 ❯ tests/integration/assignments.test.ts:123:24
    121|       .set('Cookie', authCookie(user.id))
    122|       .send({ place_id: place.id });
    123|     expect(res.status).toBe(404);
       |                        ^
    124|   });
    125| 

⎯⎯⎯⎯⎯⎯⎯⎯⎯⎯⎯⎯⎯⎯⎯⎯⎯⎯⎯⎯⎯[24/458]⎯

 FAIL  tests/integration/assignments.test.ts > Create assignment > ASSIGN-006 — non-member cannot create assignment
AssertionError: expected 401 to be 404 // Object.is equality

- Expected
+ Received

- 404
+ 401

 ❯ tests/integration/assignments.test.ts:135:24
    133|       .set('Cookie', authCookie(other.id))
    134|       .send({ place_id: place.id });
    135|     expect(res.status).toBe(404);
       |                        ^
    136|   });
    137| 

⎯⎯⎯⎯⎯⎯⎯⎯⎯⎯⎯⎯⎯⎯⎯⎯⎯⎯⎯⎯⎯[25/458]⎯

 FAIL  tests/integration/assignments.test.ts > Create assignment > ASSIGN-006 — trip member can create assignment
AssertionError: expected 401 to be 201 // Object.is equality

- Expected
+ Received

- 201
+ 401

 ❯ tests/integration/assignments.test.ts:148:24
    146|       .set('Cookie', authCookie(member.id))
    147|       .send({ place_id: place.id });
    148|     expect(res.status).toBe(201);
       |                        ^
    149|   });
    150| });

⎯⎯⎯⎯⎯⎯⎯⎯⎯⎯⎯⎯⎯⎯⎯⎯⎯⎯⎯⎯⎯[26/458]⎯

 FAIL  tests/integration/assignments.test.ts > List assignments > ASSIGN-002 — GET /api/trips/:tripId/days/:dayId/assignments returns assignments for the day
AssertionError: expected 401 to be 200 // Object.is equality

- Expected
+ Received

- 200
+ 401

 ❯ tests/integration/assignments.test.ts:169:24
    167|       .get(`/api/trips/${trip.id}/days/${day.id}/assignments`)
    168|       .set('Cookie', authCookie(user.id));
    169|     expect(res.status).toBe(200);
       |                        ^
    170|     expect(res.body.assignments).toHaveLength(1);
    171|     // Assignments have an embedded place object

⎯⎯⎯⎯⎯⎯⎯⎯⎯⎯⎯⎯⎯⎯⎯⎯⎯⎯⎯⎯⎯[27/458]⎯

 FAIL  tests/integration/assignments.test.ts > List assignments > ASSIGN-002 — returns empty array when no assignments exist
AssertionError: expected 401 to be 200 // Object.is equality

- Expected
+ Received

- 200
+ 401

 ❯ tests/integration/assignments.test.ts:182:24
    180|       .get(`/api/trips/${trip.id}/days/${day.id}/assignments`)
    181|       .set('Cookie', authCookie(user.id));
    182|     expect(res.status).toBe(200);
       |                        ^
    183|     expect(res.body.assignments).toHaveLength(0);
    184|   });

⎯⎯⎯⎯⎯⎯⎯⎯⎯⎯⎯⎯⎯⎯⎯⎯⎯⎯⎯⎯⎯[28/458]⎯

 FAIL  tests/integration/assignments.test.ts > List assignments > ASSIGN-006 — non-member cannot list assignments
AssertionError: expected 401 to be 404 // Object.is equality

- Expected
+ Received

- 404
+ 401

 ❯ tests/integration/assignments.test.ts:194:24
    192|       .get(`/api/trips/${trip.id}/days/${day.id}/assignments`)
    193|       .set('Cookie', authCookie(other.id));
    194|     expect(res.status).toBe(404);
       |                        ^
    195|   });
    196| });

⎯⎯⎯⎯⎯⎯⎯⎯⎯⎯⎯⎯⎯⎯⎯⎯⎯⎯⎯⎯⎯[29/458]⎯

 FAIL  tests/integration/assignments.test.ts > Delete assignment > ASSIGN-004 — DELETE removes assignment
TypeError: Cannot read properties of undefined (reading 'id')
 ❯ tests/integration/assignments.test.ts:211:49
    209|       .set('Cookie', authCookie(user.id))
    210|       .send({ place_id: place.id });
    211|     const assignmentId = create.body.assignment.id;
       |                                                 ^
    212| 
    213|     const del = await request(app)

⎯⎯⎯⎯⎯⎯⎯⎯⎯⎯⎯⎯⎯⎯⎯⎯⎯⎯⎯⎯⎯[30/458]⎯

 FAIL  tests/integration/assignments.test.ts > Delete assignment > ASSIGN-004 — DELETE returns 404 for non-existent assignment
AssertionError: expected 401 to be 404 // Object.is equality

- Expected
+ Received

- 404
+ 401

 ❯ tests/integration/assignments.test.ts:233:24
    231|       .delete(`/api/trips/${trip.id}/days/${day.id}/assignments/99999`)
    232|       .set('Cookie', authCookie(user.id));
    233|     expect(res.status).toBe(404);
       |                        ^
    234|   });
    235| });

⎯⎯⎯⎯⎯⎯⎯⎯⎯⎯⎯⎯⎯⎯⎯⎯⎯⎯⎯⎯⎯[31/458]⎯

 FAIL  tests/integration/assignments.test.ts > Reorder assignments > ASSIGN-007 — PUT /reorder reorders assignments within a day
TypeError: Cannot read properties of undefined (reading 'id')
 ❯ tests/integration/assignments.test.ts:261:47
    259|       .put(`/api/trips/${trip.id}/days/${day.id}/assignments/reorder`)
    260|       .set('Cookie', authCookie(user.id))
    261|       .send({ orderedIds: [a2.body.assignment.id, a1.body.assignment.i…
       |                                               ^
    262|     expect(reorder.status).toBe(200);
    263|     expect(reorder.body.success).toBe(true);

⎯⎯⎯⎯⎯⎯⎯⎯⎯⎯⎯⎯⎯⎯⎯⎯⎯⎯⎯⎯⎯[32/458]⎯

 FAIL  tests/integration/assignments.test.ts > Move assignment > ASSIGN-008 — PUT /move transfers assignment to a different day
TypeError: Cannot read properties of undefined (reading 'id')
 ❯ tests/integration/assignments.test.ts:283:49
    281|       .set('Cookie', authCookie(user.id))
    282|       .send({ place_id: place.id });
    283|     const assignmentId = create.body.assignment.id;
       |                                                 ^
    284| 
    285|     const move = await request(app)

⎯⎯⎯⎯⎯⎯⎯⎯⎯⎯⎯⎯⎯⎯⎯⎯⎯⎯⎯⎯⎯[33/458]⎯

 FAIL  tests/integration/assignments.test.ts > Assignment participants > ASSIGN-005 — PUT /participants updates participant list
TypeError: Cannot read properties of undefined (reading 'id')
 ❯ tests/integration/assignments.test.ts:309:49
    307|       .set('Cookie', authCookie(user.id))
    308|       .send({ place_id: place.id });
    309|     const assignmentId = create.body.assignment.id;
       |                                                 ^
    310| 
    311|     const update = await request(app)

⎯⎯⎯⎯⎯⎯⎯⎯⎯⎯⎯⎯⎯⎯⎯⎯⎯⎯⎯⎯⎯[34/458]⎯

 FAIL  tests/integration/assignments.test.ts > Assignment participants > ASSIGN-009 — PUT /time updates assignment time fields
TypeError: Cannot read properties of undefined (reading 'id')
 ❯ tests/integration/assignments.test.ts:332:49
    330|       .set('Cookie', authCookie(user.id))
    331|       .send({ place_id: place.id });
    332|     const assignmentId = create.body.assignment.id;
       |                                                 ^
    333| 
    334|     const update = await request(app)

⎯⎯⎯⎯⎯⎯⎯⎯⎯⎯⎯⎯⎯⎯⎯⎯⎯⎯⎯⎯⎯[35/458]⎯

 FAIL  tests/integration/atlas.test.ts > Atlas stats > ATLAS-001 — GET /api/atlas/stats returns stats object
AssertionError: expected 401 to be 200 // Object.is equality

- Expected
+ Received

- 200
+ 401

 ❯ tests/integration/atlas.test.ts:72:24
     70|       .get('/api/addons/atlas/stats')
     71|       .set('Cookie', authCookie(user.id));
     72|     expect(res.status).toBe(200);
       |                        ^
     73|     expect(res.body).toHaveProperty('countries');
     74|     expect(res.body).toHaveProperty('stats');

⎯⎯⎯⎯⎯⎯⎯⎯⎯⎯⎯⎯⎯⎯⎯⎯⎯⎯⎯⎯⎯[36/458]⎯

 FAIL  tests/integration/atlas.test.ts > Atlas stats > ATLAS-002 — GET /api/atlas/country/:code returns places in country
AssertionError: expected 401 to be 200 // Object.is equality

- Expected
+ Received

- 200
+ 401

 ❯ tests/integration/atlas.test.ts:83:24
     81|       .get('/api/addons/atlas/country/FR')
     82|       .set('Cookie', authCookie(user.id));
     83|     expect(res.status).toBe(200);
       |                        ^
     84|     expect(Array.isArray(res.body.places)).toBe(true);
     85|   });

⎯⎯⎯⎯⎯⎯⎯⎯⎯⎯⎯⎯⎯⎯⎯⎯⎯⎯⎯⎯⎯[37/458]⎯

 FAIL  tests/integration/atlas.test.ts > Mark/unmark country > ATLAS-003 — POST /country/:code/mark marks country as visited
AssertionError: expected 401 to be 200 // Object.is equality

- Expected
+ Received

- 200
+ 401

 ❯ tests/integration/atlas.test.ts:95:24
     93|       .post('/api/addons/atlas/country/DE/mark')
     94|       .set('Cookie', authCookie(user.id));
     95|     expect(res.status).toBe(200);
       |                        ^
     96|     expect(res.body.success).toBe(true);
     97| 

⎯⎯⎯⎯⎯⎯⎯⎯⎯⎯⎯⎯⎯⎯⎯⎯⎯⎯⎯⎯⎯[38/458]⎯

 FAIL  tests/integration/atlas.test.ts > Mark/unmark country > ATLAS-004 — DELETE /country/:code/mark unmarks country
AssertionError: expected 401 to be 200 // Object.is equality

- Expected
+ Received

- 200
+ 401

 ❯ tests/integration/atlas.test.ts:116:24
    114|       .delete('/api/addons/atlas/country/IT/mark')
    115|       .set('Cookie', authCookie(user.id));
    116|     expect(res.status).toBe(200);
       |                        ^
    117|     expect(res.body.success).toBe(true);
    118|   });

⎯⎯⎯⎯⎯⎯⎯⎯⎯⎯⎯⎯⎯⎯⎯⎯⎯⎯⎯⎯⎯[39/458]⎯

 FAIL  tests/integration/atlas.test.ts > Bucket list > ATLAS-005 — POST /bucket-list creates a bucket list item
AssertionError: expected 401 to be 201 // Object.is equality

- Expected
+ Received

- 201
+ 401

 ❯ tests/integration/atlas.test.ts:129:24
    127|       .set('Cookie', authCookie(user.id))
    128|       .send({ name: 'Machu Picchu', country_code: 'PE', lat: -13.1631,…
    129|     expect(res.status).toBe(201);
       |                        ^
    130|     expect(res.body.item.name).toBe('Machu Picchu');
    131|   });

⎯⎯⎯⎯⎯⎯⎯⎯⎯⎯⎯⎯⎯⎯⎯⎯⎯⎯⎯⎯⎯[40/458]⎯

 FAIL  tests/integration/atlas.test.ts > Bucket list > ATLAS-005 — POST without name returns 400
AssertionError: expected 401 to be 400 // Object.is equality

- Expected
+ Received

- 400
+ 401

 ❯ tests/integration/atlas.test.ts:140:24
    138|       .set('Cookie', authCookie(user.id))
    139|       .send({ country_code: 'JP' });
    140|     expect(res.status).toBe(400);
       |                        ^
    141|   });
    142| 

⎯⎯⎯⎯⎯⎯⎯⎯⎯⎯⎯⎯⎯⎯⎯⎯⎯⎯⎯⎯⎯[41/458]⎯

 FAIL  tests/integration/atlas.test.ts > Bucket list > ATLAS-006 — GET /bucket-list returns items
AssertionError: expected 401 to be 200 // Object.is equality

- Expected
+ Received

- 200
+ 401

 ❯ tests/integration/atlas.test.ts:154:24
    152|       .get('/api/addons/atlas/bucket-list')
    153|       .set('Cookie', authCookie(user.id));
    154|     expect(res.status).toBe(200);
       |                        ^
    155|     expect(res.body.items).toHaveLength(1);
    156|   });

⎯⎯⎯⎯⎯⎯⎯⎯⎯⎯⎯⎯⎯⎯⎯⎯⎯⎯⎯⎯⎯[42/458]⎯

 FAIL  tests/integration/atlas.test.ts > Bucket list > ATLAS-007 — PUT /bucket-list/:id updates item
TypeError: Cannot read properties of undefined (reading 'id')
 ❯ tests/integration/atlas.test.ts:165:33
    163|       .set('Cookie', authCookie(user.id))
    164|       .send({ name: 'Old Name' });
    165|     const id = create.body.item.id;
       |                                 ^
    166| 
    167|     const res = await request(app)

⎯⎯⎯⎯⎯⎯⎯⎯⎯⎯⎯⎯⎯⎯⎯⎯⎯⎯⎯⎯⎯[43/458]⎯

 FAIL  tests/integration/atlas.test.ts > Bucket list > ATLAS-008 — DELETE /bucket-list/:id removes item
TypeError: Cannot read properties of undefined (reading 'id')
 ❯ tests/integration/atlas.test.ts:182:33
    180|       .set('Cookie', authCookie(user.id))
    181|       .send({ name: 'Tokyo' });
    182|     const id = create.body.item.id;
       |                                 ^
    183| 
    184|     const del = await request(app)

⎯⎯⎯⎯⎯⎯⎯⎯⎯⎯⎯⎯⎯⎯⎯⎯⎯⎯⎯⎯⎯[44/458]⎯

 FAIL  tests/integration/atlas.test.ts > Bucket list > ATLAS-008 — DELETE non-existent item returns 404
AssertionError: expected 401 to be 404 // Object.is equality

- Expected
+ Received

- 404
+ 401

 ❯ tests/integration/atlas.test.ts:202:24
    200|       .delete('/api/addons/atlas/bucket-list/99999')
    201|       .set('Cookie', authCookie(user.id));
    202|     expect(res.status).toBe(404);
       |                        ^
    203|   });
    204| });

⎯⎯⎯⎯⎯⎯⎯⎯⎯⎯⎯⎯⎯⎯⎯⎯⎯⎯⎯⎯⎯[45/458]⎯

 FAIL  tests/integration/atlas.test.ts > Mark/unmark region > ATLAS-009 — POST /region/:code/mark marks a region as visited
AssertionError: expected 401 to be 200 // Object.is equality

- Expected
+ Received

- 200
+ 401

 ❯ tests/integration/atlas.test.ts:215:24
    213|       .send({ name: 'Nordrhein-Westfalen', country_code: 'DE' });
    214| 
    215|     expect(res.status).toBe(200);
       |                        ^
    216|     expect(res.body.success).toBe(true);
    217|   });

⎯⎯⎯⎯⎯⎯⎯⎯⎯⎯⎯⎯⎯⎯⎯⎯⎯⎯⎯⎯⎯[46/458]⎯

 FAIL  tests/integration/atlas.test.ts > Mark/unmark region > ATLAS-009 — POST /region/:code/mark without name returns 400
AssertionError: expected 401 to be 400 // Object.is equality

- Expected
+ Received

- 400
+ 401

 ❯ tests/integration/atlas.test.ts:227:24
    225|       .send({ country_code: 'DE' });
    226| 
    227|     expect(res.status).toBe(400);
       |                        ^
    228|   });
    229| 

⎯⎯⎯⎯⎯⎯⎯⎯⎯⎯⎯⎯⎯⎯⎯⎯⎯⎯⎯⎯⎯[47/458]⎯

 FAIL  tests/integration/atlas.test.ts > Mark/unmark region > ATLAS-009 — POST /region/:code/mark without country_code returns 400
AssertionError: expected 401 to be 400 // Object.is equality

- Expected
+ Received

- 400
+ 401

 ❯ tests/integration/atlas.test.ts:238:24
    236|       .send({ name: 'Nordrhein-Westfalen' });
    237| 
    238|     expect(res.status).toBe(400);
       |                        ^
    239|   });
    240| 

⎯⎯⎯⎯⎯⎯⎯⎯⎯⎯⎯⎯⎯⎯⎯⎯⎯⎯⎯⎯⎯[48/458]⎯

 FAIL  tests/integration/atlas.test.ts > Mark/unmark region > ATLAS-009 — marking a region also auto-marks the parent country
TypeError: Cannot read properties of undefined (reading 'map')
 ❯ tests/integration/atlas.test.ts:253:51
    251|       .set('Cookie', authCookie(user.id));
    252| 
    253|     const codes = (stats.body.countries as any[]).map((c: any) => c.co…
       |                                                   ^
    254|     expect(codes).toContain('DE');
    255|   });

⎯⎯⎯⎯⎯⎯⎯⎯⎯⎯⎯⎯⎯⎯⎯⎯⎯⎯⎯⎯⎯[49/458]⎯

 FAIL  tests/integration/atlas.test.ts > Mark/unmark region > ATLAS-009 — marking the same region twice is idempotent
AssertionError: expected 401 to be 200 // Object.is equality

- Expected
+ Received

- 200
+ 401

 ❯ tests/integration/atlas.test.ts:270:24
    268|       .send({ name: 'Nordrhein-Westfalen', country_code: 'DE' });
    269| 
    270|     expect(res.status).toBe(200);
       |                        ^
    271|   });
    272| 

⎯⎯⎯⎯⎯⎯⎯⎯⎯⎯⎯⎯⎯⎯⎯⎯⎯⎯⎯⎯⎯[50/458]⎯

 FAIL  tests/integration/atlas.test.ts > Mark/unmark region > ATLAS-010 — GET /regions returns marked regions grouped by country
AssertionError: expected 401 to be 200 // Object.is equality

- Expected
+ Received

- 200
+ 401

 ❯ tests/integration/atlas.test.ts:290:24
    288|       .set('Cookie', authCookie(user.id));
    289| 
    290|     expect(res.status).toBe(200);
       |                        ^
    291|     expect(res.body).toHaveProperty('regions');
    292|     const deRegions = res.body.regions['DE'] as any[];

⎯⎯⎯⎯⎯⎯⎯⎯⎯⎯⎯⎯⎯⎯⎯⎯⎯⎯⎯⎯⎯[51/458]⎯

 FAIL  tests/integration/atlas.test.ts > Mark/unmark region > ATLAS-011 — DELETE /region/:code/mark unmarks a region
AssertionError: expected 401 to be 200 // Object.is equality

- Expected
+ Received

- 200
+ 401

 ❯ tests/integration/atlas.test.ts:311:24
    309|       .set('Cookie', authCookie(user.id));
    310| 
    311|     expect(del.status).toBe(200);
       |                        ^
    312|     expect(del.body.success).toBe(true);
    313| 

⎯⎯⎯⎯⎯⎯⎯⎯⎯⎯⎯⎯⎯⎯⎯⎯⎯⎯⎯⎯⎯[52/458]⎯

 FAIL  tests/integration/atlas.test.ts > Mark/unmark region > ATLAS-011 — unmark last region in country also unmarks the parent country
TypeError: Cannot read properties of undefined (reading 'map')
 ❯ tests/integration/atlas.test.ts:339:51
    337|       .set('Cookie', authCookie(user.id));
    338| 
    339|     const codes = (stats.body.countries as any[]).map((c: any) => c.co…
       |                                                   ^
    340|     expect(codes).not.toContain('DE');
    341|   });

⎯⎯⎯⎯⎯⎯⎯⎯⎯⎯⎯⎯⎯⎯⎯⎯⎯⎯⎯⎯⎯[53/458]⎯

 FAIL  tests/integration/atlas.test.ts > Mark/unmark region > ATLAS-011 — unmark one region keeps country when another region remains
TypeError: Cannot read properties of undefined (reading 'map')
 ❯ tests/integration/atlas.test.ts:364:51
    362|       .set('Cookie', authCookie(user.id));
    363| 
    364|     const codes = (stats.body.countries as any[]).map((c: any) => c.co…
       |                                                   ^
    365|     expect(codes).toContain('DE');
    366|   });

⎯⎯⎯⎯⎯⎯⎯⎯⎯⎯⎯⎯⎯⎯⎯⎯⎯⎯⎯⎯⎯[54/458]⎯

 FAIL  tests/integration/atlas.test.ts > Mark/unmark region > ATLAS-011 — regions are isolated between users
AssertionError: expected 401 to be 200 // Object.is equality

- Expected
+ Received

- 200
+ 401

 ❯ tests/integration/atlas.test.ts:381:24
    379|       .set('Cookie', authCookie(user2.id));
    380| 
    381|     expect(res.status).toBe(200);
       |                        ^
    382|     const deRegions = res.body.regions['DE'] as any[] | undefined;
    383|     expect(deRegions).toBeUndefined();

⎯⎯⎯⎯⎯⎯⎯⎯⎯⎯⎯⎯⎯⎯⎯⎯⎯⎯⎯⎯⎯[55/458]⎯

 FAIL  tests/integration/auth.test.ts > Login > AUTH-001 — successful login returns 200, user object, and trek_session cookie
AssertionError: expected false to be true // Object.is equality

- Expected
+ Received

- true
+ false

 ❯ tests/integration/auth.test.ts:92:69
     90|       ? res.headers['set-cookie']
     91|       : [res.headers['set-cookie']];
     92|     expect(cookies.some((c: string) => c.includes('trek_session'))).to…
       |                                                                     ^
     93|   });
     94| 

⎯⎯⎯⎯⎯⎯⎯⎯⎯⎯⎯⎯⎯⎯⎯⎯⎯⎯⎯⎯⎯[56/458]⎯

 FAIL  tests/integration/auth.test.ts > Login > AUTH-013 — POST /api/auth/logout clears session cookie
AssertionError: expected undefined to be defined
 ❯ tests/integration/auth.test.ts:116:27
    114|       : (res.headers['set-cookie'] ? [res.headers['set-cookie']] : []);
    115|     const sessionCookie = cookies.find((c: string) => c.includes('trek…
    116|     expect(sessionCookie).toBeDefined();
       |                           ^
    117|     expect(sessionCookie).toMatch(/expires=Thu, 01 Jan 1970|Max-Age=0/…
    118|   });

⎯⎯⎯⎯⎯⎯⎯⎯⎯⎯⎯⎯⎯⎯⎯⎯⎯⎯⎯⎯⎯[57/458]⎯

 FAIL  tests/integration/auth.test.ts > Registration > AUTH-005 — first user registration creates admin role and returns 201 + cookie
AssertionError: expected false to be true // Object.is equality

- Expected
+ Received

- true
+ false

 ❯ tests/integration/auth.test.ts:137:69
    135|       ? res.headers['set-cookie']
    136|       : [res.headers['set-cookie']];
    137|     expect(cookies.some((c: string) => c.includes('trek_session'))).to…
       |                                                                     ^
    138|   });
    139| 

⎯⎯⎯⎯⎯⎯⎯⎯⎯⎯⎯⎯⎯⎯⎯⎯⎯⎯⎯⎯⎯[58/458]⎯

 FAIL  tests/integration/auth.test.ts > Session > AUTH-014 — GET /api/auth/me with valid cookie returns safe user object
AssertionError: expected 401 to be 200 // Object.is equality

- Expected
+ Received

- 200
+ 401

 ❯ tests/integration/auth.test.ts:235:24
    233|     const { user } = createUser(testDb);
    234|     const res = await request(app).get('/api/auth/me').set('Cookie', a…
    235|     expect(res.status).toBe(200);
       |                        ^
    236|     expect(res.body.user.id).toBe(user.id);
    237|     expect(res.body.user.email).toBe(user.email);

⎯⎯⎯⎯⎯⎯⎯⎯⎯⎯⎯⎯⎯⎯⎯⎯⎯⎯⎯⎯⎯[59/458]⎯

 FAIL  tests/integration/auth.test.ts > Session > AUTH-021 — user with must_change_password=1 sees the flag in their profile
AssertionError: expected 401 to be 200 // Object.is equality

- Expected
+ Received

- 200
+ 401

 ❯ tests/integration/auth.test.ts:247:24
    245| 
    246|     const res = await request(app).get('/api/auth/me').set('Cookie', a…
    247|     expect(res.status).toBe(200);
       |                        ^
    248|     expect(res.body.user.must_change_password).toBe(true);
    249|   });

⎯⎯⎯⎯⎯⎯⎯⎯⎯⎯⎯⎯⎯⎯⎯⎯⎯⎯⎯⎯⎯[60/458]⎯

 FAIL  tests/integration/auth.test.ts > Demo login > AUTH-022 — POST /api/auth/demo-login with DEMO_MODE and demo user returns 200 + cookie
AssertionError: expected 500 to be 200 // Object.is equality

- Expected
+ Received

- 200
+ 500

 ❯ tests/integration/auth.test.ts:294:26
    292|     try {
    293|       const res = await request(app).post('/api/auth/demo-login');
    294|       expect(res.status).toBe(200);
       |                          ^
    295|       expect(res.body.user.email).toBe('demo@trek.app');
    296|     } finally {

⎯⎯⎯⎯⎯⎯⎯⎯⎯⎯⎯⎯⎯⎯⎯⎯⎯⎯⎯⎯⎯[61/458]⎯

 FAIL  tests/integration/auth.test.ts > MFA > AUTH-015 — POST /api/auth/mfa/setup returns secret and QR data URL
AssertionError: expected 401 to be 200 // Object.is equality

- Expected
+ Received

- 200
+ 401

 ❯ tests/integration/auth.test.ts:312:24
    310|       .post('/api/auth/mfa/setup')
    311|       .set('Cookie', authCookie(user.id));
    312|     expect(res.status).toBe(200);
       |                        ^
    313|     expect(res.body.secret).toBeDefined();
    314|     expect(res.body.otpauth_url).toContain('otpauth://');

⎯⎯⎯⎯⎯⎯⎯⎯⎯⎯⎯⎯⎯⎯⎯⎯⎯⎯⎯⎯⎯[62/458]⎯

 FAIL  tests/integration/auth.test.ts > MFA > AUTH-015 — POST /api/auth/mfa/enable with valid TOTP code enables MFA
AssertionError: expected 401 to be 200 // Object.is equality

- Expected
+ Received

- 200
+ 401

 ❯ tests/integration/auth.test.ts:324:29
    322|       .post('/api/auth/mfa/setup')
    323|       .set('Cookie', authCookie(user.id));
    324|     expect(setupRes.status).toBe(200);
       |                             ^
    325| 
    326|     const enableRes = await request(app)

⎯⎯⎯⎯⎯⎯⎯⎯⎯⎯⎯⎯⎯⎯⎯⎯⎯⎯⎯⎯⎯[63/458]⎯

 FAIL  tests/integration/auth.test.ts > MFA > AUTH-016 — POST /api/auth/mfa/verify-login with valid code completes login
AssertionError: expected false to be true // Object.is equality

- Expected
+ Received

- true
+ false

 ❯ tests/integration/auth.test.ts:361:69
    359|       ? verifyRes.headers['set-cookie']
    360|       : [verifyRes.headers['set-cookie']];
    361|     expect(cookies.some((c: string) => c.includes('trek_session'))).to…
       |                                                                     ^
    362|   });
    363| 

⎯⎯⎯⎯⎯⎯⎯⎯⎯⎯⎯⎯⎯⎯⎯⎯⎯⎯⎯⎯⎯[64/458]⎯

 FAIL  tests/integration/auth.test.ts > MFA > AUTH-019 — disable MFA with valid password and TOTP code
AssertionError: expected 401 to be 200 // Object.is equality

- Expected
+ Received

- 200
+ 401

 ❯ tests/integration/auth.test.ts:384:31
    382|       .set('Cookie', authCookie(user.id))
    383|       .send({ password, code: authenticator.generate(totpSecret) });
    384|     expect(disableRes.status).toBe(200);
       |                               ^
    385|     expect(disableRes.body.mfa_enabled).toBe(false);
    386|   });

⎯⎯⎯⎯⎯⎯⎯⎯⎯⎯⎯⎯⎯⎯⎯⎯⎯⎯⎯⎯⎯[65/458]⎯

 FAIL  tests/integration/auth.test.ts > Short-lived tokens > AUTH-029 — POST /api/auth/ws-token returns a single-use token
AssertionError: expected 401 to be 200 // Object.is equality

- Expected
+ Received

- 200
+ 401

 ❯ tests/integration/auth.test.ts:434:24
    432|       .post('/api/auth/ws-token')
    433|       .set('Cookie', authCookie(user.id));
    434|     expect(res.status).toBe(200);
       |                        ^
    435|     expect(typeof res.body.token).toBe('string');
    436|     expect(res.body.token.length).toBeGreaterThan(0);

⎯⎯⎯⎯⎯⎯⎯⎯⎯⎯⎯⎯⎯⎯⎯⎯⎯⎯⎯⎯⎯[66/458]⎯

 FAIL  tests/integration/auth.test.ts > Short-lived tokens > AUTH-030 — POST /api/auth/resource-token returns a single-use token
AssertionError: expected 401 to be 200 // Object.is equality

- Expected
+ Received

- 200
+ 401

 ❯ tests/integration/auth.test.ts:445:24
    443|       .set('Cookie', authCookie(user.id))
    444|       .send({ purpose: 'download' });
    445|     expect(res.status).toBe(200);
       |                        ^
    446|     expect(typeof res.body.token).toBe('string');
    447|     expect(res.body.token.length).toBeGreaterThan(0);

⎯⎯⎯⎯⎯⎯⎯⎯⎯⎯⎯⎯⎯⎯⎯⎯⎯⎯⎯⎯⎯[67/458]⎯

 FAIL  tests/integration/backup.test.ts > Backup access control > non-admin cannot access backup routes
AssertionError: expected 401 to be 403 // Object.is equality

- Expected
+ Received

- 403
+ 401

 ❯ tests/integration/backup.test.ts:98:24
     96|       .get('/api/backup/list')
     97|       .set('Cookie', authCookie(user.id));
     98|     expect(res.status).toBe(403);
       |                        ^
     99|   });
    100| });

⎯⎯⎯⎯⎯⎯⎯⎯⎯⎯⎯⎯⎯⎯⎯⎯⎯⎯⎯⎯⎯[68/458]⎯

 FAIL  tests/integration/backup.test.ts > Backup list > BACKUP-001 — GET /backup/list returns backups array
AssertionError: expected 401 to be 200 // Object.is equality

- Expected
+ Received

- 200
+ 401

 ❯ tests/integration/backup.test.ts:109:24
    107|       .get('/api/backup/list')
    108|       .set('Cookie', authCookie(admin.id));
    109|     expect(res.status).toBe(200);
       |                        ^
    110|     expect(Array.isArray(res.body.backups)).toBe(true);
    111|   });

⎯⎯⎯⎯⎯⎯⎯⎯⎯⎯⎯⎯⎯⎯⎯⎯⎯⎯⎯⎯⎯[69/458]⎯

 FAIL  tests/integration/backup.test.ts > Backup creation > BACKUP-001 — POST /backup/create creates a backup
AssertionError: expected 401 to be 200 // Object.is equality

- Expected
+ Received

- 200
+ 401

 ❯ tests/integration/backup.test.ts:121:24
    119|       .post('/api/backup/create')
    120|       .set('Cookie', authCookie(admin.id));
    121|     expect(res.status).toBe(200);
       |                        ^
    122|     expect(res.body.success).toBe(true);
    123|     expect(res.body.backup).toHaveProperty('filename');

⎯⎯⎯⎯⎯⎯⎯⎯⎯⎯⎯⎯⎯⎯⎯⎯⎯⎯⎯⎯⎯[70/458]⎯

 FAIL  tests/integration/backup.test.ts > Auto-backup settings > BACKUP-008 — GET /backup/auto-settings returns current config
AssertionError: expected 401 to be 200 // Object.is equality

- Expected
+ Received

- 200
+ 401

 ❯ tests/integration/backup.test.ts:135:24
    133|       .get('/api/backup/auto-settings')
    134|       .set('Cookie', authCookie(admin.id));
    135|     expect(res.status).toBe(200);
       |                        ^
    136|     expect(res.body).toHaveProperty('settings');
    137|     expect(res.body.settings).toHaveProperty('enabled');

⎯⎯⎯⎯⎯⎯⎯⎯⎯⎯⎯⎯⎯⎯⎯⎯⎯⎯⎯⎯⎯[71/458]⎯

 FAIL  tests/integration/backup.test.ts > Auto-backup settings > BACKUP-008 — PUT /backup/auto-settings updates settings
AssertionError: expected 401 to be 200 // Object.is equality

- Expected
+ Received

- 200
+ 401

 ❯ tests/integration/backup.test.ts:147:24
    145|       .set('Cookie', authCookie(admin.id))
    146|       .send({ enabled: false, interval: 'daily', keep_days: 7 });
    147|     expect(res.status).toBe(200);
       |                        ^
    148|     expect(res.body).toHaveProperty('settings');
    149|     expect(res.body.settings).toHaveProperty('enabled');

⎯⎯⎯⎯⎯⎯⎯⎯⎯⎯⎯⎯⎯⎯⎯⎯⎯⎯⎯⎯⎯[72/458]⎯

 FAIL  tests/integration/budget.test.ts > Create budget item > BUDGET-001 — POST creates budget item
AssertionError: expected 401 to be 201 // Object.is equality

- Expected
+ Received

- 201
+ 401

 ❯ tests/integration/budget.test.ts:78:24
     76|       .set('Cookie', authCookie(user.id))
     77|       .send({ name: 'Flights', category: 'Transport', total_price: 500…
     78|     expect(res.status).toBe(201);
       |                        ^
     79|     expect(res.body.item.name).toBe('Flights');
     80|     expect(res.body.item.total_price).toBe(500);

⎯⎯⎯⎯⎯⎯⎯⎯⎯⎯⎯⎯⎯⎯⎯⎯⎯⎯⎯⎯⎯[73/458]⎯

 FAIL  tests/integration/budget.test.ts > Create budget item > BUDGET-001 — POST without name returns 400
AssertionError: expected 401 to be 400 // Object.is equality

- Expected
+ Received

- 400
+ 401

 ❯ tests/integration/budget.test.ts:91:24
     89|       .set('Cookie', authCookie(user.id))
     90|       .send({ category: 'Transport', total_price: 200 });
     91|     expect(res.status).toBe(400);
       |                        ^
     92|   });
     93| 

⎯⎯⎯⎯⎯⎯⎯⎯⎯⎯⎯⎯⎯⎯⎯⎯⎯⎯⎯⎯⎯[74/458]⎯

 FAIL  tests/integration/budget.test.ts > Create budget item > BUDGET-010 — non-member cannot create budget item
AssertionError: expected 401 to be 404 // Object.is equality

- Expected
+ Received

- 404
+ 401

 ❯ tests/integration/budget.test.ts:103:24
    101|       .set('Cookie', authCookie(other.id))
    102|       .send({ name: 'Hotels', total_price: 300 });
    103|     expect(res.status).toBe(404);
       |                        ^
    104|   });
    105| });

⎯⎯⎯⎯⎯⎯⎯⎯⎯⎯⎯⎯⎯⎯⎯⎯⎯⎯⎯⎯⎯[75/458]⎯

 FAIL  tests/integration/budget.test.ts > List budget items > BUDGET-002 — GET /api/trips/:tripId/budget returns all items
AssertionError: expected 401 to be 200 // Object.is equality

- Expected
+ Received

- 200
+ 401

 ❯ tests/integration/budget.test.ts:121:24
    119|       .get(`/api/trips/${trip.id}/budget`)
    120|       .set('Cookie', authCookie(user.id));
    121|     expect(res.status).toBe(200);
       |                        ^
    122|     expect(res.body.items).toHaveLength(2);
    123|   });

⎯⎯⎯⎯⎯⎯⎯⎯⎯⎯⎯⎯⎯⎯⎯⎯⎯⎯⎯⎯⎯[76/458]⎯

 FAIL  tests/integration/budget.test.ts > List budget items > BUDGET-002 — member can list budget items
AssertionError: expected 401 to be 200 // Object.is equality

- Expected
+ Received

- 200
+ 401

 ❯ tests/integration/budget.test.ts:135:24
    133|       .get(`/api/trips/${trip.id}/budget`)
    134|       .set('Cookie', authCookie(member.id));
    135|     expect(res.status).toBe(200);
       |                        ^
    136|     expect(res.body.items).toHaveLength(1);
    137|   });

⎯⎯⎯⎯⎯⎯⎯⎯⎯⎯⎯⎯⎯⎯⎯⎯⎯⎯⎯⎯⎯[77/458]⎯

 FAIL  tests/integration/budget.test.ts > Update budget item > BUDGET-003 — PUT updates budget item fields
AssertionError: expected 401 to be 200 // Object.is equality

- Expected
+ Received

- 200
+ 401

 ❯ tests/integration/budget.test.ts:154:24
    152|       .set('Cookie', authCookie(user.id))
    153|       .send({ name: 'New Name', total_price: 250 });
    154|     expect(res.status).toBe(200);
       |                        ^
    155|     expect(res.body.item.name).toBe('New Name');
    156|     expect(res.body.item.total_price).toBe(250);

⎯⎯⎯⎯⎯⎯⎯⎯⎯⎯⎯⎯⎯⎯⎯⎯⎯⎯⎯⎯⎯[78/458]⎯

 FAIL  tests/integration/budget.test.ts > Update budget item > BUDGET-003 — PUT non-existent item returns 404
AssertionError: expected 401 to be 404 // Object.is equality

- Expected
+ Received

- 404
+ 401

 ❯ tests/integration/budget.test.ts:167:24
    165|       .set('Cookie', authCookie(user.id))
    166|       .send({ name: 'Updated' });
    167|     expect(res.status).toBe(404);
       |                        ^
    168|   });
    169| });

⎯⎯⎯⎯⎯⎯⎯⎯⎯⎯⎯⎯⎯⎯⎯⎯⎯⎯⎯⎯⎯[79/458]⎯

 FAIL  tests/integration/budget.test.ts > Delete budget item > BUDGET-004 — DELETE removes item
AssertionError: expected 401 to be 200 // Object.is equality

- Expected
+ Received

- 200
+ 401

 ❯ tests/integration/budget.test.ts:184:24
    182|       .delete(`/api/trips/${trip.id}/budget/${item.id}`)
    183|       .set('Cookie', authCookie(user.id));
    184|     expect(del.status).toBe(200);
       |                        ^
    185|     expect(del.body.success).toBe(true);
    186| 

⎯⎯⎯⎯⎯⎯⎯⎯⎯⎯⎯⎯⎯⎯⎯⎯⎯⎯⎯⎯⎯[80/458]⎯

 FAIL  tests/integration/budget.test.ts > Budget item members > BUDGET-005 — PUT /members assigns members to budget item
AssertionError: expected 401 to be 200 // Object.is equality

- Expected
+ Received

- 200
+ 401

 ❯ tests/integration/budget.test.ts:210:24
    208|       .set('Cookie', authCookie(user.id))
    209|       .send({ user_ids: [user.id, member.id] });
    210|     expect(res.status).toBe(200);
       |                        ^
    211|     expect(res.body.members).toBeDefined();
    212|   });

⎯⎯⎯⎯⎯⎯⎯⎯⎯⎯⎯⎯⎯⎯⎯⎯⎯⎯⎯⎯⎯[81/458]⎯

 FAIL  tests/integration/budget.test.ts > Budget item members > BUDGET-005 — PUT /members with non-array user_ids returns 400
AssertionError: expected 401 to be 400 // Object.is equality

- Expected
+ Received

- 400
+ 401

 ❯ tests/integration/budget.test.ts:223:24
    221|       .set('Cookie', authCookie(user.id))
    222|       .send({ user_ids: 'not-an-array' });
    223|     expect(res.status).toBe(400);
       |                        ^
    224|   });
    225| 

⎯⎯⎯⎯⎯⎯⎯⎯⎯⎯⎯⎯⎯⎯⎯⎯⎯⎯⎯⎯⎯[82/458]⎯

 FAIL  tests/integration/budget.test.ts > Budget item members > BUDGET-006 — PUT /members/:userId/paid toggles paid status
AssertionError: expected 401 to be 200 // Object.is equality

- Expected
+ Received

- 200
+ 401

 ❯ tests/integration/budget.test.ts:241:24
    239|       .set('Cookie', authCookie(user.id))
    240|       .send({ paid: true });
    241|     expect(res.status).toBe(200);
       |                        ^
    242|     expect(res.body.member).toBeDefined();
    243|   });

⎯⎯⎯⎯⎯⎯⎯⎯⎯⎯⎯⎯⎯⎯⎯⎯⎯⎯⎯⎯⎯[83/458]⎯

 FAIL  tests/integration/budget.test.ts > Budget summary and settlement > BUDGET-007 — GET /summary/per-person returns per-person breakdown
AssertionError: expected 401 to be 200 // Object.is equality

- Expected
+ Received

- 200
+ 401

 ❯ tests/integration/budget.test.ts:259:24
    257|       .get(`/api/trips/${trip.id}/budget/summary/per-person`)
    258|       .set('Cookie', authCookie(user.id));
    259|     expect(res.status).toBe(200);
       |                        ^
    260|     expect(Array.isArray(res.body.summary)).toBe(true);
    261|   });

⎯⎯⎯⎯⎯⎯⎯⎯⎯⎯⎯⎯⎯⎯⎯⎯⎯⎯⎯⎯⎯[84/458]⎯

 FAIL  tests/integration/budget.test.ts > Budget summary and settlement > BUDGET-008 — GET /settlement returns settlement transactions
AssertionError: expected 401 to be 200 // Object.is equality

- Expected
+ Received

- 200
+ 401

 ❯ tests/integration/budget.test.ts:270:24
    268|       .get(`/api/trips/${trip.id}/budget/settlement`)
    269|       .set('Cookie', authCookie(user.id));
    270|     expect(res.status).toBe(200);
       |                        ^
    271|     expect(res.body).toHaveProperty('balances');
    272|     expect(res.body).toHaveProperty('flows');

⎯⎯⎯⎯⎯⎯⎯⎯⎯⎯⎯⎯⎯⎯⎯⎯⎯⎯⎯⎯⎯[85/458]⎯

 FAIL  tests/integration/budget.test.ts > Budget summary and settlement > BUDGET-009 — settlement with no payers returns empty transactions
AssertionError: expected 401 to be 200 // Object.is equality

- Expected
+ Received

- 200
+ 401

 ❯ tests/integration/budget.test.ts:284:24
    282|       .get(`/api/trips/${trip.id}/budget/settlement`)
    283|       .set('Cookie', authCookie(user.id));
    284|     expect(res.status).toBe(200);
       |                        ^
    285|   });
    286| });

⎯⎯⎯⎯⎯⎯⎯⎯⎯⎯⎯⎯⎯⎯⎯⎯⎯⎯⎯⎯⎯[86/458]⎯

 FAIL  tests/integration/collab.test.ts > Collab notes > COLLAB-001 — POST /collab/notes creates a note
AssertionError: expected 401 to be 201 // Object.is equality

- Expected
+ Received

- 201
+ 401

 ❯ tests/integration/collab.test.ts:88:24
     86|       .set('Cookie', authCookie(user.id))
     87|       .send({ title: 'Packing Ideas', content: 'Bring sunscreen', cate…
     88|     expect(res.status).toBe(201);
       |                        ^
     89|     expect(res.body.note.title).toBe('Packing Ideas');
     90|     expect(res.body.note.content).toBe('Bring sunscreen');

⎯⎯⎯⎯⎯⎯⎯⎯⎯⎯⎯⎯⎯⎯⎯⎯⎯⎯⎯⎯⎯[87/458]⎯

 FAIL  tests/integration/collab.test.ts > Collab notes > COLLAB-001 — POST without title returns 400
AssertionError: expected 401 to be 400 // Object.is equality

- Expected
+ Received

- 400
+ 401

 ❯ tests/integration/collab.test.ts:101:24
     99|       .set('Cookie', authCookie(user.id))
    100|       .send({ content: 'No title' });
    101|     expect(res.status).toBe(400);
       |                        ^
    102|   });
    103| 

⎯⎯⎯⎯⎯⎯⎯⎯⎯⎯⎯⎯⎯⎯⎯⎯⎯⎯⎯⎯⎯[88/458]⎯

 FAIL  tests/integration/collab.test.ts > Collab notes > COLLAB-001 — non-member cannot create collab note
AssertionError: expected 401 to be 404 // Object.is equality

- Expected
+ Received

- 404
+ 401

 ❯ tests/integration/collab.test.ts:113:24
    111|       .set('Cookie', authCookie(other.id))
    112|       .send({ title: 'Sneaky note' });
    113|     expect(res.status).toBe(404);
       |                        ^
    114|   });
    115| 

⎯⎯⎯⎯⎯⎯⎯⎯⎯⎯⎯⎯⎯⎯⎯⎯⎯⎯⎯⎯⎯[89/458]⎯

 FAIL  tests/integration/collab.test.ts > Collab notes > COLLAB-002 — GET /collab/notes returns all notes
AssertionError: expected 401 to be 200 // Object.is equality

- Expected
+ Received

- 200
+ 401

 ❯ tests/integration/collab.test.ts:132:24
    130|       .get(`/api/trips/${trip.id}/collab/notes`)
    131|       .set('Cookie', authCookie(user.id));
    132|     expect(res.status).toBe(200);
       |                        ^
    133|     expect(res.body.notes).toHaveLength(2);
    134|   });

⎯⎯⎯⎯⎯⎯⎯⎯⎯⎯⎯⎯⎯⎯⎯⎯⎯⎯⎯⎯⎯[90/458]⎯

 FAIL  tests/integration/collab.test.ts > Collab notes > COLLAB-003 — PUT /collab/notes/:id updates a note
TypeError: Cannot read properties of undefined (reading 'id')
 ❯ tests/integration/collab.test.ts:144:37
    142|       .set('Cookie', authCookie(user.id))
    143|       .send({ title: 'Old Title', content: 'Old content' });
    144|     const noteId = create.body.note.id;
       |                                     ^
    145| 
    146|     const res = await request(app)

⎯⎯⎯⎯⎯⎯⎯⎯⎯⎯⎯⎯⎯⎯⎯⎯⎯⎯⎯⎯⎯[91/458]⎯

 FAIL  tests/integration/collab.test.ts > Collab notes > COLLAB-003 — PUT non-existent note returns 404
AssertionError: expected 401 to be 404 // Object.is equality

- Expected
+ Received

- 404
+ 401

 ❯ tests/integration/collab.test.ts:163:24
    161|       .set('Cookie', authCookie(user.id))
    162|       .send({ title: 'Updated' });
    163|     expect(res.status).toBe(404);
       |                        ^
    164|   });
    165| 

⎯⎯⎯⎯⎯⎯⎯⎯⎯⎯⎯⎯⎯⎯⎯⎯⎯⎯⎯⎯⎯[92/458]⎯

 FAIL  tests/integration/collab.test.ts > Collab notes > COLLAB-004 — DELETE /collab/notes/:id removes note
TypeError: Cannot read properties of undefined (reading 'id')
 ❯ tests/integration/collab.test.ts:174:37
    172|       .set('Cookie', authCookie(user.id))
    173|       .send({ title: 'To Delete' });
    174|     const noteId = create.body.note.id;
       |                                     ^
    175| 
    176|     const del = await request(app)

⎯⎯⎯⎯⎯⎯⎯⎯⎯⎯⎯⎯⎯⎯⎯⎯⎯⎯⎯⎯⎯[93/458]⎯

 FAIL  tests/integration/collab.test.ts > Collab notes > COLLAB-005 — POST /collab/notes/:id/files uploads a file to a note
TypeError: Cannot read properties of undefined (reading 'id')
 ❯ tests/integration/collab.test.ts:196:37
    194|       .set('Cookie', authCookie(user.id))
    195|       .send({ title: 'Note with file' });
    196|     const noteId = create.body.note.id;
       |                                     ^
    197| 
    198|     const upload = await request(app)

⎯⎯⎯⎯⎯⎯⎯⎯⎯⎯⎯⎯⎯⎯⎯⎯⎯⎯⎯⎯⎯[94/458]⎯

 FAIL  tests/integration/collab.test.ts > Collab notes > COLLAB-006 — uploading blocked extension to note is rejected
TypeError: Cannot read properties of undefined (reading 'id')
 ❯ tests/integration/collab.test.ts:214:37
    212|       .set('Cookie', authCookie(user.id))
    213|       .send({ title: 'Note' });
    214|     const noteId = create.body.note.id;
       |                                     ^
    215| 
    216|     // Create a temp .svg file

⎯⎯⎯⎯⎯⎯⎯⎯⎯⎯⎯⎯⎯⎯⎯⎯⎯⎯⎯⎯⎯[95/458]⎯

 FAIL  tests/integration/collab.test.ts > Collab notes > COLLAB-007 — DELETE /collab/notes/:noteId/files/:fileId removes file from note
TypeError: Cannot read properties of undefined (reading 'id')
 ❯ tests/integration/collab.test.ts:238:37
    236|       .set('Cookie', authCookie(user.id))
    237|       .send({ title: 'Note with file' });
    238|     const noteId = create.body.note.id;
       |                                     ^
    239| 
    240|     const upload = await request(app)

⎯⎯⎯⎯⎯⎯⎯⎯⎯⎯⎯⎯⎯⎯⎯⎯⎯⎯⎯⎯⎯[96/458]⎯

 FAIL  tests/integration/collab.test.ts > Collab notes > COLLAB-028 — uploaded note file URL uses authenticated download path, not /uploads/
TypeError: Cannot read properties of undefined (reading 'id')
 ❯ tests/integration/collab.test.ts:261:37
    259|       .set('Cookie', authCookie(user.id))
    260|       .send({ title: 'URL check' });
    261|     const noteId = create.body.note.id;
       |                                     ^
    262| 
    263|     const upload = await request(app)

⎯⎯⎯⎯⎯⎯⎯⎯⎯⎯⎯⎯⎯⎯⎯⎯⎯⎯⎯⎯⎯[97/458]⎯

 FAIL  tests/integration/collab.test.ts > Collab notes > COLLAB-029 — note attachments in listing use authenticated download URLs
TypeError: Cannot read properties of undefined (reading 'id')
 ❯ tests/integration/collab.test.ts:282:37
    280|       .set('Cookie', authCookie(user.id))
    281|       .send({ title: 'List URL check' });
    282|     const noteId = create.body.note.id;
       |                                     ^
    283| 
    284|     await request(app)

⎯⎯⎯⎯⎯⎯⎯⎯⎯⎯⎯⎯⎯⎯⎯⎯⎯⎯⎯⎯⎯[98/458]⎯

 FAIL  tests/integration/collab.test.ts > Collab notes > COLLAB-030 — note file is downloadable via files endpoint with ephemeral token
TypeError: Cannot read properties of undefined (reading 'id')
 ❯ tests/integration/collab.test.ts:308:37
    306|       .set('Cookie', authCookie(user.id))
    307|       .send({ title: 'Downloadable note' });
    308|     const noteId = create.body.note.id;
       |                                     ^
    309| 
    310|     const upload = await request(app)

⎯⎯⎯⎯⎯⎯⎯⎯⎯⎯⎯⎯⎯⎯⎯⎯⎯⎯⎯⎯⎯[99/458]⎯

 FAIL  tests/integration/collab.test.ts > Collab notes > COLLAB-031 — note file download without auth returns 401
TypeError: Cannot read properties of undefined (reading 'id')
 ❯ tests/integration/collab.test.ts:337:37
    335|       .set('Cookie', authCookie(user.id))
    336|       .send({ title: 'Auth required note' });
    337|     const noteId = create.body.note.id;
       |                                     ^
    338| 
    339|     const upload = await request(app)

⎯⎯⎯⎯⎯⎯⎯⎯⎯⎯⎯⎯⎯⎯⎯⎯⎯⎯⎯⎯[100/458]⎯

 FAIL  tests/integration/collab.test.ts > Polls > COLLAB-008 — POST /collab/polls creates a poll
AssertionError: expected 401 to be 201 // Object.is equality

- Expected
+ Received

- 201
+ 401

 ❯ tests/integration/collab.test.ts:364:24
    362|       .set('Cookie', authCookie(user.id))
    363|       .send({ question: 'Where to eat?', options: ['Pizza', 'Sushi', '…
    364|     expect(res.status).toBe(201);
       |                        ^
    365|     expect(res.body.poll.question).toBe('Where to eat?');
    366|     expect(res.body.poll.options).toHaveLength(3);

⎯⎯⎯⎯⎯⎯⎯⎯⎯⎯⎯⎯⎯⎯⎯⎯⎯⎯⎯⎯[101/458]⎯

 FAIL  tests/integration/collab.test.ts > Polls > COLLAB-008 — POST without question returns 400
AssertionError: expected 401 to be 400 // Object.is equality

- Expected
+ Received

- 400
+ 401

 ❯ tests/integration/collab.test.ts:377:24
    375|       .set('Cookie', authCookie(user.id))
    376|       .send({ options: ['A', 'B'] });
    377|     expect(res.status).toBe(400);
       |                        ^
    378|   });
    379| 

⎯⎯⎯⎯⎯⎯⎯⎯⎯⎯⎯⎯⎯⎯⎯⎯⎯⎯⎯⎯[102/458]⎯

 FAIL  tests/integration/collab.test.ts > Polls > COLLAB-009 — GET /collab/polls returns polls
AssertionError: expected 401 to be 200 // Object.is equality

- Expected
+ Received

- 200
+ 401

 ❯ tests/integration/collab.test.ts:392:24
    390|       .get(`/api/trips/${trip.id}/collab/polls`)
    391|       .set('Cookie', authCookie(user.id));
    392|     expect(res.status).toBe(200);
       |                        ^
    393|     expect(res.body.polls).toHaveLength(1);
    394|   });

⎯⎯⎯⎯⎯⎯⎯⎯⎯⎯⎯⎯⎯⎯⎯⎯⎯⎯⎯⎯[103/458]⎯

 FAIL  tests/integration/collab.test.ts > Polls > COLLAB-010 — POST /collab/polls/:id/vote casts a vote
TypeError: Cannot read properties of undefined (reading 'id')
 ❯ tests/integration/collab.test.ts:404:37
    402|       .set('Cookie', authCookie(user.id))
    403|       .send({ question: 'Restaurant?', options: ['Italian', 'French'] …
    404|     const pollId = create.body.poll.id;
       |                                     ^
    405| 
    406|     const vote = await request(app)

⎯⎯⎯⎯⎯⎯⎯⎯⎯⎯⎯⎯⎯⎯⎯⎯⎯⎯⎯⎯[104/458]⎯

 FAIL  tests/integration/collab.test.ts > Polls > COLLAB-011 — PUT /collab/polls/:id/close closes a poll
TypeError: Cannot read properties of undefined (reading 'id')
 ❯ tests/integration/collab.test.ts:422:37
    420|       .set('Cookie', authCookie(user.id))
    421|       .send({ question: 'Hotel?', options: ['Budget', 'Luxury'] });
    422|     const pollId = create.body.poll.id;
       |                                     ^
    423| 
    424|     const close = await request(app)

⎯⎯⎯⎯⎯⎯⎯⎯⎯⎯⎯⎯⎯⎯⎯⎯⎯⎯⎯⎯[105/458]⎯

 FAIL  tests/integration/collab.test.ts > Polls > COLLAB-012 — cannot vote on closed poll
TypeError: Cannot read properties of undefined (reading 'id')
 ❯ tests/integration/collab.test.ts:439:37
    437|       .set('Cookie', authCookie(user.id))
    438|       .send({ question: 'Closed?', options: ['Yes', 'No'] });
    439|     const pollId = create.body.poll.id;
       |                                     ^
    440| 
    441|     await request(app)

⎯⎯⎯⎯⎯⎯⎯⎯⎯⎯⎯⎯⎯⎯⎯⎯⎯⎯⎯⎯[106/458]⎯

 FAIL  tests/integration/collab.test.ts > Polls > COLLAB-013 — DELETE /collab/polls/:id removes poll
TypeError: Cannot read properties of undefined (reading 'id')
 ❯ tests/integration/collab.test.ts:460:37
    458|       .set('Cookie', authCookie(user.id))
    459|       .send({ question: 'Delete me?', options: ['Yes', 'No'] });
    460|     const pollId = create.body.poll.id;
       |                                     ^
    461| 
    462|     const del = await request(app)

⎯⎯⎯⎯⎯⎯⎯⎯⎯⎯⎯⎯⎯⎯⎯⎯⎯⎯⎯⎯[107/458]⎯

 FAIL  tests/integration/collab.test.ts > Messages > COLLAB-014 — POST /collab/messages sends a message
AssertionError: expected 401 to be 201 // Object.is equality

- Expected
+ Received

- 201
+ 401

 ❯ tests/integration/collab.test.ts:483:24
    481|       .set('Cookie', authCookie(user.id))
    482|       .send({ text: 'Hello, team!' });
    483|     expect(res.status).toBe(201);
       |                        ^
    484|     expect(res.body.message.text).toBe('Hello, team!');
    485|   });

⎯⎯⎯⎯⎯⎯⎯⎯⎯⎯⎯⎯⎯⎯⎯⎯⎯⎯⎯⎯[108/458]⎯

 FAIL  tests/integration/collab.test.ts > Messages > COLLAB-014 — POST without text returns 400
AssertionError: expected 401 to be 400 // Object.is equality

- Expected
+ Received

- 400
+ 401

 ❯ tests/integration/collab.test.ts:495:24
    493|       .set('Cookie', authCookie(user.id))
    494|       .send({ text: '' });
    495|     expect(res.status).toBe(400);
       |                        ^
    496|   });
    497| 

⎯⎯⎯⎯⎯⎯⎯⎯⎯⎯⎯⎯⎯⎯⎯⎯⎯⎯⎯⎯[109/458]⎯

 FAIL  tests/integration/collab.test.ts > Messages > COLLAB-014 — non-member cannot send message
AssertionError: expected 401 to be 404 // Object.is equality

- Expected
+ Received

- 404
+ 401

 ❯ tests/integration/collab.test.ts:507:24
    505|       .set('Cookie', authCookie(other.id))
    506|       .send({ text: 'Unauthorized' });
    507|     expect(res.status).toBe(404);
       |                        ^
    508|   });
    509| 

⎯⎯⎯⎯⎯⎯⎯⎯⎯⎯⎯⎯⎯⎯⎯⎯⎯⎯⎯⎯[110/458]⎯

 FAIL  tests/integration/collab.test.ts > Messages > COLLAB-015 — GET /collab/messages returns messages in order
AssertionError: expected 401 to be 200 // Object.is equality

- Expected
+ Received

- 200
+ 401

 ❯ tests/integration/collab.test.ts:526:24
    524|       .get(`/api/trips/${trip.id}/collab/messages`)
    525|       .set('Cookie', authCookie(user.id));
    526|     expect(res.status).toBe(200);
       |                        ^
    527|     expect(res.body.messages.length).toBeGreaterThanOrEqual(2);
    528|   });

⎯⎯⎯⎯⎯⎯⎯⎯⎯⎯⎯⎯⎯⎯⎯⎯⎯⎯⎯⎯[111/458]⎯

 FAIL  tests/integration/collab.test.ts > Messages > COLLAB-016 — POST /collab/messages with reply_to links reply
TypeError: Cannot read properties of undefined (reading 'id')
 ❯ tests/integration/collab.test.ts:538:42
    536|       .set('Cookie', authCookie(user.id))
    537|       .send({ text: 'Original' });
    538|     const parentId = parent.body.message.id;
       |                                          ^
    539| 
    540|     const reply = await request(app)

⎯⎯⎯⎯⎯⎯⎯⎯⎯⎯⎯⎯⎯⎯⎯⎯⎯⎯⎯⎯[112/458]⎯

 FAIL  tests/integration/collab.test.ts > Messages > COLLAB-017 — DELETE /collab/messages/:id removes own message
TypeError: Cannot read properties of undefined (reading 'id')
 ❯ tests/integration/collab.test.ts:556:36
    554|       .set('Cookie', authCookie(user.id))
    555|       .send({ text: 'Delete me' });
    556|     const msgId = msg.body.message.id;
       |                                    ^
    557| 
    558|     const del = await request(app)

⎯⎯⎯⎯⎯⎯⎯⎯⎯⎯⎯⎯⎯⎯⎯⎯⎯⎯⎯⎯[113/458]⎯

 FAIL  tests/integration/collab.test.ts > Messages > COLLAB-017 — cannot delete another user's message
TypeError: Cannot read properties of undefined (reading 'id')
 ❯ tests/integration/collab.test.ts:575:36
    573|       .set('Cookie', authCookie(owner.id))
    574|       .send({ text: 'Owner message' });
    575|     const msgId = msg.body.message.id;
       |                                    ^
    576| 
    577|     const del = await request(app)

⎯⎯⎯⎯⎯⎯⎯⎯⎯⎯⎯⎯⎯⎯⎯⎯⎯⎯⎯⎯[114/458]⎯

 FAIL  tests/integration/collab.test.ts > Message reactions > COLLAB-018 — POST /collab/messages/:id/react adds a reaction
TypeError: Cannot read properties of undefined (reading 'id')
 ❯ tests/integration/collab.test.ts:597:36
    595|       .set('Cookie', authCookie(user.id))
    596|       .send({ text: 'React to me' });
    597|     const msgId = msg.body.message.id;
       |                                    ^
    598| 
    599|     const res = await request(app)

⎯⎯⎯⎯⎯⎯⎯⎯⎯⎯⎯⎯⎯⎯⎯⎯⎯⎯⎯⎯[115/458]⎯

 FAIL  tests/integration/collab.test.ts > Message reactions > COLLAB-018 — POST react without emoji returns 400
TypeError: Cannot read properties of undefined (reading 'id')
 ❯ tests/integration/collab.test.ts:615:36
    613|       .set('Cookie', authCookie(user.id))
    614|       .send({ text: 'Test' });
    615|     const msgId = msg.body.message.id;
       |                                    ^
    616| 
    617|     const res = await request(app)

⎯⎯⎯⎯⎯⎯⎯⎯⎯⎯⎯⎯⎯⎯⎯⎯⎯⎯⎯⎯[116/458]⎯

 FAIL  tests/integration/collab.test.ts > Collab validation > COLLAB-018 — message text exceeding 5000 chars is rejected
AssertionError: expected 401 to be 400 // Object.is equality

- Expected
+ Received

- 400
+ 401

 ❯ tests/integration/collab.test.ts:638:24
    636|       .set('Cookie', authCookie(user.id))
    637|       .send({ text: 'A'.repeat(5001) });
    638|     expect(res.status).toBe(400);
       |                        ^
    639|   });
    640| });

⎯⎯⎯⎯⎯⎯⎯⎯⎯⎯⎯⎯⎯⎯⎯⎯⎯⎯⎯⎯[117/458]⎯

 FAIL  tests/integration/dayNotes.test.ts > Create day note > NOTE-001 — POST creates a day note
AssertionError: expected 401 to be 201 // Object.is equality

- Expected
+ Received

- 201
+ 401

 ❯ tests/integration/dayNotes.test.ts:79:24
     77|       .set('Cookie', authCookie(user.id))
     78|       .send({ text: 'Remember to book tickets', time: '09:00' });
     79|     expect(res.status).toBe(201);
       |                        ^
     80|     expect(res.body.note.text).toBe('Remember to book tickets');
     81|     expect(res.body.note.time).toBe('09:00');

⎯⎯⎯⎯⎯⎯⎯⎯⎯⎯⎯⎯⎯⎯⎯⎯⎯⎯⎯⎯[118/458]⎯

 FAIL  tests/integration/dayNotes.test.ts > Create day note > NOTE-001 — POST without text returns 400
AssertionError: expected 401 to be 400 // Object.is equality

- Expected
+ Received

- 400
+ 401

 ❯ tests/integration/dayNotes.test.ts:93:24
     91|       .set('Cookie', authCookie(user.id))
     92|       .send({ time: '10:00' });
     93|     expect(res.status).toBe(400);
       |                        ^
     94|   });
     95| 

⎯⎯⎯⎯⎯⎯⎯⎯⎯⎯⎯⎯⎯⎯⎯⎯⎯⎯⎯⎯[119/458]⎯

 FAIL  tests/integration/dayNotes.test.ts > Create day note > NOTE-002 — text exceeding 500 characters is rejected
AssertionError: expected 401 to be 400 // Object.is equality

- Expected
+ Received

- 400
+ 401

 ❯ tests/integration/dayNotes.test.ts:105:24
    103|       .set('Cookie', authCookie(user.id))
    104|       .send({ text: 'A'.repeat(501) });
    105|     expect(res.status).toBe(400);
       |                        ^
    106|   });
    107| 

⎯⎯⎯⎯⎯⎯⎯⎯⎯⎯⎯⎯⎯⎯⎯⎯⎯⎯⎯⎯[120/458]⎯

 FAIL  tests/integration/dayNotes.test.ts > Create day note > NOTE-001 — POST on non-existent day returns 404
AssertionError: expected 401 to be 404 // Object.is equality

- Expected
+ Received

- 404
+ 401

 ❯ tests/integration/dayNotes.test.ts:116:24
    114|       .set('Cookie', authCookie(user.id))
    115|       .send({ text: 'This should fail' });
    116|     expect(res.status).toBe(404);
       |                        ^
    117|   });
    118| });

⎯⎯⎯⎯⎯⎯⎯⎯⎯⎯⎯⎯⎯⎯⎯⎯⎯⎯⎯⎯[121/458]⎯

 FAIL  tests/integration/dayNotes.test.ts > List day notes > NOTE-003 — GET returns notes for a day
AssertionError: expected 401 to be 200 // Object.is equality

- Expected
+ Received

- 200
+ 401

 ❯ tests/integration/dayNotes.test.ts:142:24
    140|       .get(`/api/trips/${trip.id}/days/${day.id}/notes`)
    141|       .set('Cookie', authCookie(user.id));
    142|     expect(res.status).toBe(200);
       |                        ^
    143|     expect(res.body.notes).toHaveLength(2);
    144|   });

⎯⎯⎯⎯⎯⎯⎯⎯⎯⎯⎯⎯⎯⎯⎯⎯⎯⎯⎯⎯[122/458]⎯

 FAIL  tests/integration/dayNotes.test.ts > List day notes > NOTE-006 — non-member cannot list notes
AssertionError: expected 401 to be 404 // Object.is equality

- Expected
+ Received

- 404
+ 401

 ❯ tests/integration/dayNotes.test.ts:155:24
    153|       .get(`/api/trips/${trip.id}/days/${day.id}/notes`)
    154|       .set('Cookie', authCookie(other.id));
    155|     expect(res.status).toBe(404);
       |                        ^
    156|   });
    157| });

⎯⎯⎯⎯⎯⎯⎯⎯⎯⎯⎯⎯⎯⎯⎯⎯⎯⎯⎯⎯[123/458]⎯

 FAIL  tests/integration/dayNotes.test.ts > Update day note > NOTE-004 — PUT updates a note
TypeError: Cannot read properties of undefined (reading 'id')
 ❯ tests/integration/dayNotes.test.ts:173:37
    171|       .set('Cookie', authCookie(user.id))
    172|       .send({ text: 'Old text' });
    173|     const noteId = create.body.note.id;
       |                                     ^
    174| 
    175|     const res = await request(app)

⎯⎯⎯⎯⎯⎯⎯⎯⎯⎯⎯⎯⎯⎯⎯⎯⎯⎯⎯⎯[124/458]⎯

 FAIL  tests/integration/dayNotes.test.ts > Update day note > NOTE-004 — PUT on non-existent note returns 404
AssertionError: expected 401 to be 404 // Object.is equality

- Expected
+ Received

- 404
+ 401

 ❯ tests/integration/dayNotes.test.ts:193:24
    191|       .set('Cookie', authCookie(user.id))
    192|       .send({ text: 'Updated' });
    193|     expect(res.status).toBe(404);
       |                        ^
    194|   });
    195| });

⎯⎯⎯⎯⎯⎯⎯⎯⎯⎯⎯⎯⎯⎯⎯⎯⎯⎯⎯⎯[125/458]⎯

 FAIL  tests/integration/dayNotes.test.ts > Delete day note > NOTE-005 — DELETE removes note
TypeError: Cannot read properties of undefined (reading 'id')
 ❯ tests/integration/dayNotes.test.ts:211:37
    209|       .set('Cookie', authCookie(user.id))
    210|       .send({ text: 'To delete' });
    211|     const noteId = create.body.note.id;
       |                                     ^
    212| 
    213|     const del = await request(app)

⎯⎯⎯⎯⎯⎯⎯⎯⎯⎯⎯⎯⎯⎯⎯⎯⎯⎯⎯⎯[126/458]⎯

 FAIL  tests/integration/dayNotes.test.ts > Delete day note > NOTE-005 — DELETE non-existent note returns 404
AssertionError: expected 401 to be 404 // Object.is equality

- Expected
+ Received

- 404
+ 401

 ❯ tests/integration/dayNotes.test.ts:233:24
    231|       .delete(`/api/trips/${trip.id}/days/${day.id}/notes/99999`)
    232|       .set('Cookie', authCookie(user.id));
    233|     expect(res.status).toBe(404);
       |                        ^
    234|   });
    235| });

⎯⎯⎯⎯⎯⎯⎯⎯⎯⎯⎯⎯⎯⎯⎯⎯⎯⎯⎯⎯[127/458]⎯

 FAIL  tests/integration/days.test.ts > List days > DAY-001 — GET /api/trips/:tripId/days returns days for a trip the user can access
AssertionError: expected 401 to be 200 // Object.is equality

- Expected
+ Received

- 200
+ 401

 ❯ tests/integration/days.test.ts:69:24
     67|       .set('Cookie', authCookie(user.id));
     68| 
     69|     expect(res.status).toBe(200);
       |                        ^
     70|     expect(res.body.days).toBeDefined();
     71|     expect(Array.isArray(res.body.days)).toBe(true);

⎯⎯⎯⎯⎯⎯⎯⎯⎯⎯⎯⎯⎯⎯⎯⎯⎯⎯⎯⎯[128/458]⎯

 FAIL  tests/integration/days.test.ts > List days > DAY-001 — Member can list days for a shared trip
AssertionError: expected 401 to be 200 // Object.is equality

- Expected
+ Received

- 200
+ 401

 ❯ tests/integration/days.test.ts:85:24
     83|       .set('Cookie', authCookie(member.id));
     84| 
     85|     expect(res.status).toBe(200);
       |                        ^
     86|     expect(res.body.days).toHaveLength(2);
     87|   });

⎯⎯⎯⎯⎯⎯⎯⎯⎯⎯⎯⎯⎯⎯⎯⎯⎯⎯⎯⎯[129/458]⎯

 FAIL  tests/integration/days.test.ts > List days > DAY-002 — Non-member cannot list days (404)
AssertionError: expected 401 to be 404 // Object.is equality

- Expected
+ Received

- 404
+ 401

 ❯ tests/integration/days.test.ts:98:24
     96|       .set('Cookie', authCookie(stranger.id));
     97| 
     98|     expect(res.status).toBe(404);
       |                        ^
     99|   });
    100| 

⎯⎯⎯⎯⎯⎯⎯⎯⎯⎯⎯⎯⎯⎯⎯⎯⎯⎯⎯⎯[130/458]⎯

 FAIL  tests/integration/days.test.ts > Create day > DAY-006 — POST /api/trips/:tripId/days creates a standalone day with no date
AssertionError: expected 401 to be 201 // Object.is equality

- Expected
+ Received

- 201
+ 401

 ❯ tests/integration/days.test.ts:124:24
    122|       .send({ notes: 'A free day' });
    123| 
    124|     expect(res.status).toBe(201);
       |                        ^
    125|     expect(res.body.day).toBeDefined();
    126|     expect(res.body.day.trip_id).toBe(trip.id);

⎯⎯⎯⎯⎯⎯⎯⎯⎯⎯⎯⎯⎯⎯⎯⎯⎯⎯⎯⎯[131/458]⎯

 FAIL  tests/integration/days.test.ts > Create day > DAY-006 — POST /api/trips/:tripId/days creates a day with a date
AssertionError: expected 401 to be 201 // Object.is equality

- Expected
+ Received

- 201
+ 401

 ❯ tests/integration/days.test.ts:140:24
    138|       .send({ date: '2026-08-15' });
    139| 
    140|     expect(res.status).toBe(201);
       |                        ^
    141|     expect(res.body.day.date).toBe('2026-08-15');
    142|   });

⎯⎯⎯⎯⎯⎯⎯⎯⎯⎯⎯⎯⎯⎯⎯⎯⎯⎯⎯⎯[132/458]⎯

 FAIL  tests/integration/days.test.ts > Create day > DAY-006 — Non-member cannot create a day (404)
AssertionError: expected 401 to be 404 // Object.is equality

- Expected
+ Received

- 404
+ 401

 ❯ tests/integration/days.test.ts:154:24
    152|       .send({ notes: 'Infiltration' });
    153| 
    154|     expect(res.status).toBe(404);
       |                        ^
    155|   });
    156| });

⎯⎯⎯⎯⎯⎯⎯⎯⎯⎯⎯⎯⎯⎯⎯⎯⎯⎯⎯⎯[133/458]⎯

 FAIL  tests/integration/days.test.ts > Update day > DAY-003 — PUT /api/trips/:tripId/days/:dayId updates the day title
AssertionError: expected 401 to be 200 // Object.is equality

- Expected
+ Received

- 200
+ 401

 ❯ tests/integration/days.test.ts:173:24
    171|       .send({ title: 'New Title' });
    172| 
    173|     expect(res.status).toBe(200);
       |                        ^
    174|     expect(res.body.day).toBeDefined();
    175|     expect(res.body.day.title).toBe('New Title');

⎯⎯⎯⎯⎯⎯⎯⎯⎯⎯⎯⎯⎯⎯⎯⎯⎯⎯⎯⎯[134/458]⎯

 FAIL  tests/integration/days.test.ts > Update day > DAY-004 — PUT /api/trips/:tripId/days/:dayId updates the day notes
AssertionError: expected 401 to be 200 // Object.is equality

- Expected
+ Received

- 200
+ 401

 ❯ tests/integration/days.test.ts:188:24
    186|       .send({ notes: 'Visit the Louvre' });
    187| 
    188|     expect(res.status).toBe(200);
       |                        ^
    189|     expect(res.body.day.notes).toBe('Visit the Louvre');
    190|   });

⎯⎯⎯⎯⎯⎯⎯⎯⎯⎯⎯⎯⎯⎯⎯⎯⎯⎯⎯⎯[135/458]⎯

 FAIL  tests/integration/days.test.ts > Update day > DAY-003 — PUT returns 404 for a day that does not belong to the trip
AssertionError: expected 401 to be 404 // Object.is equality

- Expected
+ Received

- 404
+ 401

 ❯ tests/integration/days.test.ts:202:24
    200|       .send({ title: 'Ghost' });
    201| 
    202|     expect(res.status).toBe(404);
       |                        ^
    203|     expect(res.body.error).toMatch(/not found/i);
    204|   });

⎯⎯⎯⎯⎯⎯⎯⎯⎯⎯⎯⎯⎯⎯⎯⎯⎯⎯⎯⎯[136/458]⎯

 FAIL  tests/integration/days.test.ts > Update day > DAY-003 — Non-member cannot update a day (404)
AssertionError: expected 401 to be 404 // Object.is equality

- Expected
+ Received

- 404
+ 401

 ❯ tests/integration/days.test.ts:217:24
    215|       .send({ title: 'Hacked' });
    216| 
    217|     expect(res.status).toBe(404);
       |                        ^
    218|   });
    219| });

⎯⎯⎯⎯⎯⎯⎯⎯⎯⎯⎯⎯⎯⎯⎯⎯⎯⎯⎯⎯[137/458]⎯

 FAIL  tests/integration/days.test.ts > Reorder days > DAY-005 — Reorder: GET days returns them in day_number order
AssertionError: expected 401 to be 200 // Object.is equality

- Expected
+ Received

- 200
+ 401

 ❯ tests/integration/days.test.ts:239:24
    237|       .set('Cookie', authCookie(user.id));
    238| 
    239|     expect(res.status).toBe(200);
       |                        ^
    240|     expect(res.body.days).toHaveLength(3);
    241|     // Days should be ordered by day_number ascending (the service sor…

⎯⎯⎯⎯⎯⎯⎯⎯⎯⎯⎯⎯⎯⎯⎯⎯⎯⎯⎯⎯[138/458]⎯

 FAIL  tests/integration/days.test.ts > Delete day > DELETE /api/trips/:tripId/days/:dayId removes the day
AssertionError: expected 401 to be 200 // Object.is equality

- Expected
+ Received

- 200
+ 401

 ❯ tests/integration/days.test.ts:261:24
    259|       .set('Cookie', authCookie(user.id));
    260| 
    261|     expect(res.status).toBe(200);
       |                        ^
    262|     expect(res.body.success).toBe(true);
    263| 

⎯⎯⎯⎯⎯⎯⎯⎯⎯⎯⎯⎯⎯⎯⎯⎯⎯⎯⎯⎯[139/458]⎯

 FAIL  tests/integration/days.test.ts > Delete day > DELETE /api/trips/:tripId/days/:dayId returns 404 for unknown day
AssertionError: expected 401 to be 404 // Object.is equality

- Expected
+ Received

- 404
+ 401

 ❯ tests/integration/days.test.ts:276:24
    274|       .set('Cookie', authCookie(user.id));
    275| 
    276|     expect(res.status).toBe(404);
       |                        ^
    277|     expect(res.body.error).toMatch(/not found/i);
    278|   });

⎯⎯⎯⎯⎯⎯⎯⎯⎯⎯⎯⎯⎯⎯⎯⎯⎯⎯⎯⎯[140/458]⎯

 FAIL  tests/integration/days.test.ts > Accommodations > ACCOM-001 — POST /api/trips/:tripId/accommodations creates an accommodation
AssertionError: expected 401 to be 201 // Object.is equality

- Expected
+ Received

- 201
+ 401

 ❯ tests/integration/days.test.ts:306:24
    304|       });
    305| 
    306|     expect(res.status).toBe(201);
       |                        ^
    307|     expect(res.body.accommodation).toBeDefined();
    308|     expect(res.body.accommodation.place_id).toBe(place.id);

⎯⎯⎯⎯⎯⎯⎯⎯⎯⎯⎯⎯⎯⎯⎯⎯⎯⎯⎯⎯[141/458]⎯

 FAIL  tests/integration/days.test.ts > Accommodations > ACCOM-001 — POST missing required fields returns 400
AssertionError: expected 401 to be 400 // Object.is equality

- Expected
+ Received

- 400
+ 401

 ❯ tests/integration/days.test.ts:323:24
    321|       .send({ notes: 'no ids' });
    322| 
    323|     expect(res.status).toBe(400);
       |                        ^
    324|     expect(res.body.error).toMatch(/required/i);
    325|   });

⎯⎯⎯⎯⎯⎯⎯⎯⎯⎯⎯⎯⎯⎯⎯⎯⎯⎯⎯⎯[142/458]⎯

 FAIL  tests/integration/days.test.ts > Accommodations > ACCOM-001 — POST with invalid place_id returns 404
AssertionError: expected 401 to be 404 // Object.is equality

- Expected
+ Received

- 404
+ 401

 ❯ tests/integration/days.test.ts:337:24
    335|       .send({ place_id: 999999, start_day_id: day.id, end_day_id: day.…
    336| 
    337|     expect(res.status).toBe(404);
       |                        ^
    338|   });
    339| 

⎯⎯⎯⎯⎯⎯⎯⎯⎯⎯⎯⎯⎯⎯⎯⎯⎯⎯⎯⎯[143/458]⎯

 FAIL  tests/integration/days.test.ts > Accommodations > ACCOM-002 — GET /api/trips/:tripId/accommodations returns accommodations for the trip
AssertionError: expected 401 to be 200 // Object.is equality

- Expected
+ Received

- 200
+ 401

 ❯ tests/integration/days.test.ts:356:24
    354|       .set('Cookie', authCookie(user.id));
    355| 
    356|     expect(res.status).toBe(200);
       |                        ^
    357|     expect(res.body.accommodations).toBeDefined();
    358|     expect(Array.isArray(res.body.accommodations)).toBe(true);

⎯⎯⎯⎯⎯⎯⎯⎯⎯⎯⎯⎯⎯⎯⎯⎯⎯⎯⎯⎯[144/458]⎯

 FAIL  tests/integration/days.test.ts > Accommodations > ACCOM-002 — Non-member cannot get accommodations (404)
AssertionError: expected 401 to be 404 // Object.is equality

- Expected
+ Received

- 404
+ 401

 ❯ tests/integration/days.test.ts:372:24
    370|       .set('Cookie', authCookie(stranger.id));
    371| 
    372|     expect(res.status).toBe(404);
       |                        ^
    373|   });
    374| 

⎯⎯⎯⎯⎯⎯⎯⎯⎯⎯⎯⎯⎯⎯⎯⎯⎯⎯⎯⎯[145/458]⎯

 FAIL  tests/integration/days.test.ts > Accommodations > ACCOM-003 — DELETE /api/trips/:tripId/accommodations/:id removes accommodation
AssertionError: expected 401 to be 201 // Object.is equality

- Expected
+ Received

- 201
+ 401

 ❯ tests/integration/days.test.ts:387:30
    385|       .send({ place_id: place.id, start_day_id: day1.id, end_day_id: d…
    386| 
    387|     expect(createRes.status).toBe(201);
       |                              ^
    388|     const accommodationId = createRes.body.accommodation.id;
    389| 

⎯⎯⎯⎯⎯⎯⎯⎯⎯⎯⎯⎯⎯⎯⎯⎯⎯⎯⎯⎯[146/458]⎯

 FAIL  tests/integration/days.test.ts > Accommodations > ACCOM-003 — DELETE non-existent accommodation returns 404
AssertionError: expected 401 to be 404 // Object.is equality

- Expected
+ Received

- 404
+ 401

 ❯ tests/integration/days.test.ts:410:24
    408|       .set('Cookie', authCookie(user.id));
    409| 
    410|     expect(res.status).toBe(404);
       |                        ^
    411|     expect(res.body.error).toMatch(/not found/i);
    412|   });

⎯⎯⎯⎯⎯⎯⎯⎯⎯⎯⎯⎯⎯⎯⎯⎯⎯⎯⎯⎯[147/458]⎯

 FAIL  tests/integration/days.test.ts > Accommodations > ACCOM-001 — Creating accommodation also creates a linked reservation
AssertionError: expected 401 to be 201 // Object.is equality

- Expected
+ Received

- 201
+ 401

 ❯ tests/integration/days.test.ts:426:24
    424|       .send({ place_id: place.id, start_day_id: day1.id, end_day_id: d…
    425| 
    426|     expect(res.status).toBe(201);
       |                        ^
    427| 
    428|     // Linked reservation should exist

⎯⎯⎯⎯⎯⎯⎯⎯⎯⎯⎯⎯⎯⎯⎯⎯⎯⎯⎯⎯[148/458]⎯

 FAIL  tests/integration/days.test.ts > Accommodations > ACCOM-003 — Deleting accommodation also removes the linked reservation
TypeError: Cannot read properties of undefined (reading 'id')
 ❯ tests/integration/days.test.ts:449:58
    447|       .send({ place_id: place.id, start_day_id: day1.id, end_day_id: d…
    448| 
    449|     const accommodationId = createRes.body.accommodation.id;
       |                                                          ^
    450|     const reservationBefore = testDb.prepare(
    451|       'SELECT id FROM reservations WHERE accommodation_id = ?'

⎯⎯⎯⎯⎯⎯⎯⎯⎯⎯⎯⎯⎯⎯⎯⎯⎯⎯⎯⎯[149/458]⎯

 FAIL  tests/integration/files.test.ts > Upload file > FILE-001 — POST uploads a file and returns file metadata
AssertionError: expected 401 to be 201 // Object.is equality

- Expected
+ Received

- 201
+ 401

 ❯ tests/integration/files.test.ts:101:24
     99| 
    100|     const res = await uploadFile(trip.id, user.id, FIXTURE_PDF);
    101|     expect(res.status).toBe(201);
       |                        ^
    102|     expect(res.body.file).toBeDefined();
    103|     expect(res.body.file.id).toBeDefined();

⎯⎯⎯⎯⎯⎯⎯⎯⎯⎯⎯⎯⎯⎯⎯⎯⎯⎯⎯⎯[150/458]⎯

 FAIL  tests/integration/files.test.ts > Upload file > FILE-002 — uploading a blocked extension (.svg) is rejected
AssertionError: expected 401 to be 400 // Object.is equality

- Expected
+ Received

- 400
+ 401

 ❯ tests/integration/files.test.ts:119:26
    117|         .set('Cookie', authCookie(user.id))
    118|         .attach('file', svgPath);
    119|       expect(res.status).toBe(400);
       |                          ^
    120|     } finally {
    121|       if (fs.existsSync(svgPath)) fs.unlinkSync(svgPath);

⎯⎯⎯⎯⎯⎯⎯⎯⎯⎯⎯⎯⎯⎯⎯⎯⎯⎯⎯⎯[151/458]⎯

 FAIL  tests/integration/files.test.ts > Upload file > FILE-021 — non-member cannot upload file
AssertionError: expected 401 to be 404 // Object.is equality

- Expected
+ Received

- 404
+ 401

 ❯ tests/integration/files.test.ts:134:24
    132|       .set('Cookie', authCookie(other.id))
    133|       .attach('file', FIXTURE_PDF);
    134|     expect(res.status).toBe(404);
       |                        ^
    135|   });
    136| });

⎯⎯⎯⎯⎯⎯⎯⎯⎯⎯⎯⎯⎯⎯⎯⎯⎯⎯⎯⎯[152/458]⎯

 FAIL  tests/integration/files.test.ts > List files > FILE-006 — GET returns all non-trashed files
AssertionError: expected 401 to be 200 // Object.is equality

- Expected
+ Received

- 200
+ 401

 ❯ tests/integration/files.test.ts:152:24
    150|       .get(`/api/trips/${trip.id}/files`)
    151|       .set('Cookie', authCookie(user.id));
    152|     expect(res.status).toBe(200);
       |                        ^
    153|     expect(res.body.files.length).toBeGreaterThanOrEqual(2);
    154|   });

⎯⎯⎯⎯⎯⎯⎯⎯⎯⎯⎯⎯⎯⎯⎯⎯⎯⎯⎯⎯[153/458]⎯

 FAIL  tests/integration/files.test.ts > List files > FILE-007 — GET ?trash=true returns only trashed files
TypeError: Cannot read properties of undefined (reading 'id')
 ❯ tests/integration/files.test.ts:160:37
    158|     const trip = createTrip(testDb, user.id);
    159|     const upload = await uploadFile(trip.id, user.id, FIXTURE_PDF);
    160|     const fileId = upload.body.file.id;
       |                                     ^
    161| 
    162|     // Soft-delete it

⎯⎯⎯⎯⎯⎯⎯⎯⎯⎯⎯⎯⎯⎯⎯⎯⎯⎯⎯⎯[154/458]⎯

 FAIL  tests/integration/files.test.ts > Star/unstar file > FILE-011 — PATCH /:id/star toggles starred status
TypeError: Cannot read properties of undefined (reading 'id')
 ❯ tests/integration/files.test.ts:185:37
    183|     const trip = createTrip(testDb, user.id);
    184|     const upload = await uploadFile(trip.id, user.id, FIXTURE_PDF);
    185|     const fileId = upload.body.file.id;
       |                                     ^
    186| 
    187|     const res = await request(app)

⎯⎯⎯⎯⎯⎯⎯⎯⎯⎯⎯⎯⎯⎯⎯⎯⎯⎯⎯⎯[155/458]⎯

 FAIL  tests/integration/files.test.ts > Soft delete, restore, permanent delete > FILE-012 — DELETE moves file to trash
TypeError: Cannot read properties of undefined (reading 'id')
 ❯ tests/integration/files.test.ts:210:37
    208|     const trip = createTrip(testDb, user.id);
    209|     const upload = await uploadFile(trip.id, user.id, FIXTURE_PDF);
    210|     const fileId = upload.body.file.id;
       |                                     ^
    211| 
    212|     const del = await request(app)

⎯⎯⎯⎯⎯⎯⎯⎯⎯⎯⎯⎯⎯⎯⎯⎯⎯⎯⎯⎯[156/458]⎯

 FAIL  tests/integration/files.test.ts > Soft delete, restore, permanent delete > FILE-013 — POST /:id/restore restores from trash
TypeError: Cannot read properties of undefined (reading 'id')
 ❯ tests/integration/files.test.ts:230:37
    228|     const trip = createTrip(testDb, user.id);
    229|     const upload = await uploadFile(trip.id, user.id, FIXTURE_PDF);
    230|     const fileId = upload.body.file.id;
       |                                     ^
    231| 
    232|     await request(app)

⎯⎯⎯⎯⎯⎯⎯⎯⎯⎯⎯⎯⎯⎯⎯⎯⎯⎯⎯⎯[157/458]⎯

 FAIL  tests/integration/files.test.ts > Soft delete, restore, permanent delete > FILE-014 — DELETE /:id/permanent permanently deletes from trash
TypeError: Cannot read properties of undefined (reading 'id')
 ❯ tests/integration/files.test.ts:247:37
    245|     const trip = createTrip(testDb, user.id);
    246|     const upload = await uploadFile(trip.id, user.id, FIXTURE_PDF);
    247|     const fileId = upload.body.file.id;
       |                                     ^
    248| 
    249|     await request(app)

⎯⎯⎯⎯⎯⎯⎯⎯⎯⎯⎯⎯⎯⎯⎯⎯⎯⎯⎯⎯[158/458]⎯

 FAIL  tests/integration/files.test.ts > Soft delete, restore, permanent delete > FILE-015 — DELETE /:id/permanent on non-trashed file returns 404
TypeError: Cannot read properties of undefined (reading 'id')
 ❯ tests/integration/files.test.ts:264:37
    262|     const trip = createTrip(testDb, user.id);
    263|     const upload = await uploadFile(trip.id, user.id, FIXTURE_PDF);
    264|     const fileId = upload.body.file.id;
       |                                     ^
    265| 
    266|     // Not trashed — should 404

⎯⎯⎯⎯⎯⎯⎯⎯⎯⎯⎯⎯⎯⎯⎯⎯⎯⎯⎯⎯[159/458]⎯

 FAIL  tests/integration/files.test.ts > Soft delete, restore, permanent delete > FILE-016 — DELETE /trash/empty empties all trash
TypeError: Cannot read properties of undefined (reading 'id')
 ❯ tests/integration/files.test.ts:279:75
    277|     const f2 = await uploadFile(trip.id, user.id, FIXTURE_IMG);
    278| 
    279|     await request(app).delete(`/api/trips/${trip.id}/files/${f1.body.f…
       |                                                                           ^
    280|     await request(app).delete(`/api/trips/${trip.id}/files/${f2.body.f…
    281| 

⎯⎯⎯⎯⎯⎯⎯⎯⎯⎯⎯⎯⎯⎯⎯⎯⎯⎯⎯⎯[160/458]⎯

 FAIL  tests/integration/files.test.ts > Update file metadata > FILE-017 — PUT updates description
TypeError: Cannot read properties of undefined (reading 'id')
 ❯ tests/integration/files.test.ts:303:37
    301|     const trip = createTrip(testDb, user.id);
    302|     const upload = await uploadFile(trip.id, user.id, FIXTURE_PDF);
    303|     const fileId = upload.body.file.id;
       |                                     ^
    304| 
    305|     const res = await request(app)

⎯⎯⎯⎯⎯⎯⎯⎯⎯⎯⎯⎯⎯⎯⎯⎯⎯⎯⎯⎯[161/458]⎯

 FAIL  tests/integration/files.test.ts > File links > FILE-018/019/020 — link file to reservation, list links, unlink
TypeError: Cannot read properties of undefined (reading 'id')
 ❯ tests/integration/files.test.ts:324:37
    322|     const resv = createReservation(testDb, trip.id, { title: 'My Fligh…
    323|     const upload = await uploadFile(trip.id, user.id, FIXTURE_PDF);
    324|     const fileId = upload.body.file.id;
       |                                     ^
    325| 
    326|     // Link (POST /:id/link)

⎯⎯⎯⎯⎯⎯⎯⎯⎯⎯⎯⎯⎯⎯⎯⎯⎯⎯⎯⎯[162/458]⎯

 FAIL  tests/integration/files.test.ts > File download > FILE-010 — GET /:id/download without auth returns 401
TypeError: Cannot read properties of undefined (reading 'id')
 ❯ tests/integration/files.test.ts:360:37
    358|     const trip = createTrip(testDb, user.id);
    359|     const upload = await uploadFile(trip.id, user.id, FIXTURE_PDF);
    360|     const fileId = upload.body.file.id;
       |                                     ^
    361| 
    362|     const res = await request(app)

⎯⎯⎯⎯⎯⎯⎯⎯⎯⎯⎯⎯⎯⎯⎯⎯⎯⎯⎯⎯[163/458]⎯

 FAIL  tests/integration/files.test.ts > File download > FILE-008 — GET /:id/download with Bearer JWT downloads or 404s (no physical file in tests)
TypeError: Cannot read properties of undefined (reading 'id')
 ❯ tests/integration/files.test.ts:371:37
    369|     const trip = createTrip(testDb, user.id);
    370|     const upload = await uploadFile(trip.id, user.id, FIXTURE_PDF);
    371|     const fileId = upload.body.file.id;
       |                                     ^
    372| 
    373|     // authenticateDownload accepts a signed JWT as Bearer token

⎯⎯⎯⎯⎯⎯⎯⎯⎯⎯⎯⎯⎯⎯⎯⎯⎯⎯⎯⎯[164/458]⎯

 FAIL  tests/integration/health.test.ts > Basic auth > AUTH-001 — POST /api/auth/login with valid credentials returns 200 + cookie
AssertionError: expected false to be true // Object.is equality

- Expected
+ Received

- true
+ false

 ❯ tests/integration/health.test.ts:110:69
    108|       ? res.headers['set-cookie']
    109|       : [res.headers['set-cookie']];
    110|     expect(cookies.some((c: string) => c.includes('trek_session'))).to…
       |                                                                     ^
    111|   });
    112| 

⎯⎯⎯⎯⎯⎯⎯⎯⎯⎯⎯⎯⎯⎯⎯⎯⎯⎯⎯⎯[165/458]⎯

 FAIL  tests/integration/health.test.ts > Basic auth > AUTH-014 — authenticated GET /api/auth/me returns user object
AssertionError: expected 401 to be 200 // Object.is equality

- Expected
+ Received

- 200
+ 401

 ❯ tests/integration/health.test.ts:118:24
    116|       .get('/api/auth/me')
    117|       .set('Cookie', authCookie(user.id));
    118|     expect(res.status).toBe(200);
       |                        ^
    119|     expect(res.body.user.id).toBe(user.id);
    120|     expect(res.body.user.email).toBe(user.email);

⎯⎯⎯⎯⎯⎯⎯⎯⎯⎯⎯⎯⎯⎯⎯⎯⎯⎯⎯⎯[166/458]⎯

 FAIL  tests/integration/immich.test.ts > Immich settings > IMMICH-001 — GET /api/integrations/memories/immich/settings returns current settings
AssertionError: expected 401 to be 200 // Object.is equality

- Expected
+ Received

- 200
+ 401

 ❯ tests/integration/immich.test.ts:99:24
     97|       .get('/api/integrations/memories/immich/settings')
     98|       .set('Cookie', authCookie(user.id));
     99|     expect(res.status).toBe(200);
       |                        ^
    100|     // Settings may be empty initially
    101|     expect(res.body).toBeDefined();

⎯⎯⎯⎯⎯⎯⎯⎯⎯⎯⎯⎯⎯⎯⎯⎯⎯⎯⎯⎯[167/458]⎯

 FAIL  tests/integration/immich.test.ts > Immich settings > IMMICH-001 — PUT /api/integrations/memories/immich/settings saves Immich URL and API key
AssertionError: expected 401 to be 200 // Object.is equality

- Expected
+ Received

- 200
+ 401

 ❯ tests/integration/immich.test.ts:111:24
    109|       .set('Cookie', authCookie(user.id))
    110|       .send({ immich_url: 'https://immich.example.com', immich_api_key…
    111|     expect(res.status).toBe(200);
       |                        ^
    112|     expect(res.body.success).toBe(true);
    113|   });

⎯⎯⎯⎯⎯⎯⎯⎯⎯⎯⎯⎯⎯⎯⎯⎯⎯⎯⎯⎯[168/458]⎯

 FAIL  tests/integration/immich.test.ts > Immich settings > IMMICH-002 — PUT /api/integrations/memories/immich/settings with private IP is blocked by SSRF guard
AssertionError: expected 401 to be 400 // Object.is equality

- Expected
+ Received

- 400
+ 401

 ❯ tests/integration/immich.test.ts:122:24
    120|       .set('Cookie', authCookie(user.id))
    121|       .send({ immich_url: 'http://192.168.1.100', immich_api_key: 'tes…
    122|     expect(res.status).toBe(400);
       |                        ^
    123|   });
    124| 

⎯⎯⎯⎯⎯⎯⎯⎯⎯⎯⎯⎯⎯⎯⎯⎯⎯⎯⎯⎯[169/458]⎯

 FAIL  tests/integration/immich.test.ts > Immich settings > IMMICH-002 — PUT /api/integrations/memories/immich/settings with loopback is blocked
AssertionError: expected 401 to be 400 // Object.is equality

- Expected
+ Received

- 400
+ 401

 ❯ tests/integration/immich.test.ts:132:24
    130|       .set('Cookie', authCookie(user.id))
    131|       .send({ immich_url: 'http://127.0.0.1:2283', immich_api_key: 'te…
    132|     expect(res.status).toBe(400);
       |                        ^
    133|   });
    134| });

⎯⎯⎯⎯⎯⎯⎯⎯⎯⎯⎯⎯⎯⎯⎯⎯⎯⎯⎯⎯[170/458]⎯

 FAIL  tests/integration/immich.test.ts > Immich album links > IMMICH-020 — POST album-links creates a link
AssertionError: expected 401 to be 200 // Object.is equality

- Expected
+ Received

- 200
+ 401

 ❯ tests/integration/immich.test.ts:160:24
    158|       .send({ album_id: 'album-uuid-123', album_name: 'Vacation 2024',…
    159| 
    160|     expect(res.status).toBe(200);
       |                        ^
    161|     expect(res.body.success).toBe(true);
    162| 

⎯⎯⎯⎯⎯⎯⎯⎯⎯⎯⎯⎯⎯⎯⎯⎯⎯⎯⎯⎯[171/458]⎯

 FAIL  tests/integration/immich.test.ts > Immich album links > IMMICH-021 — GET album-links returns linked albums
AssertionError: expected 401 to be 200 // Object.is equality

- Expected
+ Received

- 200
+ 401

 ❯ tests/integration/immich.test.ts:178:24
    176|       .set('Cookie', authCookie(user.id));
    177| 
    178|     expect(res.status).toBe(200);
       |                        ^
    179|     expect(res.body.links).toBeDefined();
    180|     expect(res.body.links.length).toBe(1);

⎯⎯⎯⎯⎯⎯⎯⎯⎯⎯⎯⎯⎯⎯⎯⎯⎯⎯⎯⎯[172/458]⎯

 FAIL  tests/integration/immich.test.ts > Immich album links > IMMICH-022 — DELETE album-links removes associated photos but not individually-added ones
AssertionError: expected 401 to be 200 // Object.is equality

- Expected
+ Received

- 200
+ 401

 ❯ tests/integration/immich.test.ts:203:24
    201|       .set('Cookie', authCookie(user.id));
    202| 
    203|     expect(res.status).toBe(200);
       |                        ^
    204|     expect(res.body.success).toBe(true);
    205| 

⎯⎯⎯⎯⎯⎯⎯⎯⎯⎯⎯⎯⎯⎯⎯⎯⎯⎯⎯⎯[173/458]⎯

 FAIL  tests/integration/immich.test.ts > Immich album links > IMMICH-023 — DELETE album-link by non-member returns 404
AssertionError: expected 401 to be 404 // Object.is equality

- Expected
+ Received

- 404
+ 401

 ❯ tests/integration/immich.test.ts:230:24
    228|       .set('Cookie', authCookie(other.id));
    229| 
    230|     expect(res.status).toBe(404);
       |                        ^
    231| 
    232|     // Link and photos should still exist

⎯⎯⎯⎯⎯⎯⎯⎯⎯⎯⎯⎯⎯⎯⎯⎯⎯⎯⎯⎯[174/458]⎯

 FAIL  tests/integration/maps.test.ts > Maps validation > MAPS-001 — POST /maps/search without query returns 400
AssertionError: expected 401 to be 400 // Object.is equality

- Expected
+ Received

- 400
+ 401

 ❯ tests/integration/maps.test.ts:91:24
     89|       .set('Cookie', authCookie(user.id))
     90|       .send({});
     91|     expect(res.status).toBe(400);
       |                        ^
     92|   });
     93| 

⎯⎯⎯⎯⎯⎯⎯⎯⎯⎯⎯⎯⎯⎯⎯⎯⎯⎯⎯⎯[175/458]⎯

 FAIL  tests/integration/maps.test.ts > Maps validation > MAPS-006 — GET /maps/reverse without lat/lng returns 400
AssertionError: expected 401 to be 400 // Object.is equality

- Expected
+ Received

- 400
+ 401

 ❯ tests/integration/maps.test.ts:100:24
     98|       .get('/api/maps/reverse')
     99|       .set('Cookie', authCookie(user.id));
    100|     expect(res.status).toBe(400);
       |                        ^
    101|   });
    102| 

⎯⎯⎯⎯⎯⎯⎯⎯⎯⎯⎯⎯⎯⎯⎯⎯⎯⎯⎯⎯[176/458]⎯

 FAIL  tests/integration/maps.test.ts > Maps validation > MAPS-007 — POST /maps/resolve-url without url returns 400
AssertionError: expected 401 to be 400 // Object.is equality

- Expected
+ Received

- 400
+ 401

 ❯ tests/integration/maps.test.ts:110:24
    108|       .set('Cookie', authCookie(user.id))
    109|       .send({});
    110|     expect(res.status).toBe(400);
       |                        ^
    111|   });
    112| });

⎯⎯⎯⎯⎯⎯⎯⎯⎯⎯⎯⎯⎯⎯⎯⎯⎯⎯⎯⎯[177/458]⎯

 FAIL  tests/integration/maps.test.ts > Maps SSRF protection > MAPS-007 — POST /maps/resolve-url with internal IP is blocked
AssertionError: expected 401 to be 400 // Object.is equality

- Expected
+ Received

- 400
+ 401

 ❯ tests/integration/maps.test.ts:123:24
    121|       .set('Cookie', authCookie(user.id))
    122|       .send({ url: 'http://192.168.1.1/admin' });
    123|     expect(res.status).toBe(400);
       |                        ^
    124|   });
    125| 

⎯⎯⎯⎯⎯⎯⎯⎯⎯⎯⎯⎯⎯⎯⎯⎯⎯⎯⎯⎯[178/458]⎯

 FAIL  tests/integration/maps.test.ts > Maps SSRF protection > MAPS-007 — POST /maps/resolve-url with loopback IP is blocked
AssertionError: expected 401 to be 400 // Object.is equality

- Expected
+ Received

- 400
+ 401

 ❯ tests/integration/maps.test.ts:133:24
    131|       .set('Cookie', authCookie(user.id))
    132|       .send({ url: 'http://127.0.0.1/secret' });
    133|     expect(res.status).toBe(400);
       |                        ^
    134|   });
    135| });

⎯⎯⎯⎯⎯⎯⎯⎯⎯⎯⎯⎯⎯⎯⎯⎯⎯⎯⎯⎯[179/458]⎯

 FAIL  tests/integration/mcp.test.ts > MCP API token auth > MCP-002 — POST /mcp with valid trek_ API token authenticates successfully
AssertionError: expected 401 to be 200 // Object.is equality

- Expected
+ Received

- 200
+ 401

 ❯ tests/integration/mcp.test.ts:148:24
    146|       .set('Accept', 'application/json, text/event-stream')
    147|       .send({ jsonrpc: '2.0', method: 'initialize', id: 1, params: { p…
    148|     expect(res.status).toBe(200);
       |                        ^
    149|   });
    150| 

⎯⎯⎯⎯⎯⎯⎯⎯⎯⎯⎯⎯⎯⎯⎯⎯⎯⎯⎯⎯[180/458]⎯

 FAIL  tests/integration/mcp.test.ts > MCP API token auth > MCP-002 — last_used_at is updated on token use
AssertionError: expected null not to be null
 ❯ tests/integration/mcp.test.ts:165:23
    163| 
    164|     const after = (testDb.prepare('SELECT last_used_at FROM mcp_tokens…
    165|     expect(after).not.toBeNull();
       |                       ^
    166|     expect(after).not.toBe(before);
    167|   });

⎯⎯⎯⎯⎯⎯⎯⎯⎯⎯⎯⎯⎯⎯⎯⎯⎯⎯⎯⎯[181/458]⎯

 FAIL  tests/integration/memories-immich.test.ts > Immich connection status > IMMICH-030 — GET /status when not configured returns { connected: false }
AssertionError: expected 401 to be 200 // Object.is equality

- Expected
+ Received

- 200
+ 401

 ❯ tests/integration/memories-immich.test.ts:203:24
    201|       .set('Cookie', authCookie(user.id));
    202| 
    203|     expect(res.status).toBe(200);
       |                        ^
    204|     expect(res.body.connected).toBe(false);
    205|   });

⎯⎯⎯⎯⎯⎯⎯⎯⎯⎯⎯⎯⎯⎯⎯⎯⎯⎯⎯⎯[182/458]⎯

 FAIL  tests/integration/memories-immich.test.ts > Immich connection status > IMMICH-031 — GET /status when configured returns connected + user info
AssertionError: expected 401 to be 200 // Object.is equality

- Expected
+ Received

- 200
+ 401

 ❯ tests/integration/memories-immich.test.ts:215:24
    213|       .set('Cookie', authCookie(user.id));
    214| 
    215|     expect(res.status).toBe(200);
       |                        ^
    216|     expect(res.body.connected).toBe(true);
    217|     expect(res.body.user).toMatchObject({ name: 'Test User', email: 't…

⎯⎯⎯⎯⎯⎯⎯⎯⎯⎯⎯⎯⎯⎯⎯⎯⎯⎯⎯⎯[183/458]⎯

 FAIL  tests/integration/memories-immich.test.ts > Immich test connection > IMMICH-032 — POST /test with missing fields returns { connected: false }
AssertionError: expected 401 to be 200 // Object.is equality

- Expected
+ Received

- 200
+ 401

 ❯ tests/integration/memories-immich.test.ts:232:24
    230|       .send({ immich_url: 'https://immich.example.com' }); // missing …
    231| 
    232|     expect(res.status).toBe(200);
       |                        ^
    233|     expect(res.body.connected).toBe(false);
    234|   });

⎯⎯⎯⎯⎯⎯⎯⎯⎯⎯⎯⎯⎯⎯⎯⎯⎯⎯⎯⎯[184/458]⎯

 FAIL  tests/integration/memories-immich.test.ts > Immich test connection > IMMICH-033 — POST /test with valid credentials returns { connected: true }
AssertionError: expected 401 to be 200 // Object.is equality

- Expected
+ Received

- 200
+ 401

 ❯ tests/integration/memories-immich.test.ts:244:24
    242|       .send({ immich_url: 'https://immich.example.com', immich_api_key…
    243| 
    244|     expect(res.status).toBe(200);
       |                        ^
    245|     expect(res.body.connected).toBe(true);
    246|     expect(res.body.user).toBeDefined();

⎯⎯⎯⎯⎯⎯⎯⎯⎯⎯⎯⎯⎯⎯⎯⎯⎯⎯⎯⎯[185/458]⎯

 FAIL  tests/integration/memories-immich.test.ts > Immich browse and search > IMMICH-040 — GET /browse when not configured returns 400
AssertionError: expected 401 to be 400 // Object.is equality

- Expected
+ Received

- 400
+ 401

 ❯ tests/integration/memories-immich.test.ts:260:24
    258|       .set('Cookie', authCookie(user.id));
    259| 
    260|     expect(res.status).toBe(400);
       |                        ^
    261|   });
    262| 

⎯⎯⎯⎯⎯⎯⎯⎯⎯⎯⎯⎯⎯⎯⎯⎯⎯⎯⎯⎯[186/458]⎯

 FAIL  tests/integration/memories-immich.test.ts > Immich browse and search > IMMICH-041 — GET /browse returns timeline buckets
AssertionError: expected 401 to be 200 // Object.is equality

- Expected
+ Received

- 200
+ 401

 ❯ tests/integration/memories-immich.test.ts:271:24
    269|       .set('Cookie', authCookie(user.id));
    270| 
    271|     expect(res.status).toBe(200);
       |                        ^
    272|     expect(Array.isArray(res.body.buckets)).toBe(true);
    273|     expect(res.body.buckets.length).toBeGreaterThan(0);

⎯⎯⎯⎯⎯⎯⎯⎯⎯⎯⎯⎯⎯⎯⎯⎯⎯⎯⎯⎯[187/458]⎯

 FAIL  tests/integration/memories-immich.test.ts > Immich browse and search > IMMICH-042 — POST /search returns mapped assets
AssertionError: expected 401 to be 200 // Object.is equality

- Expected
+ Received

- 200
+ 401

 ❯ tests/integration/memories-immich.test.ts:285:24
    283|       .send({});
    284| 
    285|     expect(res.status).toBe(200);
       |                        ^
    286|     expect(Array.isArray(res.body.assets)).toBe(true);
    287|     expect(res.body.assets[0]).toMatchObject({ id: 'asset-search-1', c…

⎯⎯⎯⎯⎯⎯⎯⎯⎯⎯⎯⎯⎯⎯⎯⎯⎯⎯⎯⎯[188/458]⎯

 FAIL  tests/integration/memories-immich.test.ts > Immich browse and search > IMMICH-043 — POST /search when upstream throws returns 502
AssertionError: expected 401 to be 502 // Object.is equality

- Expected
+ Received

- 502
+ 401

 ❯ tests/integration/memories-immich.test.ts:301:24
    299|       .send({});
    300| 
    301|     expect(res.status).toBe(502);
       |                        ^
    302|     expect(res.body.error).toBeDefined();
    303|   });

⎯⎯⎯⎯⎯⎯⎯⎯⎯⎯⎯⎯⎯⎯⎯⎯⎯⎯⎯⎯[189/458]⎯

 FAIL  tests/integration/memories-immich.test.ts > Immich asset proxy > IMMICH-050 — GET /assets/info returns asset metadata for own photo
AssertionError: expected 401 to be 200 // Object.is equality

- Expected
+ Received

- 200
+ 401

 ❯ tests/integration/memories-immich.test.ts:319:24
    317|       .set('Cookie', authCookie(user.id));
    318| 
    319|     expect(res.status).toBe(200);
       |                        ^
    320|     expect(res.body).toMatchObject({ id: 'asset-info-1', city: 'Paris'…
    321|   });

⎯⎯⎯⎯⎯⎯⎯⎯⎯⎯⎯⎯⎯⎯⎯⎯⎯⎯⎯⎯[190/458]⎯

 FAIL  tests/integration/memories-immich.test.ts > Immich asset proxy > IMMICH-051 — GET /assets/info with invalid assetId (special chars) returns 400
AssertionError: expected 401 to be 400 // Object.is equality

- Expected
+ Received

- 400
+ 401

 ❯ tests/integration/memories-immich.test.ts:333:24
    331|       .set('Cookie', authCookie(user.id));
    332| 
    333|     expect(res.status).toBe(400);
       |                        ^
    334|   });
    335| 

⎯⎯⎯⎯⎯⎯⎯⎯⎯⎯⎯⎯⎯⎯⎯⎯⎯⎯⎯⎯[191/458]⎯

 FAIL  tests/integration/memories-immich.test.ts > Immich asset proxy > IMMICH-052 — GET /assets/info by non-owner of unshared photo returns 403
AssertionError: expected 401 to be 403 // Object.is equality

- Expected
+ Received

- 403
+ 401

 ❯ tests/integration/memories-immich.test.ts:349:24
    347|       .set('Cookie', authCookie(member.id));
    348| 
    349|     expect(res.status).toBe(403);
       |                        ^
    350|   });
    351| 

⎯⎯⎯⎯⎯⎯⎯⎯⎯⎯⎯⎯⎯⎯⎯⎯⎯⎯⎯⎯[192/458]⎯

 FAIL  tests/integration/memories-immich.test.ts > Immich asset proxy > IMMICH-053 — GET /assets/info by trip member for shared photo returns 200
AssertionError: expected 401 to be 200 // Object.is equality

- Expected
+ Received

- 200
+ 401

 ❯ tests/integration/memories-immich.test.ts:365:24
    363|       .set('Cookie', authCookie(member.id));
    364| 
    365|     expect(res.status).toBe(200);
       |                        ^
    366|   });
    367| 

⎯⎯⎯⎯⎯⎯⎯⎯⎯⎯⎯⎯⎯⎯⎯⎯⎯⎯⎯⎯[193/458]⎯

 FAIL  tests/integration/memories-immich.test.ts > Immich asset proxy > IMMICH-054 — GET /assets/thumbnail for own photo streams image data
AssertionError: expected 401 to be 200 // Object.is equality

- Expected
+ Received

- 200
+ 401

 ❯ tests/integration/memories-immich.test.ts:378:24
    376|       .set('Cookie', authCookie(user.id));
    377| 
    378|     expect(res.status).toBe(200);
       |                        ^
    379|     expect(res.headers['content-type']).toContain('image/webp');
    380|     expect(res.body).toBeDefined();

⎯⎯⎯⎯⎯⎯⎯⎯⎯⎯⎯⎯⎯⎯⎯⎯⎯⎯⎯⎯[194/458]⎯

 FAIL  tests/integration/memories-immich.test.ts > Immich asset proxy > IMMICH-055 — GET /assets/thumbnail for other's unshared photo returns 403
AssertionError: expected 401 to be 403 // Object.is equality

- Expected
+ Received

- 403
+ 401

 ❯ tests/integration/memories-immich.test.ts:394:24
    392|       .set('Cookie', authCookie(member.id));
    393| 
    394|     expect(res.status).toBe(403);
       |                        ^
    395|   });
    396| 

⎯⎯⎯⎯⎯⎯⎯⎯⎯⎯⎯⎯⎯⎯⎯⎯⎯⎯⎯⎯[195/458]⎯

 FAIL  tests/integration/memories-immich.test.ts > Immich asset proxy > IMMICH-056 — GET /assets/original for shared photo streams image data
AssertionError: expected 401 to be 200 // Object.is equality

- Expected
+ Received

- 200
+ 401

 ❯ tests/integration/memories-immich.test.ts:409:24
    407|       .set('Cookie', authCookie(member.id));
    408| 
    409|     expect(res.status).toBe(200);
       |                        ^
    410|     expect(res.headers['content-type']).toContain('image/jpeg');
    411|   });

⎯⎯⎯⎯⎯⎯⎯⎯⎯⎯⎯⎯⎯⎯⎯⎯⎯⎯⎯⎯[196/458]⎯

 FAIL  tests/integration/memories-immich.test.ts > Immich asset proxy > IMMICH-057 — GET /assets/info where trip does not exist returns 403
AssertionError: expected 401 to be 403 // Object.is equality

- Expected
+ Received

- 403
+ 401

 ❯ tests/integration/memories-immich.test.ts:428:24
    426| 
    427|     // canAccessUserPhoto: shared photo found, but canAccessTrip(9999)…
    428|     expect(res.status).toBe(403);
       |                        ^
    429|   });
    430| 

⎯⎯⎯⎯⎯⎯⎯⎯⎯⎯⎯⎯⎯⎯⎯⎯⎯⎯⎯⎯[197/458]⎯

 FAIL  tests/integration/memories-immich.test.ts > Immich asset proxy > IMMICH-058 — GET /assets/info when upstream returns error propagates status
AssertionError: expected 401 to be 503 // Object.is equality

- Expected
+ Received

- 503
+ 401

 ❯ tests/integration/memories-immich.test.ts:447:24
    445|       .set('Cookie', authCookie(user.id));
    446| 
    447|     expect(res.status).toBe(503);
       |                        ^
    448|     expect(res.body.error).toBeDefined();
    449|   });

⎯⎯⎯⎯⎯⎯⎯⎯⎯⎯⎯⎯⎯⎯⎯⎯⎯⎯⎯⎯[198/458]⎯

 FAIL  tests/integration/memories-immich.test.ts > Immich albums > IMMICH-060 — GET /albums when not configured returns 400
AssertionError: expected 401 to be 400 // Object.is equality

- Expected
+ Received

- 400
+ 401

 ❯ tests/integration/memories-immich.test.ts:462:24
    460|       .set('Cookie', authCookie(user.id));
    461| 
    462|     expect(res.status).toBe(400);
       |                        ^
    463|   });
    464| 

⎯⎯⎯⎯⎯⎯⎯⎯⎯⎯⎯⎯⎯⎯⎯⎯⎯⎯⎯⎯[199/458]⎯

 FAIL  tests/integration/memories-immich.test.ts > Immich albums > IMMICH-061 — GET /albums returns album list
AssertionError: expected 401 to be 200 // Object.is equality

- Expected
+ Received

- 200
+ 401

 ❯ tests/integration/memories-immich.test.ts:473:24
    471|       .set('Cookie', authCookie(user.id));
    472| 
    473|     expect(res.status).toBe(200);
       |                        ^
    474|     expect(Array.isArray(res.body.albums)).toBe(true);
    475|     expect(res.body.albums[0]).toMatchObject({ id: 'album-uuid-1', alb…

⎯⎯⎯⎯⎯⎯⎯⎯⎯⎯⎯⎯⎯⎯⎯⎯⎯⎯⎯⎯[200/458]⎯

 FAIL  tests/integration/memories-synology.test.ts > Synology settings > SYNO-001 — GET /settings when not configured returns 400
AssertionError: expected 401 to be 400 // Object.is equality

- Expected
+ Received

- 400
+ 401

 ❯ tests/integration/memories-synology.test.ts:235:24
    233|       .set('Cookie', authCookie(user.id));
    234| 
    235|     expect(res.status).toBe(400);
       |                        ^
    236|   });
    237| 

⎯⎯⎯⎯⎯⎯⎯⎯⎯⎯⎯⎯⎯⎯⎯⎯⎯⎯⎯⎯[201/458]⎯

 FAIL  tests/integration/memories-synology.test.ts > Synology settings > SYNO-002 — PUT /settings saves credentials and returns success
AssertionError: expected 401 to be 200 // Object.is equality

- Expected
+ Received

- 200
+ 401

 ❯ tests/integration/memories-synology.test.ts:250:24
    248|       });
    249| 
    250|     expect(res.status).toBe(200);
       |                        ^
    251| 
    252|     const row = testDb.prepare('SELECT synology_url, synology_username…

⎯⎯⎯⎯⎯⎯⎯⎯⎯⎯⎯⎯⎯⎯⎯⎯⎯⎯⎯⎯[202/458]⎯

 FAIL  tests/integration/memories-synology.test.ts > Synology settings > SYNO-003 — PUT /settings with SSRF-blocked URL returns 400
AssertionError: expected 401 to be 400 // Object.is equality

- Expected
+ Received

- 400
+ 401

 ❯ tests/integration/memories-synology.test.ts:269:24
    267|       });
    268| 
    269|     expect(res.status).toBe(400);
       |                        ^
    270|   });
    271| 

⎯⎯⎯⎯⎯⎯⎯⎯⎯⎯⎯⎯⎯⎯⎯⎯⎯⎯⎯⎯[203/458]⎯

 FAIL  tests/integration/memories-synology.test.ts > Synology settings > SYNO-004 — PUT /settings without URL returns 400
AssertionError: expected 401 to be 400 // Object.is equality

- Expected
+ Received

- 400
+ 401

 ❯ tests/integration/memories-synology.test.ts:280:24
    278|       .send({ synology_username: 'admin', synology_password: 'pass' })…
    279| 
    280|     expect(res.status).toBe(400);
       |                        ^
    281|   });
    282| });

⎯⎯⎯⎯⎯⎯⎯⎯⎯⎯⎯⎯⎯⎯⎯⎯⎯⎯⎯⎯[204/458]⎯

 FAIL  tests/integration/memories-synology.test.ts > Synology connection > SYNO-010 — GET /status when not configured returns { connected: false }
AssertionError: expected 401 to be 200 // Object.is equality

- Expected
+ Received

- 200
+ 401

 ❯ tests/integration/memories-synology.test.ts:294:24
    292|       .set('Cookie', authCookie(user.id));
    293| 
    294|     expect(res.status).toBe(200);
       |                        ^
    295|     expect(res.body.connected).toBe(false);
    296|   });

⎯⎯⎯⎯⎯⎯⎯⎯⎯⎯⎯⎯⎯⎯⎯⎯⎯⎯⎯⎯[205/458]⎯

 FAIL  tests/integration/memories-synology.test.ts > Synology connection > SYNO-011 — GET /status when configured returns { connected: true }
AssertionError: expected 401 to be 200 // Object.is equality

- Expected
+ Received

- 200
+ 401

 ❯ tests/integration/memories-synology.test.ts:306:24
    304|       .set('Cookie', authCookie(user.id));
    305| 
    306|     expect(res.status).toBe(200);
       |                        ^
    307|     expect(res.body.connected).toBe(true);
    308|   });

⎯⎯⎯⎯⎯⎯⎯⎯⎯⎯⎯⎯⎯⎯⎯⎯⎯⎯⎯⎯[206/458]⎯

 FAIL  tests/integration/memories-synology.test.ts > Synology connection > SYNO-012 — POST /test with valid credentials returns { connected: true }
AssertionError: expected 401 to be 200 // Object.is equality

- Expected
+ Received

- 200
+ 401

 ❯ tests/integration/memories-synology.test.ts:322:24
    320|       });
    321| 
    322|     expect(res.status).toBe(200);
       |                        ^
    323|     expect(res.body.connected).toBe(true);
    324|   });

⎯⎯⎯⎯⎯⎯⎯⎯⎯⎯⎯⎯⎯⎯⎯⎯⎯⎯⎯⎯[207/458]⎯

 FAIL  tests/integration/memories-synology.test.ts > Synology connection > SYNO-013 — POST /test with missing fields returns error
AssertionError: expected 401 to be 200 // Object.is equality

- Expected
+ Received

- 200
+ 401

 ❯ tests/integration/memories-synology.test.ts:334:24
    332|       .send({ synology_url: 'https://synology.example.com' }); // miss…
    333| 
    334|     expect(res.status).toBe(200);
       |                        ^
    335|     expect(res.body.connected).toBe(false);
    336|     expect(res.body.error).toBeDefined();

⎯⎯⎯⎯⎯⎯⎯⎯⎯⎯⎯⎯⎯⎯⎯⎯⎯⎯⎯⎯[208/458]⎯

 FAIL  tests/integration/memories-synology.test.ts > Synology search and albums > SYNO-020 — POST /search returns mapped assets
AssertionError: expected 401 to be 200 // Object.is equality

- Expected
+ Received

- 200
+ 401

 ❯ tests/integration/memories-synology.test.ts:352:24
    350|       .send({});
    351| 
    352|     expect(res.status).toBe(200);
       |                        ^
    353|     expect(Array.isArray(res.body.assets)).toBe(true);
    354|     expect(res.body.assets[0]).toMatchObject({ city: 'Tokyo', country:…

⎯⎯⎯⎯⎯⎯⎯⎯⎯⎯⎯⎯⎯⎯⎯⎯⎯⎯⎯⎯[209/458]⎯

 FAIL  tests/integration/memories-synology.test.ts > Synology search and albums > SYNO-021 — POST /search when upstream throws propagates 500
AssertionError: expected 401 to be 500 // Object.is equality

- Expected
+ Received

- 500
+ 401

 ❯ tests/integration/memories-synology.test.ts:376:24
    374|       .send({});
    375| 
    376|     expect(res.status).toBe(500);
       |                        ^
    377|     expect(res.body.error).toBeDefined();
    378|   });

⎯⎯⎯⎯⎯⎯⎯⎯⎯⎯⎯⎯⎯⎯⎯⎯⎯⎯⎯⎯[210/458]⎯

 FAIL  tests/integration/memories-synology.test.ts > Synology search and albums > SYNO-022 — GET /albums returns album list
AssertionError: expected 401 to be 200 // Object.is equality

- Expected
+ Received

- 200
+ 401

 ❯ tests/integration/memories-synology.test.ts:388:24
    386|       .set('Cookie', authCookie(user.id));
    387| 
    388|     expect(res.status).toBe(200);
       |                        ^
    389|     expect(Array.isArray(res.body.albums)).toBe(true);
    390|     expect(res.body.albums).toHaveLength(2);

⎯⎯⎯⎯⎯⎯⎯⎯⎯⎯⎯⎯⎯⎯⎯⎯⎯⎯⎯⎯[211/458]⎯

 FAIL  tests/integration/memories-synology.test.ts > Synology asset access > SYNO-030 — GET /assets/info returns metadata for own photo
AssertionError: expected 401 to be 200 // Object.is equality

- Expected
+ Received

- 200
+ 401

 ❯ tests/integration/memories-synology.test.ts:408:24
    406|       .set('Cookie', authCookie(user.id));
    407| 
    408|     expect(res.status).toBe(200);
       |                        ^
    409|     expect(res.body).toMatchObject({ city: 'Tokyo', country: 'Japan' }…
    410|   });

⎯⎯⎯⎯⎯⎯⎯⎯⎯⎯⎯⎯⎯⎯⎯⎯⎯⎯⎯⎯[212/458]⎯

 FAIL  tests/integration/memories-synology.test.ts > Synology asset access > SYNO-031 — GET /assets/info by non-owner of unshared photo returns 403
AssertionError: expected 401 to be 403 // Object.is equality

- Expected
+ Received

- 403
+ 401

 ❯ tests/integration/memories-synology.test.ts:423:24
    421|       .set('Cookie', authCookie(member.id));
    422| 
    423|     expect(res.status).toBe(403);
       |                        ^
    424|   });
    425| 

⎯⎯⎯⎯⎯⎯⎯⎯⎯⎯⎯⎯⎯⎯⎯⎯⎯⎯⎯⎯[213/458]⎯

 FAIL  tests/integration/memories-synology.test.ts > Synology asset access > SYNO-032 — GET /assets/thumbnail streams image data for own photo
AssertionError: expected 401 to be 200 // Object.is equality

- Expected
+ Received

- 200
+ 401

 ❯ tests/integration/memories-synology.test.ts:436:24
    434|       .set('Cookie', authCookie(user.id));
    435| 
    436|     expect(res.status).toBe(200);
       |                        ^
    437|     expect(res.headers['content-type']).toContain('image/jpeg');
    438|   });

⎯⎯⎯⎯⎯⎯⎯⎯⎯⎯⎯⎯⎯⎯⎯⎯⎯⎯⎯⎯[214/458]⎯

 FAIL  tests/integration/memories-synology.test.ts > Synology asset access > SYNO-033 — GET /assets/original streams image data for shared photo
AssertionError: expected 401 to be 200 // Object.is equality

- Expected
+ Received

- 200
+ 401

 ❯ tests/integration/memories-synology.test.ts:452:24
    450|       .set('Cookie', authCookie(member.id));
    451| 
    452|     expect(res.status).toBe(200);
       |                        ^
    453|     expect(res.headers['content-type']).toContain('image/jpeg');
    454|   });

⎯⎯⎯⎯⎯⎯⎯⎯⎯⎯⎯⎯⎯⎯⎯⎯⎯⎯⎯⎯[215/458]⎯

 FAIL  tests/integration/memories-synology.test.ts > Synology asset access > SYNO-034 — GET /assets with invalid kind returns 400
AssertionError: expected 401 to be 400 // Object.is equality

- Expected
+ Received

- 400
+ 401

 ❯ tests/integration/memories-synology.test.ts:465:24
    463|       .set('Cookie', authCookie(user.id));
    464| 
    465|     expect(res.status).toBe(400);
       |                        ^
    466|   });
    467| 

⎯⎯⎯⎯⎯⎯⎯⎯⎯⎯⎯⎯⎯⎯⎯⎯⎯⎯⎯⎯[216/458]⎯

 FAIL  tests/integration/memories-synology.test.ts > Synology asset access > SYNO-035 — GET /assets/info where trip does not exist returns 403
AssertionError: expected 401 to be 403 // Object.is equality

- Expected
+ Received

- 403
+ 401

 ❯ tests/integration/memories-synology.test.ts:483:24
    481| 
    482|     // canAccessUserPhoto: shared photo found, but canAccessTrip(9999)…
    483|     expect(res.status).toBe(403);
       |                        ^
    484|   });
    485| 

⎯⎯⎯⎯⎯⎯⎯⎯⎯⎯⎯⎯⎯⎯⎯⎯⎯⎯⎯⎯[217/458]⎯

 FAIL  tests/integration/memories-synology.test.ts > Synology asset access > SYNO-036 — GET /assets/info when upstream throws propagates 500
AssertionError: expected 401 to be 500 // Object.is equality

- Expected
+ Received

- 500
+ 401

 ❯ tests/integration/memories-synology.test.ts:506:24
    504|       .set('Cookie', authCookie(user.id));
    505| 
    506|     expect(res.status).toBe(500);
       |                        ^
    507|     expect(res.body.error).toBeDefined();
    508|   });

⎯⎯⎯⎯⎯⎯⎯⎯⎯⎯⎯⎯⎯⎯⎯⎯⎯⎯⎯⎯[218/458]⎯

 FAIL  tests/integration/memories-unified.test.ts > Unified photo management > UNIFIED-001 — GET photos lists own + shared photos from other members
AssertionError: expected 401 to be 200 // Object.is equality

- Expected
+ Received

- 200
+ 401

 ❯ tests/integration/memories-unified.test.ts:99:24
     97|       .set('Cookie', authCookie(owner.id));
     98| 
     99|     expect(res.status).toBe(200);
       |                        ^
    100|     const ids = (res.body.photos as any[]).map((p: any) => p.asset_id);
    101|     expect(ids).toContain('asset-own');

⎯⎯⎯⎯⎯⎯⎯⎯⎯⎯⎯⎯⎯⎯⎯⎯⎯⎯⎯⎯[219/458]⎯

 FAIL  tests/integration/memories-unified.test.ts > Unified photo management > UNIFIED-002 — GET photos excludes other members' private photos
AssertionError: expected 401 to be 200 // Object.is equality

- Expected
+ Received

- 200
+ 401

 ❯ tests/integration/memories-unified.test.ts:117:24
    115|       .set('Cookie', authCookie(owner.id));
    116| 
    117|     expect(res.status).toBe(200);
       |                        ^
    118|     const ids = (res.body.photos as any[]).map((p: any) => p.asset_id);
    119|     expect(ids).not.toContain('asset-private');

⎯⎯⎯⎯⎯⎯⎯⎯⎯⎯⎯⎯⎯⎯⎯⎯⎯⎯⎯⎯[220/458]⎯

 FAIL  tests/integration/memories-unified.test.ts > Unified photo management > UNIFIED-003 — GET photos returns 404 for non-member
AssertionError: expected 401 to be 404 // Object.is equality

- Expected
+ Received

- 404
+ 401

 ❯ tests/integration/memories-unified.test.ts:131:24
    129|       .set('Cookie', authCookie(stranger.id));
    130| 
    131|     expect(res.status).toBe(404);
       |                        ^
    132|   });
    133| 

⎯⎯⎯⎯⎯⎯⎯⎯⎯⎯⎯⎯⎯⎯⎯⎯⎯⎯⎯⎯[221/458]⎯

 FAIL  tests/integration/memories-unified.test.ts > Unified photo management > UNIFIED-004 — POST photos adds photos from selections
AssertionError: expected 401 to be 200 // Object.is equality

- Expected
+ Received

- 200
+ 401

 ❯ tests/integration/memories-unified.test.ts:146:24
    144|       });
    145| 
    146|     expect(res.status).toBe(200);
       |                        ^
    147|     expect(res.body.added).toBe(2);
    148| 

⎯⎯⎯⎯⎯⎯⎯⎯⎯⎯⎯⎯⎯⎯⎯⎯⎯⎯⎯⎯[222/458]⎯

 FAIL  tests/integration/memories-unified.test.ts > Unified photo management > UNIFIED-005 — POST photos with empty selections returns 400
AssertionError: expected 401 to be 400 // Object.is equality

- Expected
+ Received

- 400
+ 401

 ❯ tests/integration/memories-unified.test.ts:162:24
    160|       .send({ selections: [] });
    161| 
    162|     expect(res.status).toBe(400);
       |                        ^
    163|   });
    164| 

⎯⎯⎯⎯⎯⎯⎯⎯⎯⎯⎯⎯⎯⎯⎯⎯⎯⎯⎯⎯[223/458]⎯

 FAIL  tests/integration/memories-unified.test.ts > Unified photo management > UNIFIED-006 — POST photos with invalid provider returns 400
AssertionError: expected 401 to be 400 // Object.is equality

- Expected
+ Received

- 400
+ 401

 ❯ tests/integration/memories-unified.test.ts:174:24
    172|       .send({ selections: [{ provider: 'nonexistent', asset_ids: ['ass…
    173| 
    174|     expect(res.status).toBe(400);
       |                        ^
    175|   });
    176| 

⎯⎯⎯⎯⎯⎯⎯⎯⎯⎯⎯⎯⎯⎯⎯⎯⎯⎯⎯⎯[224/458]⎯

 FAIL  tests/integration/memories-unified.test.ts > Unified photo management > UNIFIED-007 — PUT photos/sharing toggles shared flag
AssertionError: expected 401 to be 200 // Object.is equality

- Expected
+ Received

- 200
+ 401

 ❯ tests/integration/memories-unified.test.ts:187:24
    185|       .send({ provider: 'immich', asset_id: 'asset-tog', shared: true …
    186| 
    187|     expect(res.status).toBe(200);
       |                        ^
    188|     const row = testDb.prepare('SELECT shared FROM trip_photos WHERE a…
    189|     expect(row.shared).toBe(1);

⎯⎯⎯⎯⎯⎯⎯⎯⎯⎯⎯⎯⎯⎯⎯⎯⎯⎯⎯⎯[225/458]⎯

 FAIL  tests/integration/memories-unified.test.ts > Unified photo management > UNIFIED-008 — PUT photos/sharing on non-member trip returns 404
AssertionError: expected 401 to be 404 // Object.is equality

- Expected
+ Received

- 404
+ 401

 ❯ tests/integration/memories-unified.test.ts:202:24
    200|       .send({ provider: 'immich', asset_id: 'any', shared: true });
    201| 
    202|     expect(res.status).toBe(404);
       |                        ^
    203|   });
    204| 

⎯⎯⎯⎯⎯⎯⎯⎯⎯⎯⎯⎯⎯⎯⎯⎯⎯⎯⎯⎯[226/458]⎯

 FAIL  tests/integration/memories-unified.test.ts > Unified photo management > UNIFIED-009 — DELETE photos removes own photo
AssertionError: expected 401 to be 200 // Object.is equality

- Expected
+ Received

- 200
+ 401

 ❯ tests/integration/memories-unified.test.ts:215:24
    213|       .send({ provider: 'immich', asset_id: 'asset-del' });
    214| 
    215|     expect(res.status).toBe(200);
       |                        ^
    216|     const row = testDb.prepare('SELECT * FROM trip_photos WHERE asset_…
    217|     expect(row).toBeUndefined();

⎯⎯⎯⎯⎯⎯⎯⎯⎯⎯⎯⎯⎯⎯⎯⎯⎯⎯⎯⎯[227/458]⎯

 FAIL  tests/integration/memories-unified.test.ts > Unified photo management > UNIFIED-010 — DELETE photos on non-member trip returns 404
AssertionError: expected 401 to be 404 // Object.is equality

- Expected
+ Received

- 404
+ 401

 ❯ tests/integration/memories-unified.test.ts:230:24
    228|       .send({ provider: 'immich', asset_id: 'any' });
    229| 
    230|     expect(res.status).toBe(404);
       |                        ^
    231|   });
    232| });

⎯⎯⎯⎯⎯⎯⎯⎯⎯⎯⎯⎯⎯⎯⎯⎯⎯⎯⎯⎯[228/458]⎯

 FAIL  tests/integration/memories-unified.test.ts > Unified album-link management > UNIFIED-011 — POST album-links with missing provider returns 400
AssertionError: expected 401 to be 400 // Object.is equality

- Expected
+ Received

- 400
+ 401

 ❯ tests/integration/memories-unified.test.ts:246:24
    244|       .send({ album_id: 'album-abc', album_name: 'Test' }); // no prov…
    245| 
    246|     expect(res.status).toBe(400);
       |                        ^
    247|   });
    248| 

⎯⎯⎯⎯⎯⎯⎯⎯⎯⎯⎯⎯⎯⎯⎯⎯⎯⎯⎯⎯[229/458]⎯

 FAIL  tests/integration/memories-unified.test.ts > Unified album-link management > UNIFIED-012 — POST album-links with missing album_id returns 400
AssertionError: expected 401 to be 400 // Object.is equality

- Expected
+ Received

- 400
+ 401

 ❯ tests/integration/memories-unified.test.ts:258:24
    256|       .send({ provider: 'immich', album_name: 'Test' }); // no album_id
    257| 
    258|     expect(res.status).toBe(400);
       |                        ^
    259|   });
    260| 

⎯⎯⎯⎯⎯⎯⎯⎯⎯⎯⎯⎯⎯⎯⎯⎯⎯⎯⎯⎯[230/458]⎯

 FAIL  tests/integration/memories-unified.test.ts > Unified album-link management > UNIFIED-013 — POST album-links duplicate link returns 409
AssertionError: expected 401 to be 409 // Object.is equality

- Expected
+ Received

- 409
+ 401

 ❯ tests/integration/memories-unified.test.ts:275:24
    273|       .send({ provider: 'immich', album_id: 'album-dup', album_name: '…
    274| 
    275|     expect(res.status).toBe(409);
       |                        ^
    276|   });
    277| 

⎯⎯⎯⎯⎯⎯⎯⎯⎯⎯⎯⎯⎯⎯⎯⎯⎯⎯⎯⎯[231/458]⎯

 FAIL  tests/integration/memories-unified.test.ts > Unified album-link management > UNIFIED-014 — GET album-links only returns links for enabled providers
AssertionError: expected 401 to be 400 // Object.is equality

- Expected
+ Received

- 400
+ 401

 ❯ tests/integration/memories-unified.test.ts:293:24
    291|     testDb.prepare('UPDATE photo_providers SET enabled = 1 WHERE id = …
    292| 
    293|     expect(res.status).toBe(400); // no providers enabled → error
       |                        ^
    294|   });
    295| });

⎯⎯⎯⎯⎯⎯⎯⎯⎯⎯⎯⎯⎯⎯⎯⎯⎯⎯⎯⎯[232/458]⎯

 FAIL  tests/integration/misc.test.ts > Addons list > MISC-002 — GET /api/addons returns enabled addons
AssertionError: expected 401 to be 200 // Object.is equality

- Expected
+ Received

- 200
+ 401

 ❯ tests/integration/misc.test.ts:80:24
     78|       .get('/api/addons')
     79|       .set('Cookie', authCookie(user.id));
     80|     expect(res.status).toBe(200);
       |                        ^
     81|     expect(Array.isArray(res.body.addons)).toBe(true);
     82|     // Should only return enabled addons

⎯⎯⎯⎯⎯⎯⎯⎯⎯⎯⎯⎯⎯⎯⎯⎯⎯⎯⎯⎯[233/458]⎯

 FAIL  tests/integration/misc.test.ts > Categories endpoint > MISC-013/PLACE-015 — GET /api/categories returns seeded categories
AssertionError: expected 401 to be 200 // Object.is equality

- Expected
+ Received

- 200
+ 401

 ❯ tests/integration/misc.test.ts:129:24
    127|       .get('/api/categories')
    128|       .set('Cookie', authCookie(user.id));
    129|     expect(res.status).toBe(200);
       |                        ^
    130|     expect(Array.isArray(res.body.categories)).toBe(true);
    131|     expect(res.body.categories.length).toBeGreaterThan(0);

⎯⎯⎯⎯⎯⎯⎯⎯⎯⎯⎯⎯⎯⎯⎯⎯⎯⎯⎯⎯[234/458]⎯

 FAIL  tests/integration/notifications.test.ts > Notification preferences > NOTIF-001 — GET /api/notifications/preferences returns defaults
AssertionError: expected 401 to be 200 // Object.is equality

- Expected
+ Received

- 200
+ 401

 ❯ tests/integration/notifications.test.ts:76:24
     74|       .get('/api/notifications/preferences')
     75|       .set('Cookie', authCookie(user.id));
     76|     expect(res.status).toBe(200);
       |                        ^
     77|     expect(res.body).toHaveProperty('preferences');
     78|   });

⎯⎯⎯⎯⎯⎯⎯⎯⎯⎯⎯⎯⎯⎯⎯⎯⎯⎯⎯⎯[235/458]⎯

 FAIL  tests/integration/notifications.test.ts > Notification preferences > NOTIF-001 — PUT /api/notifications/preferences updates settings
AssertionError: expected 401 to be 200 // Object.is equality

- Expected
+ Received

- 200
+ 401

 ❯ tests/integration/notifications.test.ts:87:24
     85|       .set('Cookie', authCookie(user.id))
     86|       .send({ notify_trip_invite: true, notify_booking_change: false }…
     87|     expect(res.status).toBe(200);
       |                        ^
     88|     expect(res.body).toHaveProperty('preferences');
     89|   });

⎯⎯⎯⎯⎯⎯⎯⎯⎯⎯⎯⎯⎯⎯⎯⎯⎯⎯⎯⎯[236/458]⎯

 FAIL  tests/integration/notifications.test.ts > In-app notifications > NOTIF-008 — GET /api/notifications/in-app returns notifications array
AssertionError: expected 401 to be 200 // Object.is equality

- Expected
+ Received

- 200
+ 401

 ❯ tests/integration/notifications.test.ts:104:24
    102|       .get('/api/notifications/in-app')
    103|       .set('Cookie', authCookie(user.id));
    104|     expect(res.status).toBe(200);
       |                        ^
    105|     expect(Array.isArray(res.body.notifications)).toBe(true);
    106|   });

⎯⎯⎯⎯⎯⎯⎯⎯⎯⎯⎯⎯⎯⎯⎯⎯⎯⎯⎯⎯[237/458]⎯

 FAIL  tests/integration/notifications.test.ts > In-app notifications > NOTIF-008 — GET /api/notifications/in-app/unread-count returns count
AssertionError: expected 401 to be 200 // Object.is equality

- Expected
+ Received

- 200
+ 401

 ❯ tests/integration/notifications.test.ts:114:24
    112|       .get('/api/notifications/in-app/unread-count')
    113|       .set('Cookie', authCookie(user.id));
    114|     expect(res.status).toBe(200);
       |                        ^
    115|     expect(res.body).toHaveProperty('count');
    116|     expect(typeof res.body.count).toBe('number');

⎯⎯⎯⎯⎯⎯⎯⎯⎯⎯⎯⎯⎯⎯⎯⎯⎯⎯⎯⎯[238/458]⎯

 FAIL  tests/integration/notifications.test.ts > In-app notifications > NOTIF-009 — PUT /api/notifications/in-app/read-all marks all read
AssertionError: expected 401 to be 200 // Object.is equality

- Expected
+ Received

- 200
+ 401

 ❯ tests/integration/notifications.test.ts:125:24
    123|       .put('/api/notifications/in-app/read-all')
    124|       .set('Cookie', authCookie(user.id));
    125|     expect(res.status).toBe(200);
       |                        ^
    126|     expect(res.body.success).toBe(true);
    127|   });

⎯⎯⎯⎯⎯⎯⎯⎯⎯⎯⎯⎯⎯⎯⎯⎯⎯⎯⎯⎯[239/458]⎯

 FAIL  tests/integration/notifications.test.ts > In-app notifications > NOTIF-010 — DELETE /api/notifications/in-app/all deletes all notifications
AssertionError: expected 401 to be 200 // Object.is equality

- Expected
+ Received

- 200
+ 401

 ❯ tests/integration/notifications.test.ts:135:24
    133|       .delete('/api/notifications/in-app/all')
    134|       .set('Cookie', authCookie(user.id));
    135|     expect(res.status).toBe(200);
       |                        ^
    136|     expect(res.body.success).toBe(true);
    137|   });

⎯⎯⎯⎯⎯⎯⎯⎯⎯⎯⎯⎯⎯⎯⎯⎯⎯⎯⎯⎯[240/458]⎯

 FAIL  tests/integration/notifications.test.ts > In-app notifications > NOTIF-011 — PUT /api/notifications/in-app/:id/read on non-existent returns 404
AssertionError: expected 401 to be 404 // Object.is equality

- Expected
+ Received

- 404
+ 401

 ❯ tests/integration/notifications.test.ts:145:24
    143|       .put('/api/notifications/in-app/99999/read')
    144|       .set('Cookie', authCookie(user.id));
    145|     expect(res.status).toBe(404);
       |                        ^
    146|   });
    147| 

⎯⎯⎯⎯⎯⎯⎯⎯⎯⎯⎯⎯⎯⎯⎯⎯⎯⎯⎯⎯[241/458]⎯

 FAIL  tests/integration/notifications.test.ts > In-app notifications > NOTIF-012 — DELETE /api/notifications/in-app/:id on non-existent returns 404
AssertionError: expected 401 to be 404 // Object.is equality

- Expected
+ Received

- 404
+ 401

 ❯ tests/integration/notifications.test.ts:154:24
    152|       .delete('/api/notifications/in-app/99999')
    153|       .set('Cookie', authCookie(user.id));
    154|     expect(res.status).toBe(404);
       |                        ^
    155|   });
    156| });

⎯⎯⎯⎯⎯⎯⎯⎯⎯⎯⎯⎯⎯⎯⎯⎯⎯⎯⎯⎯[242/458]⎯

 FAIL  tests/integration/notifications.test.ts > GET /api/notifications/preferences — matrix format > NROUTE-002 — returns preferences, available_channels, event_types, implemented_combos
AssertionError: expected 401 to be 200 // Object.is equality

- Expected
+ Received

- 200
+ 401

 ❯ tests/integration/notifications.test.ts:168:24
    166|       .get('/api/notifications/preferences')
    167|       .set('Cookie', authCookie(user.id));
    168|     expect(res.status).toBe(200);
       |                        ^
    169|     expect(res.body).toHaveProperty('preferences');
    170|     expect(res.body).toHaveProperty('available_channels');

⎯⎯⎯⎯⎯⎯⎯⎯⎯⎯⎯⎯⎯⎯⎯⎯⎯⎯⎯⎯[243/458]⎯

 FAIL  tests/integration/notifications.test.ts > GET /api/notifications/preferences — matrix format > NROUTE-003 — regular user does not see version_available in event_types
AssertionError: expected 401 to be 200 // Object.is equality

- Expected
+ Received

- 200
+ 401

 ❯ tests/integration/notifications.test.ts:181:24
    179|       .get('/api/notifications/preferences')
    180|       .set('Cookie', authCookie(user.id));
    181|     expect(res.status).toBe(200);
       |                        ^
    182|     expect(res.body.event_types).not.toContain('version_available');
    183|   });

⎯⎯⎯⎯⎯⎯⎯⎯⎯⎯⎯⎯⎯⎯⎯⎯⎯⎯⎯⎯[244/458]⎯

 FAIL  tests/integration/notifications.test.ts > GET /api/notifications/preferences — matrix format > NROUTE-004 — user preferences endpoint excludes version_available even for admins
AssertionError: expected 401 to be 200 // Object.is equality

- Expected
+ Received

- 200
+ 401

 ❯ tests/integration/notifications.test.ts:190:24
    188|       .get('/api/notifications/preferences')
    189|       .set('Cookie', authCookie(user.id));
    190|     expect(res.status).toBe(200);
       |                        ^
    191|     expect(res.body.event_types).not.toContain('version_available');
    192|   });

⎯⎯⎯⎯⎯⎯⎯⎯⎯⎯⎯⎯⎯⎯⎯⎯⎯⎯⎯⎯[245/458]⎯

 FAIL  tests/integration/notifications.test.ts > GET /api/notifications/preferences — matrix format > NROUTE-004b — admin notification preferences endpoint returns version_available
AssertionError: expected 401 to be 200 // Object.is equality

- Expected
+ Received

- 200
+ 401

 ❯ tests/integration/notifications.test.ts:199:24
    197|       .get('/api/admin/notification-preferences')
    198|       .set('Cookie', authCookie(user.id));
    199|     expect(res.status).toBe(200);
       |                        ^
    200|     expect(res.body.event_types).toContain('version_available');
    201|   });

⎯⎯⎯⎯⎯⎯⎯⎯⎯⎯⎯⎯⎯⎯⎯⎯⎯⎯⎯⎯[246/458]⎯

 FAIL  tests/integration/notifications.test.ts > GET /api/notifications/preferences — matrix format > NROUTE-005 — all preferences default to true for new user with no stored prefs
AssertionError: expected 401 to be 200 // Object.is equality

- Expected
+ Received

- 200
+ 401

 ❯ tests/integration/notifications.test.ts:208:24
    206|       .get('/api/notifications/preferences')
    207|       .set('Cookie', authCookie(user.id));
    208|     expect(res.status).toBe(200);
       |                        ^
    209|     const { preferences } = res.body;
    210|     for (const [, channels] of Object.entries(preferences)) {

⎯⎯⎯⎯⎯⎯⎯⎯⎯⎯⎯⎯⎯⎯⎯⎯⎯⎯⎯⎯[247/458]⎯

 FAIL  tests/integration/notifications.test.ts > PUT /api/notifications/preferences — matrix format > NROUTE-007 — disabling a preference persists and is reflected in subsequent GET
AssertionError: expected 401 to be 200 // Object.is equality

- Expected
+ Received

- 200
+ 401

 ❯ tests/integration/notifications.test.ts:227:27
    225|       .send({ trip_invite: { email: false } });
    226| 
    227|     expect(putRes.status).toBe(200);
       |                           ^
    228|     expect(putRes.body.preferences['trip_invite']['email']).toBe(false…
    229| 

⎯⎯⎯⎯⎯⎯⎯⎯⎯⎯⎯⎯⎯⎯⎯⎯⎯⎯⎯⎯[248/458]⎯

 FAIL  tests/integration/notifications.test.ts > PUT /api/notifications/preferences — matrix format > NROUTE-008 — re-enabling a preference restores default state
AssertionError: expected 401 to be 200 // Object.is equality

- Expected
+ Received

- 200
+ 401

 ❯ tests/integration/notifications.test.ts:245:24
    243|       .send({ trip_invite: { email: true } });
    244| 
    245|     expect(res.status).toBe(200);
       |                        ^
    246|     expect(res.body.preferences['trip_invite']['email']).toBe(true);
    247| 

⎯⎯⎯⎯⎯⎯⎯⎯⎯⎯⎯⎯⎯⎯⎯⎯⎯⎯⎯⎯[249/458]⎯

 FAIL  tests/integration/notifications.test.ts > PUT /api/notifications/preferences — matrix format > NROUTE-009 — partial update does not affect other preferences
TypeError: Cannot read properties of undefined (reading 'booking_change')
 ❯ tests/integration/notifications.test.ts:266:24
    264|       .get('/api/notifications/preferences')
    265|       .set('Cookie', authCookie(user.id));
    266|     expect(getRes.body.preferences['booking_change']['email']).toBe(fa…
       |                        ^
    267|     expect(getRes.body.preferences['trip_invite']['email']).toBe(false…
    268|     expect(getRes.body.preferences['trip_reminder']['email']).toBe(tru…

⎯⎯⎯⎯⎯⎯⎯⎯⎯⎯⎯⎯⎯⎯⎯⎯⎯⎯⎯⎯[250/458]⎯

 FAIL  tests/integration/notifications.test.ts > implemented_combos — in-app channel coverage > NROUTE-010 — implemented_combos includes inapp for all event types
AssertionError: expected 401 to be 200 // Object.is equality

- Expected
+ Received

- 200
+ 401

 ❯ tests/integration/notifications.test.ts:278:24
    276|       .get('/api/notifications/preferences')
    277|       .set('Cookie', authCookie(user.id));
    278|     expect(res.status).toBe(200);
       |                        ^
    279|     const { implemented_combos } = res.body as { implemented_combos: R…
    280|     const eventTypes = ['trip_invite', 'booking_change', 'trip_reminde…

⎯⎯⎯⎯⎯⎯⎯⎯⎯⎯⎯⎯⎯⎯⎯⎯⎯⎯⎯⎯[251/458]⎯

 FAIL  tests/integration/notifications.test.ts > Notification test endpoints > NOTIF-005 — POST /api/notifications/test-smtp requires admin
AssertionError: expected 401 to be 403 // Object.is equality

- Expected
+ Received

- 403
+ 401

 ❯ tests/integration/notifications.test.ts:297:24
    295|       .set('Cookie', authCookie(user.id));
    296|     // Non-admin gets 403
    297|     expect(res.status).toBe(403);
       |                        ^
    298|   });
    299| 

⎯⎯⎯⎯⎯⎯⎯⎯⎯⎯⎯⎯⎯⎯⎯⎯⎯⎯⎯⎯[252/458]⎯

 FAIL  tests/integration/notifications.test.ts > Notification test endpoints > NOTIF-006 — POST /api/notifications/test-webhook returns 400 when url is missing
AssertionError: expected 401 to be 400 // Object.is equality

- Expected
+ Received

- 400
+ 401

 ❯ tests/integration/notifications.test.ts:307:24
    305|       .set('Cookie', authCookie(user.id))
    306|       .send({});
    307|     expect(res.status).toBe(400);
       |                        ^
    308|   });
    309| 

⎯⎯⎯⎯⎯⎯⎯⎯⎯⎯⎯⎯⎯⎯⎯⎯⎯⎯⎯⎯[253/458]⎯

 FAIL  tests/integration/notifications.test.ts > Notification test endpoints > NOTIF-006b — POST /api/notifications/test-webhook returns 400 for invalid URL
AssertionError: expected 401 to be 400 // Object.is equality

- Expected
+ Received

- 400
+ 401

 ❯ tests/integration/notifications.test.ts:317:24
    315|       .set('Cookie', authCookie(user.id))
    316|       .send({ url: 'not-a-url' });
    317|     expect(res.status).toBe(400);
       |                        ^
    318|   });
    319| });

⎯⎯⎯⎯⎯⎯⎯⎯⎯⎯⎯⎯⎯⎯⎯⎯⎯⎯⎯⎯[254/458]⎯

 FAIL  tests/integration/notifications.test.ts > POST /api/notifications/in-app/:id/respond > NROUTE-011 — valid positive response returns success and updated notification
AssertionError: expected 401 to be 200 // Object.is equality

- Expected
+ Received

- 200
+ 401

 ❯ tests/integration/notifications.test.ts:363:24
    361|       .send({ response: 'positive' });
    362| 
    363|     expect(res.status).toBe(200);
       |                        ^
    364|     expect(res.body.success).toBe(true);
    365|     expect(res.body.notification).toBeDefined();

⎯⎯⎯⎯⎯⎯⎯⎯⎯⎯⎯⎯⎯⎯⎯⎯⎯⎯⎯⎯[255/458]⎯

 FAIL  tests/integration/notifications.test.ts > POST /api/notifications/in-app/:id/respond > NROUTE-012 — invalid response value returns 400
AssertionError: expected 401 to be 400 // Object.is equality

- Expected
+ Received

- 400
+ 401

 ❯ tests/integration/notifications.test.ts:378:24
    376|       .send({ response: 'maybe' });
    377| 
    378|     expect(res.status).toBe(400);
       |                        ^
    379|   });
    380| 

⎯⎯⎯⎯⎯⎯⎯⎯⎯⎯⎯⎯⎯⎯⎯⎯⎯⎯⎯⎯[256/458]⎯

 FAIL  tests/integration/notifications.test.ts > POST /api/notifications/in-app/:id/respond > NROUTE-013 — response on non-existent notification returns 400
AssertionError: expected 401 to be 400 // Object.is equality

- Expected
+ Received

- 400
+ 401

 ❯ tests/integration/notifications.test.ts:389:24
    387|       .send({ response: 'positive' });
    388| 
    389|     expect(res.status).toBe(400);
       |                        ^
    390|   });
    391| 

⎯⎯⎯⎯⎯⎯⎯⎯⎯⎯⎯⎯⎯⎯⎯⎯⎯⎯⎯⎯[257/458]⎯

 FAIL  tests/integration/notifications.test.ts > POST /api/notifications/in-app/:id/respond > NROUTE-014 — double response returns 400
AssertionError: expected 401 to be 400 // Object.is equality

- Expected
+ Received

- 400
+ 401

 ❯ tests/integration/notifications.test.ts:406:24
    404|       .send({ response: 'negative' });
    405| 
    406|     expect(res.status).toBe(400);
       |                        ^
    407|     expect(res.body.error).toMatch(/already responded/i);
    408|   });

⎯⎯⎯⎯⎯⎯⎯⎯⎯⎯⎯⎯⎯⎯⎯⎯⎯⎯⎯⎯[258/458]⎯

 FAIL  tests/integration/notifications.test.ts > PUT /api/admin/notification-preferences > NROUTE-015 — admin can disable email for version_available, persists in GET
AssertionError: expected 401 to be 200 // Object.is equality

- Expected
+ Received

- 200
+ 401

 ❯ tests/integration/notifications.test.ts:424:27
    422|       .send({ version_available: { email: false } });
    423| 
    424|     expect(putRes.status).toBe(200);
       |                           ^
    425|     expect(putRes.body.preferences['version_available']['email']).toBe…
    426| 

⎯⎯⎯⎯⎯⎯⎯⎯⎯⎯⎯⎯⎯⎯⎯⎯⎯⎯⎯⎯[259/458]⎯

 FAIL  tests/integration/notifications.test.ts > PUT /api/admin/notification-preferences > NROUTE-016 — non-admin is rejected with 403
AssertionError: expected 401 to be 403 // Object.is equality

- Expected
+ Received

- 403
+ 401

 ❯ tests/integration/notifications.test.ts:442:24
    440|       .send({ version_available: { email: false } });
    441| 
    442|     expect(res.status).toBe(403);
       |                        ^
    443|   });
    444| });

⎯⎯⎯⎯⎯⎯⎯⎯⎯⎯⎯⎯⎯⎯⎯⎯⎯⎯⎯⎯[260/458]⎯

 FAIL  tests/integration/notifications.test.ts > In-app notifications — CRUD with data > NROUTE-017 — GET /in-app returns created notifications
AssertionError: expected 401 to be 200 // Object.is equality

- Expected
+ Received

- 200
+ 401

 ❯ tests/integration/notifications.test.ts:460:24
    458|       .set('Cookie', authCookie(user.id));
    459| 
    460|     expect(res.status).toBe(200);
       |                        ^
    461|     expect(res.body.notifications.length).toBe(2);
    462|     expect(res.body.total).toBe(2);

⎯⎯⎯⎯⎯⎯⎯⎯⎯⎯⎯⎯⎯⎯⎯⎯⎯⎯⎯⎯[261/458]⎯

 FAIL  tests/integration/notifications.test.ts > In-app notifications — CRUD with data > NROUTE-018 — unread count reflects actual unread notifications
AssertionError: expected 401 to be 200 // Object.is equality

- Expected
+ Received

- 200
+ 401

 ❯ tests/integration/notifications.test.ts:475:24
    473|       .set('Cookie', authCookie(user.id));
    474| 
    475|     expect(res.status).toBe(200);
       |                        ^
    476|     expect(res.body.count).toBe(2);
    477|   });

⎯⎯⎯⎯⎯⎯⎯⎯⎯⎯⎯⎯⎯⎯⎯⎯⎯⎯⎯⎯[262/458]⎯

 FAIL  tests/integration/notifications.test.ts > In-app notifications — CRUD with data > NROUTE-019 — mark-read on existing notification succeeds and decrements unread count
AssertionError: expected 401 to be 200 // Object.is equality

- Expected
+ Received

- 200
+ 401

 ❯ tests/integration/notifications.test.ts:486:28
    484|       .put(`/api/notifications/in-app/${id}/read`)
    485|       .set('Cookie', authCookie(user.id));
    486|     expect(markRes.status).toBe(200);
       |                            ^
    487|     expect(markRes.body.success).toBe(true);
    488| 

⎯⎯⎯⎯⎯⎯⎯⎯⎯⎯⎯⎯⎯⎯⎯⎯⎯⎯⎯⎯[263/458]⎯

 FAIL  tests/integration/notifications.test.ts > In-app notifications — CRUD with data > NROUTE-020 — mark-unread on a read notification succeeds
AssertionError: expected 401 to be 200 // Object.is equality

- Expected
+ Received

- 200
+ 401

 ❯ tests/integration/notifications.test.ts:505:24
    503|       .set('Cookie', authCookie(user.id));
    504| 
    505|     expect(res.status).toBe(200);
       |                        ^
    506|     expect(res.body.success).toBe(true);
    507|     const row = testDb.prepare('SELECT is_read FROM notifications WHER…

⎯⎯⎯⎯⎯⎯⎯⎯⎯⎯⎯⎯⎯⎯⎯⎯⎯⎯⎯⎯[264/458]⎯

 FAIL  tests/integration/notifications.test.ts > In-app notifications — CRUD with data > NROUTE-021 — DELETE on existing notification removes it
AssertionError: expected 401 to be 200 // Object.is equality

- Expected
+ Received

- 200
+ 401

 ❯ tests/integration/notifications.test.ts:519:24
    517|       .set('Cookie', authCookie(user.id));
    518| 
    519|     expect(res.status).toBe(200);
       |                        ^
    520|     expect(res.body.success).toBe(true);
    521|     const row = testDb.prepare('SELECT id FROM notifications WHERE id …

⎯⎯⎯⎯⎯⎯⎯⎯⎯⎯⎯⎯⎯⎯⎯⎯⎯⎯⎯⎯[265/458]⎯

 FAIL  tests/integration/notifications.test.ts > In-app notifications — CRUD with data > NROUTE-022 — unread_only=true filter returns only unread notifications
AssertionError: expected 401 to be 200 // Object.is equality

- Expected
+ Received

- 200
+ 401

 ❯ tests/integration/notifications.test.ts:536:24
    534|       .set('Cookie', authCookie(user.id));
    535| 
    536|     expect(res.status).toBe(200);
       |                        ^
    537|     expect(res.body.notifications.length).toBe(1);
    538|     expect(res.body.notifications[0].is_read).toBe(0);

⎯⎯⎯⎯⎯⎯⎯⎯⎯⎯⎯⎯⎯⎯⎯⎯⎯⎯⎯⎯[266/458]⎯

 FAIL  tests/integration/packing.test.ts > Create packing item > PACK-001 — POST creates a packing item
AssertionError: expected 401 to be 201 // Object.is equality

- Expected
+ Received

- 201
+ 401

 ❯ tests/integration/packing.test.ts:78:24
     76|       .set('Cookie', authCookie(user.id))
     77|       .send({ name: 'Passport', category: 'Documents' });
     78|     expect(res.status).toBe(201);
       |                        ^
     79|     expect(res.body.item.name).toBe('Passport');
     80|     expect(res.body.item.category).toBe('Documents');

⎯⎯⎯⎯⎯⎯⎯⎯⎯⎯⎯⎯⎯⎯⎯⎯⎯⎯⎯⎯[267/458]⎯

 FAIL  tests/integration/packing.test.ts > Create packing item > PACK-001 — POST without name returns 400
AssertionError: expected 401 to be 400 // Object.is equality

- Expected
+ Received

- 400
+ 401

 ❯ tests/integration/packing.test.ts:92:24
     90|       .set('Cookie', authCookie(user.id))
     91|       .send({ category: 'Clothing' });
     92|     expect(res.status).toBe(400);
       |                        ^
     93|   });
     94| 

⎯⎯⎯⎯⎯⎯⎯⎯⎯⎯⎯⎯⎯⎯⎯⎯⎯⎯⎯⎯[268/458]⎯

 FAIL  tests/integration/packing.test.ts > Create packing item > PACK-014 — non-member cannot create packing item
AssertionError: expected 401 to be 404 // Object.is equality

- Expected
+ Received

- 404
+ 401

 ❯ tests/integration/packing.test.ts:104:24
    102|       .set('Cookie', authCookie(other.id))
    103|       .send({ name: 'Sunscreen' });
    104|     expect(res.status).toBe(404);
       |                        ^
    105|   });
    106| });

⎯⎯⎯⎯⎯⎯⎯⎯⎯⎯⎯⎯⎯⎯⎯⎯⎯⎯⎯⎯[269/458]⎯

 FAIL  tests/integration/packing.test.ts > List packing items > PACK-002 — GET /api/trips/:tripId/packing returns all items
AssertionError: expected 401 to be 200 // Object.is equality

- Expected
+ Received

- 200
+ 401

 ❯ tests/integration/packing.test.ts:122:24
    120|       .get(`/api/trips/${trip.id}/packing`)
    121|       .set('Cookie', authCookie(user.id));
    122|     expect(res.status).toBe(200);
       |                        ^
    123|     expect(res.body.items).toHaveLength(2);
    124|   });

⎯⎯⎯⎯⎯⎯⎯⎯⎯⎯⎯⎯⎯⎯⎯⎯⎯⎯⎯⎯[270/458]⎯

 FAIL  tests/integration/packing.test.ts > List packing items > PACK-002 — member can list packing items
AssertionError: expected 401 to be 200 // Object.is equality

- Expected
+ Received

- 200
+ 401

 ❯ tests/integration/packing.test.ts:136:24
    134|       .get(`/api/trips/${trip.id}/packing`)
    135|       .set('Cookie', authCookie(member.id));
    136|     expect(res.status).toBe(200);
       |                        ^
    137|     expect(res.body.items).toHaveLength(1);
    138|   });

⎯⎯⎯⎯⎯⎯⎯⎯⎯⎯⎯⎯⎯⎯⎯⎯⎯⎯⎯⎯[271/458]⎯

 FAIL  tests/integration/packing.test.ts > Update packing item > PACK-003 — PUT updates packing item (toggle checked)
AssertionError: expected 401 to be 200 // Object.is equality

- Expected
+ Received

- 200
+ 401

 ❯ tests/integration/packing.test.ts:155:24
    153|       .set('Cookie', authCookie(user.id))
    154|       .send({ checked: true });
    155|     expect(res.status).toBe(200);
       |                        ^
    156|     expect(res.body.item.checked).toBe(1);
    157|   });

⎯⎯⎯⎯⎯⎯⎯⎯⎯⎯⎯⎯⎯⎯⎯⎯⎯⎯⎯⎯[272/458]⎯

 FAIL  tests/integration/packing.test.ts > Update packing item > PACK-003 — PUT returns 404 for non-existent item
AssertionError: expected 401 to be 404 // Object.is equality

- Expected
+ Received

- 404
+ 401

 ❯ tests/integration/packing.test.ts:167:24
    165|       .set('Cookie', authCookie(user.id))
    166|       .send({ name: 'Updated' });
    167|     expect(res.status).toBe(404);
       |                        ^
    168|   });
    169| });

⎯⎯⎯⎯⎯⎯⎯⎯⎯⎯⎯⎯⎯⎯⎯⎯⎯⎯⎯⎯[273/458]⎯

 FAIL  tests/integration/packing.test.ts > Delete packing item > PACK-004 — DELETE removes packing item
AssertionError: expected 401 to be 200 // Object.is equality

- Expected
+ Received

- 200
+ 401

 ❯ tests/integration/packing.test.ts:184:24
    182|       .delete(`/api/trips/${trip.id}/packing/${item.id}`)
    183|       .set('Cookie', authCookie(user.id));
    184|     expect(del.status).toBe(200);
       |                        ^
    185|     expect(del.body.success).toBe(true);
    186| 

⎯⎯⎯⎯⎯⎯⎯⎯⎯⎯⎯⎯⎯⎯⎯⎯⎯⎯⎯⎯[274/458]⎯

 FAIL  tests/integration/packing.test.ts > Bulk import packing items > PACK-005 — POST /import creates multiple items at once
AssertionError: expected 401 to be 201 // Object.is equality

- Expected
+ Received

- 201
+ 401

 ❯ tests/integration/packing.test.ts:213:24
    211|         ],
    212|       });
    213|     expect(res.status).toBe(201);
       |                        ^
    214|     expect(res.body.items).toHaveLength(3);
    215|     expect(res.body.count).toBe(3);

⎯⎯⎯⎯⎯⎯⎯⎯⎯⎯⎯⎯⎯⎯⎯⎯⎯⎯⎯⎯[275/458]⎯

 FAIL  tests/integration/packing.test.ts > Bulk import packing items > PACK-005 — POST /import with empty array returns 400
AssertionError: expected 401 to be 400 // Object.is equality

- Expected
+ Received

- 400
+ 401

 ❯ tests/integration/packing.test.ts:226:24
    224|       .set('Cookie', authCookie(user.id))
    225|       .send({ items: [] });
    226|     expect(res.status).toBe(400);
       |                        ^
    227|   });
    228| });

⎯⎯⎯⎯⎯⎯⎯⎯⎯⎯⎯⎯⎯⎯⎯⎯⎯⎯⎯⎯[276/458]⎯

 FAIL  tests/integration/packing.test.ts > Reorder packing items > PACK-006 — PUT /reorder reorders items
AssertionError: expected 401 to be 200 // Object.is equality

- Expected
+ Received

- 200
+ 401

 ❯ tests/integration/packing.test.ts:245:24
    243|       .set('Cookie', authCookie(user.id))
    244|       .send({ orderedIds: [i2.id, i1.id] });
    245|     expect(res.status).toBe(200);
       |                        ^
    246|     expect(res.body.success).toBe(true);
    247|   });

⎯⎯⎯⎯⎯⎯⎯⎯⎯⎯⎯⎯⎯⎯⎯⎯⎯⎯⎯⎯[277/458]⎯

 FAIL  tests/integration/packing.test.ts > Bags > PACK-008 — POST /bags creates a bag
AssertionError: expected 401 to be 201 // Object.is equality

- Expected
+ Received

- 201
+ 401

 ❯ tests/integration/packing.test.ts:263:24
    261|       .set('Cookie', authCookie(user.id))
    262|       .send({ name: 'Carry-on', color: '#3b82f6' });
    263|     expect(res.status).toBe(201);
       |                        ^
    264|     expect(res.body.bag.name).toBe('Carry-on');
    265|   });

⎯⎯⎯⎯⎯⎯⎯⎯⎯⎯⎯⎯⎯⎯⎯⎯⎯⎯⎯⎯[278/458]⎯

 FAIL  tests/integration/packing.test.ts > Bags > PACK-008 — POST /bags without name returns 400
AssertionError: expected 401 to be 400 // Object.is equality

- Expected
+ Received

- 400
+ 401

 ❯ tests/integration/packing.test.ts:275:24
    273|       .set('Cookie', authCookie(user.id))
    274|       .send({ color: '#ff0000' });
    275|     expect(res.status).toBe(400);
       |                        ^
    276|   });
    277| 

⎯⎯⎯⎯⎯⎯⎯⎯⎯⎯⎯⎯⎯⎯⎯⎯⎯⎯⎯⎯[279/458]⎯

 FAIL  tests/integration/packing.test.ts > Bags > PACK-011 — GET /bags returns bags list
AssertionError: expected 401 to be 200 // Object.is equality

- Expected
+ Received

- 200
+ 401

 ❯ tests/integration/packing.test.ts:290:24
    288|       .get(`/api/trips/${trip.id}/packing/bags`)
    289|       .set('Cookie', authCookie(user.id));
    290|     expect(res.status).toBe(200);
       |                        ^
    291|     expect(res.body.bags).toHaveLength(1);
    292|   });

⎯⎯⎯⎯⎯⎯⎯⎯⎯⎯⎯⎯⎯⎯⎯⎯⎯⎯⎯⎯[280/458]⎯

 FAIL  tests/integration/packing.test.ts > Bags > PACK-009 — PUT /bags/:bagId updates bag
TypeError: Cannot read properties of undefined (reading 'id')
 ❯ tests/integration/packing.test.ts:301:38
    299|       .set('Cookie', authCookie(user.id))
    300|       .send({ name: 'Old Name' });
    301|     const bagId = createRes.body.bag.id;
       |                                      ^
    302| 
    303|     const res = await request(app)

⎯⎯⎯⎯⎯⎯⎯⎯⎯⎯⎯⎯⎯⎯⎯⎯⎯⎯⎯⎯[281/458]⎯

 FAIL  tests/integration/packing.test.ts > Bags > PACK-010 — DELETE /bags/:bagId removes bag
TypeError: Cannot read properties of undefined (reading 'id')
 ❯ tests/integration/packing.test.ts:318:38
    316|       .set('Cookie', authCookie(user.id))
    317|       .send({ name: 'Temp Bag' });
    318|     const bagId = createRes.body.bag.id;
       |                                      ^
    319| 
    320|     const del = await request(app)

⎯⎯⎯⎯⎯⎯⎯⎯⎯⎯⎯⎯⎯⎯⎯⎯⎯⎯⎯⎯[282/458]⎯

 FAIL  tests/integration/packing.test.ts > Category assignees > PACK-012 — PUT /category-assignees/:category sets assignees
AssertionError: expected 401 to be 200 // Object.is equality

- Expected
+ Received

- 200
+ 401

 ❯ tests/integration/packing.test.ts:343:24
    341|       .set('Cookie', authCookie(user.id))
    342|       .send({ user_ids: [user.id, member.id] });
    343|     expect(res.status).toBe(200);
       |                        ^
    344|     expect(res.body.assignees).toBeDefined();
    345|   });

⎯⎯⎯⎯⎯⎯⎯⎯⎯⎯⎯⎯⎯⎯⎯⎯⎯⎯⎯⎯[283/458]⎯

 FAIL  tests/integration/packing.test.ts > Category assignees > PACK-013 — GET /category-assignees returns all category assignments
AssertionError: expected 401 to be 200 // Object.is equality

- Expected
+ Received

- 200
+ 401

 ❯ tests/integration/packing.test.ts:359:24
    357|       .get(`/api/trips/${trip.id}/packing/category-assignees`)
    358|       .set('Cookie', authCookie(user.id));
    359|     expect(res.status).toBe(200);
       |                        ^
    360|     expect(res.body.assignees).toBeDefined();
    361|   });

⎯⎯⎯⎯⎯⎯⎯⎯⎯⎯⎯⎯⎯⎯⎯⎯⎯⎯⎯⎯[284/458]⎯

 FAIL  tests/integration/places.test.ts > Create place > PLACE-001 — POST /api/trips/:tripId/places creates place and returns 201
AssertionError: expected 401 to be 201 // Object.is equality

- Expected
+ Received

- 201
+ 401

 ❯ tests/integration/places.test.ts:85:24
     83|       .set('Cookie', authCookie(user.id))
     84|       .send({ name: 'Eiffel Tower', lat: 48.8584, lng: 2.2945 });
     85|     expect(res.status).toBe(201);
       |                        ^
     86|     expect(res.body.place.name).toBe('Eiffel Tower');
     87|     expect(res.body.place.lat).toBe(48.8584);

⎯⎯⎯⎯⎯⎯⎯⎯⎯⎯⎯⎯⎯⎯⎯⎯⎯⎯⎯⎯[285/458]⎯

 FAIL  tests/integration/places.test.ts > Create place > PLACE-001 — POST without name returns 400
AssertionError: expected 401 to be 400 // Object.is equality

- Expected
+ Received

- 400
+ 401

 ❯ tests/integration/places.test.ts:99:24
     97|       .set('Cookie', authCookie(user.id))
     98|       .send({ lat: 48.8584, lng: 2.2945 });
     99|     expect(res.status).toBe(400);
       |                        ^
    100|   });
    101| 

⎯⎯⎯⎯⎯⎯⎯⎯⎯⎯⎯⎯⎯⎯⎯⎯⎯⎯⎯⎯[286/458]⎯

 FAIL  tests/integration/places.test.ts > Create place > PLACE-002 — name exceeding 200 characters is rejected
AssertionError: expected 401 to be 400 // Object.is equality

- Expected
+ Received

- 400
+ 401

 ❯ tests/integration/places.test.ts:110:24
    108|       .set('Cookie', authCookie(user.id))
    109|       .send({ name: 'A'.repeat(201) });
    110|     expect(res.status).toBe(400);
       |                        ^
    111|   });
    112| 

⎯⎯⎯⎯⎯⎯⎯⎯⎯⎯⎯⎯⎯⎯⎯⎯⎯⎯⎯⎯[287/458]⎯

 FAIL  tests/integration/places.test.ts > Create place > PLACE-007 — non-member cannot create a place
AssertionError: expected 401 to be 404 // Object.is equality

- Expected
+ Received

- 404
+ 401

 ❯ tests/integration/places.test.ts:122:24
    120|       .set('Cookie', authCookie(other.id))
    121|       .send({ name: 'Test Place' });
    122|     expect(res.status).toBe(404);
       |                        ^
    123|   });
    124| 

⎯⎯⎯⎯⎯⎯⎯⎯⎯⎯⎯⎯⎯⎯⎯⎯⎯⎯⎯⎯[288/458]⎯

 FAIL  tests/integration/places.test.ts > Create place > PLACE-016 — create place with category assigns it correctly
AssertionError: expected 401 to be 201 // Object.is equality

- Expected
+ Received

- 201
+ 401

 ❯ tests/integration/places.test.ts:134:24
    132|       .set('Cookie', authCookie(user.id))
    133|       .send({ name: 'Louvre', category_id: cat.id });
    134|     expect(res.status).toBe(201);
       |                        ^
    135|     expect(res.body.place.category).toBeDefined();
    136|     expect(res.body.place.category.id).toBe(cat.id);

⎯⎯⎯⎯⎯⎯⎯⎯⎯⎯⎯⎯⎯⎯⎯⎯⎯⎯⎯⎯[289/458]⎯

 FAIL  tests/integration/places.test.ts > List places > PLACE-003 — GET /api/trips/:tripId/places returns all places
AssertionError: expected 401 to be 200 // Object.is equality

- Expected
+ Received

- 200
+ 401

 ❯ tests/integration/places.test.ts:154:24
    152|       .get(`/api/trips/${trip.id}/places`)
    153|       .set('Cookie', authCookie(user.id));
    154|     expect(res.status).toBe(200);
       |                        ^
    155|     expect(res.body.places).toHaveLength(2);
    156|   });

⎯⎯⎯⎯⎯⎯⎯⎯⎯⎯⎯⎯⎯⎯⎯⎯⎯⎯⎯⎯[290/458]⎯

 FAIL  tests/integration/places.test.ts > List places > PLACE-003 — member can list places for a shared trip
AssertionError: expected 401 to be 200 // Object.is equality

- Expected
+ Received

- 200
+ 401

 ❯ tests/integration/places.test.ts:168:24
    166|       .get(`/api/trips/${trip.id}/places`)
    167|       .set('Cookie', authCookie(member.id));
    168|     expect(res.status).toBe(200);
       |                        ^
    169|     expect(res.body.places).toHaveLength(1);
    170|   });

⎯⎯⎯⎯⎯⎯⎯⎯⎯⎯⎯⎯⎯⎯⎯⎯⎯⎯⎯⎯[291/458]⎯

 FAIL  tests/integration/places.test.ts > List places > PLACE-007 — non-member cannot list places
AssertionError: expected 401 to be 404 // Object.is equality

- Expected
+ Received

- 404
+ 401

 ❯ tests/integration/places.test.ts:180:24
    178|       .get(`/api/trips/${trip.id}/places`)
    179|       .set('Cookie', authCookie(other.id));
    180|     expect(res.status).toBe(404);
       |                        ^
    181|   });
    182| 

⎯⎯⎯⎯⎯⎯⎯⎯⎯⎯⎯⎯⎯⎯⎯⎯⎯⎯⎯⎯[292/458]⎯

 FAIL  tests/integration/places.test.ts > List places > PLACE-017 — GET /api/trips/:tripId/places?category=X filters by category id
AssertionError: expected 401 to be 200 // Object.is equality

- Expected
+ Received

- 200
+ 401

 ❯ tests/integration/places.test.ts:197:24
    195|       .get(`/api/trips/${trip.id}/places?category=${cats[0].id}`)
    196|       .set('Cookie', authCookie(user.id));
    197|     expect(res.status).toBe(200);
       |                        ^
    198|     expect(res.body.places).toHaveLength(2);
    199|     expect(res.body.places.every((p: any) => p.category?.id === cats[0…

⎯⎯⎯⎯⎯⎯⎯⎯⎯⎯⎯⎯⎯⎯⎯⎯⎯⎯⎯⎯[293/458]⎯

 FAIL  tests/integration/places.test.ts > Get place > PLACE-004 — GET /api/trips/:tripId/places/:id returns place with tags
AssertionError: expected 401 to be 200 // Object.is equality

- Expected
+ Received

- 200
+ 401

 ❯ tests/integration/places.test.ts:216:24
    214|       .get(`/api/trips/${trip.id}/places/${place.id}`)
    215|       .set('Cookie', authCookie(user.id));
    216|     expect(res.status).toBe(200);
       |                        ^
    217|     expect(res.body.place.id).toBe(place.id);
    218|     expect(Array.isArray(res.body.place.tags)).toBe(true);

⎯⎯⎯⎯⎯⎯⎯⎯⎯⎯⎯⎯⎯⎯⎯⎯⎯⎯⎯⎯[294/458]⎯

 FAIL  tests/integration/places.test.ts > Get place > PLACE-004 — GET non-existent place returns 404
AssertionError: expected 401 to be 404 // Object.is equality

- Expected
+ Received

- 404
+ 401

 ❯ tests/integration/places.test.ts:228:24
    226|       .get(`/api/trips/${trip.id}/places/99999`)
    227|       .set('Cookie', authCookie(user.id));
    228|     expect(res.status).toBe(404);
       |                        ^
    229|   });
    230| });

⎯⎯⎯⎯⎯⎯⎯⎯⎯⎯⎯⎯⎯⎯⎯⎯⎯⎯⎯⎯[295/458]⎯

 FAIL  tests/integration/places.test.ts > Update place > PLACE-005 — PUT /api/trips/:tripId/places/:id updates place details
AssertionError: expected 401 to be 200 // Object.is equality

- Expected
+ Received

- 200
+ 401

 ❯ tests/integration/places.test.ts:246:24
    244|       .set('Cookie', authCookie(user.id))
    245|       .send({ name: 'New Name', description: 'Updated description' });
    246|     expect(res.status).toBe(200);
       |                        ^
    247|     expect(res.body.place.name).toBe('New Name');
    248|     expect(res.body.place.description).toBe('Updated description');

⎯⎯⎯⎯⎯⎯⎯⎯⎯⎯⎯⎯⎯⎯⎯⎯⎯⎯⎯⎯[296/458]⎯

 FAIL  tests/integration/places.test.ts > Update place > PLACE-005 — PUT returns 404 for non-existent place
AssertionError: expected 401 to be 404 // Object.is equality

- Expected
+ Received

- 404
+ 401

 ❯ tests/integration/places.test.ts:259:24
    257|       .set('Cookie', authCookie(user.id))
    258|       .send({ name: 'New Name' });
    259|     expect(res.status).toBe(404);
       |                        ^
    260|   });
    261| });

⎯⎯⎯⎯⎯⎯⎯⎯⎯⎯⎯⎯⎯⎯⎯⎯⎯⎯⎯⎯[297/458]⎯

 FAIL  tests/integration/places.test.ts > Delete place > PLACE-006 — DELETE /api/trips/:tripId/places/:id removes place
AssertionError: expected 401 to be 200 // Object.is equality

- Expected
+ Received

- 200
+ 401

 ❯ tests/integration/places.test.ts:276:24
    274|       .delete(`/api/trips/${trip.id}/places/${place.id}`)
    275|       .set('Cookie', authCookie(user.id));
    276|     expect(del.status).toBe(200);
       |                        ^
    277|     expect(del.body.success).toBe(true);
    278| 

⎯⎯⎯⎯⎯⎯⎯⎯⎯⎯⎯⎯⎯⎯⎯⎯⎯⎯⎯⎯[298/458]⎯

 FAIL  tests/integration/places.test.ts > Delete place > PLACE-007 — member with default permissions can delete a place
AssertionError: expected 401 to be 200 // Object.is equality

- Expected
+ Received

- 200
+ 401

 ❯ tests/integration/places.test.ts:295:24
    293|       .delete(`/api/trips/${trip.id}/places/${place.id}`)
    294|       .set('Cookie', authCookie(member.id));
    295|     expect(res.status).toBe(200);
       |                        ^
    296|   });
    297| });

⎯⎯⎯⎯⎯⎯⎯⎯⎯⎯⎯⎯⎯⎯⎯⎯⎯⎯⎯⎯[299/458]⎯

 FAIL  tests/integration/places.test.ts > Tags > PLACE-013 — GET /api/tags returns user tags
AssertionError: expected 401 to be 200 // Object.is equality

- Expected
+ Received

- 200
+ 401

 ❯ tests/integration/places.test.ts:312:24
    310|       .get('/api/tags')
    311|       .set('Cookie', authCookie(user.id));
    312|     expect(res.status).toBe(200);
       |                        ^
    313|     expect(res.body.tags).toBeDefined();
    314|     const names = (res.body.tags as any[]).map((t: any) => t.name);

⎯⎯⎯⎯⎯⎯⎯⎯⎯⎯⎯⎯⎯⎯⎯⎯⎯⎯⎯⎯[300/458]⎯

 FAIL  tests/integration/places.test.ts > Tags > PLACE-010/011 — POST place with tags associates them correctly
AssertionError: expected 401 to be 201 // Object.is equality

- Expected
+ Received

- 201
+ 401

 ❯ tests/integration/places.test.ts:330:24
    328|       .set('Cookie', authCookie(user.id))
    329|       .send({ name: 'Dinner Spot', tags: [tagId] });
    330|     expect(res.status).toBe(201);
       |                        ^
    331| 
    332|     // Get place with tags

⎯⎯⎯⎯⎯⎯⎯⎯⎯⎯⎯⎯⎯⎯⎯⎯⎯⎯⎯⎯[301/458]⎯

 FAIL  tests/integration/places.test.ts > Tags > PLACE-012 — DELETE /api/tags/:id removes tag
AssertionError: expected 401 to be 200 // Object.is equality

- Expected
+ Received

- 200
+ 401

 ❯ tests/integration/places.test.ts:347:24
    345|       .delete(`/api/tags/${tagId}`)
    346|       .set('Cookie', authCookie(user.id));
    347|     expect(res.status).toBe(200);
       |                        ^
    348| 
    349|     const tags = await request(app).get('/api/tags').set('Cookie', aut…

⎯⎯⎯⎯⎯⎯⎯⎯⎯⎯⎯⎯⎯⎯⎯⎯⎯⎯⎯⎯[302/458]⎯

 FAIL  tests/integration/places.test.ts > Update place tags > PLACE-011 — PUT with tags array replaces existing tags
AssertionError: expected 401 to be 201 // Object.is equality

- Expected
+ Received

- 201
+ 401

 ❯ tests/integration/places.test.ts:373:30
    371|       .set('Cookie', authCookie(user.id))
    372|       .send({ name: 'Taggable Place', tags: [tag1Id] });
    373|     expect(createRes.status).toBe(201);
       |                              ^
    374|     const placeId = createRes.body.place.id;
    375| 

⎯⎯⎯⎯⎯⎯⎯⎯⎯⎯⎯⎯⎯⎯⎯⎯⎯⎯⎯⎯[303/458]⎯

 FAIL  tests/integration/places.test.ts > Update place tags > PLACE-011 — PUT with empty tags array removes all tags
TypeError: Cannot read properties of undefined (reading 'id')
 ❯ tests/integration/places.test.ts:398:42
    396|       .set('Cookie', authCookie(user.id))
    397|       .send({ name: 'Place With Tag', tags: [tagId] });
    398|     const placeId = createRes.body.place.id;
       |                                          ^
    399| 
    400|     const updateRes = await request(app)

⎯⎯⎯⎯⎯⎯⎯⎯⎯⎯⎯⎯⎯⎯⎯⎯⎯⎯⎯⎯[304/458]⎯

 FAIL  tests/integration/places.test.ts > Place notes > PLACE-018 — Create a place with notes
AssertionError: expected 401 to be 201 // Object.is equality

- Expected
+ Received

- 201
+ 401

 ❯ tests/integration/places.test.ts:422:24
    420|       .set('Cookie', authCookie(user.id))
    421|       .send({ name: 'Noted Place', notes: 'Book in advance!' });
    422|     expect(res.status).toBe(201);
       |                        ^
    423|     expect(res.body.place.notes).toBe('Book in advance!');
    424|   });

⎯⎯⎯⎯⎯⎯⎯⎯⎯⎯⎯⎯⎯⎯⎯⎯⎯⎯⎯⎯[305/458]⎯

 FAIL  tests/integration/places.test.ts > Place notes > PLACE-018 — Update place notes via PUT
AssertionError: expected 401 to be 200 // Object.is equality

- Expected
+ Received

- 200
+ 401

 ❯ tests/integration/places.test.ts:435:24
    433|       .set('Cookie', authCookie(user.id))
    434|       .send({ notes: 'Updated notes here' });
    435|     expect(res.status).toBe(200);
       |                        ^
    436|     expect(res.body.place.notes).toBe('Updated notes here');
    437|   });

⎯⎯⎯⎯⎯⎯⎯⎯⎯⎯⎯⎯⎯⎯⎯⎯⎯⎯⎯⎯[306/458]⎯

 FAIL  tests/integration/places.test.ts > Search places > PLACE-017 — GET ?search= filters places by name
AssertionError: expected 401 to be 200 // Object.is equality

- Expected
+ Received

- 200
+ 401

 ❯ tests/integration/places.test.ts:454:24
    452|       .get(`/api/trips/${trip.id}/places?search=Eiffel`)
    453|       .set('Cookie', authCookie(user.id));
    454|     expect(res.status).toBe(200);
       |                        ^
    455|     expect(res.body.places).toHaveLength(1);
    456|     expect(res.body.places[0].name).toBe('Eiffel Tower');

⎯⎯⎯⎯⎯⎯⎯⎯⎯⎯⎯⎯⎯⎯⎯⎯⎯⎯⎯⎯[307/458]⎯

 FAIL  tests/integration/places.test.ts > Search places > PLACE-017 — GET ?tag= filters by tag id
AssertionError: expected 401 to be 201 // Object.is equality

- Expected
+ Received

- 201
+ 401

 ❯ tests/integration/places.test.ts:471:30
    469|       .set('Cookie', authCookie(user.id))
    470|       .send({ name: 'Scenic Place', tags: [tagId] });
    471|     expect(createRes.status).toBe(201);
       |                              ^
    472| 
    473|     createPlace(testDb, trip.id, { name: 'Plain Place' });

⎯⎯⎯⎯⎯⎯⎯⎯⎯⎯⎯⎯⎯⎯⎯⎯⎯⎯⎯⎯[308/458]⎯

 FAIL  tests/integration/places.test.ts > Categories > PLACE-015 — GET /api/categories returns all categories
AssertionError: expected 401 to be 200 // Object.is equality

- Expected
+ Received

- 200
+ 401

 ❯ tests/integration/places.test.ts:494:24
    492|       .get('/api/categories')
    493|       .set('Cookie', authCookie(user.id));
    494|     expect(res.status).toBe(200);
       |                        ^
    495|     expect(Array.isArray(res.body.categories)).toBe(true);
    496|     expect(res.body.categories.length).toBeGreaterThan(0);

⎯⎯⎯⎯⎯⎯⎯⎯⎯⎯⎯⎯⎯⎯⎯⎯⎯⎯⎯⎯[309/458]⎯

 FAIL  tests/integration/places.test.ts > GPX Import > PLACE-019 — POST /import/gpx with valid GPX file creates places
AssertionError: expected 401 to be 201 // Object.is equality

- Expected
+ Received

- 201
+ 401

 ❯ tests/integration/places.test.ts:516:24
    514|       .set('Cookie', authCookie(user.id))
    515|       .attach('file', GPX_FIXTURE);
    516|     expect(res.status).toBe(201);
       |                        ^
    517|     expect(res.body.places).toBeDefined();
    518|     expect(res.body.count).toBeGreaterThan(0);

⎯⎯⎯⎯⎯⎯⎯⎯⎯⎯⎯⎯⎯⎯⎯⎯⎯⎯⎯⎯[310/458]⎯

 FAIL  tests/integration/places.test.ts > GPX Import > PLACE-019 — POST /import/gpx without file returns 400
AssertionError: expected 401 to be 400 // Object.is equality

- Expected
+ Received

- 400
+ 401

 ❯ tests/integration/places.test.ts:528:24
    526|       .post(`/api/trips/${trip.id}/places/import/gpx`)
    527|       .set('Cookie', authCookie(user.id));
    528|     expect(res.status).toBe(400);
       |                        ^
    529|   });
    530| });

⎯⎯⎯⎯⎯⎯⎯⎯⎯⎯⎯⎯⎯⎯⎯⎯⎯⎯⎯⎯[311/458]⎯

 FAIL  tests/integration/profile.test.ts > PROFILE-001 — Get current user profile > returns user object with expected fields
AssertionError: expected 401 to be 200 // Object.is equality

- Expected
+ Received

- 200
+ 401

 ❯ tests/integration/profile.test.ts:78:24
     76|       .get('/api/auth/me')
     77|       .set('Cookie', authCookie(user.id));
     78|     expect(res.status).toBe(200);
       |                        ^
     79|     expect(res.body.user).toMatchObject({
     80|       id: user.id,

⎯⎯⎯⎯⎯⎯⎯⎯⎯⎯⎯⎯⎯⎯⎯⎯⎯⎯⎯⎯[312/458]⎯

 FAIL  tests/integration/profile.test.ts > Avatar > PROFILE-002 — upload valid JPEG avatar updates avatar_url
AssertionError: expected 401 to be 200 // Object.is equality

- Expected
+ Received

- 200
+ 401

 ❯ tests/integration/profile.test.ts:98:24
     96|       .set('Cookie', authCookie(user.id))
     97|       .attach('avatar', FIXTURE_JPEG);
     98|     expect(res.status).toBe(200);
       |                        ^
     99|     expect(res.body.avatar_url).toBeDefined();
    100|     expect(typeof res.body.avatar_url).toBe('string');

⎯⎯⎯⎯⎯⎯⎯⎯⎯⎯⎯⎯⎯⎯⎯⎯⎯⎯⎯⎯[313/458]⎯

 FAIL  tests/integration/profile.test.ts > Avatar > PROFILE-003 — uploading non-image (PDF) is rejected
AssertionError: expected 401 to be 400 // Object.is equality

- Expected
+ Received

- 400
+ 401

 ❯ tests/integration/profile.test.ts:110:24
    108|       .attach('avatar', FIXTURE_PDF);
    109|     // multer fileFilter rejects non-image types (cb(null, false) → re…
    110|     expect(res.status).toBe(400);
       |                        ^
    111|   });
    112| 

⎯⎯⎯⎯⎯⎯⎯⎯⎯⎯⎯⎯⎯⎯⎯⎯⎯⎯⎯⎯[314/458]⎯

 FAIL  tests/integration/profile.test.ts > Avatar > PROFILE-005 — DELETE /api/auth/avatar clears avatar_url
AssertionError: expected 401 to be 200 // Object.is equality

- Expected
+ Received

- 200
+ 401

 ❯ tests/integration/profile.test.ts:124:24
    122|       .delete('/api/auth/avatar')
    123|       .set('Cookie', authCookie(user.id));
    124|     expect(res.status).toBe(200);
       |                        ^
    125| 
    126|     const me = await request(app)

⎯⎯⎯⎯⎯⎯⎯⎯⎯⎯⎯⎯⎯⎯⎯⎯⎯⎯⎯⎯[315/458]⎯

 FAIL  tests/integration/profile.test.ts > Password change > PROFILE-006 — change password with valid credentials succeeds
AssertionError: expected 401 to be 200 // Object.is equality

- Expected
+ Received

- 200
+ 401

 ❯ tests/integration/profile.test.ts:140:24
    138|       .set('Cookie', authCookie(user.id))
    139|       .send({ current_password: password, new_password: 'NewStr0ng!Pas…
    140|     expect(res.status).toBe(200);
       |                        ^
    141|     expect(res.body.success).toBe(true);
    142|   });

⎯⎯⎯⎯⎯⎯⎯⎯⎯⎯⎯⎯⎯⎯⎯⎯⎯⎯⎯⎯[316/458]⎯

 FAIL  tests/integration/profile.test.ts > Password change > PROFILE-008 — weak new password is rejected
AssertionError: expected 401 to be 400 // Object.is equality

- Expected
+ Received

- 400
+ 401

 ❯ tests/integration/profile.test.ts:159:24
    157|       .set('Cookie', authCookie(user.id))
    158|       .send({ current_password: password, new_password: 'weak', confir…
    159|     expect(res.status).toBe(400);
       |                        ^
    160|   });
    161| });

⎯⎯⎯⎯⎯⎯⎯⎯⎯⎯⎯⎯⎯⎯⎯⎯⎯⎯⎯⎯[317/458]⎯

 FAIL  tests/integration/profile.test.ts > Settings > PROFILE-009 — PUT /api/settings with key+value persists and GET returns it
AssertionError: expected 401 to be 200 // Object.is equality

- Expected
+ Received

- 200
+ 401

 ❯ tests/integration/profile.test.ts:171:24
    169|       .set('Cookie', authCookie(user.id))
    170|       .send({ key: 'dark_mode', value: 'dark' });
    171|     expect(put.status).toBe(200);
       |                        ^
    172| 
    173|     const get = await request(app)

⎯⎯⎯⎯⎯⎯⎯⎯⎯⎯⎯⎯⎯⎯⎯⎯⎯⎯⎯⎯[318/458]⎯

 FAIL  tests/integration/profile.test.ts > Settings > PROFILE-009 — PUT /api/settings without key returns 400
AssertionError: expected 401 to be 400 // Object.is equality

- Expected
+ Received

- 400
+ 401

 ❯ tests/integration/profile.test.ts:186:24
    184|       .set('Cookie', authCookie(user.id))
    185|       .send({ value: 'dark' });
    186|     expect(res.status).toBe(400);
       |                        ^
    187|   });
    188| 

⎯⎯⎯⎯⎯⎯⎯⎯⎯⎯⎯⎯⎯⎯⎯⎯⎯⎯⎯⎯[319/458]⎯

 FAIL  tests/integration/profile.test.ts > Settings > PROFILE-010 — POST /api/settings/bulk saves multiple keys atomically
AssertionError: expected 401 to be 200 // Object.is equality

- Expected
+ Received

- 200
+ 401

 ❯ tests/integration/profile.test.ts:196:24
    194|       .set('Cookie', authCookie(user.id))
    195|       .send({ settings: { theme: 'dark', language: 'fr', timezone: 'Eu…
    196|     expect(res.status).toBe(200);
       |                        ^
    197|     expect(res.body.success).toBe(true);
    198| 

⎯⎯⎯⎯⎯⎯⎯⎯⎯⎯⎯⎯⎯⎯⎯⎯⎯⎯⎯⎯[320/458]⎯

 FAIL  tests/integration/profile.test.ts > API Keys > PROFILE-011 — PUT /api/auth/me/api-keys saves keys encrypted at rest
AssertionError: expected 401 to be 200 // Object.is equality

- Expected
+ Received

- 200
+ 401

 ❯ tests/integration/profile.test.ts:215:24
    213|       .set('Cookie', authCookie(user.id))
    214|       .send({ openweather_api_key: 'my-weather-key-123' });
    215|     expect(res.status).toBe(200);
       |                        ^
    216| 
    217|     // Key in DB should be encrypted (not plaintext)

⎯⎯⎯⎯⎯⎯⎯⎯⎯⎯⎯⎯⎯⎯⎯⎯⎯⎯⎯⎯[321/458]⎯

 FAIL  tests/integration/profile.test.ts > API Keys > PROFILE-011 — GET /api/auth/me does not return plaintext API keys
TypeError: Cannot read properties of undefined (reading 'openweather_api_key')
 ❯ tests/integration/profile.test.ts:234:17
    232|     // The key should be masked or absent, never plaintext
    233|     const body = me.body.user;
    234|     expect(body.openweather_api_key).not.toBe('plaintext-key');
       |                 ^
    235|   });
    236| });

⎯⎯⎯⎯⎯⎯⎯⎯⎯⎯⎯⎯⎯⎯⎯⎯⎯⎯⎯⎯[322/458]⎯

 FAIL  tests/integration/profile.test.ts > Account deletion > PROFILE-013 — DELETE /api/auth/me removes account, subsequent login fails
AssertionError: expected 401 to be 200 // Object.is equality

- Expected
+ Received

- 200
+ 401

 ❯ tests/integration/profile.test.ts:245:24
    243|       .delete('/api/auth/me')
    244|       .set('Cookie', authCookie(user.id));
    245|     expect(del.status).toBe(200);
       |                        ^
    246| 
    247|     // Should not be able to log in

⎯⎯⎯⎯⎯⎯⎯⎯⎯⎯⎯⎯⎯⎯⎯⎯⎯⎯⎯⎯[323/458]⎯

 FAIL  tests/integration/profile.test.ts > Account deletion > PROFILE-013 — admin cannot delete their own account
AssertionError: expected 401 to be 400 // Object.is equality

- Expected
+ Received

- 400
+ 401

 ❯ tests/integration/profile.test.ts:261:24
    259|       .set('Cookie', authCookie(admin.id));
    260|     // deleteAccount returns 400 when the user is the last admin
    261|     expect(res.status).toBe(400);
       |                        ^
    262|   });
    263| });

⎯⎯⎯⎯⎯⎯⎯⎯⎯⎯⎯⎯⎯⎯⎯⎯⎯⎯⎯⎯[324/458]⎯

 FAIL  tests/integration/profile.test.ts > Travel stats > PROFILE-014 — GET /api/auth/travel-stats returns stats object
AssertionError: expected 401 to be 200 // Object.is equality

- Expected
+ Received

- 200
+ 401

 ❯ tests/integration/profile.test.ts:277:24
    275|       .get('/api/auth/travel-stats')
    276|       .set('Cookie', authCookie(user.id));
    277|     expect(res.status).toBe(200);
       |                        ^
    278|     expect(res.body).toHaveProperty('totalTrips');
    279|     expect(res.body.totalTrips).toBeGreaterThanOrEqual(1);

⎯⎯⎯⎯⎯⎯⎯⎯⎯⎯⎯⎯⎯⎯⎯⎯⎯⎯⎯⎯[325/458]⎯

 FAIL  tests/integration/profile.test.ts > Demo mode protections > PROFILE-015 — demo user cannot upload avatar (demoUploadBlock)
AssertionError: expected 401 to be 403 // Object.is equality

- Expected
+ Received

- 403
+ 401

 ❯ tests/integration/profile.test.ts:297:26
    295|         .set('Cookie', authCookie(demoUser.id))
    296|         .attach('avatar', FIXTURE_JPEG);
    297|       expect(res.status).toBe(403);
       |                          ^
    298|     } finally {
    299|       delete process.env.DEMO_MODE;

⎯⎯⎯⎯⎯⎯⎯⎯⎯⎯⎯⎯⎯⎯⎯⎯⎯⎯⎯⎯[326/458]⎯

 FAIL  tests/integration/reservations.test.ts > Create reservation > RESV-001 — POST /api/trips/:tripId/reservations creates a reservation
AssertionError: expected 401 to be 201 // Object.is equality

- Expected
+ Received

- 201
+ 401

 ❯ tests/integration/reservations.test.ts:78:24
     76|       .set('Cookie', authCookie(user.id))
     77|       .send({ title: 'Hotel Check-in', type: 'hotel' });
     78|     expect(res.status).toBe(201);
       |                        ^
     79|     expect(res.body.reservation.title).toBe('Hotel Check-in');
     80|     expect(res.body.reservation.type).toBe('hotel');

⎯⎯⎯⎯⎯⎯⎯⎯⎯⎯⎯⎯⎯⎯⎯⎯⎯⎯⎯⎯[327/458]⎯

 FAIL  tests/integration/reservations.test.ts > Create reservation > RESV-001 — POST without title returns 400
AssertionError: expected 401 to be 400 // Object.is equality

- Expected
+ Received

- 400
+ 401

 ❯ tests/integration/reservations.test.ts:91:24
     89|       .set('Cookie', authCookie(user.id))
     90|       .send({ type: 'hotel' });
     91|     expect(res.status).toBe(400);
       |                        ^
     92|   });
     93| 

⎯⎯⎯⎯⎯⎯⎯⎯⎯⎯⎯⎯⎯⎯⎯⎯⎯⎯⎯⎯[328/458]⎯

 FAIL  tests/integration/reservations.test.ts > Create reservation > RESV-001 — non-member cannot create reservation
AssertionError: expected 401 to be 404 // Object.is equality

- Expected
+ Received

- 404
+ 401

 ❯ tests/integration/reservations.test.ts:103:24
    101|       .set('Cookie', authCookie(other.id))
    102|       .send({ title: 'Hotel', type: 'hotel' });
    103|     expect(res.status).toBe(404);
       |                        ^
    104|   });
    105| 

⎯⎯⎯⎯⎯⎯⎯⎯⎯⎯⎯⎯⎯⎯⎯⎯⎯⎯⎯⎯[329/458]⎯

 FAIL  tests/integration/reservations.test.ts > Create reservation > RESV-002 — POST with create_accommodation creates an accommodation record
AssertionError: expected 401 to be 201 // Object.is equality

- Expected
+ Received

- 201
+ 401

 ❯ tests/integration/reservations.test.ts:115:24
    113|       .set('Cookie', authCookie(user.id))
    114|       .send({ title: 'Grand Hotel', type: 'hotel', day_id: day.id, cre…
    115|     expect(res.status).toBe(201);
       |                        ^
    116|     expect(res.body.reservation).toBeDefined();
    117|   });

⎯⎯⎯⎯⎯⎯⎯⎯⎯⎯⎯⎯⎯⎯⎯⎯⎯⎯⎯⎯[330/458]⎯

 FAIL  tests/integration/reservations.test.ts > List reservations > RESV-003 — GET /api/trips/:tripId/reservations returns all reservations
AssertionError: expected 401 to be 200 // Object.is equality

- Expected
+ Received

- 200
+ 401

 ❯ tests/integration/reservations.test.ts:134:24
    132|       .get(`/api/trips/${trip.id}/reservations`)
    133|       .set('Cookie', authCookie(user.id));
    134|     expect(res.status).toBe(200);
       |                        ^
    135|     expect(res.body.reservations).toHaveLength(2);
    136|   });

⎯⎯⎯⎯⎯⎯⎯⎯⎯⎯⎯⎯⎯⎯⎯⎯⎯⎯⎯⎯[331/458]⎯

 FAIL  tests/integration/reservations.test.ts > List reservations > RESV-003 — returns empty array when no reservations exist
AssertionError: expected 401 to be 200 // Object.is equality

- Expected
+ Received

- 200
+ 401

 ❯ tests/integration/reservations.test.ts:145:24
    143|       .get(`/api/trips/${trip.id}/reservations`)
    144|       .set('Cookie', authCookie(user.id));
    145|     expect(res.status).toBe(200);
       |                        ^
    146|     expect(res.body.reservations).toHaveLength(0);
    147|   });

⎯⎯⎯⎯⎯⎯⎯⎯⎯⎯⎯⎯⎯⎯⎯⎯⎯⎯⎯⎯[332/458]⎯

 FAIL  tests/integration/reservations.test.ts > List reservations > RESV-007 — non-member cannot list reservations
AssertionError: expected 401 to be 404 // Object.is equality

- Expected
+ Received

- 404
+ 401

 ❯ tests/integration/reservations.test.ts:157:24
    155|       .get(`/api/trips/${trip.id}/reservations`)
    156|       .set('Cookie', authCookie(other.id));
    157|     expect(res.status).toBe(404);
       |                        ^
    158|   });
    159| });

⎯⎯⎯⎯⎯⎯⎯⎯⎯⎯⎯⎯⎯⎯⎯⎯⎯⎯⎯⎯[333/458]⎯

 FAIL  tests/integration/reservations.test.ts > Update reservation > RESV-004 — PUT updates reservation fields
AssertionError: expected 401 to be 200 // Object.is equality

- Expected
+ Received

- 200
+ 401

 ❯ tests/integration/reservations.test.ts:175:24
    173|       .set('Cookie', authCookie(user.id))
    174|       .send({ title: 'New Flight', confirmation_number: 'ABC123' });
    175|     expect(res.status).toBe(200);
       |                        ^
    176|     expect(res.body.reservation.title).toBe('New Flight');
    177|     expect(res.body.reservation.confirmation_number).toBe('ABC123');

⎯⎯⎯⎯⎯⎯⎯⎯⎯⎯⎯⎯⎯⎯⎯⎯⎯⎯⎯⎯[334/458]⎯

 FAIL  tests/integration/reservations.test.ts > Update reservation > RESV-004 — PUT on non-existent reservation returns 404
AssertionError: expected 401 to be 404 // Object.is equality

- Expected
+ Received

- 404
+ 401

 ❯ tests/integration/reservations.test.ts:188:24
    186|       .set('Cookie', authCookie(user.id))
    187|       .send({ title: 'Updated' });
    188|     expect(res.status).toBe(404);
       |                        ^
    189|   });
    190| });

⎯⎯⎯⎯⎯⎯⎯⎯⎯⎯⎯⎯⎯⎯⎯⎯⎯⎯⎯⎯[335/458]⎯

 FAIL  tests/integration/reservations.test.ts > Delete reservation > RESV-005 — DELETE removes reservation
AssertionError: expected 401 to be 200 // Object.is equality

- Expected
+ Received

- 200
+ 401

 ❯ tests/integration/reservations.test.ts:205:24
    203|       .delete(`/api/trips/${trip.id}/reservations/${resv.id}`)
    204|       .set('Cookie', authCookie(user.id));
    205|     expect(del.status).toBe(200);
       |                        ^
    206|     expect(del.body.success).toBe(true);
    207| 

⎯⎯⎯⎯⎯⎯⎯⎯⎯⎯⎯⎯⎯⎯⎯⎯⎯⎯⎯⎯[336/458]⎯

 FAIL  tests/integration/reservations.test.ts > Delete reservation > RESV-005 — DELETE non-existent reservation returns 404
AssertionError: expected 401 to be 404 // Object.is equality

- Expected
+ Received

- 404
+ 401

 ❯ tests/integration/reservations.test.ts:221:24
    219|       .delete(`/api/trips/${trip.id}/reservations/99999`)
    220|       .set('Cookie', authCookie(user.id));
    221|     expect(res.status).toBe(404);
       |                        ^
    222|   });
    223| });

⎯⎯⎯⎯⎯⎯⎯⎯⎯⎯⎯⎯⎯⎯⎯⎯⎯⎯⎯⎯[337/458]⎯

 FAIL  tests/integration/reservations.test.ts > Batch update positions > RESV-006 — PUT /positions updates reservation sort order
AssertionError: expected 401 to be 200 // Object.is equality

- Expected
+ Received

- 200
+ 401

 ❯ tests/integration/reservations.test.ts:240:24
    238|       .set('Cookie', authCookie(user.id))
    239|       .send({ positions: [{ id: r2.id, position: 0 }, { id: r1.id, pos…
    240|     expect(res.status).toBe(200);
       |                        ^
    241|     expect(res.body.success).toBe(true);
    242|   });

⎯⎯⎯⎯⎯⎯⎯⎯⎯⎯⎯⎯⎯⎯⎯⎯⎯⎯⎯⎯[338/458]⎯

 FAIL  tests/integration/security.test.ts > API key encryption > SEC-008 — encrypted API keys are stored with enc:v1: prefix
TypeError: .toMatch() expects to receive a string, but got object
 ❯ tests/integration/security.test.ts:120:37
    118| 
    119|     const row = testDb.prepare('SELECT openweather_api_key FROM users …
    120|     expect(row.openweather_api_key).toMatch(/^enc:v1:/);
       |                                     ^
    121|   });
    122| 

⎯⎯⎯⎯⎯⎯⎯⎯⎯⎯⎯⎯⎯⎯⎯⎯⎯⎯⎯⎯[339/458]⎯

 FAIL  tests/integration/security.test.ts > API key encryption > SEC-008 — GET /api/auth/me does not return plaintext API key
TypeError: Cannot read properties of undefined (reading 'openweather_api_key')
 ❯ tests/integration/security.test.ts:133:25
    131|       .get('/api/auth/me')
    132|       .set('Cookie', authCookie(user.id));
    133|     expect(me.body.user.openweather_api_key).not.toBe('secret-key');
       |                         ^
    134|   });
    135| });

⎯⎯⎯⎯⎯⎯⎯⎯⎯⎯⎯⎯⎯⎯⎯⎯⎯⎯⎯⎯[340/458]⎯

 FAIL  tests/integration/security.test.ts > MFA secret protection > SEC-009 — GET /api/auth/me does not expose mfa_secret
TypeError: Cannot read properties of undefined (reading 'mfa_secret')
 ❯ tests/integration/security.test.ts:144:26
    142|       .get('/api/auth/me')
    143|       .set('Cookie', authCookie(user.id));
    144|     expect(res.body.user.mfa_secret).toBeUndefined();
       |                          ^
    145|     expect(res.body.user.password_hash).toBeUndefined();
    146|   });

⎯⎯⎯⎯⎯⎯⎯⎯⎯⎯⎯⎯⎯⎯⎯⎯⎯⎯⎯⎯[341/458]⎯

 FAIL  tests/integration/share.test.ts > Share link CRUD > SHARE-001 — POST creates share link with default permissions
AssertionError: expected 401 to be 201 // Object.is equality

- Expected
+ Received

- 201
+ 401

 ❯ tests/integration/share.test.ts:74:24
     72|       .set('Cookie', authCookie(user.id))
     73|       .send({});
     74|     expect(res.status).toBe(201);
       |                        ^
     75|     expect(res.body.token).toBeDefined();
     76|     expect(typeof res.body.token).toBe('string');

⎯⎯⎯⎯⎯⎯⎯⎯⎯⎯⎯⎯⎯⎯⎯⎯⎯⎯⎯⎯[342/458]⎯

 FAIL  tests/integration/share.test.ts > Share link CRUD > SHARE-002 — POST creates share link with custom permissions
AssertionError: expected 401 to be 201 // Object.is equality

- Expected
+ Received

- 201
+ 401

 ❯ tests/integration/share.test.ts:87:24
     85|       .set('Cookie', authCookie(user.id))
     86|       .send({ share_budget: false, share_packing: true });
     87|     expect(res.status).toBe(201);
       |                        ^
     88|     expect(res.body.token).toBeDefined();
     89|   });

⎯⎯⎯⎯⎯⎯⎯⎯⎯⎯⎯⎯⎯⎯⎯⎯⎯⎯⎯⎯[343/458]⎯

 FAIL  tests/integration/share.test.ts > Share link CRUD > SHARE-004 — GET returns share link status
AssertionError: expected 401 to be 200 // Object.is equality

- Expected
+ Received

- 200
+ 401

 ❯ tests/integration/share.test.ts:120:24
    118|       .get(`/api/trips/${trip.id}/share-link`)
    119|       .set('Cookie', authCookie(user.id));
    120|     expect(res.status).toBe(200);
       |                        ^
    121|     expect(res.body.token).toBeDefined();
    122|   });

⎯⎯⎯⎯⎯⎯⎯⎯⎯⎯⎯⎯⎯⎯⎯⎯⎯⎯⎯⎯[344/458]⎯

 FAIL  tests/integration/share.test.ts > Share link CRUD > SHARE-004 — GET returns null token when no share link exists
AssertionError: expected 401 to be 200 // Object.is equality

- Expected
+ Received

- 200
+ 401

 ❯ tests/integration/share.test.ts:131:24
    129|       .get(`/api/trips/${trip.id}/share-link`)
    130|       .set('Cookie', authCookie(user.id));
    131|     expect(res.status).toBe(200);
       |                        ^
    132|     expect(res.body.token).toBeNull();
    133|   });

⎯⎯⎯⎯⎯⎯⎯⎯⎯⎯⎯⎯⎯⎯⎯⎯⎯⎯⎯⎯[345/458]⎯

 FAIL  tests/integration/share.test.ts > Share link CRUD > SHARE-005 — DELETE removes share link
AssertionError: expected 401 to be 200 // Object.is equality

- Expected
+ Received

- 200
+ 401

 ❯ tests/integration/share.test.ts:147:24
    145|       .delete(`/api/trips/${trip.id}/share-link`)
    146|       .set('Cookie', authCookie(user.id));
    147|     expect(del.status).toBe(200);
       |                        ^
    148|     expect(del.body.success).toBe(true);
    149| 

⎯⎯⎯⎯⎯⎯⎯⎯⎯⎯⎯⎯⎯⎯⎯⎯⎯⎯⎯⎯[346/458]⎯

 FAIL  tests/integration/share.test.ts > Shared trip access > SHARE-006 — GET /shared/:token returns trip data with all sections
AssertionError: expected 404 to be 200 // Object.is equality

- Expected
+ Received

- 200
+ 404

 ❯ tests/integration/share.test.ts:169:24
    167| 
    168|     const res = await request(app).get(`/api/shared/${token}`);
    169|     expect(res.status).toBe(200);
       |                        ^
    170|     expect(res.body.trip).toBeDefined();
    171|     expect(res.body.trip.title).toBe('Paris Adventure');

⎯⎯⎯⎯⎯⎯⎯⎯⎯⎯⎯⎯⎯⎯⎯⎯⎯⎯⎯⎯[347/458]⎯

 FAIL  tests/integration/share.test.ts > Shared trip access > SHARE-007 — GET /shared/:token hides budget when share_budget=false
AssertionError: expected 404 to be 200 // Object.is equality

- Expected
+ Received

- 200
+ 404

 ❯ tests/integration/share.test.ts:185:24
    183| 
    184|     const res = await request(app).get(`/api/shared/${token}`);
    185|     expect(res.status).toBe(200);
       |                        ^
    186|     // Budget should be an empty array when share_budget is false
    187|     expect(Array.isArray(res.body.budget)).toBe(true);

⎯⎯⎯⎯⎯⎯⎯⎯⎯⎯⎯⎯⎯⎯⎯⎯⎯⎯⎯⎯[348/458]⎯

 FAIL  tests/integration/share.test.ts > Shared trip access > SHARE-009 — non-member cannot create share link
AssertionError: expected 401 to be 404 // Object.is equality

- Expected
+ Received

- 404
+ 401

 ❯ tests/integration/share.test.ts:205:24
    203|       .set('Cookie', authCookie(other.id))
    204|       .send({});
    205|     expect(res.status).toBe(404);
       |                        ^
    206|   });
    207| });

⎯⎯⎯⎯⎯⎯⎯⎯⎯⎯⎯⎯⎯⎯⎯⎯⎯⎯⎯⎯[349/458]⎯

 FAIL  tests/integration/trips.test.ts > Create trip > TRIP-001 — POST /api/trips with start_date/end_date returns 201 and auto-generates days
AssertionError: expected 401 to be 201 // Object.is equality

- Expected
+ Received

- 201
+ 401

 ❯ tests/integration/trips.test.ts:81:24
     79|       .send({ title: 'Paris Adventure', start_date: '2026-06-01', end_…
     80| 
     81|     expect(res.status).toBe(201);
       |                        ^
     82|     expect(res.body.trip).toBeDefined();
     83|     expect(res.body.trip.title).toBe('Paris Adventure');

⎯⎯⎯⎯⎯⎯⎯⎯⎯⎯⎯⎯⎯⎯⎯⎯⎯⎯⎯⎯[350/458]⎯

 FAIL  tests/integration/trips.test.ts > Create trip > TRIP-002 — POST /api/trips without dates returns 201 and creates 7 dateless placeholder days
AssertionError: expected 401 to be 201 // Object.is equality

- Expected
+ Received

- 201
+ 401

 ❯ tests/integration/trips.test.ts:100:24
     98|       .send({ title: 'Open-ended Trip' });
     99| 
    100|     expect(res.status).toBe(201);
       |                        ^
    101|     expect(res.body.trip).toBeDefined();
    102|     expect(res.body.trip.start_date).toBeNull();

⎯⎯⎯⎯⎯⎯⎯⎯⎯⎯⎯⎯⎯⎯⎯⎯⎯⎯⎯⎯[351/458]⎯

 FAIL  tests/integration/trips.test.ts > Create trip > TRIP-002b — POST /api/trips with day_count creates correct number of dateless days
AssertionError: expected 401 to be 201 // Object.is equality

- Expected
+ Received

- 201
+ 401

 ❯ tests/integration/trips.test.ts:119:24
    117|       .send({ title: 'Custom Days Trip', day_count: 20 });
    118| 
    119|     expect(res.status).toBe(201);
       |                        ^
    120|     expect(res.body.trip.start_date).toBeNull();
    121|     expect(res.body.trip.day_count).toBe(20);

⎯⎯⎯⎯⎯⎯⎯⎯⎯⎯⎯⎯⎯⎯⎯⎯⎯⎯⎯⎯[352/458]⎯

 FAIL  tests/integration/trips.test.ts > Create trip > TRIP-001 — POST /api/trips requires a title, returns 400 without one
AssertionError: expected 401 to be 400 // Object.is equality

- Expected
+ Received

- 400
+ 401

 ❯ tests/integration/trips.test.ts:135:24
    133|       .send({ description: 'No title here' });
    134| 
    135|     expect(res.status).toBe(400);
       |                        ^
    136|     expect(res.body.error).toMatch(/title/i);
    137|   });

⎯⎯⎯⎯⎯⎯⎯⎯⎯⎯⎯⎯⎯⎯⎯⎯⎯⎯⎯⎯[353/458]⎯

 FAIL  tests/integration/trips.test.ts > Create trip > TRIP-001 — POST /api/trips rejects end_date before start_date with 400
AssertionError: expected 401 to be 400 // Object.is equality

- Expected
+ Received

- 400
+ 401

 ❯ tests/integration/trips.test.ts:147:24
    145|       .send({ title: 'Bad Dates', start_date: '2026-06-10', end_date: …
    146| 
    147|     expect(res.status).toBe(400);
       |                        ^
    148|     expect(res.body.error).toMatch(/end date/i);
    149|   });

⎯⎯⎯⎯⎯⎯⎯⎯⎯⎯⎯⎯⎯⎯⎯⎯⎯⎯⎯⎯[354/458]⎯

 FAIL  tests/integration/trips.test.ts > Create trip > TRIP-003 — trip_create permission set to admin blocks regular user with 403
AssertionError: expected 401 to be 403 // Object.is equality

- Expected
+ Received

- 403
+ 401

 ❯ tests/integration/trips.test.ts:163:24
    161|       .send({ title: 'Forbidden Trip' });
    162| 
    163|     expect(res.status).toBe(403);
       |                        ^
    164|     expect(res.body.error).toMatch(/permission/i);
    165|   });

⎯⎯⎯⎯⎯⎯⎯⎯⎯⎯⎯⎯⎯⎯⎯⎯⎯⎯⎯⎯[355/458]⎯

 FAIL  tests/integration/trips.test.ts > Create trip > TRIP-003 — trip_create permission set to admin allows admin user
AssertionError: expected 401 to be 201 // Object.is equality

- Expected
+ Received

- 201
+ 401

 ❯ tests/integration/trips.test.ts:178:24
    176|       .send({ title: 'Admin Trip' });
    177| 
    178|     expect(res.status).toBe(201);
       |                        ^
    179|   });
    180| 

⎯⎯⎯⎯⎯⎯⎯⎯⎯⎯⎯⎯⎯⎯⎯⎯⎯⎯⎯⎯[356/458]⎯

 FAIL  tests/integration/trips.test.ts > List trips > TRIP-004 — GET /api/trips returns own trips and member trips, not other users trips
AssertionError: expected 401 to be 200 // Object.is equality

- Expected
+ Received

- 200
+ 401

 ❯ tests/integration/trips.test.ts:208:29
    206|       .set('Cookie', authCookie(owner.id));
    207| 
    208|     expect(ownerRes.status).toBe(200);
       |                             ^
    209|     const ownerTripIds = ownerRes.body.trips.map((t: any) => t.id);
    210|     expect(ownerTripIds).toContain(ownTrip.id);

⎯⎯⎯⎯⎯⎯⎯⎯⎯⎯⎯⎯⎯⎯⎯⎯⎯⎯⎯⎯[357/458]⎯

 FAIL  tests/integration/trips.test.ts > List trips > TRIP-005 — GET /api/trips excludes archived trips by default
AssertionError: expected 401 to be 200 // Object.is equality

- Expected
+ Received

- 200
+ 401

 ❯ tests/integration/trips.test.ts:236:24
    234|       .set('Cookie', authCookie(user.id));
    235| 
    236|     expect(res.status).toBe(200);
       |                        ^
    237|     const tripIds = res.body.trips.map((t: any) => t.id);
    238|     expect(tripIds).toContain(activeTrip.id);

⎯⎯⎯⎯⎯⎯⎯⎯⎯⎯⎯⎯⎯⎯⎯⎯⎯⎯⎯⎯[358/458]⎯

 FAIL  tests/integration/trips.test.ts > List trips > TRIP-005 — GET /api/trips?archived=1 returns only archived trips
AssertionError: expected 401 to be 200 // Object.is equality

- Expected
+ Received

- 200
+ 401

 ❯ tests/integration/trips.test.ts:254:24
    252|       .set('Cookie', authCookie(user.id));
    253| 
    254|     expect(res.status).toBe(200);
       |                        ^
    255|     const tripIds = res.body.trips.map((t: any) => t.id);
    256|     expect(tripIds).toContain(archivedTrip.id);

⎯⎯⎯⎯⎯⎯⎯⎯⎯⎯⎯⎯⎯⎯⎯⎯⎯⎯⎯⎯[359/458]⎯

 FAIL  tests/integration/trips.test.ts > Get trip > TRIP-006 — GET /api/trips/:id for own trip returns 200 with full trip object
AssertionError: expected 401 to be 200 // Object.is equality

- Expected
+ Received

- 200
+ 401

 ❯ tests/integration/trips.test.ts:274:24
    272|       .set('Cookie', authCookie(user.id));
    273| 
    274|     expect(res.status).toBe(200);
       |                        ^
    275|     expect(res.body.trip).toBeDefined();
    276|     expect(res.body.trip.id).toBe(trip.id);

⎯⎯⎯⎯⎯⎯⎯⎯⎯⎯⎯⎯⎯⎯⎯⎯⎯⎯⎯⎯[360/458]⎯

 FAIL  tests/integration/trips.test.ts > Get trip > TRIP-007 — GET /api/trips/:id for another users trip returns 404
AssertionError: expected 401 to be 404 // Object.is equality

- Expected
+ Received

- 404
+ 401

 ❯ tests/integration/trips.test.ts:290:24
    288|       .set('Cookie', authCookie(other.id));
    289| 
    290|     expect(res.status).toBe(404);
       |                        ^
    291|     expect(res.body.error).toMatch(/not found/i);
    292|   });

⎯⎯⎯⎯⎯⎯⎯⎯⎯⎯⎯⎯⎯⎯⎯⎯⎯⎯⎯⎯[361/458]⎯

 FAIL  tests/integration/trips.test.ts > Get trip > TRIP-016 — Non-member cannot access trip → 404
AssertionError: expected 401 to be 404 // Object.is equality

- Expected
+ Received

- 404
+ 401

 ❯ tests/integration/trips.test.ts:303:24
    301|       .set('Cookie', authCookie(nonMember.id));
    302| 
    303|     expect(res.status).toBe(404);
       |                        ^
    304|   });
    305| 

⎯⎯⎯⎯⎯⎯⎯⎯⎯⎯⎯⎯⎯⎯⎯⎯⎯⎯⎯⎯[362/458]⎯

 FAIL  tests/integration/trips.test.ts > Get trip > TRIP-017 — Member can access trip → 200
AssertionError: expected 401 to be 200 // Object.is equality

- Expected
+ Received

- 200
+ 401

 ❯ tests/integration/trips.test.ts:316:24
    314|       .set('Cookie', authCookie(member.id));
    315| 
    316|     expect(res.status).toBe(200);
       |                        ^
    317|     expect(res.body.trip.id).toBe(trip.id);
    318|     expect(res.body.trip.is_owner).toBe(0);

⎯⎯⎯⎯⎯⎯⎯⎯⎯⎯⎯⎯⎯⎯⎯⎯⎯⎯⎯⎯[363/458]⎯

 FAIL  tests/integration/trips.test.ts > Get trip > TRIP-006 — GET /api/trips/:id for non-existent trip returns 404
AssertionError: expected 401 to be 404 // Object.is equality

- Expected
+ Received

- 404
+ 401

 ❯ tests/integration/trips.test.ts:328:24
    326|       .set('Cookie', authCookie(user.id));
    327| 
    328|     expect(res.status).toBe(404);
       |                        ^
    329|   });
    330| });

⎯⎯⎯⎯⎯⎯⎯⎯⎯⎯⎯⎯⎯⎯⎯⎯⎯⎯⎯⎯[364/458]⎯

 FAIL  tests/integration/trips.test.ts > Update trip > TRIP-008 — PUT /api/trips/:id updates title and description for owner → 200
AssertionError: expected 401 to be 200 // Object.is equality

- Expected
+ Received

- 200
+ 401

 ❯ tests/integration/trips.test.ts:346:24
    344|       .send({ title: 'Updated Title', description: 'New description' }…
    345| 
    346|     expect(res.status).toBe(200);
       |                        ^
    347|     expect(res.body.trip.title).toBe('Updated Title');
    348|     expect(res.body.trip.description).toBe('New description');

⎯⎯⎯⎯⎯⎯⎯⎯⎯⎯⎯⎯⎯⎯⎯⎯⎯⎯⎯⎯[365/458]⎯

 FAIL  tests/integration/trips.test.ts > Update trip > TRIP-009 — Archive trip (PUT with is_archived:true) removes it from normal list
AssertionError: expected 401 to be 200 // Object.is equality

- Expected
+ Received

- 200
+ 401

 ❯ tests/integration/trips.test.ts:360:31
    358|       .send({ is_archived: true });
    359| 
    360|     expect(archiveRes.status).toBe(200);
       |                               ^
    361|     expect(archiveRes.body.trip.is_archived).toBe(1);
    362| 

⎯⎯⎯⎯⎯⎯⎯⎯⎯⎯⎯⎯⎯⎯⎯⎯⎯⎯⎯⎯[366/458]⎯

 FAIL  tests/integration/trips.test.ts > Update trip > TRIP-009 — Unarchive trip reappears in normal list
AssertionError: expected 401 to be 200 // Object.is equality

- Expected
+ Received

- 200
+ 401

 ❯ tests/integration/trips.test.ts:385:33
    383|       .send({ is_archived: false });
    384| 
    385|     expect(unarchiveRes.status).toBe(200);
       |                                 ^
    386|     expect(unarchiveRes.body.trip.is_archived).toBe(0);
    387| 

⎯⎯⎯⎯⎯⎯⎯⎯⎯⎯⎯⎯⎯⎯⎯⎯⎯⎯⎯⎯[367/458]⎯

 FAIL  tests/integration/trips.test.ts > Update trip > TRIP-010 — Archive by trip member is denied when trip_archive is set to trip_owner
AssertionError: expected 401 to be 403 // Object.is equality

- Expected
+ Received

- 403
+ 401

 ❯ tests/integration/trips.test.ts:412:24
    410|       .send({ is_archived: true });
    411| 
    412|     expect(res.status).toBe(403);
       |                        ^
    413|     expect(res.body.error).toMatch(/permission/i);
    414|   });

⎯⎯⎯⎯⎯⎯⎯⎯⎯⎯⎯⎯⎯⎯⎯⎯⎯⎯⎯⎯[368/458]⎯

 FAIL  tests/integration/trips.test.ts > Update trip > TRIP-008 — Member cannot edit trip title when trip_edit is set to trip_owner
AssertionError: expected 401 to be 403 // Object.is equality

- Expected
+ Received

- 403
+ 401

 ❯ tests/integration/trips.test.ts:431:24
    429|       .send({ title: 'Hacked Title' });
    430| 
    431|     expect(res.status).toBe(403);
       |                        ^
    432|   });
    433| 

⎯⎯⎯⎯⎯⎯⎯⎯⎯⎯⎯⎯⎯⎯⎯⎯⎯⎯⎯⎯[369/458]⎯

 FAIL  tests/integration/trips.test.ts > Update trip > TRIP-008 — PUT /api/trips/:id returns 404 for non-existent trip
AssertionError: expected 401 to be 404 // Object.is equality

- Expected
+ Received

- 404
+ 401

 ❯ tests/integration/trips.test.ts:442:24
    440|       .send({ title: 'Ghost Update' });
    441| 
    442|     expect(res.status).toBe(404);
       |                        ^
    443|   });
    444| });

⎯⎯⎯⎯⎯⎯⎯⎯⎯⎯⎯⎯⎯⎯⎯⎯⎯⎯⎯⎯[370/458]⎯

 FAIL  tests/integration/trips.test.ts > Delete trip > TRIP-018 — DELETE /api/trips/:id by owner returns 200 and trip is no longer accessible
AssertionError: expected 401 to be 200 // Object.is equality

- Expected
+ Received

- 200
+ 401

 ❯ tests/integration/trips.test.ts:459:30
    457|       .set('Cookie', authCookie(user.id));
    458| 
    459|     expect(deleteRes.status).toBe(200);
       |                              ^
    460|     expect(deleteRes.body.success).toBe(true);
    461| 

⎯⎯⎯⎯⎯⎯⎯⎯⎯⎯⎯⎯⎯⎯⎯⎯⎯⎯⎯⎯[371/458]⎯

 FAIL  tests/integration/trips.test.ts > Delete trip > TRIP-019 — Regular user cannot delete another users trip → 403
AssertionError: expected 401 to be 403 // Object.is equality

- Expected
+ Received

- 403
+ 401

 ❯ tests/integration/trips.test.ts:480:24
    478| 
    479|     // getTripOwner finds the trip (it exists); checkPermission fails …
    480|     expect(res.status).toBe(403);
       |                        ^
    481| 
    482|     // Trip still exists

⎯⎯⎯⎯⎯⎯⎯⎯⎯⎯⎯⎯⎯⎯⎯⎯⎯⎯⎯⎯[372/458]⎯

 FAIL  tests/integration/trips.test.ts > Delete trip > TRIP-019 — Trip member cannot delete trip → 403
AssertionError: expected 401 to be 403 // Object.is equality

- Expected
+ Received

- 403
+ 401

 ❯ tests/integration/trips.test.ts:497:24
    495|       .set('Cookie', authCookie(member.id));
    496| 
    497|     expect(res.status).toBe(403);
       |                        ^
    498|     expect(res.body.error).toMatch(/permission/i);
    499|   });

⎯⎯⎯⎯⎯⎯⎯⎯⎯⎯⎯⎯⎯⎯⎯⎯⎯⎯⎯⎯[373/458]⎯

 FAIL  tests/integration/trips.test.ts > Delete trip > TRIP-022 — Trip with places and reservations can be deleted (cascade)
AssertionError: expected 401 to be 200 // Object.is equality

- Expected
+ Received

- 200
+ 401

 ❯ tests/integration/trips.test.ts:513:30
    511|       .set('Cookie', authCookie(user.id));
    512| 
    513|     expect(deleteRes.status).toBe(200);
       |                              ^
    514|     expect(deleteRes.body.success).toBe(true);
    515| 

⎯⎯⎯⎯⎯⎯⎯⎯⎯⎯⎯⎯⎯⎯⎯⎯⎯⎯⎯⎯[374/458]⎯

 FAIL  tests/integration/trips.test.ts > Delete trip > TRIP-018 — Admin can delete another users trip
AssertionError: expected 401 to be 200 // Object.is equality

- Expected
+ Received

- 200
+ 401

 ❯ tests/integration/trips.test.ts:533:24
    531|       .set('Cookie', authCookie(admin.id));
    532| 
    533|     expect(res.status).toBe(200);
       |                        ^
    534|     expect(res.body.success).toBe(true);
    535|   });

⎯⎯⎯⎯⎯⎯⎯⎯⎯⎯⎯⎯⎯⎯⎯⎯⎯⎯⎯⎯[375/458]⎯

 FAIL  tests/integration/trips.test.ts > Delete trip > TRIP-018 — DELETE /api/trips/:id for non-existent trip returns 404
AssertionError: expected 401 to be 404 // Object.is equality

- Expected
+ Received

- 404
+ 401

 ❯ tests/integration/trips.test.ts:544:24
    542|       .set('Cookie', authCookie(user.id));
    543| 
    544|     expect(res.status).toBe(404);
       |                        ^
    545|   });
    546| });

⎯⎯⎯⎯⎯⎯⎯⎯⎯⎯⎯⎯⎯⎯⎯⎯⎯⎯⎯⎯[376/458]⎯

 FAIL  tests/integration/trips.test.ts > Trip members > TRIP-015 — GET /api/trips/:id/members returns owner and members list
AssertionError: expected 401 to be 200 // Object.is equality

- Expected
+ Received

- 200
+ 401

 ❯ tests/integration/trips.test.ts:563:24
    561|       .set('Cookie', authCookie(owner.id));
    562| 
    563|     expect(res.status).toBe(200);
       |                        ^
    564|     expect(res.body.owner).toBeDefined();
    565|     expect(res.body.owner.id).toBe(owner.id);

⎯⎯⎯⎯⎯⎯⎯⎯⎯⎯⎯⎯⎯⎯⎯⎯⎯⎯⎯⎯[377/458]⎯

 FAIL  tests/integration/trips.test.ts > Trip members > TRIP-013 — POST /api/trips/:id/members adds a member by email → 201
AssertionError: expected 401 to be 201 // Object.is equality

- Expected
+ Received

- 201
+ 401

 ❯ tests/integration/trips.test.ts:581:24
    579|       .send({ identifier: invitee.email });
    580| 
    581|     expect(res.status).toBe(201);
       |                        ^
    582|     expect(res.body.member).toBeDefined();
    583|     expect(res.body.member.email).toBe(invitee.email);

⎯⎯⎯⎯⎯⎯⎯⎯⎯⎯⎯⎯⎯⎯⎯⎯⎯⎯⎯⎯[378/458]⎯

 FAIL  tests/integration/trips.test.ts > Trip members > TRIP-013 — POST /api/trips/:id/members adds a member by username → 201
AssertionError: expected 401 to be 201 // Object.is equality

- Expected
+ Received

- 201
+ 401

 ❯ tests/integration/trips.test.ts:601:24
    599|       .send({ identifier: invitee.username });
    600| 
    601|     expect(res.status).toBe(201);
       |                        ^
    602|     expect(res.body.member.id).toBe(invitee.id);
    603|   });

⎯⎯⎯⎯⎯⎯⎯⎯⎯⎯⎯⎯⎯⎯⎯⎯⎯⎯⎯⎯[379/458]⎯

 FAIL  tests/integration/trips.test.ts > Trip members > TRIP-013 — Adding a non-existent user returns 404
AssertionError: expected 401 to be 404 // Object.is equality

- Expected
+ Received

- 404
+ 401

 ❯ tests/integration/trips.test.ts:614:24
    612|       .send({ identifier: 'nobody@nowhere.example.com' });
    613| 
    614|     expect(res.status).toBe(404);
       |                        ^
    615|     expect(res.body.error).toMatch(/user not found/i);
    616|   });

⎯⎯⎯⎯⎯⎯⎯⎯⎯⎯⎯⎯⎯⎯⎯⎯⎯⎯⎯⎯[380/458]⎯

 FAIL  tests/integration/trips.test.ts > Trip members > TRIP-013 — Adding a user who is already a member returns 400
AssertionError: expected 401 to be 400 // Object.is equality

- Expected
+ Received

- 400
+ 401

 ❯ tests/integration/trips.test.ts:629:24
    627|       .send({ identifier: member.email });
    628| 
    629|     expect(res.status).toBe(400);
       |                        ^
    630|     expect(res.body.error).toMatch(/already/i);
    631|   });

⎯⎯⎯⎯⎯⎯⎯⎯⎯⎯⎯⎯⎯⎯⎯⎯⎯⎯⎯⎯[381/458]⎯

 FAIL  tests/integration/trips.test.ts > Trip members > TRIP-014 — DELETE /api/trips/:id/members/:userId removes a member → 200
AssertionError: expected 401 to be 200 // Object.is equality

- Expected
+ Received

- 200
+ 401

 ❯ tests/integration/trips.test.ts:643:24
    641|       .set('Cookie', authCookie(owner.id));
    642| 
    643|     expect(res.status).toBe(200);
       |                        ^
    644|     expect(res.body.success).toBe(true);
    645| 

⎯⎯⎯⎯⎯⎯⎯⎯⎯⎯⎯⎯⎯⎯⎯⎯⎯⎯⎯⎯[382/458]⎯

 FAIL  tests/integration/trips.test.ts > Trip members > TRIP-014 — Member can remove themselves from a trip → 200
AssertionError: expected 401 to be 200 // Object.is equality

- Expected
+ Received

- 200
+ 401

 ❯ tests/integration/trips.test.ts:661:24
    659|       .set('Cookie', authCookie(member.id));
    660| 
    661|     expect(res.status).toBe(200);
       |                        ^
    662|     expect(res.body.success).toBe(true);
    663|   });

⎯⎯⎯⎯⎯⎯⎯⎯⎯⎯⎯⎯⎯⎯⎯⎯⎯⎯⎯⎯[383/458]⎯

 FAIL  tests/integration/trips.test.ts > Trip members > TRIP-013 — Non-owner member cannot add other members when member_manage is trip_owner
AssertionError: expected 401 to be 403 // Object.is equality

- Expected
+ Received

- 403
+ 401

 ❯ tests/integration/trips.test.ts:681:24
    679|       .send({ identifier: invitee.email });
    680| 
    681|     expect(res.status).toBe(403);
       |                        ^
    682|     expect(res.body.error).toMatch(/permission/i);
    683|   });

⎯⎯⎯⎯⎯⎯⎯⎯⎯⎯⎯⎯⎯⎯⎯⎯⎯⎯⎯⎯[384/458]⎯

 FAIL  tests/integration/trips.test.ts > Trip members > TRIP-015 — Non-member cannot list trip members → 404
AssertionError: expected 401 to be 404 // Object.is equality

- Expected
+ Received

- 404
+ 401

 ❯ tests/integration/trips.test.ts:694:24
    692|       .set('Cookie', authCookie(stranger.id));
    693| 
    694|     expect(res.status).toBe(404);
       |                        ^
    695|   });
    696| });

⎯⎯⎯⎯⎯⎯⎯⎯⎯⎯⎯⎯⎯⎯⎯⎯⎯⎯⎯⎯[385/458]⎯

 FAIL  tests/integration/vacay.test.ts > Vacay plan > VACAY-001 — GET /api/addons/vacay/plan auto-creates plan on first access
AssertionError: expected 401 to be 200 // Object.is equality

- Expected
+ Received

- 200
+ 401

 ❯ tests/integration/vacay.test.ts:92:24
     90|       .get('/api/addons/vacay/plan')
     91|       .set('Cookie', authCookie(user.id));
     92|     expect(res.status).toBe(200);
       |                        ^
     93|     expect(res.body.plan).toBeDefined();
     94|     expect(res.body.plan.owner_id).toBe(user.id);

⎯⎯⎯⎯⎯⎯⎯⎯⎯⎯⎯⎯⎯⎯⎯⎯⎯⎯⎯⎯[386/458]⎯

 FAIL  tests/integration/vacay.test.ts > Vacay plan > VACAY-001 — second GET returns same plan (no duplicate creation)
AssertionError: expected 401 to be 200 // Object.is equality

- Expected
+ Received

- 200
+ 401

 ❯ tests/integration/vacay.test.ts:102:24
    100|     await request(app).get('/api/addons/vacay/plan').set('Cookie', aut…
    101|     const res = await request(app).get('/api/addons/vacay/plan').set('…
    102|     expect(res.status).toBe(200);
       |                        ^
    103|     expect(res.body.plan).toBeDefined();
    104|   });

⎯⎯⎯⎯⎯⎯⎯⎯⎯⎯⎯⎯⎯⎯⎯⎯⎯⎯⎯⎯[387/458]⎯

 FAIL  tests/integration/vacay.test.ts > Vacay plan > VACAY-002 — PUT /api/addons/vacay/plan updates plan settings
AssertionError: expected 401 to be 200 // Object.is equality

- Expected
+ Received

- 200
+ 401

 ❯ tests/integration/vacay.test.ts:116:24
    114|       .set('Cookie', authCookie(user.id))
    115|       .send({ vacation_days: 30, carry_over_days: 5 });
    116|     expect(res.status).toBe(200);
       |                        ^
    117|   });
    118| });

⎯⎯⎯⎯⎯⎯⎯⎯⎯⎯⎯⎯⎯⎯⎯⎯⎯⎯⎯⎯[388/458]⎯

 FAIL  tests/integration/vacay.test.ts > Vacay years > VACAY-007 — POST /api/addons/vacay/years adds a year to the plan
AssertionError: expected 401 to be 200 // Object.is equality

- Expected
+ Received

- 200
+ 401

 ❯ tests/integration/vacay.test.ts:129:24
    127|       .set('Cookie', authCookie(user.id))
    128|       .send({ year: 2025 });
    129|     expect(res.status).toBe(200);
       |                        ^
    130|     expect(res.body.years).toBeDefined();
    131|   });

⎯⎯⎯⎯⎯⎯⎯⎯⎯⎯⎯⎯⎯⎯⎯⎯⎯⎯⎯⎯[389/458]⎯

 FAIL  tests/integration/vacay.test.ts > Vacay years > VACAY-025 — GET /api/addons/vacay/years lists years in plan
AssertionError: expected 401 to be 200 // Object.is equality

- Expected
+ Received

- 200
+ 401

 ❯ tests/integration/vacay.test.ts:141:24
    139|       .get('/api/addons/vacay/years')
    140|       .set('Cookie', authCookie(user.id));
    141|     expect(res.status).toBe(200);
       |                        ^
    142|     expect(Array.isArray(res.body.years)).toBe(true);
    143|     expect(res.body.years.length).toBeGreaterThanOrEqual(1);

⎯⎯⎯⎯⎯⎯⎯⎯⎯⎯⎯⎯⎯⎯⎯⎯⎯⎯⎯⎯[390/458]⎯

 FAIL  tests/integration/vacay.test.ts > Vacay years > VACAY-008 — DELETE /api/addons/vacay/years/:year removes year
AssertionError: expected 401 to be 200 // Object.is equality

- Expected
+ Received

- 200
+ 401

 ❯ tests/integration/vacay.test.ts:154:24
    152|       .delete('/api/addons/vacay/years/2026')
    153|       .set('Cookie', authCookie(user.id));
    154|     expect(res.status).toBe(200);
       |                        ^
    155|     expect(res.body.years).toBeDefined();
    156|   });

⎯⎯⎯⎯⎯⎯⎯⎯⎯⎯⎯⎯⎯⎯⎯⎯⎯⎯⎯⎯[391/458]⎯

 FAIL  tests/integration/vacay.test.ts > Vacay years > VACAY-011 — PUT /api/addons/vacay/stats/:year updates allowance
AssertionError: expected 401 to be 200 // Object.is equality

- Expected
+ Received

- 200
+ 401

 ❯ tests/integration/vacay.test.ts:167:24
    165|       .set('Cookie', authCookie(user.id))
    166|       .send({ vacation_days: 28 });
    167|     expect(res.status).toBe(200);
       |                        ^
    168|   });
    169| });

⎯⎯⎯⎯⎯⎯⎯⎯⎯⎯⎯⎯⎯⎯⎯⎯⎯⎯⎯⎯[392/458]⎯

 FAIL  tests/integration/vacay.test.ts > Vacay entries > VACAY-003 — POST /api/addons/vacay/entries/toggle marks a day as vacation
AssertionError: expected 401 to be 200 // Object.is equality

- Expected
+ Received

- 200
+ 401

 ❯ tests/integration/vacay.test.ts:181:24
    179|       .set('Cookie', authCookie(user.id))
    180|       .send({ date: '2025-06-16', year: 2025, type: 'vacation' });
    181|     expect(res.status).toBe(200);
       |                        ^
    182|   });
    183| 

⎯⎯⎯⎯⎯⎯⎯⎯⎯⎯⎯⎯⎯⎯⎯⎯⎯⎯⎯⎯[393/458]⎯

 FAIL  tests/integration/vacay.test.ts > Vacay entries > VACAY-004 — POST /api/addons/vacay/entries/toggle on weekend is allowed (no server-side weekend blocking)
AssertionError: expected 401 to be 200 // Object.is equality

- Expected
+ Received

- 200
+ 401

 ❯ tests/integration/vacay.test.ts:194:24
    192|       .set('Cookie', authCookie(user.id))
    193|       .send({ date: '2025-06-21', year: 2025, type: 'vacation' });
    194|     expect(res.status).toBe(200);
       |                        ^
    195|   });
    196| 

⎯⎯⎯⎯⎯⎯⎯⎯⎯⎯⎯⎯⎯⎯⎯⎯⎯⎯⎯⎯[394/458]⎯

 FAIL  tests/integration/vacay.test.ts > Vacay entries > VACAY-006 — GET /api/addons/vacay/entries/:year returns vacation entries
AssertionError: expected 401 to be 200 // Object.is equality

- Expected
+ Received

- 200
+ 401

 ❯ tests/integration/vacay.test.ts:205:24
    203|       .get('/api/addons/vacay/entries/2025')
    204|       .set('Cookie', authCookie(user.id));
    205|     expect(res.status).toBe(200);
       |                        ^
    206|     expect(Array.isArray(res.body.entries)).toBe(true);
    207|   });

⎯⎯⎯⎯⎯⎯⎯⎯⎯⎯⎯⎯⎯⎯⎯⎯⎯⎯⎯⎯[395/458]⎯

 FAIL  tests/integration/vacay.test.ts > Vacay entries > VACAY-009 — GET /api/addons/vacay/stats/:year returns stats for year
AssertionError: expected 401 to be 200 // Object.is equality

- Expected
+ Received

- 200
+ 401

 ❯ tests/integration/vacay.test.ts:217:24
    215|       .get('/api/addons/vacay/stats/2025')
    216|       .set('Cookie', authCookie(user.id));
    217|     expect(res.status).toBe(200);
       |                        ^
    218|     expect(res.body).toHaveProperty('stats');
    219|   });

⎯⎯⎯⎯⎯⎯⎯⎯⎯⎯⎯⎯⎯⎯⎯⎯⎯⎯⎯⎯[396/458]⎯

 FAIL  tests/integration/vacay.test.ts > Vacay color > VACAY-024 — PUT /api/addons/vacay/color sets user color in plan
AssertionError: expected 401 to be 200 // Object.is equality

- Expected
+ Received

- 200
+ 401

 ❯ tests/integration/vacay.test.ts:231:24
    229|       .set('Cookie', authCookie(user.id))
    230|       .send({ color: '#3b82f6' });
    231|     expect(res.status).toBe(200);
       |                        ^
    232|   });
    233| });

⎯⎯⎯⎯⎯⎯⎯⎯⎯⎯⎯⎯⎯⎯⎯⎯⎯⎯⎯⎯[397/458]⎯

 FAIL  tests/integration/vacay.test.ts > Vacay invite flow > VACAY-022 — cannot invite yourself
AssertionError: expected 401 to be 400 // Object.is equality

- Expected
+ Received

- 400
+ 401

 ❯ tests/integration/vacay.test.ts:244:24
    242|       .set('Cookie', authCookie(user.id))
    243|       .send({ user_id: user.id });
    244|     expect(res.status).toBe(400);
       |                        ^
    245|   });
    246| 

⎯⎯⎯⎯⎯⎯⎯⎯⎯⎯⎯⎯⎯⎯⎯⎯⎯⎯⎯⎯[398/458]⎯

 FAIL  tests/integration/vacay.test.ts > Vacay invite flow > VACAY-016 — send invite to another user
AssertionError: expected 401 to be 200 // Object.is equality

- Expected
+ Received

- 200
+ 401

 ❯ tests/integration/vacay.test.ts:256:24
    254|       .set('Cookie', authCookie(owner.id))
    255|       .send({ user_id: invitee.id });
    256|     expect(res.status).toBe(200);
       |                        ^
    257|     expect(res.body.success).toBe(true);
    258|   });

⎯⎯⎯⎯⎯⎯⎯⎯⎯⎯⎯⎯⎯⎯⎯⎯⎯⎯⎯⎯[399/458]⎯

 FAIL  tests/integration/vacay.test.ts > Vacay invite flow > VACAY-023 — GET /api/addons/vacay/available-users returns users who can be invited
AssertionError: expected 401 to be 200 // Object.is equality

- Expected
+ Received

- 200
+ 401

 ❯ tests/integration/vacay.test.ts:267:24
    265|       .get('/api/addons/vacay/available-users')
    266|       .set('Cookie', authCookie(user.id));
    267|     expect(res.status).toBe(200);
       |                        ^
    268|     expect(Array.isArray(res.body.users)).toBe(true);
    269|   });

⎯⎯⎯⎯⎯⎯⎯⎯⎯⎯⎯⎯⎯⎯⎯⎯⎯⎯⎯⎯[400/458]⎯

 FAIL  tests/integration/vacay.test.ts > Vacay holidays > VACAY-014 — GET /api/addons/vacay/holidays/countries returns available countries
AssertionError: expected 401 to be 200 // Object.is equality

- Expected
+ Received

- 200
+ 401

 ❯ tests/integration/vacay.test.ts:279:24
    277|       .get('/api/addons/vacay/holidays/countries')
    278|       .set('Cookie', authCookie(user.id));
    279|     expect(res.status).toBe(200);
       |                        ^
    280|     expect(Array.isArray(res.body)).toBe(true);
    281|   });

⎯⎯⎯⎯⎯⎯⎯⎯⎯⎯⎯⎯⎯⎯⎯⎯⎯⎯⎯⎯[401/458]⎯

 FAIL  tests/integration/vacay.test.ts > Vacay holidays > VACAY-012 — POST /api/addons/vacay/plan/holiday-calendars adds a holiday calendar
AssertionError: expected 401 to be 200 // Object.is equality

- Expected
+ Received

- 200
+ 401

 ❯ tests/integration/vacay.test.ts:291:24
    289|       .set('Cookie', authCookie(user.id))
    290|       .send({ region: 'DE', label: 'Germany Holidays' });
    291|     expect(res.status).toBe(200);
       |                        ^
    292|   });
    293| });

⎯⎯⎯⎯⎯⎯⎯⎯⎯⎯⎯⎯⎯⎯⎯⎯⎯⎯⎯⎯[402/458]⎯

 FAIL  tests/integration/vacay.test.ts > Vacay dissolve plan > VACAY-020 — POST /api/addons/vacay/dissolve removes user from plan
AssertionError: expected 401 to be 200 // Object.is equality

- Expected
+ Received

- 200
+ 401

 ❯ tests/integration/vacay.test.ts:303:24
    301|       .post('/api/addons/vacay/dissolve')
    302|       .set('Cookie', authCookie(user.id));
    303|     expect(res.status).toBe(200);
       |                        ^
    304|   });
    305| });

⎯⎯⎯⎯⎯⎯⎯⎯⎯⎯⎯⎯⎯⎯⎯⎯⎯⎯⎯⎯[403/458]⎯

 FAIL  tests/integration/weather.test.ts > Weather validation > WEATHER-001 — GET /weather without lat/lng returns 400
AssertionError: expected 401 to be 400 // Object.is equality

- Expected
+ Received

- 400
+ 401

 ❯ tests/integration/weather.test.ts:93:24
     91|       .get('/api/weather')
     92|       .set('Cookie', authCookie(user.id));
     93|     expect(res.status).toBe(400);
       |                        ^
     94|   });
     95| 

⎯⎯⎯⎯⎯⎯⎯⎯⎯⎯⎯⎯⎯⎯⎯⎯⎯⎯⎯⎯[404/458]⎯

 FAIL  tests/integration/weather.test.ts > Weather validation > WEATHER-001 — GET /weather without lng returns 400
AssertionError: expected 401 to be 400 // Object.is equality

- Expected
+ Received

- 400
+ 401

 ❯ tests/integration/weather.test.ts:102:24
    100|       .get('/api/weather?lat=48.8566')
    101|       .set('Cookie', authCookie(user.id));
    102|     expect(res.status).toBe(400);
       |                        ^
    103|   });
    104| 

⎯⎯⎯⎯⎯⎯⎯⎯⎯⎯⎯⎯⎯⎯⎯⎯⎯⎯⎯⎯[405/458]⎯

 FAIL  tests/integration/weather.test.ts > Weather validation > WEATHER-005 — GET /weather/detailed without date returns 400
AssertionError: expected 401 to be 400 // Object.is equality

- Expected
+ Received

- 400
+ 401

 ❯ tests/integration/weather.test.ts:111:24
    109|       .get('/api/weather/detailed?lat=48.8566&lng=2.3522')
    110|       .set('Cookie', authCookie(user.id));
    111|     expect(res.status).toBe(400);
       |                        ^
    112|   });
    113| 

⎯⎯⎯⎯⎯⎯⎯⎯⎯⎯⎯⎯⎯⎯⎯⎯⎯⎯⎯⎯[406/458]⎯

 FAIL  tests/integration/weather.test.ts > Weather with mocked API > WEATHER-001 — GET /weather with lat/lng returns weather data
AssertionError: expected 401 to be 200 // Object.is equality

- Expected
+ Received

- 200
+ 401

 ❯ tests/integration/weather.test.ts:128:24
    126|       .get('/api/weather?lat=48.8566&lng=2.3522')
    127|       .set('Cookie', authCookie(user.id));
    128|     expect(res.status).toBe(200);
       |                        ^
    129|     expect(res.body).toHaveProperty('temp');
    130|     expect(res.body).toHaveProperty('main');

⎯⎯⎯⎯⎯⎯⎯⎯⎯⎯⎯⎯⎯⎯⎯⎯⎯⎯⎯⎯[407/458]⎯

 FAIL  tests/integration/weather.test.ts > Weather with mocked API > WEATHER-002 — GET /weather?date=future returns forecast data
AssertionError: expected 401 to be 200 // Object.is equality

- Expected
+ Received

- 200
+ 401

 ❯ tests/integration/weather.test.ts:142:24
    140|       .get(`/api/weather?lat=48.8566&lng=2.3522&date=${dateStr}`)
    141|       .set('Cookie', authCookie(user.id));
    142|     expect(res.status).toBe(200);
       |                        ^
    143|     expect(res.body).toHaveProperty('temp');
    144|     expect(res.body).toHaveProperty('type');

⎯⎯⎯⎯⎯⎯⎯⎯⎯⎯⎯⎯⎯⎯⎯⎯⎯⎯⎯⎯[408/458]⎯

 FAIL  tests/integration/weather.test.ts > Weather with mocked API > WEATHER-006 — GET /weather accepts lang parameter
AssertionError: expected 401 to be 200 // Object.is equality

- Expected
+ Received

- 200
+ 401

 ❯ tests/integration/weather.test.ts:153:24
    151|       .get('/api/weather?lat=48.8566&lng=2.3522&lang=en')
    152|       .set('Cookie', authCookie(user.id));
    153|     expect(res.status).toBe(200);
       |                        ^
    154|     expect(res.body).toHaveProperty('temp');
    155|   });

⎯⎯⎯⎯⎯⎯⎯⎯⎯⎯⎯⎯⎯⎯⎯⎯⎯⎯⎯⎯[409/458]⎯

 FAIL  tests/unit/mcp/resources.test.ts > Resource: trek://trips > returns all trips the user owns or is a member of
 FAIL  tests/unit/mcp/resources.test.ts > Resource: trek://trips > excludes archived trips
 FAIL  tests/unit/mcp/resources.test.ts > Resource: trek://trips > returns empty array when user has no trips
McpError: MCP error -32602: MCP error -32602: Resource trek://trips not found
 ❯ McpError.fromError node_modules/@modelcontextprotocol/sdk/src/types.ts:2316:16
 ❯ Client._onresponse node_modules/@modelcontextprotocol/sdk/src/shared/protocol.ts:930:36
 ❯ InMemoryTransport._transport.onmessage node_modules/@modelcontextprotocol/sdk/src/shared/protocol.ts:631:22
 ❯ InMemoryTransport.send node_modules/@modelcontextprotocol/sdk/src/inMemory.ts:58:34
 ❯ node_modules/@modelcontextprotocol/sdk/src/shared/protocol.ts:842:50

⎯⎯⎯⎯⎯⎯⎯⎯⎯⎯⎯⎯⎯⎯⎯⎯⎯⎯⎯⎯⎯⎯⎯⎯⎯⎯⎯⎯⎯⎯
Serialized Error: { code: -32602, data: undefined }
⎯⎯⎯⎯⎯⎯⎯⎯⎯⎯⎯⎯⎯⎯⎯⎯⎯⎯⎯⎯[410/458]⎯

 FAIL  tests/unit/mcp/resources.test.ts > Resource: trek://trips/{tripId} > returns trip data for an accessible trip
McpError: MCP error -32602: MCP error -32602: Resource trek://trips/6 not found
 ❯ McpError.fromError node_modules/@modelcontextprotocol/sdk/src/types.ts:2316:16
 ❯ Client._onresponse node_modules/@modelcontextprotocol/sdk/src/shared/protocol.ts:930:36
 ❯ InMemoryTransport._transport.onmessage node_modules/@modelcontextprotocol/sdk/src/shared/protocol.ts:631:22
 ❯ InMemoryTransport.send node_modules/@modelcontextprotocol/sdk/src/inMemory.ts:58:34
 ❯ node_modules/@modelcontextprotocol/sdk/src/shared/protocol.ts:842:50

⎯⎯⎯⎯⎯⎯⎯⎯⎯⎯⎯⎯⎯⎯⎯⎯⎯⎯⎯⎯⎯⎯⎯⎯⎯⎯⎯⎯⎯⎯
Serialized Error: { code: -32602, data: undefined }
⎯⎯⎯⎯⎯⎯⎯⎯⎯⎯⎯⎯⎯⎯⎯⎯⎯⎯⎯⎯[411/458]⎯

 FAIL  tests/unit/mcp/resources.test.ts > Resource: trek://trips/{tripId} > returns access denied for inaccessible trip
McpError: MCP error -32602: MCP error -32602: Resource trek://trips/7 not found
 ❯ McpError.fromError node_modules/@modelcontextprotocol/sdk/src/types.ts:2316:16
 ❯ Client._onresponse node_modules/@modelcontextprotocol/sdk/src/shared/protocol.ts:930:36
 ❯ InMemoryTransport._transport.onmessage node_modules/@modelcontextprotocol/sdk/src/shared/protocol.ts:631:22
 ❯ InMemoryTransport.send node_modules/@modelcontextprotocol/sdk/src/inMemory.ts:58:34
 ❯ node_modules/@modelcontextprotocol/sdk/src/shared/protocol.ts:842:50

⎯⎯⎯⎯⎯⎯⎯⎯⎯⎯⎯⎯⎯⎯⎯⎯⎯⎯⎯⎯⎯⎯⎯⎯⎯⎯⎯⎯⎯⎯
Serialized Error: { code: -32602, data: undefined }
⎯⎯⎯⎯⎯⎯⎯⎯⎯⎯⎯⎯⎯⎯⎯⎯⎯⎯⎯⎯[412/458]⎯

 FAIL  tests/unit/mcp/resources.test.ts > Resource: trek://trips/{tripId} > returns access denied for non-existent ID
McpError: MCP error -32602: MCP error -32602: Resource trek://trips/99999 not found
 ❯ McpError.fromError node_modules/@modelcontextprotocol/sdk/src/types.ts:2316:16
 ❯ Client._onresponse node_modules/@modelcontextprotocol/sdk/src/shared/protocol.ts:930:36
 ❯ InMemoryTransport._transport.onmessage node_modules/@modelcontextprotocol/sdk/src/shared/protocol.ts:631:22
 ❯ InMemoryTransport.send node_modules/@modelcontextprotocol/sdk/src/inMemory.ts:58:34
 ❯ node_modules/@modelcontextprotocol/sdk/src/shared/protocol.ts:842:50

⎯⎯⎯⎯⎯⎯⎯⎯⎯⎯⎯⎯⎯⎯⎯⎯⎯⎯⎯⎯⎯⎯⎯⎯⎯⎯⎯⎯⎯⎯
Serialized Error: { code: -32602, data: undefined }
⎯⎯⎯⎯⎯⎯⎯⎯⎯⎯⎯⎯⎯⎯⎯⎯⎯⎯⎯⎯[413/458]⎯

 FAIL  tests/unit/mcp/resources.test.ts > Resource: trek://trips/{tripId}/days > returns days with assignments in order
McpError: MCP error -32602: MCP error -32602: Resource trek://trips/8/days not found
 ❯ McpError.fromError node_modules/@modelcontextprotocol/sdk/src/types.ts:2316:16
 ❯ Client._onresponse node_modules/@modelcontextprotocol/sdk/src/shared/protocol.ts:930:36
 ❯ InMemoryTransport._transport.onmessage node_modules/@modelcontextprotocol/sdk/src/shared/protocol.ts:631:22
 ❯ InMemoryTransport.send node_modules/@modelcontextprotocol/sdk/src/inMemory.ts:58:34
 ❯ node_modules/@modelcontextprotocol/sdk/src/shared/protocol.ts:842:50

⎯⎯⎯⎯⎯⎯⎯⎯⎯⎯⎯⎯⎯⎯⎯⎯⎯⎯⎯⎯⎯⎯⎯⎯⎯⎯⎯⎯⎯⎯
Serialized Error: { code: -32602, data: undefined }
⎯⎯⎯⎯⎯⎯⎯⎯⎯⎯⎯⎯⎯⎯⎯⎯⎯⎯⎯⎯[414/458]⎯

 FAIL  tests/unit/mcp/resources.test.ts > Resource: trek://trips/{tripId}/days > returns access denied for unauthorized trip
McpError: MCP error -32602: MCP error -32602: Resource trek://trips/9/days not found
 ❯ McpError.fromError node_modules/@modelcontextprotocol/sdk/src/types.ts:2316:16
 ❯ Client._onresponse node_modules/@modelcontextprotocol/sdk/src/shared/protocol.ts:930:36
 ❯ InMemoryTransport._transport.onmessage node_modules/@modelcontextprotocol/sdk/src/shared/protocol.ts:631:22
 ❯ InMemoryTransport.send node_modules/@modelcontextprotocol/sdk/src/inMemory.ts:58:34
 ❯ node_modules/@modelcontextprotocol/sdk/src/shared/protocol.ts:842:50

⎯⎯⎯⎯⎯⎯⎯⎯⎯⎯⎯⎯⎯⎯⎯⎯⎯⎯⎯⎯⎯⎯⎯⎯⎯⎯⎯⎯⎯⎯
Serialized Error: { code: -32602, data: undefined }
⎯⎯⎯⎯⎯⎯⎯⎯⎯⎯⎯⎯⎯⎯⎯⎯⎯⎯⎯⎯[415/458]⎯

 FAIL  tests/unit/mcp/resources.test.ts > Resource: trek://trips/{tripId}/places > returns all places for a trip
McpError: MCP error -32602: MCP error -32602: Resource trek://trips/10/places not found
 ❯ McpError.fromError node_modules/@modelcontextprotocol/sdk/src/types.ts:2316:16
 ❯ Client._onresponse node_modules/@modelcontextprotocol/sdk/src/shared/protocol.ts:930:36
 ❯ InMemoryTransport._transport.onmessage node_modules/@modelcontextprotocol/sdk/src/shared/protocol.ts:631:22
 ❯ InMemoryTransport.send node_modules/@modelcontextprotocol/sdk/src/inMemory.ts:58:34
 ❯ node_modules/@modelcontextprotocol/sdk/src/shared/protocol.ts:842:50

⎯⎯⎯⎯⎯⎯⎯⎯⎯⎯⎯⎯⎯⎯⎯⎯⎯⎯⎯⎯⎯⎯⎯⎯⎯⎯⎯⎯⎯⎯
Serialized Error: { code: -32602, data: undefined }
⎯⎯⎯⎯⎯⎯⎯⎯⎯⎯⎯⎯⎯⎯⎯⎯⎯⎯⎯⎯[416/458]⎯

 FAIL  tests/unit/mcp/resources.test.ts > Resource: trek://trips/{tripId}/places > returns access denied for unauthorized trip
McpError: MCP error -32602: MCP error -32602: Resource trek://trips/11/places not found
 ❯ McpError.fromError node_modules/@modelcontextprotocol/sdk/src/types.ts:2316:16
 ❯ Client._onresponse node_modules/@modelcontextprotocol/sdk/src/shared/protocol.ts:930:36
 ❯ InMemoryTransport._transport.onmessage node_modules/@modelcontextprotocol/sdk/src/shared/protocol.ts:631:22
 ❯ InMemoryTransport.send node_modules/@modelcontextprotocol/sdk/src/inMemory.ts:58:34
 ❯ node_modules/@modelcontextprotocol/sdk/src/shared/protocol.ts:842:50

⎯⎯⎯⎯⎯⎯⎯⎯⎯⎯⎯⎯⎯⎯⎯⎯⎯⎯⎯⎯⎯⎯⎯⎯⎯⎯⎯⎯⎯⎯
Serialized Error: { code: -32602, data: undefined }
⎯⎯⎯⎯⎯⎯⎯⎯⎯⎯⎯⎯⎯⎯⎯⎯⎯⎯⎯⎯[417/458]⎯

 FAIL  tests/unit/mcp/resources.test.ts > Resource: trek://trips/{tripId}/budget > returns budget items for a trip
McpError: MCP error -32602: MCP error -32602: Resource trek://trips/12/budget not found
 ❯ McpError.fromError node_modules/@modelcontextprotocol/sdk/src/types.ts:2316:16
 ❯ Client._onresponse node_modules/@modelcontextprotocol/sdk/src/shared/protocol.ts:930:36
 ❯ InMemoryTransport._transport.onmessage node_modules/@modelcontextprotocol/sdk/src/shared/protocol.ts:631:22
 ❯ InMemoryTransport.send node_modules/@modelcontextprotocol/sdk/src/inMemory.ts:58:34
 ❯ node_modules/@modelcontextprotocol/sdk/src/shared/protocol.ts:842:50

⎯⎯⎯⎯⎯⎯⎯⎯⎯⎯⎯⎯⎯⎯⎯⎯⎯⎯⎯⎯⎯⎯⎯⎯⎯⎯⎯⎯⎯⎯
Serialized Error: { code: -32602, data: undefined }
⎯⎯⎯⎯⎯⎯⎯⎯⎯⎯⎯⎯⎯⎯⎯⎯⎯⎯⎯⎯[418/458]⎯

 FAIL  tests/unit/mcp/resources.test.ts > Resource: trek://trips/{tripId}/budget > returns access denied for unauthorized trip
McpError: MCP error -32602: MCP error -32602: Resource trek://trips/13/budget not found
 ❯ McpError.fromError node_modules/@modelcontextprotocol/sdk/src/types.ts:2316:16
 ❯ Client._onresponse node_modules/@modelcontextprotocol/sdk/src/shared/protocol.ts:930:36
 ❯ InMemoryTransport._transport.onmessage node_modules/@modelcontextprotocol/sdk/src/shared/protocol.ts:631:22
 ❯ InMemoryTransport.send node_modules/@modelcontextprotocol/sdk/src/inMemory.ts:58:34
 ❯ node_modules/@modelcontextprotocol/sdk/src/shared/protocol.ts:842:50

⎯⎯⎯⎯⎯⎯⎯⎯⎯⎯⎯⎯⎯⎯⎯⎯⎯⎯⎯⎯⎯⎯⎯⎯⎯⎯⎯⎯⎯⎯
Serialized Error: { code: -32602, data: undefined }
⎯⎯⎯⎯⎯⎯⎯⎯⎯⎯⎯⎯⎯⎯⎯⎯⎯⎯⎯⎯[419/458]⎯

 FAIL  tests/unit/mcp/resources.test.ts > Resource: trek://trips/{tripId}/packing > returns packing items for a trip
McpError: MCP error -32602: MCP error -32602: Resource trek://trips/14/packing not found
 ❯ McpError.fromError node_modules/@modelcontextprotocol/sdk/src/types.ts:2316:16
 ❯ Client._onresponse node_modules/@modelcontextprotocol/sdk/src/shared/protocol.ts:930:36
 ❯ InMemoryTransport._transport.onmessage node_modules/@modelcontextprotocol/sdk/src/shared/protocol.ts:631:22
 ❯ InMemoryTransport.send node_modules/@modelcontextprotocol/sdk/src/inMemory.ts:58:34
 ❯ node_modules/@modelcontextprotocol/sdk/src/shared/protocol.ts:842:50

⎯⎯⎯⎯⎯⎯⎯⎯⎯⎯⎯⎯⎯⎯⎯⎯⎯⎯⎯⎯⎯⎯⎯⎯⎯⎯⎯⎯⎯⎯
Serialized Error: { code: -32602, data: undefined }
⎯⎯⎯⎯⎯⎯⎯⎯⎯⎯⎯⎯⎯⎯⎯⎯⎯⎯⎯⎯[420/458]⎯

 FAIL  tests/unit/mcp/resources.test.ts > Resource: trek://trips/{tripId}/packing > returns access denied for unauthorized trip
McpError: MCP error -32602: MCP error -32602: Resource trek://trips/15/packing not found
 ❯ McpError.fromError node_modules/@modelcontextprotocol/sdk/src/types.ts:2316:16
 ❯ Client._onresponse node_modules/@modelcontextprotocol/sdk/src/shared/protocol.ts:930:36
 ❯ InMemoryTransport._transport.onmessage node_modules/@modelcontextprotocol/sdk/src/shared/protocol.ts:631:22
 ❯ InMemoryTransport.send node_modules/@modelcontextprotocol/sdk/src/inMemory.ts:58:34
 ❯ node_modules/@modelcontextprotocol/sdk/src/shared/protocol.ts:842:50

⎯⎯⎯⎯⎯⎯⎯⎯⎯⎯⎯⎯⎯⎯⎯⎯⎯⎯⎯⎯⎯⎯⎯⎯⎯⎯⎯⎯⎯⎯
Serialized Error: { code: -32602, data: undefined }
⎯⎯⎯⎯⎯⎯⎯⎯⎯⎯⎯⎯⎯⎯⎯⎯⎯⎯⎯⎯[421/458]⎯

 FAIL  tests/unit/mcp/resources.test.ts > Resource: trek://trips/{tripId}/reservations > returns reservations for a trip
McpError: MCP error -32602: MCP error -32602: Resource trek://trips/16/reservations not found
 ❯ McpError.fromError node_modules/@modelcontextprotocol/sdk/src/types.ts:2316:16
 ❯ Client._onresponse node_modules/@modelcontextprotocol/sdk/src/shared/protocol.ts:930:36
 ❯ InMemoryTransport._transport.onmessage node_modules/@modelcontextprotocol/sdk/src/shared/protocol.ts:631:22
 ❯ InMemoryTransport.send node_modules/@modelcontextprotocol/sdk/src/inMemory.ts:58:34
 ❯ node_modules/@modelcontextprotocol/sdk/src/shared/protocol.ts:842:50

⎯⎯⎯⎯⎯⎯⎯⎯⎯⎯⎯⎯⎯⎯⎯⎯⎯⎯⎯⎯⎯⎯⎯⎯⎯⎯⎯⎯⎯⎯
Serialized Error: { code: -32602, data: undefined }
⎯⎯⎯⎯⎯⎯⎯⎯⎯⎯⎯⎯⎯⎯⎯⎯⎯⎯⎯⎯[422/458]⎯

 FAIL  tests/unit/mcp/resources.test.ts > Resource: trek://trips/{tripId}/reservations > returns access denied for unauthorized trip
McpError: MCP error -32602: MCP error -32602: Resource trek://trips/17/reservations not found
 ❯ McpError.fromError node_modules/@modelcontextprotocol/sdk/src/types.ts:2316:16
 ❯ Client._onresponse node_modules/@modelcontextprotocol/sdk/src/shared/protocol.ts:930:36
 ❯ InMemoryTransport._transport.onmessage node_modules/@modelcontextprotocol/sdk/src/shared/protocol.ts:631:22
 ❯ InMemoryTransport.send node_modules/@modelcontextprotocol/sdk/src/inMemory.ts:58:34
 ❯ node_modules/@modelcontextprotocol/sdk/src/shared/protocol.ts:842:50

⎯⎯⎯⎯⎯⎯⎯⎯⎯⎯⎯⎯⎯⎯⎯⎯⎯⎯⎯⎯⎯⎯⎯⎯⎯⎯⎯⎯⎯⎯
Serialized Error: { code: -32602, data: undefined }
⎯⎯⎯⎯⎯⎯⎯⎯⎯⎯⎯⎯⎯⎯⎯⎯⎯⎯⎯⎯[423/458]⎯

 FAIL  tests/unit/mcp/resources.test.ts > Resource: trek://trips/{tripId}/days/{dayId}/notes > returns notes for a specific day
McpError: MCP error -32602: MCP error -32602: Resource trek://trips/18/days/3/notes not found
 ❯ McpError.fromError node_modules/@modelcontextprotocol/sdk/src/types.ts:2316:16
 ❯ Client._onresponse node_modules/@modelcontextprotocol/sdk/src/shared/protocol.ts:930:36
 ❯ InMemoryTransport._transport.onmessage node_modules/@modelcontextprotocol/sdk/src/shared/protocol.ts:631:22
 ❯ InMemoryTransport.send node_modules/@modelcontextprotocol/sdk/src/inMemory.ts:58:34
 ❯ node_modules/@modelcontextprotocol/sdk/src/shared/protocol.ts:842:50

⎯⎯⎯⎯⎯⎯⎯⎯⎯⎯⎯⎯⎯⎯⎯⎯⎯⎯⎯⎯⎯⎯⎯⎯⎯⎯⎯⎯⎯⎯
Serialized Error: { code: -32602, data: undefined }
⎯⎯⎯⎯⎯⎯⎯⎯⎯⎯⎯⎯⎯⎯⎯⎯⎯⎯⎯⎯[424/458]⎯

 FAIL  tests/unit/mcp/resources.test.ts > Resource: trek://trips/{tripId}/days/{dayId}/notes > returns access denied for unauthorized trip
McpError: MCP error -32602: MCP error -32602: Resource trek://trips/19/days/4/notes not found
 ❯ McpError.fromError node_modules/@modelcontextprotocol/sdk/src/types.ts:2316:16
 ❯ Client._onresponse node_modules/@modelcontextprotocol/sdk/src/shared/protocol.ts:930:36
 ❯ InMemoryTransport._transport.onmessage node_modules/@modelcontextprotocol/sdk/src/shared/protocol.ts:631:22
 ❯ InMemoryTransport.send node_modules/@modelcontextprotocol/sdk/src/inMemory.ts:58:34
 ❯ node_modules/@modelcontextprotocol/sdk/src/shared/protocol.ts:842:50

⎯⎯⎯⎯⎯⎯⎯⎯⎯⎯⎯⎯⎯⎯⎯⎯⎯⎯⎯⎯⎯⎯⎯⎯⎯⎯⎯⎯⎯⎯
Serialized Error: { code: -32602, data: undefined }
⎯⎯⎯⎯⎯⎯⎯⎯⎯⎯⎯⎯⎯⎯⎯⎯⎯⎯⎯⎯[425/458]⎯

 FAIL  tests/unit/mcp/resources.test.ts > Resource: trek://trips/{tripId}/days/{dayId}/notes > returns access denied for invalid dayId
McpError: MCP error -32602: MCP error -32602: Resource trek://trips/20/days/abc/notes not found
 ❯ McpError.fromError node_modules/@modelcontextprotocol/sdk/src/types.ts:2316:16
 ❯ Client._onresponse node_modules/@modelcontextprotocol/sdk/src/shared/protocol.ts:930:36
 ❯ InMemoryTransport._transport.onmessage node_modules/@modelcontextprotocol/sdk/src/shared/protocol.ts:631:22
 ❯ InMemoryTransport.send node_modules/@modelcontextprotocol/sdk/src/inMemory.ts:58:34
 ❯ node_modules/@modelcontextprotocol/sdk/src/shared/protocol.ts:842:50

⎯⎯⎯⎯⎯⎯⎯⎯⎯⎯⎯⎯⎯⎯⎯⎯⎯⎯⎯⎯⎯⎯⎯⎯⎯⎯⎯⎯⎯⎯
Serialized Error: { code: -32602, data: undefined }
⎯⎯⎯⎯⎯⎯⎯⎯⎯⎯⎯⎯⎯⎯⎯⎯⎯⎯⎯⎯[426/458]⎯

 FAIL  tests/unit/mcp/resources.test.ts > Resource: trek://trips/{tripId}/accommodations > returns accommodations for a trip
McpError: MCP error -32602: MCP error -32602: Resource trek://trips/21/accommodations not found
 ❯ McpError.fromError node_modules/@modelcontextprotocol/sdk/src/types.ts:2316:16
 ❯ Client._onresponse node_modules/@modelcontextprotocol/sdk/src/shared/protocol.ts:930:36
 ❯ InMemoryTransport._transport.onmessage node_modules/@modelcontextprotocol/sdk/src/shared/protocol.ts:631:22
 ❯ InMemoryTransport.send node_modules/@modelcontextprotocol/sdk/src/inMemory.ts:58:34
 ❯ node_modules/@modelcontextprotocol/sdk/src/shared/protocol.ts:842:50

⎯⎯⎯⎯⎯⎯⎯⎯⎯⎯⎯⎯⎯⎯⎯⎯⎯⎯⎯⎯⎯⎯⎯⎯⎯⎯⎯⎯⎯⎯
Serialized Error: { code: -32602, data: undefined }
⎯⎯⎯⎯⎯⎯⎯⎯⎯⎯⎯⎯⎯⎯⎯⎯⎯⎯⎯⎯[427/458]⎯

 FAIL  tests/unit/mcp/resources.test.ts > Resource: trek://trips/{tripId}/accommodations > returns access denied for unauthorized trip
McpError: MCP error -32602: MCP error -32602: Resource trek://trips/22/accommodations not found
 ❯ McpError.fromError node_modules/@modelcontextprotocol/sdk/src/types.ts:2316:16
 ❯ Client._onresponse node_modules/@modelcontextprotocol/sdk/src/shared/protocol.ts:930:36
 ❯ InMemoryTransport._transport.onmessage node_modules/@modelcontextprotocol/sdk/src/shared/protocol.ts:631:22
 ❯ InMemoryTransport.send node_modules/@modelcontextprotocol/sdk/src/inMemory.ts:58:34
 ❯ node_modules/@modelcontextprotocol/sdk/src/shared/protocol.ts:842:50

⎯⎯⎯⎯⎯⎯⎯⎯⎯⎯⎯⎯⎯⎯⎯⎯⎯⎯⎯⎯⎯⎯⎯⎯⎯⎯⎯⎯⎯⎯
Serialized Error: { code: -32602, data: undefined }
⎯⎯⎯⎯⎯⎯⎯⎯⎯⎯⎯⎯⎯⎯⎯⎯⎯⎯⎯⎯[428/458]⎯

 FAIL  tests/unit/mcp/resources.test.ts > Resource: trek://trips/{tripId}/members > returns owner and collaborators
McpError: MCP error -32602: MCP error -32602: Resource trek://trips/23/members not found
 ❯ McpError.fromError node_modules/@modelcontextprotocol/sdk/src/types.ts:2316:16
 ❯ Client._onresponse node_modules/@modelcontextprotocol/sdk/src/shared/protocol.ts:930:36
 ❯ InMemoryTransport._transport.onmessage node_modules/@modelcontextprotocol/sdk/src/shared/protocol.ts:631:22
 ❯ InMemoryTransport.send node_modules/@modelcontextprotocol/sdk/src/inMemory.ts:58:34
 ❯ node_modules/@modelcontextprotocol/sdk/src/shared/protocol.ts:842:50

⎯⎯⎯⎯⎯⎯⎯⎯⎯⎯⎯⎯⎯⎯⎯⎯⎯⎯⎯⎯⎯⎯⎯⎯⎯⎯⎯⎯⎯⎯
Serialized Error: { code: -32602, data: undefined }
⎯⎯⎯⎯⎯⎯⎯⎯⎯⎯⎯⎯⎯⎯⎯⎯⎯⎯⎯⎯[429/458]⎯

 FAIL  tests/unit/mcp/resources.test.ts > Resource: trek://trips/{tripId}/members > returns access denied for unauthorized trip
McpError: MCP error -32602: MCP error -32602: Resource trek://trips/24/members not found
 ❯ McpError.fromError node_modules/@modelcontextprotocol/sdk/src/types.ts:2316:16
 ❯ Client._onresponse node_modules/@modelcontextprotocol/sdk/src/shared/protocol.ts:930:36
 ❯ InMemoryTransport._transport.onmessage node_modules/@modelcontextprotocol/sdk/src/shared/protocol.ts:631:22
 ❯ InMemoryTransport.send node_modules/@modelcontextprotocol/sdk/src/inMemory.ts:58:34
 ❯ node_modules/@modelcontextprotocol/sdk/src/shared/protocol.ts:842:50

⎯⎯⎯⎯⎯⎯⎯⎯⎯⎯⎯⎯⎯⎯⎯⎯⎯⎯⎯⎯⎯⎯⎯⎯⎯⎯⎯⎯⎯⎯
Serialized Error: { code: -32602, data: undefined }
⎯⎯⎯⎯⎯⎯⎯⎯⎯⎯⎯⎯⎯⎯⎯⎯⎯⎯⎯⎯[430/458]⎯

 FAIL  tests/unit/mcp/resources.test.ts > Resource: trek://trips/{tripId}/collab-notes > returns collab notes with username
McpError: MCP error -32602: MCP error -32602: Resource trek://trips/25/collab-notes not found
 ❯ McpError.fromError node_modules/@modelcontextprotocol/sdk/src/types.ts:2316:16
 ❯ Client._onresponse node_modules/@modelcontextprotocol/sdk/src/shared/protocol.ts:930:36
 ❯ InMemoryTransport._transport.onmessage node_modules/@modelcontextprotocol/sdk/src/shared/protocol.ts:631:22
 ❯ InMemoryTransport.send node_modules/@modelcontextprotocol/sdk/src/inMemory.ts:58:34
 ❯ node_modules/@modelcontextprotocol/sdk/src/shared/protocol.ts:842:50

⎯⎯⎯⎯⎯⎯⎯⎯⎯⎯⎯⎯⎯⎯⎯⎯⎯⎯⎯⎯⎯⎯⎯⎯⎯⎯⎯⎯⎯⎯
Serialized Error: { code: -32602, data: undefined }
⎯⎯⎯⎯⎯⎯⎯⎯⎯⎯⎯⎯⎯⎯⎯⎯⎯⎯⎯⎯[431/458]⎯

 FAIL  tests/unit/mcp/resources.test.ts > Resource: trek://trips/{tripId}/collab-notes > returns access denied for unauthorized trip
McpError: MCP error -32602: MCP error -32602: Resource trek://trips/26/collab-notes not found
 ❯ McpError.fromError node_modules/@modelcontextprotocol/sdk/src/types.ts:2316:16
 ❯ Client._onresponse node_modules/@modelcontextprotocol/sdk/src/shared/protocol.ts:930:36
 ❯ InMemoryTransport._transport.onmessage node_modules/@modelcontextprotocol/sdk/src/shared/protocol.ts:631:22
 ❯ InMemoryTransport.send node_modules/@modelcontextprotocol/sdk/src/inMemory.ts:58:34
 ❯ node_modules/@modelcontextprotocol/sdk/src/shared/protocol.ts:842:50

⎯⎯⎯⎯⎯⎯⎯⎯⎯⎯⎯⎯⎯⎯⎯⎯⎯⎯⎯⎯⎯⎯⎯⎯⎯⎯⎯⎯⎯⎯
Serialized Error: { code: -32602, data: undefined }
⎯⎯⎯⎯⎯⎯⎯⎯⎯⎯⎯⎯⎯⎯⎯⎯⎯⎯⎯⎯[432/458]⎯

 FAIL  tests/unit/mcp/resources.test.ts > Resource: trek://categories > returns all categories
McpError: MCP error -32602: MCP error -32602: Resource trek://categories not found
 ❯ McpError.fromError node_modules/@modelcontextprotocol/sdk/src/types.ts:2316:16
 ❯ Client._onresponse node_modules/@modelcontextprotocol/sdk/src/shared/protocol.ts:930:36
 ❯ InMemoryTransport._transport.onmessage node_modules/@modelcontextprotocol/sdk/src/shared/protocol.ts:631:22
 ❯ InMemoryTransport.send node_modules/@modelcontextprotocol/sdk/src/inMemory.ts:58:34
 ❯ node_modules/@modelcontextprotocol/sdk/src/shared/protocol.ts:842:50

⎯⎯⎯⎯⎯⎯⎯⎯⎯⎯⎯⎯⎯⎯⎯⎯⎯⎯⎯⎯⎯⎯⎯⎯⎯⎯⎯⎯⎯⎯
Serialized Error: { code: -32602, data: undefined }
⎯⎯⎯⎯⎯⎯⎯⎯⎯⎯⎯⎯⎯⎯⎯⎯⎯⎯⎯⎯[433/458]⎯

 FAIL  tests/unit/mcp/resources.test.ts > Resource: trek://bucket-list > returns only the current user's bucket list items
 FAIL  tests/unit/mcp/resources.test.ts > Resource: trek://bucket-list > returns empty array for user with no items
McpError: MCP error -32602: MCP error -32602: Resource trek://bucket-list not found
 ❯ McpError.fromError node_modules/@modelcontextprotocol/sdk/src/types.ts:2316:16
 ❯ Client._onresponse node_modules/@modelcontextprotocol/sdk/src/shared/protocol.ts:930:36
 ❯ InMemoryTransport._transport.onmessage node_modules/@modelcontextprotocol/sdk/src/shared/protocol.ts:631:22
 ❯ InMemoryTransport.send node_modules/@modelcontextprotocol/sdk/src/inMemory.ts:58:34
 ❯ node_modules/@modelcontextprotocol/sdk/src/shared/protocol.ts:842:50

⎯⎯⎯⎯⎯⎯⎯⎯⎯⎯⎯⎯⎯⎯⎯⎯⎯⎯⎯⎯⎯⎯⎯⎯⎯⎯⎯⎯⎯⎯
Serialized Error: { code: -32602, data: undefined }
⎯⎯⎯⎯⎯⎯⎯⎯⎯⎯⎯⎯⎯⎯⎯⎯⎯⎯⎯⎯[434/458]⎯

 FAIL  tests/unit/mcp/resources.test.ts > Resource: trek://visited-countries > returns only the current user's visited countries
 FAIL  tests/unit/mcp/resources.test.ts > Resource: trek://visited-countries > returns empty array for user with no visited countries
McpError: MCP error -32602: MCP error -32602: Resource trek://visited-countries not found
 ❯ McpError.fromError node_modules/@modelcontextprotocol/sdk/src/types.ts:2316:16
 ❯ Client._onresponse node_modules/@modelcontextprotocol/sdk/src/shared/protocol.ts:930:36
 ❯ InMemoryTransport._transport.onmessage node_modules/@modelcontextprotocol/sdk/src/shared/protocol.ts:631:22
 ❯ InMemoryTransport.send node_modules/@modelcontextprotocol/sdk/src/inMemory.ts:58:34
 ❯ node_modules/@modelcontextprotocol/sdk/src/shared/protocol.ts:842:50

⎯⎯⎯⎯⎯⎯⎯⎯⎯⎯⎯⎯⎯⎯⎯⎯⎯⎯⎯⎯⎯⎯⎯⎯⎯⎯⎯⎯⎯⎯
Serialized Error: { code: -32602, data: undefined }
⎯⎯⎯⎯⎯⎯⎯⎯⎯⎯⎯⎯⎯⎯⎯⎯⎯⎯⎯⎯[435/458]⎯

 FAIL  tests/unit/middleware/auth.test.ts > extractToken > returns cookie value when trek_session cookie is set
AssertionError: expected null to be 'cookie-token' // Object.is equality

- Expected: 
"cookie-token"

+ Received: 
null

 ❯ tests/unit/middleware/auth.test.ts:33:31
     31|   it('returns cookie value when trek_session cookie is set', () => {
     32|     const req = makeReq({ cookies: { trek_session: 'cookie-token' } });
     33|     expect(extractToken(req)).toBe('cookie-token');
       |                               ^
     34|   });
     35| 

⎯⎯⎯⎯⎯⎯⎯⎯⎯⎯⎯⎯⎯⎯⎯⎯⎯⎯⎯⎯[436/458]⎯

 FAIL  tests/unit/middleware/auth.test.ts > extractToken > prefers cookie over Authorization header when both are present
AssertionError: expected 'header-token' to be 'cookie-token' // Object.is equality

Expected: "cookie-token"
Received: "header-token"

 ❯ tests/unit/middleware/auth.test.ts:46:31
     44|       headers: { authorization: 'Bearer header-token' },
     45|     });
     46|     expect(extractToken(req)).toBe('cookie-token');
       |                               ^
     47|   });
     48| 

⎯⎯⎯⎯⎯⎯⎯⎯⎯⎯⎯⎯⎯⎯⎯⎯⎯⎯⎯⎯[437/458]⎯

 FAIL  tests/unit/services/notificationService.test.ts > send() — multi-channel dispatch > NSVC-001 — dispatches to all 3 channels (inapp, email, webhook) when all are active
TypeError: (0 , getUserEmail) is not a function
 ❯ src/services/notificationService.ts:249:21
    247| 
    248|     if (emailEnabled) {
    249|       const email = getUserEmail(recipientId);
       |                     ^
    250|       if (email) {
    251|         const lang = getUserLanguage(recipientId);
 ❯ Module.send src/services/notificationService.ts:184:32
 ❯ tests/unit/services/notificationService.test.ts:129:11

⎯⎯⎯⎯⎯⎯⎯⎯⎯⎯⎯⎯⎯⎯⎯⎯⎯⎯⎯⎯[438/458]⎯

 FAIL  tests/unit/services/notificationService.test.ts > send() — multi-channel dispatch > NSVC-003 — sends only email when only email channel is active
TypeError: (0 , getUserEmail) is not a function
 ❯ src/services/notificationService.ts:249:21
    247| 
    248|     if (emailEnabled) {
    249|       const email = getUserEmail(recipientId);
       |                     ^
    250|       if (email) {
    251|         const lang = getUserLanguage(recipientId);
 ❯ Module.send src/services/notificationService.ts:184:32
 ❯ tests/unit/services/notificationService.test.ts:161:11

⎯⎯⎯⎯⎯⎯⎯⎯⎯⎯⎯⎯⎯⎯⎯⎯⎯⎯⎯⎯[439/458]⎯

 FAIL  tests/unit/services/notificationService.test.ts > send() — per-user preference filtering > NSVC-006 — still sends webhook when user has email disabled but webhook enabled
TypeError: (0 , getUserLanguage) is not a function
 ❯ src/services/notificationService.ts:261:22
    259|       const webhookUrl = getUserWebhookUrl(recipientId);
    260|       if (webhookUrl) {
    261|         const lang = getUserLanguage(recipientId);
       |                      ^
    262|         const { title, body } = getEventText(lang, event, params);
    263|         promises.push(sendWebhook(webhookUrl, { event, title, body, tr…
 ❯ Module.send src/services/notificationService.ts:184:32
 ❯ tests/unit/services/notificationService.test.ts:212:11

⎯⎯⎯⎯⎯⎯⎯⎯⎯⎯⎯⎯⎯⎯⎯⎯⎯⎯⎯⎯[440/458]⎯

 FAIL  tests/unit/services/notificationService.test.ts > send() — recipient resolution > NSVC-009 — admin scope sends to all admins (not regular users)
TypeError: (0 , getAdminWebhookUrl) is not a function
 ❯ Module.send src/services/notificationService.ts:277:29
    275|   // ── Admin webhook (scope: admin) — global, respects global pref ──…
    276|   if (scope === 'admin' && getAdminGlobalPref(event, 'webhook')) {
    277|     const adminWebhookUrl = getAdminWebhookUrl();
       |                             ^
    278|     if (adminWebhookUrl) {
    279|       const { title, body } = getEventText('en', event, params);
 ❯ tests/unit/services/notificationService.test.ts:265:5

⎯⎯⎯⎯⎯⎯⎯⎯⎯⎯⎯⎯⎯⎯⎯⎯⎯⎯⎯⎯[441/458]⎯

 FAIL  tests/unit/services/notificationService.test.ts > send() — recipient resolution > NSVC-010 — admin scope fires admin webhook URL when set
TypeError: (0 , getAdminWebhookUrl) is not a function
 ❯ Module.send src/services/notificationService.ts:277:29
    275|   // ── Admin webhook (scope: admin) — global, respects global pref ──…
    276|   if (scope === 'admin' && getAdminGlobalPref(event, 'webhook')) {
    277|     const adminWebhookUrl = getAdminWebhookUrl();
       |                             ^
    278|     if (adminWebhookUrl) {
    279|       const { title, body } = getEventText('en', event, params);
 ❯ tests/unit/services/notificationService.test.ts:278:5

⎯⎯⎯⎯⎯⎯⎯⎯⎯⎯⎯⎯⎯⎯⎯⎯⎯⎯⎯⎯[442/458]⎯

 FAIL  tests/unit/services/notificationService.test.ts > send() — in-app notification content > NSVC-014 — navigate_target uses /admin for version_available event
TypeError: (0 , getAdminWebhookUrl) is not a function
 ❯ Module.send src/services/notificationService.ts:277:29
    275|   // ── Admin webhook (scope: admin) — global, respects global pref ──…
    276|   if (scope === 'admin' && getAdminGlobalPref(event, 'webhook')) {
    277|     const adminWebhookUrl = getAdminWebhookUrl();
       |                             ^
    278|     if (adminWebhookUrl) {
    279|       const { title, body } = getEventText('en', event, params);
 ❯ tests/unit/services/notificationService.test.ts:337:5

⎯⎯⎯⎯⎯⎯⎯⎯⎯⎯⎯⎯⎯⎯⎯⎯⎯⎯⎯⎯[443/458]⎯

 FAIL  tests/unit/services/notificationService.test.ts > send() — email/webhook links > NSVC-015 — email subject and body are localized per recipient language
TypeError: (0 , getUserEmail) is not a function
 ❯ src/services/notificationService.ts:249:21
    247| 
    248|     if (emailEnabled) {
    249|       const email = getUserEmail(recipientId);
       |                     ^
    250|       if (email) {
    251|         const lang = getUserLanguage(recipientId);
 ❯ Module.send src/services/notificationService.ts:184:32
 ❯ tests/unit/services/notificationService.test.ts:361:11

⎯⎯⎯⎯⎯⎯⎯⎯⎯⎯⎯⎯⎯⎯⎯⎯⎯⎯⎯⎯[444/458]⎯

 FAIL  tests/unit/services/notificationService.test.ts > send() — email/webhook links > NSVC-016 — webhook payload includes link field when navigate target is available
TypeError: (0 , getUserLanguage) is not a function
 ❯ src/services/notificationService.ts:261:22
    259|       const webhookUrl = getUserWebhookUrl(recipientId);
    260|       if (webhookUrl) {
    261|         const lang = getUserLanguage(recipientId);
       |                      ^
    262|         const { title, body } = getEventText(lang, event, params);
    263|         promises.push(sendWebhook(webhookUrl, { event, title, body, tr…
 ❯ Module.send src/services/notificationService.ts:184:32
 ❯ tests/unit/services/notificationService.test.ts:374:11

⎯⎯⎯⎯⎯⎯⎯⎯⎯⎯⎯⎯⎯⎯⎯⎯⎯⎯⎯⎯[445/458]⎯

 FAIL  tests/unit/services/notificationService.test.ts > send() — channel failure resilience > NSVC-018 — email failure does not prevent in-app or webhook delivery
TypeError: (0 , getUserEmail) is not a function
 ❯ src/services/notificationService.ts:249:21
    247| 
    248|     if (emailEnabled) {
    249|       const email = getUserEmail(recipientId);
       |                     ^
    250|       if (email) {
    251|         const lang = getUserLanguage(recipientId);
 ❯ Module.send src/services/notificationService.ts:184:32
 ❯ tests/unit/services/notificationService.test.ts:433:11

⎯⎯⎯⎯⎯⎯⎯⎯⎯⎯⎯⎯⎯⎯⎯⎯⎯⎯⎯⎯[446/458]⎯

 FAIL  tests/unit/services/notificationService.test.ts > send() — channel failure resilience > NSVC-019 — webhook failure does not prevent in-app or email delivery
TypeError: (0 , getUserEmail) is not a function
 ❯ src/services/notificationService.ts:249:21
    247| 
    248|     if (emailEnabled) {
    249|       const email = getUserEmail(recipientId);
       |                     ^
    250|       if (email) {
    251|         const lang = getUserLanguage(recipientId);
 ❯ Module.send src/services/notificationService.ts:184:32
 ❯ tests/unit/services/notificationService.test.ts:453:11

⎯⎯⎯⎯⎯⎯⎯⎯⎯⎯⎯⎯⎯⎯⎯⎯⎯⎯⎯⎯[447/458]⎯

 FAIL  tests/unit/services/notifications.test.ts > getEventText > returns English title and body for lang=en
TypeError: fn is not a function
 ❯ Module.getEventText src/services/notifications.ts:183:10
    181|   const texts = EVENT_TEXTS[lang] || EVENT_TEXTS.en;
    182|   const fn = texts[event] || EVENT_TEXTS.en[event];
    183|   return fn(params);
       |          ^
    184| }
    185| 
 ❯ tests/unit/services/notifications.test.ts:50:20

⎯⎯⎯⎯⎯⎯⎯⎯⎯⎯⎯⎯⎯⎯⎯⎯⎯⎯⎯⎯[448/458]⎯

 FAIL  tests/unit/services/notifications.test.ts > getEventText > returns German text for lang=de
TypeError: fn is not a function
 ❯ Module.getEventText src/services/notifications.ts:183:10
    181|   const texts = EVENT_TEXTS[lang] || EVENT_TEXTS.en;
    182|   const fn = texts[event] || EVENT_TEXTS.en[event];
    183|   return fn(params);
       |          ^
    184| }
    185| 
 ❯ tests/unit/services/notifications.test.ts:58:20

⎯⎯⎯⎯⎯⎯⎯⎯⎯⎯⎯⎯⎯⎯⎯⎯⎯⎯⎯⎯[449/458]⎯

 FAIL  tests/unit/services/notifications.test.ts > getEventText > falls back to English for unknown language code
TypeError: fn is not a function
 ❯ Module.getEventText src/services/notifications.ts:183:10
    181|   const texts = EVENT_TEXTS[lang] || EVENT_TEXTS.en;
    182|   const fn = texts[event] || EVENT_TEXTS.en[event];
    183|   return fn(params);
       |          ^
    184| }
    185| 
 ❯ tests/unit/services/notifications.test.ts:65:16

⎯⎯⎯⎯⎯⎯⎯⎯⎯⎯⎯⎯⎯⎯⎯⎯⎯⎯⎯⎯[450/458]⎯

 FAIL  tests/unit/services/notifications.test.ts > getEventText > interpolates params into trip_invite correctly
TypeError: fn is not a function
 ❯ Module.getEventText src/services/notifications.ts:183:10
    181|   const texts = EVENT_TEXTS[lang] || EVENT_TEXTS.en;
    182|   const fn = texts[event] || EVENT_TEXTS.en[event];
    183|   return fn(params);
       |          ^
    184| }
    185| 
 ❯ tests/unit/services/notifications.test.ts:72:20

⎯⎯⎯⎯⎯⎯⎯⎯⎯⎯⎯⎯⎯⎯⎯⎯⎯⎯⎯⎯[451/458]⎯

 FAIL  tests/unit/services/notifications.test.ts > getEventText > all 7 event types produce non-empty title and body in English
TypeError: fn is not a function
 ❯ Module.getEventText src/services/notifications.ts:183:10
    181|   const texts = EVENT_TEXTS[lang] || EVENT_TEXTS.en;
    182|   const fn = texts[event] || EVENT_TEXTS.en[event];
    183|   return fn(params);
       |          ^
    184| }
    185| 
 ❯ tests/unit/services/notifications.test.ts:81:22

⎯⎯⎯⎯⎯⎯⎯⎯⎯⎯⎯⎯⎯⎯⎯⎯⎯⎯⎯⎯[452/458]⎯

 FAIL  tests/unit/services/notifications.test.ts > getEventText > all 7 event types produce non-empty title and body in German
TypeError: fn is not a function
 ❯ Module.getEventText src/services/notifications.ts:183:10
    181|   const texts = EVENT_TEXTS[lang] || EVENT_TEXTS.en;
    182|   const fn = texts[event] || EVENT_TEXTS.en[event];
    183|   return fn(params);
       |          ^
    184| }
    185| 
 ❯ tests/unit/services/notifications.test.ts:90:22

⎯⎯⎯⎯⎯⎯⎯⎯⎯⎯⎯⎯⎯⎯⎯⎯⎯⎯⎯⎯[453/458]⎯

 FAIL  tests/unit/services/notifications.test.ts > buildEmailHtml XSS prevention (SEC-016) > escapes user-controlled actor and preview in collab_message body
TypeError: fn is not a function
 ❯ Module.getEventText src/services/notifications.ts:183:10
    181|   const texts = EVENT_TEXTS[lang] || EVENT_TEXTS.en;
    182|   const fn = texts[event] || EVENT_TEXTS.en[event];
    183|   return fn(params);
       |          ^
    184| }
    185| 
 ❯ tests/unit/services/notifications.test.ts:233:22

⎯⎯⎯⎯⎯⎯⎯⎯⎯⎯⎯⎯⎯⎯⎯⎯⎯⎯⎯⎯[454/458]⎯


 Test Files  32 failed | 29 passed (61)
      Tests  458 failed | 550 passed (1008)
   Start at  23:22:26
   Duration  9.17s (transform 1.39s, setup 445ms, collect 30.55s, tests 13.10s, environment 9ms, prepare 3.85s)

